* daemon not running. starting it now *
* daemon started successfully *
E/RILD    ( 1177): could not open /data/nv/QCRilLog_flag :No such file or directory
E/RILD    ( 1177): could not read /data/nv/QCRilLog_flag :Bad file number
E/RILD    ( 1177): set_qcril_log_enabled(1) 
D/RILC    ( 1177): [qcril_event.c:259] Event thread waiting for started == 2 (1)
D/RILC    ( 1177): [qcril_event.c:486] qcril_event_init(): event thread started
D/RILC    ( 1177): [qcril.c:3199] lgeat_null !
D/RILC    ( 1177): [qcril.c:2813] RadioState Uninitialized --> Radio Unavailable [Event PowerUpInit]
D/RILC    ( 1177): [qcril_reqlist.c:428] qcril_reqlist_init()
D/RILC    ( 1177): [qcril_cm_clist.c:573] qcril_cm_clist_init()
D/RILC    ( 1177): [qcril_cm_ons.c:9083] qcril_cm_ons_init()
D/RILC    ( 1177): [qcril_cm.c:434] qcril_cm_init()
D/RILC    ( 1177): [qcril_cm.c:449] GW Subscription disabled
D/RILC    ( 1177): [qcril_cm.c:452] CDMA Subscription disabled
D/RILC    ( 1177): [qcril_cm.c:494] CLIR=0
D/RILC    ( 1177): [qcril_cm.c:516] RIL --- nv_cmd_remote() ---> AMSS [Read NV_FTM_MODE_I]
D/RILC    ( 1177): [qcril_cm.c:516] RIL=>AMSS [ label = "nv_cmd_remote() - Read NV_FTM_MODE_I" ];
D/RILC    ( 1177): [qcril_cm.c:518] Read NV_FTM_MODE_I: status 0 value 0
D/RILC    ( 1177): [qcril_cm.c:548] RIL --- cm_client_init() ---> AMSS [CM_CLIENT_TYPE_UI client_id 0 (0x0)]
D/RILC    ( 1177): [qcril_cm.c:548] RIL=>AMSS [ label = "cm_client_init()" ];
D/RILC    ( 1177): [qcril_cm.c:560] RIL --- cm_client_ph_reg() ---> AMSS [client_id 24 (0x18)]
D/RILC    ( 1177): [qcril_cm.c:560] RIL=>AMSS [ label = "cm_client_ph_reg()" ];
D/RILC    ( 1177): [qcril_cm.c:577] RIL --- cm_mm_client_ss_reg() ---> AMSS [client_id 24 (0x18)]
D/RILC    ( 1177): [qcril_cm.c:577] RIL=>AMSS [ label = "cm_mm_client_ss_reg()" ];
D/RILC    ( 1177): [qcril_cm.c:588] Fail to register CM SS event 21
D/RILC    ( 1177): [qcril_cm.c:588] Fail to register CM SS event 22
D/RILC    ( 1177): [qcril_cm.c:588] Fail to register CM SS event 23
D/RILC    ( 1177): [qcril_cm.c:588] Fail to register CM SS event 24
D/RILC    ( 1177): [qcril_cm.c:594] RIL --- cm_mm_client_ss_pwr_collapse_reg() ---> AMSS [client_id 24 (0x18)]
D/RILC    ( 1177): [qcril_cm.c:594] RIL=>AMSS [ label = "cm_mm_client_ss_pwr_collapse_reg()" ];
D/RILC    ( 1177): [qcril_cm.c:609] RIL --- cm_mm_client_call_reg() ---> AMSS [client_id 24 (0x18)]
D/RILC    ( 1177): [qcril_cm.c:609] RIL=>AMSS [ label = "cm_mm_client_call_reg()" ];
D/RILC    ( 1177): [qcril_cm.c:626] RIL --- cm_mm_client_inband_reg() ---> AMSS [client_id 24 (0x18)]
D/RILC    ( 1177): [qcril_cm.c:626] RIL=>AMSS [ label = "cm_mm_client_inband_reg()" ];
D/RILC    ( 1177): [qcril_cm.c:643] RIL --- cm_client_sups_reg() ---> AMSS [client_id 24 (0x18)]
D/RILC    ( 1177): [qcril_cm.c:643] RIL=>AMSS [ label = "cm_client_sups_reg()" ];
D/RILC    ( 1177): [qcril_cm.c:660] RIL --- cm_client_act() ---> AMSS [client_id 24 (0x18)]
D/RILC    ( 1177): [qcril_cm.c:660] RIL=>AMSS [ label = "cm_client_act()" ];
D/RILC    ( 1177): [qcril.c:2896] Error in initializing QCRIL CM
D/RILC    ( 1177): [qcril_sms.c:232] RIL --- wms_client_init() ---> AMSS [client_id 0 (0x0)]
D/RILC    ( 1177): [qcril_sms.c:232] RIL=>AMSS [ label = "wms_client_init()" ];
D/RILC    ( 1177): [qcril_sms.c:245] RIL --- wms_client_reg_cfg_cb() ---> AMSS [client_id 13 (0xd)]
D/RILC    ( 1177): [qcril_sms.c:245] RIL=>AMSS [ label = "wms_client_reg_cfg_cb()" ];
D/RILC    ( 1177): [qcril_sms.c:255] RIL --- wms_client_reg_msg_cb() ---> AMSS [client_id 13 (0xd)]
D/RILC    ( 1177): [qcril_sms.c:255] RIL=>AMSS [ label = "wms_client_reg_msg_cb()" ];
D/RILC    ( 1177): [qcril_sms.c:265] RIL --- wms_client_reg_bc_mm_cb() ---> AMSS [client_id 13 (0xd)]
D/RILC    ( 1177): [qcril_sms.c:265] RIL=>AMSS [ label = "wms_client_reg_bc_mm_cb()" ];
D/RILC    ( 1177): [qcril_sms.c:275] RIL --- wms_client_activate() ---> AMSS [client_id 13 (0xd)]
D/RILC    ( 1177): [qcril_sms.c:275] RIL=>AMSS [ label = "wms_client_activate()" ];
D/RILC    ( 1177): [qcril_sms.c:283] RIL --- wms_cfg_set_primary_client() ---> AMSS [client_id 13 (0xd)]
D/RILC    ( 1177): [qcril_sms.c:283] RIL=>AMSS [ label = "wms_cfg_set_primary_client()" ];
D/RILC    ( 1177): [qcril_sms.c:296] RIL --- wms_msg_set_retry_period(240 sec.) ---> AMSS [client_id 13 (0xd)]
D/RILC    ( 1177): [qcril_sms.c:296] RIL=>AMSS [ label = "wms_msg_set_retry_period(240 sec.)" ];
D/RILC    ( 1177): [qcril_sms.c:1711] Received SMS cmd callback : Cmd WMS_CMD_CFG_SET_PRIMARY_CLIENT, Token ID 65534
D/RILC    ( 1177): [qcril_event.c:402] Queued event SMS_COMMAND_CALLBACK (8 bytes)
D/RILC    ( 1177): [qcril_sms.c:326] RIL --- wms_cfg_set_routes() ---> AMSS [Store CLASS_2 on SIM]
D/RILC    ( 1177): [qcril_sms.c:326] RIL=>AMSS [ label = "wms_cfg_set_routes()" ];
D/RILC    ( 1177): [qcril_sms.c:1711] Received SMS cmd callback : Cmd WMS_CMD_CFG_SET_ROUTES, Token ID 65534
D/RILC    ( 1177): [qcril_event.c:402] Queued event SMS_COMMAND_CALLBACK (8 bytes)
D/RILC    ( 1177): [qcril_mmgsdi.c:3944] qcril_mmgsdi_init
D/RILC    ( 1177): [qcril_mmgsdi.c:3970] RIL --- mmgsdi_client_id_reg() ---> AMSS []
D/RILC    ( 1177): [qcril_mmgsdi.c:3970] RIL=>AMSS [ label = "mmgsdi_client_id_reg()" ];
D/RILC    ( 1177): [qcril_mmgsdi.c:3979] RIL --- gsdi_perso_register_task() ---> AMSS []
D/RILC    ( 1177): [qcril_mmgsdi.c:3979] RIL=>AMSS [ label = "gsdi_perso_register_task()" ];
D/RILC    ( 1177): [qcril_gstk.c:1122] qcril_gstk_init
D/RILC    ( 1177): [qcril_gstk.c:1135] RIL --- gstk_client_init_ext() ---> AMSS []
D/RILC    ( 1177): [qcril_gstk.c:1135] RIL=>AMSS [ label = "gstk_client_init_ext()" ];
D/RILC    ( 1177): [qcril_gstk.c:1147] CLIENT_INIT_EXT success
D/RILC    ( 1177): [qcril_lgeat.c:66] RIL --- QCRILLGEAT  ---> AMSS [lgeat_client_init()client_id %d 0 (0x0)]
D/RILC    ( 1177): [qcril_gstk.c:722] qcril_gstk_client_init_callback: status 0, client ID 0x00000003
D/RILC    ( 1177): [qcril_event.c:402] Queued event GSTK_CLIENT_INIT_CALLBACK (12 bytes)
D/RILC    ( 1177): [qcril_lgeat.c:66] RIL=>AMSS [ label = "QCRILLGEAT " ];
D/RILC    ( 1177): [qcril_lgeat.c:79] RIL --- QCRILLGEAT  ---> AMSS [lgeat_client_reg_cfg_cb() client_id %d 0 (0x0)]
D/RILC    ( 1177): [qcril_lgeat.c:79] RIL=>AMSS [ label = "QCRILLGEAT " ];
D/RILC    ( 1177): [qcril_data.c:434] qcril_data_init: ENTRY
D/RILC    ( 1177): [qcril_datai.c:1133] dsi_init: ENTRY
D/RILC    ( 1177): [qcril_datai.c:1138] dsc_main has been included
D/RILC    ( 1177): [qcril_datai.c:1142] dsi_init: EXIT
D/RILC    ( 1177): [qcril_data.c:462] info_tbl[0].index = 0
D/RILC    ( 1177): [qcril_data.c:462] info_tbl[1].index = 1
D/RILC    ( 1177): [qcril_data.c:462] info_tbl[2].index = 2
D/RILC    ( 1177): [qcril_data.c:462] info_tbl[3].index = 3
D/RILC    ( 1177): [qcril_data.c:462] info_tbl[4].index = 4
D/RILC    ( 1177): [qcril_data.c:462] info_tbl[5].index = 5
D/RILC    ( 1177): [qcril_data.c:462] info_tbl[6].index = 6
D/RILC    ( 1177): [qcril_data.c:462] info_tbl[7].index = 7
D/RILC    ( 1177): [qcril_data.c:462] info_tbl[8].index = 8
D/RILC    ( 1177): [qcril_data.c:462] info_tbl[9].index = 9
D/RILC    ( 1177): [qcril_data.c:462] info_tbl[10].index = 10
D/RILC    ( 1177): [qcril_data.c:462] info_tbl[11].index = 11
D/RILC    ( 1177): [qcril_data.c:462] info_tbl[12].index = 12
D/RILC    ( 1177): [qcril_data.c:462] info_tbl[13].index = 13
D/RILC    ( 1177): [qcril_data.c:462] info_tbl[14].index = 14
D/RILC    ( 1177): [qcril_data.c:462] info_tbl[15].index = 15
D/RILC    ( 1177): [qcril_data.c:462] info_tbl[16].index = 16
D/RILC    ( 1177): [qcril_data.c:462] info_tbl[17].index = 17
D/RILC    ( 1177): [qcril_data.c:462] info_tbl[18].index = 18
D/RILC    ( 1177): [qcril_data.c:462] info_tbl[19].index = 19
D/RILC    ( 1177): [qcril_data.c:467] qcril_data_init: EXIT
D/RILC    ( 1177): [qcril_cm.c:855] RIL --- cm_ph_cmd_get_ph_info() ---> AMSS [client_id 24 (0x18)]
D/RILC    ( 1177): [qcril_cm.c:855] RIL=>AMSS [ label = "cm_ph_cmd_get_ph_info()" ];
D/RILC    ( 1177): [qcril_cm.c:886] RIL --- cm_ss_cmd_get_ss_info() ---> AMSS [client_id 24 (0x18)]
D/RILC    ( 1177): [qcril_cm.c:886] RIL=>AMSS [ label = "cm_ss_cmd_get_ss_info()" ];
D/RILC    ( 1177): [qcril_cm.c:3621] Received phonesvc event : CM_PH_EVENT_INFO (69644)
D/RILC    ( 1177): [qcril_event.c:402] Queued event CM_PH_EVENT_INFO (6552 bytes)
D/RILC    ( 1177): [qcril_cm.c:5924] Received srvsys event : CM_SS_EVENT_RSSI (73729)
D/RILC    ( 1177): [qcril_event.c:402] Queued event CM_SS_EVENT_RSSI (3320 bytes)
D/RILC    ( 1177): [qcril_cm.c:5924] Received srvsys event : CM_SS_EVENT_INFO (73730)
D/RILC    ( 1177): [qcril_event.c:402] Queued event CM_SS_EVENT_INFO (3320 bytes)
D/RILC    ( 1177): [qcril_event.c:271] qcril_event_main(): Waiting...
D/RILC    ( 1177): [qcril_event.c:288] qcril_event_main(): 6 items on queue
D/RILC    ( 1177): [qcril_event.c:309] De-queued event SMS_COMMAND_CALLBACK (131073)
D/RILC    ( 1177): [qcril.c:2499] AMSS=>RIL [ label = "SMS_COMMAND_CALLBACK" ];
D/RILC    ( 1177): [qcril.c:2508] RIL <--- SMS_COMMAND_CALLBACK (131073) --- AMSS
D/RILC    ( 1177): [qcril.c:2536] Exit qcril_process_event() : SMS_COMMAND_CALLBACK, err_no 0
D/RILC    ( 1177): [qcril_event.c:309] De-queued event SMS_COMMAND_CALLBACK (131073)
D/RILC    ( 1177): [qcril.c:2499] AMSS=>RIL [ label = "SMS_COMMAND_CALLBACK" ];
D/RILC    ( 1177): [qcril.c:2508] RIL <--- SMS_COMMAND_CALLBACK (131073) --- AMSS
D/RILC    ( 1177): [qcril.c:2536] Exit qcril_process_event() : SMS_COMMAND_CALLBACK, err_no 0
D/RILC    ( 1177): [qcril_event.c:309] De-queued event GSTK_CLIENT_INIT_CALLBACK (262146)
D/RILC    ( 1177): [qcril.c:2499] AMSS=>RIL [ label = "GSTK_CLIENT_INIT_CALLBACK" ];
D/RILC    ( 1177): [qcril.c:2508] RIL <--- GSTK_CLIENT_INIT_CALLBACK (262146) --- AMSS
D/RILC    ( 1177): [qcril_gstk.c:1622] qcril_gstk_process_client_init_callback
D/RILC    ( 1177): [qcril_gstk.c:1638] Client init successful, ID 0x00000003
D/RILC    ( 1177): [qcril_gstk.c:1641] qcril_gstk_info.reg_info_count 4
D/RILC    ( 1177): [qcril_gstk.c:1646] RIL --- gstk_client_toolkit_cmd_reg() ---> AMSS []
D/RILC    ( 1177): [qcril_gstk.c:1646] RIL=>AMSS [ label = "gstk_client_toolkit_cmd_reg()" ];
D/RILC    ( 1177): [qcril_gstk.c:1661] toolkit_cmd_reg sent to arm9 
D/RILC    ( 1177): [qcril.c:2536] Exit qcril_process_event() : GSTK_CLIENT_INIT_CALLBACK, err_no 0
D/RILC    ( 1177): [qcril_event.c:309] De-queued event CM_PH_EVENT_INFO (69644)
D/RILC    ( 1177): [qcril.c:2499] AMSS=>RIL [ label = "CM_PH_EVENT_INFO" ];
D/RILC    ( 1177): [qcril.c:2508] RIL <--- CM_PH_EVENT_INFO (69644) --- AMSS
D/RILC    ( 1177): [qcril_gstk.c:771] qcril_gstk_client_reg_callback: status 0
D/RILC    ( 1177): [qcril_event.c:402] Queued event GSTK_CLIENT_REG_CALLBACK (12 bytes)
D/RILC    ( 1177): [qcril_cm.c:3860] GW subscription disabled
D/RILC    ( 1177): [qcril_cm.c:3872] CDMA subscription disabled
D/RILC    ( 1177): [qcril_cm.c:3895] Oprt mode: 0, Mode pref: -1, GW acq order: 2, Band pref: -1073741825, Roam pref: 255, Network sel mode: 0, plmn[0]=255, plmn[1]=255, plmn[2]=255, rtre control: 2
D/RILC    ( 1177): [qcril_cm.c:3902] Modem capability: mode = 0x28, band = 0x562949968626560
D/RILC    ( 1177): [qcril_cm.c:3939] Phone is GW capable
D/RILC    ( 1177): [qcril_cm.c:3948] RIL --- nv_cmd_remote() ---> AMSS [Read NV_RTRE_CONFIG_I]
D/RILC    ( 1177): [qcril_cm.c:3948] RIL=>AMSS [ label = "nv_cmd_remote() - Read NV_RTRE_CONFIG_I" ];
D/RILC    ( 1177): [qcril_cm.c:3986] RIL --- cm_ph_cmd_change_rtre_config() ---> AMSS [NV]
D/RILC    ( 1177): [qcril_cm.c:3986] RIL=>AMSS [ label = "cm_ph_cmd_change_rtre_config() - NV" ];
D/RILC    ( 1177): [qcril_event.c:372] Event [INTERNAL_CM_FORCE_NV_SUBSCRIPTION, 65540] data was NULL!
D/RILC    ( 1177): [qcril_event.c:402] Queued event INTERNAL_CM_FORCE_NV_SUBSCRIPTION (0 bytes)
D/RILC    ( 1177): [qcril_cm.c:4034] GW subscription: SIM
D/RILC    ( 1177): [qcril_reqlist.c:215] Not found ReqList entry waiting for CM_PH_EVENT_INFO (69644)
D/RILC    ( 1177): [qcril.c:1905] Modem: Unavailable --> Unavailable, GW SIM: Not ready --> Not ready, CDMA SIM: Not ready --> Not ready, Mode Config: Unavailable --> GW
D/RILC    ( 1177): [qcril.c:1911] Subscription: Unavailable --> SIM, Network: No service --> No service, Mode Preferred: Unknown --> GW [Event CM_PH_EVENT_INFO (69644)]
D/RILC    ( 1177): [qcril.c:2536] Exit qcril_process_event() : CM_PH_EVENT_INFO, err_no 0
D/RILC    ( 1177): [qcril_event.c:309] De-queued event CM_SS_EVENT_RSSI (73729)
D/RILC    ( 1177): [qcril.c:2499] AMSS=>RIL [ label = "CM_SS_EVENT_RSSI" ];
D/RILC    ( 1177): [qcril.c:2508] RIL <--- CM_SS_EVENT_RSSI (73729) --- AMSS
D/RILC    ( 1177): [qcril_cm_ons.c:9610] [BRIGHTHY] Enter qcril_cm_srvsys_event_srv_changed
D/RILC    ( 1177): [qcril_cm_ons.c:9411] Read Flex for Network name table in Qcril
D/RILC    ( 1177): [qcril_cm_ons.c:9438] [Brighthy Debug] Operator from Flex in Qcril : KTF
D/RILC    ( 1177): [qcril_cm_ons.c:9447] [Brighthy Debug] MCC from Flex in Qcril : 450
D/RILC    ( 1177): [qcril_cm.c:980] Serving System : srv status 0, sys mode 0, roam status 0, hdr_hybrid 0, hdr srv status 0, hdr roam status 0
D/RILC    ( 1177): [qcril.c:1905] Modem: Unavailable --> Unavailable, GW SIM: Not ready --> Not ready, CDMA SIM: Not ready --> Not ready, Mode Config: GW --> GW
D/RILC    ( 1177): [qcril.c:1911] Subscription: SIM --> SIM, Network: No service --> No service, Mode Preferred: GW --> GW [Event CM_SS_EVENT_RSSI (73729)]
D/RILC    ( 1177): [qcril_cm.c:5046] Signal strength: gw_rssi: 99, gw_bit_error: 99, cdma_dbm: -1, cdma_ecio: -1, hdr_dbm: -1, hdr_ecio: -1, hdr_sinr: -1
D/RILC    ( 1177):  
D/RILC    ( 1177): [qcril.c:4035] UI <--- RIL_UNSOL_SIGNAL_STRENGTH (1009) --- RIL [Len 28]
D/RILC    ( 1177): [qcril.c:4038] RIL=>>Android [ label = "RIL_UNSOL_SIGNAL_STRENGTH" ];
W/RILC    ( 1177): [ril.cpp:1489] [UNSL]< UNSOL_SIGNAL_STRENGTH {[signalStrength=99,bitErrorRate=99,                CDMA_SignalStrength.dbm=-1,CDMA_SignalStrength.ecio=-1,                EVDO_SignalStrength.dbm =-1,EVDO_SignalStrength.ecio=-1,                EVDO_SignalStrength.signalNoiseRatio=-1]}
D/RILC    ( 1177): [qcril.c:2536] Exit qcril_process_event() : CM_SS_EVENT_RSSI, err_no 0
D/RILC    ( 1177): [qcril_event.c:309] De-queued event CM_SS_EVENT_INFO (73730)
D/RILC    ( 1177): [qcril.c:2499] AMSS=>RIL [ label = "CM_SS_EVENT_INFO" ];
D/RILC    ( 1177): [qcril.c:2508] RIL <--- CM_SS_EVENT_INFO (73730) --- AMSS
D/RILC    ( 1177): [qcril_cm_ons.c:9610] [BRIGHTHY] Enter qcril_cm_srvsys_event_srv_changed
D/RILC    ( 1177): [qcril_cm.c:980] Serving System : srv status 0, sys mode 0, roam status 0, hdr_hybrid 0, hdr srv status 0, hdr roam status 0
D/RILC    ( 1177): [qcril.c:1905] Modem: Unavailable --> Unavailable, GW SIM: Not ready --> Not ready, CDMA SIM: Not ready --> Not ready, Mode Config: GW --> GW
D/RILC    ( 1177): [qcril.c:1911] Subscription: SIM --> SIM, Network: No service --> No service, Mode Preferred: GW --> GW [Event CM_SS_EVENT_INFO (73730)]
D/RILC    ( 1177): [qcril.c:4027] UI <--- RIL_UNSOL_RESPONSE_NETWORK_STATE_CHANGED (1002) --- RIL [Len 0, No service on No service]
D/RILC    ( 1177): [qcril.c:4030] RIL=>>Android [ label = "RIL_UNSOL_RESPONSE_NETWORK_STATE_CHANGED, No service on No service" ];
W/RILC    ( 1177): [ril.cpp:1489] [UNSL]< UNSOL_RESPONSE_NETWORK_STATE_CHANGED 
D/RILC    ( 1177): [qcril_cm.c:5046] Signal strength: gw_rssi: 99, gw_bit_error: 99, cdma_dbm: -1, cdma_ecio: -1, hdr_dbm: -1, hdr_ecio: -1, hdr_sinr: -1
D/RILC    ( 1177):  
D/RILC    ( 1177): [qcril.c:4035] UI <--- RIL_UNSOL_SIGNAL_STRENGTH (1009) --- RIL [Len 28]
D/RILC    ( 1177): [qcril.c:4038] RIL=>>Android [ label = "RIL_UNSOL_SIGNAL_STRENGTH" ];
W/RILC    ( 1177): [ril.cpp:1489] [UNSL]< UNSOL_SIGNAL_STRENGTH {[signalStrength=99,bitErrorRate=99,                CDMA_SignalStrength.dbm=-1,CDMA_SignalStrength.ecio=-1,                EVDO_SignalStrength.dbm =-1,EVDO_SignalStrength.ecio=-1,                EVDO_SignalStrength.signalNoiseRatio=-1]}
D/RILC    ( 1177): [qcril.c:2536] Exit qcril_process_event() : CM_SS_EVENT_INFO, err_no 0
D/RILC    ( 1177): [qcril_event.c:309] De-queued event GSTK_CLIENT_REG_CALLBACK (262147)
D/RILC    ( 1177): [qcril.c:2499] AMSS=>RIL [ label = "GSTK_CLIENT_REG_CALLBACK" ];
D/RILC    ( 1177): [qcril.c:2508] RIL <--- GSTK_CLIENT_REG_CALLBACK (262147) --- AMSS
D/RILC    ( 1177): [qcril_gstk.c:1788] qcril_gstk_process_client_reg_callback
D/RILC    ( 1177): [qcril_gstk.c:1802] Client reg successful
D/RILC    ( 1177): [qcril_gstk.c:1695] qcril_gstk_send_terminal_profile
D/RILC    ( 1177): [qcril_gstk.c:1700] RIL --- gstk_update_profile_download_value_ext() ---> AMSS []
D/RILC    ( 1177): [qcril_gstk.c:1700] RIL=>AMSS [ label = "gstk_update_profile_download_value_ext()" ];
D/RILC    ( 1177): [qcril.c:2536] Exit qcril_process_event() : GSTK_CLIENT_REG_CALLBACK, err_no 0
D/RILC    ( 1177): [qcril_event.c:309] De-queued event INTERNAL_CM_FORCE_NV_SUBSCRIPTION (65540)
D/RILC    ( 1177): [qcril.c:2493] RIL=>RIL [ label = "INTERNAL_CM_FORCE_NV_SUBSCRIPTION" ];
D/RILC    ( 1177): [qcril.c:2494] RIL --- INTERNAL_CM_FORCE_NV_SUBSCRIPTION (65540) ---> RIL
D/RILC    ( 1177): [qcril_cm.c:1507] Only NV is supported for CDMA subscription
D/RILC    ( 1177): [qcril.c:2536] Exit qcril_process_event() : INTERNAL_CM_FORCE_NV_SUBSCRIPTION, err_no 0
D/RILC    ( 1177): [qcril_event.c:271] qcril_event_main(): Waiting...
D/RILC    ( 1177): [qcril_event.c:288] qcril_event_main(): 2 items on queue
D/RILC    ( 1177): [qcril_event.c:271] qcril_event_main(): Waiting...
D/RILC    ( 1177): [qcril_gstk.c:828] qcril_gstk_toolkit_evt_callback
D/RILC    ( 1177): [qcril_gstk.c:911] GSTK format event notification
D/RILC    ( 1177): [qcril_mmgsdi.c:1202] qcril_mmgsdi_gsdi_command_callback, cmd:17
D/RILC    ( 1177): [qcril_event.c:402] Queued event MMGSDI_GSDI_COMMAND_CALLBACK (336 bytes)
D/RILC    ( 1177): [qcril_event.c:288] qcril_event_main(): 1 items on queue
D/RILC    ( 1177): [qcril_event.c:309] De-queued event MMGSDI_GSDI_COMMAND_CALLBACK (196613)
D/RILC    ( 1177): [qcril.c:2499] AMSS=>RIL [ label = "MMGSDI_GSDI_COMMAND_CALLBACK" ];
D/RILC    ( 1177): [qcril.c:2508] RIL <--- MMGSDI_GSDI_COMMAND_CALLBACK (196613) --- AMSS
D/RILC    ( 1177): [qcril_mmgsdi.c:4862] qcril_mmgsdi_process_gsdi_command_callback: QCRIL_EVT_MMGSDI_GSDI_COMMAND_CALLBACK
D/RILC    ( 1177): [qcril_mmgsdi.c:4874] GSDI_PERSO_REG_TASK_RSP status 0x0
D/RILC    ( 1177): [qcril.c:2536] Exit qcril_process_event() : MMGSDI_GSDI_COMMAND_CALLBACK, err_no 0
D/RILC    ( 1177): [qcril_event.c:271] qcril_event_main(): Waiting...
D/RILC    ( 1177): [qcril_mmgsdi.c:1040] qcril_mmgsdi_command_callback: cnf = 0x0, status = 0x0
D/RILC    ( 1177): [qcril_mmgsdi.c:1052] qcril_mmgsdi_command_callback qcril_event_queue2
D/RILC    ( 1177): [qcril_event.c:402] Queued event MMGSDI_COMMAND_CALLBACK (260 bytes)
D/RILC    ( 1177): [qcril_event.c:288] qcril_event_main(): 1 items on queue
D/RILC    ( 1177): [qcril_event.c:309] De-queued event MMGSDI_COMMAND_CALLBACK (196609)
D/RILC    ( 1177): [qcril.c:2499] AMSS=>RIL [ label = "MMGSDI_COMMAND_CALLBACK" ];
D/RILC    ( 1177): [qcril.c:2508] RIL <--- MMGSDI_COMMAND_CALLBACK (196609) --- AMSS
D/RILC    ( 1177): [qcril_mmgsdi.c:4052] qcril_mmgsdi_process_command_callback: QCRIL_EVT_MMGSDI_COMMAND_CALLBACK
D/RILC    ( 1177): [qcril_mmgsdi.c:2317] qcril_mmgsdi_process_client_id_reg_cnf (status: 0x0)
D/RILC    ( 1177): [qcril_mmgsdi.c:2332] RIL --- mmgsdi_client_evt_reg() ---> AMSS [client_id 0 (0x0)]
D/RILC    ( 1177): [qcril_mmgsdi.c:2332] RIL=>AMSS [ label = "mmgsdi_client_evt_reg()" ];
D/RILC    ( 1177): [qcril.c:2536] Exit qcril_process_event() : MMGSDI_COMMAND_CALLBACK, err_no 0
D/RILC    ( 1177): [qcril_event.c:271] qcril_event_main(): Waiting...
D/RILC    ( 1177): [qcril_mmgsdi.c:1153] qcril_mmgsdi_event_callback, event:16
D/RILC    ( 1177): [qcril_event.c:402] Queued event MMGSDI_EVENT_CALLBACK (1320 bytes)
D/RILC    ( 1177): [qcril_event.c:288] qcril_event_main(): 1 items on queue
D/RILC    ( 1177): [qcril_event.c:309] De-queued event MMGSDI_EVENT_CALLBACK (196612)
D/RILC    ( 1177): [qcril.c:2499] AMSS=>RIL [ label = "MMGSDI_EVENT_CALLBACK" ];
D/RILC    ( 1177): [qcril.c:2508] RIL <--- MMGSDI_EVENT_CALLBACK (196612) --- AMSS
D/RILC    ( 1177): [qcril_mmgsdi.c:4266] qcril_mmgsdi_process_event_callback: QCRIL_EVT_MMGSDI_EVENT_CALLBACK
D/RILC    ( 1177): [qcril_mmgsdi.c:1040] qcril_mmgsdi_command_callback: cnf = 0x1, status = 0x0
D/RILC    ( 1177): [qcril_mmgsdi.c:1052] qcril_mmgsdi_command_callback qcril_event_queue2
D/RILC    ( 1177): [qcril_event.c:402] Queued event MMGSDI_COMMAND_CALLBACK (260 bytes)
D/RILC    ( 1177): [qcril_mmgsdi.c:1153] qcril_mmgsdi_event_callback, event:4
D/RILC    ( 1177): [qcril_event.c:402] Queued event MMGSDI_EVENT_CALLBACK (1320 bytes)
D/RILC    ( 1177): [qcril_mmgsdi.c:1620] MMGSDI_SELECT_AID_EVT
D/RILC    ( 1177): [qcril_mmgsdi.c:4281] curr modem state 0x0,  curr GW sim state 0x1,  curr CDMA sim state 0x1 
D/RILC    ( 1177): [qcril_mmgsdi.c:2905] qcril_mmgsdi_process_select_aid_evt 
D/RILC    ( 1177): [qcril_mmgsdi.c:1153] qcril_mmgsdi_event_callback, event:5
D/RILC    ( 1177): [qcril_event.c:402] Queued event MMGSDI_EVENT_CALLBACK (1320 bytes)
D/RILC    ( 1177): [qcril_mmgsdi.c:1040] qcril_mmgsdi_command_callback: cnf = 0x19, status = 0x0
D/RILC    ( 1177): [qcril_mmgsdi.c:1052] qcril_mmgsdi_command_callback qcril_event_queue2
D/RILC    ( 1177): [qcril_event.c:402] Queued event MMGSDI_COMMAND_CALLBACK (260 bytes)
D/RILC    ( 1177): [qcril_mmgsdi.c:2555] MMGSDI_APP_USIM -> RIL_APPTYPE_USIM 
D/RILC    ( 1177): [qcril.c:2493] RIL=>RIL [ label = "INTERNAL_CM_CARD_STATUS_UPDATED" ];
D/RILC    ( 1177): [qcril.c:2494] RIL --- INTERNAL_CM_CARD_STATUS_UPDATED (65541) ---> RIL
D/RILC    ( 1177): [qcril_cm.c:1572] Card status: Unknown --> Up
D/RILC    ( 1177): [qcril.c:1905] Modem: Unavailable --> Off, GW SIM: Not ready --> Not ready, CDMA SIM: Not ready --> Not ready, Mode Config: GW --> GW
D/RILC    ( 1177): [qcril.c:1911] Subscription: SIM --> SIM, Network: No service --> No service, Mode Preferred: GW --> GW [Event INTERNAL_CM_CARD_STATUS_UPDATED (65541)]
D/RILC    ( 1177): [qcril.c:2044] --- [ label = "Radio State Change: Radio Unavailable -> Radio Off" ];
D/RILC    ( 1177): [qcril.c:2051] RadioState Radio Unavailable --> Radio Off [Event INTERNAL_CM_CARD_STATUS_UPDATED (65541)]
D/RILC    ( 1177): [qcril.c:4035] UI <--- RIL_UNSOL_RESPONSE_RADIO_STATE_CHANGED (1000) --- RIL [Len 0]
D/RILC    ( 1177): [qcril.c:4038] RIL=>>Android [ label = "RIL_UNSOL_RESPONSE_RADIO_STATE_CHANGED" ];
D/RILC    ( 1177): [qcril.c:2591] currentState() -> Radio Off(0)
D/RILC    ( 1177): [qcril.c:2594] Android=>Android [ label = "currentState() - Radio Off" ];
D/RILC    ( 1177): [qcril.c:2591] currentState() -> Radio Off(0)
D/RILC    ( 1177): [qcril.c:2594] Android=>Android [ label = "currentState() - Radio Off" ];
W/RILC    ( 1177): [ril.cpp:1489] [UNSL]< UNSOL_RESPONSE_RADIO_STATE_CHANGED  {RADIO_OFF}
D/RILC    ( 1177): [qcril.c:2094] Modem state changes to off or GW SIM state changes to Absent/Error/PUK/NotReady, check GW subscription not available reporting
D/RILC    ( 1177): [qcril.c:2493] RIL=>RIL [ label = "INTERNAL_CM_DISABLE_SUBSCRIPTION" ];
D/RILC    ( 1177): [qcril.c:2494] RIL --- INTERNAL_CM_DISABLE_SUBSCRIPTION (65539) ---> RIL
D/RILC    ( 1177): [qcril.c:2536] Exit qcril_process_event() : INTERNAL_CM_DISABLE_SUBSCRIPTION, err_no 0
D/RILC    ( 1177): [qcril.c:2536] Exit qcril_process_event() : INTERNAL_CM_CARD_STATUS_UPDATED, err_no 0
D/RILC    ( 1177): [qcril_mmgsdi.c:1464] qcril_mmgsdi_update_curr_card_state new state 0x1: gw_update 0x1, cdma_update 0x0
D/RILC    ( 1177): [qcril_mmgsdi.c:2052] Card Status 
D/RILC    ( 1177): [qcril_mmgsdi.c:2059]  -Card_State: RIL_CARDSTATE_PRESENT
D/RILC    ( 1177): [qcril_mmgsdi.c:2006]  -Universal Pin State: RIL_PINSTATE_UNKNOWN
D/RILC    ( 1177): [qcril_mmgsdi.c:2076] GW Subscription App Index: 0x0
D/RILC    ( 1177): [qcril_mmgsdi.c:1864]  -App Type: RIL_APPTYPE_USIM
D/RILC    ( 1177): [qcril_mmgsdi.c:2086]  -Aid: a0000000871002ff33ffff8901010100
D/RILC    ( 1177): [qcril_mmgsdi.c:2092]  -Label: 47454d504c5553205553494d
D/RILC    ( 1177): [qcril_mmgsdi.c:1816]  -App State: RIL_APPSTATE_DETECTED
D/RILC    ( 1177): [qcril_mmgsdi.c:1900]  -Perso SubState: RIL_PERSOSUBSTATE_UNKNOWN
D/RILC    ( 1177): [qcril_mmgsdi.c:2006]  -Pin1 State: RIL_PINSTATE_UNKNOWN
D/RILC    ( 1177): [qcril_mmgsdi.c:2105]  -Pin1 Not Replaced by UPin
D/RILC    ( 1177): [qcril_mmgsdi.c:2006]  -Pin2 State: RIL_PINSTATE_UNKNOWN
D/RILC    ( 1177): [qcril_mmgsdi.c:2154] CDMA Subscription App Not Available
D/RILC    ( 1177): [qcril_mmgsdi.c:2157] Number Applications 0x1
D/RILC    ( 1177): [qcril_mmgsdi.c:2161] App [0x0]: 
D/RILC    ( 1177): [qcril_mmgsdi.c:1864]  -App Type: RIL_APPTYPE_USIM
D/RILC    ( 1177): [qcril_mmgsdi.c:2168]  -Aid: a0000000871002ff33ffff8901010100
D/RILC    ( 1177): [qcril_mmgsdi.c:2173]  -Label: 47454d504c5553205553494d
D/RILC    ( 1177): [qcril_mmgsdi.c:1816]  -App State: RIL_APPSTATE_DETECTED
D/RILC    ( 1177): [qcril_mmgsdi.c:2006]  -Pin1 State: RIL_PINSTATE_UNKNOWN
D/RILC    ( 1177): [qcril_mmgsdi.c:2183]  -Pin1 Not Replaced by UPin
D/RILC    ( 1177): [qcril_mmgsdi.c:2006]  -Pin2 State: RIL_PINSTATE_UNKNOWN
D/RILC    ( 1177): [qcril.c:4035] UI <--- RIL_UNSOL_RESPONSE_SIM_STATUS_CHANGED (1019) --- RIL [Len 0]
D/RILC    ( 1177): [qcril.c:4038] RIL=>>Android [ label = "RIL_UNSOL_RESPONSE_SIM_STATUS_CHANGED" ];
W/RILC    ( 1177): [ril.cpp:1489] [UNSL]< UNSOL_RESPONSE_SIM_STATUS_CHANGED 
D/RILC    ( 1177): [qcril_mmgsdi.c:4345]  new modem state 0x0,  new GW sim state 0x1,  new CDMA sim state 0x1 
D/RILC    ( 1177): [qcril.c:2536] Exit qcril_process_event() : MMGSDI_EVENT_CALLBACK, err_no 0
D/RILC    ( 1177): [qcril_event.c:271] qcril_event_main(): Waiting...
D/RILC    ( 1177): [qcril_event.c:288] qcril_event_main(): 4 items on queue
D/RILC    ( 1177): [qcril_event.c:309] De-queued event MMGSDI_COMMAND_CALLBACK (196609)
D/RILC    ( 1177): [qcril.c:2499] AMSS=>RIL [ label = "MMGSDI_COMMAND_CALLBACK" ];
D/RILC    ( 1177): [qcril.c:2508] RIL <--- MMGSDI_COMMAND_CALLBACK (196609) --- AMSS
D/RILC    ( 1177): [qcril_mmgsdi.c:4052] qcril_mmgsdi_process_command_callback: QCRIL_EVT_MMGSDI_COMMAND_CALLBACK
D/RILC    ( 1177): [qcril_mmgsdi.c:2396] qcril_mmgsdi_process_client_evt_reg_cnf 
D/RILC    ( 1177): [qcril_mmgsdi.c:2400]  qcril_mmgsdi ready to receive mmgsdi event
D/RILC    ( 1177): [qcril.c:2536] Exit qcril_process_event() : MMGSDI_COMMAND_CALLBACK, err_no 0
D/RILC    ( 1177): [qcril_event.c:309] De-queued event MMGSDI_EVENT_CALLBACK (196612)
D/RILC    ( 1177): [qcril.c:2499] AMSS=>RIL [ label = "MMGSDI_EVENT_CALLBACK" ];
D/RILC    ( 1177): [qcril.c:2508] RIL <--- MMGSDI_EVENT_CALLBACK (196612) --- AMSS
D/RILC    ( 1177): [qcril_mmgsdi.c:4266] qcril_mmgsdi_process_event_callback: QCRIL_EVT_MMGSDI_EVENT_CALLBACK
D/RILC    ( 1177): [qcril_mmgsdi.c:1623] MMGSDI_PIN1_EVT
D/RILC    ( 1177): [qcril_mmgsdi.c:4281] curr modem state 0x1,  curr GW sim state 0x1,  curr CDMA sim state 0x1 
D/RILC    ( 1177): [qcril_mmgsdi.c:3117] qcril_mmgsdi_process_pin_evts 
D/RILC    ( 1177): [qcril_mmgsdi.c:2468] MMGSDI_PIN_ENABLED_NOT_VERIFIED -> RIL_PINSTATE_ENABLED_NOT_VERIFIED 
D/RILC    ( 1177): [qcril_mmgsdi.c:2757] aid matches index 0x0 in qcril mmgsdi global 
D/RILC    ( 1177): [qcril_mmgsdi.c:1464] qcril_mmgsdi_update_curr_card_state new state 0x3: gw_update 0x1, cdma_update 0x0
D/RILC    ( 1177): [qcril_mmgsdi.c:1470] New next_gw_sim_state 0x3 
D/RILC    ( 1177): [qcril_mmgsdi.c:2052] Card Status 
D/RILC    ( 1177): [qcril_mmgsdi.c:2059]  -Card_State: RIL_CARDSTATE_PRESENT
D/RILC    ( 1177): [qcril_mmgsdi.c:2006]  -Universal Pin State: RIL_PINSTATE_UNKNOWN
D/RILC    ( 1177): [qcril_mmgsdi.c:2076] GW Subscription App Index: 0x0
D/RILC    ( 1177): [qcril_mmgsdi.c:1864]  -App Type: RIL_APPTYPE_USIM
D/RILC    ( 1177): [qcril_mmgsdi.c:2086]  -Aid: a0000000871002ff33ffff8901010100
D/RILC    ( 1177): [qcril_mmgsdi.c:2092]  -Label: 47454d504c5553205553494d
D/RILC    ( 1177): [qcril_mmgsdi.c:1819]  -App State: RIL_APPSTATE_PIN
D/RILC    ( 1177): [qcril_mmgsdi.c:1900]  -Perso SubState: RIL_PERSOSUBSTATE_UNKNOWN
D/RILC    ( 1177): [qcril_mmgsdi.c:2009]  -Pin1 State: RIL_PINSTATE_ENABLED_NOT_VERIFIED
D/RILC    ( 1177): [qcril_mmgsdi.c:2105]  -Pin1 Not Replaced by UPin
D/RILC    ( 1177): [qcril_mmgsdi.c:2006]  -Pin2 State: RIL_PINSTATE_UNKNOWN
D/RILC    ( 1177): [qcril_mmgsdi.c:2154] CDMA Subscription App Not Available
D/RILC    ( 1177): [qcril_mmgsdi.c:2157] Number Applications 0x1
D/RILC    ( 1177): [qcril_mmgsdi.c:2161] App [0x0]: 
D/RILC    ( 1177): [qcril_mmgsdi.c:1864]  -App Type: RIL_APPTYPE_USIM
D/RILC    ( 1177): [qcril_mmgsdi.c:2168]  -Aid: a0000000871002ff33ffff8901010100
D/RILC    ( 1177): [qcril_mmgsdi.c:2173]  -Label: 47454d504c5553205553494d
D/RILC    ( 1177): [qcril_mmgsdi.c:1819]  -App State: RIL_APPSTATE_PIN
D/RILC    ( 1177): [qcril_mmgsdi.c:2009]  -Pin1 State: RIL_PINSTATE_ENABLED_NOT_VERIFIED
D/RILC    ( 1177): [qcril_mmgsdi.c:2183]  -Pin1 Not Replaced by UPin
D/RILC    ( 1177): [qcril_mmgsdi.c:2006]  -Pin2 State: RIL_PINSTATE_UNKNOWN
D/RILC    ( 1177): [qcril.c:4035] UI <--- RIL_UNSOL_RESPONSE_SIM_STATUS_CHANGED (1019) --- RIL [Len 0]
D/RILC    ( 1177): [qcril.c:4038] RIL=>>Android [ label = "RIL_UNSOL_RESPONSE_SIM_STATUS_CHANGED" ];
W/RILC    ( 1177): [ril.cpp:1489] [UNSL]< UNSOL_RESPONSE_SIM_STATUS_CHANGED 
D/RILC    ( 1177): [qcril_mmgsdi.c:4345]  new modem state 0x1,  new GW sim state 0x3,  new CDMA sim state 0x1 
D/RILC    ( 1177): [qcril.c:1905] Modem: Off --> Off, GW SIM: Not ready --> PIN, CDMA SIM: Not ready --> Not ready, Mode Config: GW --> GW
D/RILC    ( 1177): [qcril.c:1911] Subscription: SIM --> SIM, Network: No service --> No service, Mode Preferred: GW --> GW [Event MMGSDI_EVENT_CALLBACK (196612)]
D/RILC    ( 1177): [qcril.c:2094] Modem state changes to off or GW SIM state changes to Absent/Error/PUK/NotReady, check GW subscription not available reporting
D/RILC    ( 1177): [qcril.c:2493] RIL=>RIL [ label = "INTERNAL_CM_DISABLE_SUBSCRIPTION" ];
D/RILC    ( 1177): [qcril.c:2494] RIL --- INTERNAL_CM_DISABLE_SUBSCRIPTION (65539) ---> RIL
D/RILC    ( 1177): [qcril.c:2536] Exit qcril_process_event() : INTERNAL_CM_DISABLE_SUBSCRIPTION, err_no 0
D/RILC    ( 1177): [qcril.c:2536] Exit qcril_process_event() : MMGSDI_EVENT_CALLBACK, err_no 0
D/RILC    ( 1177): [qcril_event.c:309] De-queued event MMGSDI_EVENT_CALLBACK (196612)
D/RILC    ( 1177): [qcril.c:2499] AMSS=>RIL [ label = "MMGSDI_EVENT_CALLBACK" ];
D/RILC    ( 1177): [qcril.c:2508] RIL <--- MMGSDI_EVENT_CALLBACK (196612) --- AMSS
D/RILC    ( 1177): [qcril_mmgsdi.c:4266] qcril_mmgsdi_process_event_callback: QCRIL_EVT_MMGSDI_EVENT_CALLBACK
D/RILC    ( 1177): [qcril_mmgsdi.c:1626] MMGSDI_PIN2_EVT
D/RILC    ( 1177): [qcril_mmgsdi.c:4281] curr modem state 0x1,  curr GW sim state 0x3,  curr CDMA sim state 0x1 
D/RILC    ( 1177): [qcril_mmgsdi.c:3117] qcril_mmgsdi_process_pin_evts 
D/RILC    ( 1177): [qcril_mmgsdi.c:2468] MMGSDI_PIN_ENABLED_NOT_VERIFIED -> RIL_PINSTATE_ENABLED_NOT_VERIFIED 
D/RILC    ( 1177): [qcril_mmgsdi.c:2757] aid matches index 0x0 in qcril mmgsdi global 
D/RILC    ( 1177): [qcril_mmgsdi.c:2052] Card Status 
D/RILC    ( 1177): [qcril_mmgsdi.c:2059]  -Card_State: RIL_CARDSTATE_PRESENT
D/RILC    ( 1177): [qcril_mmgsdi.c:2006]  -Universal Pin State: RIL_PINSTATE_UNKNOWN
D/RILC    ( 1177): [qcril_mmgsdi.c:2076] GW Subscription App Index: 0x0
D/RILC    ( 1177): [qcril_mmgsdi.c:1864]  -App Type: RIL_APPTYPE_USIM
D/RILC    ( 1177): [qcril_mmgsdi.c:2086]  -Aid: a0000000871002ff33ffff8901010100
D/RILC    ( 1177): [qcril_mmgsdi.c:2092]  -Label: 47454d504c5553205553494d
D/RILC    ( 1177): [qcril_mmgsdi.c:1819]  -App State: RIL_APPSTATE_PIN
D/RILC    ( 1177): [qcril_mmgsdi.c:1900]  -Perso SubState: RIL_PERSOSUBSTATE_UNKNOWN
D/RILC    ( 1177): [qcril_mmgsdi.c:2009]  -Pin1 State: RIL_PINSTATE_ENABLED_NOT_VERIFIED
D/RILC    ( 1177): [qcril_mmgsdi.c:2105]  -Pin1 Not Replaced by UPin
D/RILC    ( 1177): [qcril_mmgsdi.c:2009]  -Pin2 State: RIL_PINSTATE_ENABLED_NOT_VERIFIED
D/RILC    ( 1177): [qcril_mmgsdi.c:2154] CDMA Subscription App Not Available
D/RILC    ( 1177): [qcril_mmgsdi.c:2157] Number Applications 0x1
D/RILC    ( 1177): [qcril_mmgsdi.c:2161] App [0x0]: 
D/RILC    ( 1177): [qcril_mmgsdi.c:1864]  -App Type: RIL_APPTYPE_USIM
D/RILC    ( 1177): [qcril_mmgsdi.c:2168]  -Aid: a0000000871002ff33ffff8901010100
D/RILC    ( 1177): [qcril_mmgsdi.c:2173]  -Label: 47454d504c5553205553494d
D/RILC    ( 1177): [qcril_mmgsdi.c:1819]  -App State: RIL_APPSTATE_PIN
D/RILC    ( 1177): [qcril_mmgsdi.c:2009]  -Pin1 State: RIL_PINSTATE_ENABLED_NOT_VERIFIED
D/RILC    ( 1177): [qcril_mmgsdi.c:2183]  -Pin1 Not Replaced by UPin
D/RILC    ( 1177): [qcril_mmgsdi.c:2009]  -Pin2 State: RIL_PINSTATE_ENABLED_NOT_VERIFIED
D/RILC    ( 1177): [qcril.c:4035] UI <--- RIL_UNSOL_RESPONSE_SIM_STATUS_CHANGED (1019) --- RIL [Len 0]
D/RILC    ( 1177): [qcril.c:4038] RIL=>>Android [ label = "RIL_UNSOL_RESPONSE_SIM_STATUS_CHANGED" ];
W/RILC    ( 1177): [ril.cpp:1489] [UNSL]< UNSOL_RESPONSE_SIM_STATUS_CHANGED 
D/RILC    ( 1177): [qcril_mmgsdi.c:4345]  new modem state 0x1,  new GW sim state 0x3,  new CDMA sim state 0x1 
D/RILC    ( 1177): [qcril.c:2536] Exit qcril_process_event() : MMGSDI_EVENT_CALLBACK, err_no 0
D/RILC    ( 1177): [qcril_event.c:309] De-queued event MMGSDI_COMMAND_CALLBACK (196609)
D/RILC    ( 1177): [qcril.c:2499] AMSS=>RIL [ label = "MMGSDI_COMMAND_CALLBACK" ];
D/RILC    ( 1177): [qcril.c:2508] RIL <--- MMGSDI_COMMAND_CALLBACK (196609) --- AMSS
D/RILC    ( 1177): [qcril_mmgsdi.c:4052] qcril_mmgsdi_process_command_callback: QCRIL_EVT_MMGSDI_COMMAND_CALLBACK
D/RILC    ( 1177): [qcril_mmgsdi.c:4115] MMGSDI_REFRESH_CNF type 0x2 status 0x0/n
D/RILC    ( 1177): [qcril.c:2536] Exit qcril_process_event() : MMGSDI_COMMAND_CALLBACK, err_no 0
D/RILC    ( 1177): [qcril_event.c:271] qcril_event_main(): Waiting...
I/PHONE   ( 1333): Network Mode set to 0
I/PHONE   ( 1333): Cdma Subscription set to 1
W/RILC    ( 1177): [ril.cpp:2591] ***** listenCallback *****
D/RILC    ( 1177): [qcril.c:2591] currentState() -> Radio Off(0)
D/RILC    ( 1177): [qcril.c:2594] Android=>Android [ label = "currentState() - Radio Off" ];
D/RILC    ( 1177): [qcril.c:2591] currentState() -> Radio Off(0)
D/RILC    ( 1177): [qcril.c:2594] Android=>Android [ label = "currentState() - Radio Off" ];
W/RILC    ( 1177): [ril.cpp:1489] [UNSL]< UNSOL_RESPONSE_RADIO_STATE_CHANGED  {RADIO_OFF}
D/RILC    ( 1177): [qcril.c:2692] getVersion() -> Qualcomm RIL 1.0
D/RILC    ( 1177): [qcril.c:2694] Android=>Android [ label = "getVersion() - Qualcomm RIL 1.0" ];
E/RILJ    ( 1333): Connected to 'rild' socket
I/RILJ    ( 1333): [UNSL]< UNSOL_RESPONSE_RADIO_STATE_CHANGED RADIO_UNAVAILABLE
D/RILJ    ( 1333): Radio OFF @ init
D/RILB    ( 1333): Notifying: radio available
I/PHONE   ( 1333): Creating GSMPhone
I/RILJ    ( 1333): RILRequest.obtain() request=61, SCREEN_STATE
I/RILJ    ( 1333): [0000]> SCREEN_STATE: true
W/RILC    ( 1177): [ril.cpp:390] processCommandBuffer() request=61,token=0
W/RILC    ( 1177): [ril.cpp:409] request=61, pRI->pCI->requestNumber=61
W/RILC    ( 1177): [ril.cpp:558] TOKEN=0 REQ_NUM=0061 SCREEN_STATE (1)
D/RILC    ( 1177): [qcril.c:2361] UI --- RIL_REQUEST_SCREEN_STATE (61) ---> RIL [token id 0, data len 4]
D/RILC    ( 1177): [qcril.c:2375] Android=>RIL [ label = "RIL_REQUEST_SCREEN_STATE - On, Token 0" ];
D/RILC    ( 1177): [qcril_cm.c:5755] Reply to RIL --> Screen on
D/RILC    ( 1177): [qcril.c:3965] RIL=>Android [ label = "RIL_REQUEST_SCREEN_STATE - On, Token 0, Success" ];
D/RILC    ( 1177): [qcril.c:3970] UI <--- RIL_REQUEST_SCREEN_STATE (61) Complete --- RIL [Token 0, RIL_E_SUCCESS, Len 0 On]
W/RILC    ( 1177): [ril.cpp:1489] [0000]< SCREEN_STATE
I/RILJ    ( 1333): [0000]< SCREEN_STATE 
W/GSM     ( 1333): Can't open /system/etc/voicemail-conf.xml
W/GSM     ( 1333): Can't open /system/etc/spn-conf.xml
D/GSM     ( 1333): [DSAC DEB] registerForPsRestrictedEnabled 
D/GSM     ( 1333): [DSAC DEB] registerForPsRestrictedDisabled 
D/GSM     ( 1333): [PdpConnection] DataConnection.clearSettings()
D/GSM     ( 1333): data enabled =true
D/GSM     ( 1333): 1) status : 
E/GSM     ( 1333): [Hidden Reset] hidden_reset_flag = 0
I/RILJ    ( 1333): RILRequest.obtain() request=103, RIL_REQUEST_REPORT_STK_SERVICE_IS_RUNNING
I/RILJ    ( 1333): [0001]> RIL_REQUEST_REPORT_STK_SERVICE_IS_RUNNING
W/RILC    ( 1177): [ril.cpp:390] processCommandBuffer() request=103,token=1
W/RILC    ( 1177): [ril.cpp:409] request=103, pRI->pCI->requestNumber=103
W/RILC    ( 1177): [ril.cpp:437] TOKEN=1 REQ_NUM=0103 <unknown request> 
D/RILC    ( 1177): [qcril.c:2361] UI --- RIL_REQUEST_REPORT_STK_SERVICE_IS_RUNNING (103) ---> RIL [token id 1, data len 0]
D/RILC    ( 1177): [qcril.c:2380] Android=>RIL [ label = "RIL_REQUEST_REPORT_STK_SERVICE_IS_RUNNING - Token 1" ];
D/RILC    ( 1177): [qcril_gstk.c:2503] qcril_gstk_request_stk_service_is_running
D/RILC    ( 1177): [qcril_event.c:372] Event [INTERNAL_GSTK_NOTIFY_RIL_IS_READY, 262150] data was NULL!
D/RILC    ( 1177): [qcril_event.c:402] Queued event INTERNAL_GSTK_NOTIFY_RIL_IS_READY (0 bytes)
D/RILC    ( 1177): [qcril.c:3965] RIL=>Android [ label = "RIL_REQUEST_REPORT_STK_SERVICE_IS_RUNNING - Token 1, Success" ];
D/RILC    ( 1177): [qcril.c:3970] UI <--- RIL_REQUEST_REPORT_STK_SERVICE_IS_RUNNING (103) Complete --- RIL [Token 1, RIL_E_SUCCESS, Len 0 ]
W/RILC    ( 1177): [ril.cpp:1489] [0001]< <unknown request>
D/RILC    ( 1177): [qcril_event.c:288] qcril_event_main(): 1 items on queue
D/RILC    ( 1177): [qcril_event.c:309] De-queued event INTERNAL_GSTK_NOTIFY_RIL_IS_READY (262150)
D/RILC    ( 1177): [qcril.c:2493] RIL=>RIL [ label = "INTERNAL_GSTK_NOTIFY_RIL_IS_READY" ];
D/RILC    ( 1177): [qcril.c:2494] RIL --- INTERNAL_GSTK_NOTIFY_RIL_IS_READY (262150) ---> RIL
D/RILC    ( 1177): [qcril_gstk.c:1746] qcril_gstk_process_notify_ril_is_ready
D/RILC    ( 1177): [qcril.c:2536] Exit qcril_process_event() : INTERNAL_GSTK_NOTIFY_RIL_IS_READY, err_no 0
D/RILC    ( 1177): [qcril_event.c:271] qcril_event_main(): Waiting...
I/RILJ    ( 1333): [0001]< RIL_REQUEST_REPORT_STK_SERVICE_IS_RUNNING 
D/STK     ( 1333): StkService: StkService: is running
D/STK     ( 1333): StkService: NEW sInstance
V/RILJ    ( 1333): getModemVersion
I/RILJ    ( 1333): RILRequest.obtain() request=126, RIL_REQUEST_GET_MODEM_VERSION
I/RILJ    ( 1333): [0002]> getModemVersion:RIL_REQUEST_GET_MODEM_VERSION 126 RIL_REQUEST_GET_MODEM_VERSION
W/RILC    ( 1177): [ril.cpp:390] processCommandBuffer() request=126,token=2
W/RILC    ( 1177): [ril.cpp:409] request=126, pRI->pCI->requestNumber=126
W/RILC    ( 1177): [ril.cpp:437] TOKEN=2 REQ_NUM=0126 GET_MODEM_VERSION 
D/RILC    ( 1177): [qcril.c:2361] UI --- RIL_REQUEST_GET_MODEM_VERSION (126) ---> RIL [token id 2, data len 0]
D/RILC    ( 1177): [qcril.c:2380] Android=>RIL [ label = "RIL_REQUEST_GET_MODEM_VERSION - Token 2" ];
D/RILC    ( 1177): [qcril_other.c:2219] Handling %s (%d) Token ID (%d)
D/RILC    ( 1177): [qcril_reqlist.c:168] Not found ReqList entry : token id 2
D/RILC    ( 1177): [qcril_reqlist.c:399] Event RIL_REQUEST_GET_MODEM_VERSION (126) pending receipt of <none>, token id 2 [0x2e9d8]
D/RILC    ( 1177): [qcril_reqlist.c:1064] ReqList entries : 
D/RILC    ( 1177): [qcril_reqlist.c:1070]     RIL_REQUEST_GET_MODEM_VERSION (126), token id 2
D/RILC    ( 1177): [qcril_other.c:2243] Reply to RIL --> Modem Version : %s %x
D/RILC    ( 1177): [qcril_reqlist.c:159] Found ReqList entry : RIL_REQUEST_GET_MODEM_VERSION (126), token id 2
D/RILC    ( 1177): [qcril_reqlist.c:598] Deleted ReqList entry : token id 2 [0x2e9d8]
D/RILC    ( 1177): [qcril_reqlist.c:1060] ReqList entries : Empty
D/RILC    ( 1177): [qcril.c:3965] RIL=>Android [ label = "RIL_REQUEST_GET_MODEM_VERSION - Token 2, Success" ];
D/RILC    ( 1177): [qcril.c:3970] UI <--- RIL_REQUEST_GET_MODEM_VERSION (126) Complete --- RIL [Token 2, RIL_E_SUCCESS, Len 31 ]
W/RILC    ( 1177): [ril.cpp:1489] [0002]< GET_MODEM_VERSION {GW620-V10e}
I/RILJ    ( 1333): [0002]< RIL_REQUEST_GET_MODEM_VERSION GW620-V10e
V/RILJ    ( 1333): getHWVersion
I/RILJ    ( 1333): RILRequest.obtain() request=127, RIL_REQUEST_GET_HW_VERSION
I/RILJ    ( 1333): [0003]> getHWVersion:RIL_REQUEST_GET_HW_VERSION 127 RIL_REQUEST_GET_HW_VERSION
W/RILC    ( 1177): [ril.cpp:390] processCommandBuffer() request=127,token=3
W/RILC    ( 1177): [ril.cpp:409] request=127, pRI->pCI->requestNumber=127
W/RILC    ( 1177): [ril.cpp:437] TOKEN=3 REQ_NUM=0127 GET_HW_VERSION 
D/RILC    ( 1177): [qcril.c:2361] UI --- RIL_REQUEST_GET_HW_VERSION (127) ---> RIL [token id 3, data len 0]
D/RILC    ( 1177): [qcril.c:2380] Android=>RIL [ label = "RIL_REQUEST_GET_HW_VERSION - Token 3" ];
D/RILC    ( 1177): [qcril_other.c:2219] Handling %s (%d) Token ID (%d)
D/RILC    ( 1177): [qcril_reqlist.c:168] Not found ReqList entry : token id 3
D/RILC    ( 1177): [qcril_reqlist.c:399] Event RIL_REQUEST_GET_HW_VERSION (127) pending receipt of <none>, token id 3 [0x2eab8]
D/RILC    ( 1177): [qcril_reqlist.c:1064] ReqList entries : 
D/RILC    ( 1177): [qcril_reqlist.c:1070]     RIL_REQUEST_GET_HW_VERSION (127), token id 3
D/RILC    ( 1177): [qcril_other.c:2249] Reply to RIL --> HW Version : %s %x
D/RILC    ( 1177): [qcril_reqlist.c:159] Found ReqList entry : RIL_REQUEST_GET_HW_VERSION (127), token id 3
D/RILC    ( 1177): [qcril_reqlist.c:598] Deleted ReqList entry : token id 3 [0x2eab8]
D/RILC    ( 1177): [qcril_reqlist.c:1060] ReqList entries : Empty
D/RILC    ( 1177): [qcril.c:3965] RIL=>Android [ label = "RIL_REQUEST_GET_HW_VERSION - Token 3, Success" ];
D/RILC    ( 1177): [qcril.c:3970] UI <--- RIL_REQUEST_GET_HW_VERSION (127) Complete --- RIL [Token 3, RIL_E_SUCCESS, Len 31 ]
W/RILC    ( 1177): [ril.cpp:1489] [0003]< GET_HW_VERSION {GW620_1_0}
I/RILJ    ( 1333): [0003]< RIL_REQUEST_GET_HW_VERSION GW620_1_0
V/RILJ    ( 1333): getFactoryVersion
I/RILJ    ( 1333): RILRequest.obtain() request=128, RIL_REQUEST_GET_FACTORY_VERSION
I/RILJ    ( 1333): [0004]> getFactoryVersion:RIL_REQUEST_GET_FACTORY_VERSION 128 RIL_REQUEST_GET_FACTORY_VERSION
W/RILC    ( 1177): [ril.cpp:390] processCommandBuffer() request=128,token=4
W/RILC    ( 1177): [ril.cpp:409] request=128, pRI->pCI->requestNumber=128
W/RILC    ( 1177): [ril.cpp:437] TOKEN=4 REQ_NUM=0128 GET_FACTORY_VERSION 
D/RILC    ( 1177): [qcril.c:2361] UI --- RIL_REQUEST_GET_FACTORY_VERSION (128) ---> RIL [token id 4, data len 0]
D/RILC    ( 1177): [qcril.c:2380] Android=>RIL [ label = "RIL_REQUEST_GET_FACTORY_VERSION - Token 4" ];
D/RILC    ( 1177): [qcril_other.c:2219] Handling %s (%d) Token ID (%d)
D/RILC    ( 1177): [qcril_reqlist.c:168] Not found ReqList entry : token id 4
D/RILC    ( 1177): [qcril_reqlist.c:399] Event RIL_REQUEST_GET_FACTORY_VERSION (128) pending receipt of <none>, token id 4 [0x2eab8]
D/RILC    ( 1177): [qcril_reqlist.c:1064] ReqList entries : 
D/RILC    ( 1177): [qcril_reqlist.c:1070]     RIL_REQUEST_GET_FACTORY_VERSION (128), token id 4
D/RILC    ( 1177): [qcril_other.c:2257] Reply to RIL --> Factory Version : %s %d %d
D/RILC    ( 1177): [qcril_reqlist.c:159] Found ReqList entry : RIL_REQUEST_GET_FACTORY_VERSION (128), token id 4
D/RILC    ( 1177): [qcril_reqlist.c:598] Deleted ReqList entry : token id 4 [0x2eab8]
D/RILC    ( 1177): [qcril_reqlist.c:1060] ReqList entries : Empty
D/RILC    ( 1177): [qcril.c:3965] RIL=>Android [ label = "RIL_REQUEST_GET_FACTORY_VERSION - Token 4, Success" ];
D/RILC    ( 1177): [qcril.c:3970] UI <--- RIL_REQUEST_GET_FACTORY_VERSION (128) Complete --- RIL [Token 4, RIL_E_SUCCESS, Len 31 ]
W/RILC    ( 1177): [ril.cpp:1489] [0004]< GET_FACTORY_VERSION {GW620AT-00-V10e-262-02-NOV-02-2009}
I/RILJ    ( 1333): [0004]< RIL_REQUEST_GET_FACTORY_VERSION GW620AT-00-V10e-262-02-NOV-02-2009
I/RILJ    ( 1333): RILRequest.obtain() request=62, SET_SUPP_SVC_NOTIFICATION
I/RILJ    ( 1333): [0005]> SET_SUPP_SVC_NOTIFICATION
W/RILC    ( 1177): [ril.cpp:390] processCommandBuffer() request=62,token=5
W/RILC    ( 1177): [ril.cpp:409] request=62, pRI->pCI->requestNumber=62
W/RILC    ( 1177): [ril.cpp:558] TOKEN=5 REQ_NUM=0062 <unknown request> (1)
D/RILC    ( 1177): [qcril.c:2361] UI --- RIL_REQUEST_SET_SUPP_SVC_NOTIFICATION (62) ---> RIL [token id 5, data len 4]
D/RILC    ( 1177): [qcril.c:2380] Android=>RIL [ label = "RIL_REQUEST_SET_SUPP_SVC_NOTIFICATION - Token 5" ];
D/RILC    ( 1177): [qcril.c:2209] Ignore RIL_REQUEST_SET_SUPP_SVC_NOTIFICATION, unsupported state.
D/RILC    ( 1177): [qcril.c:2445] UI <--- RIL_REQUEST_SET_SUPP_SVC_NOTIFICATION (62) Complete --- RIL [Token Id 5, RIL_E_RADIO_NOT_AVAILABLE]
D/RILC    ( 1177): [qcril.c:3910] RIL=>Android [ label = "RIL_REQUEST_SET_SUPP_SVC_NOTIFICATION, Token 5, Radio Not Available" ];
D/RILC    ( 1177): [qcril.c:3913] UI <--- RIL_REQUEST_SET_SUPP_SVC_NOTIFICATION (62) Complete --- RIL [Token 5, Radio Not Available]
W/RILC    ( 1177): [ril.cpp:1489] [0005]< <unknown request> fails by E_RAIDO_NOT_AVAILABLE
D/RILJ    ( 1333): [0005]< SET_SUPP_SVC_NOTIFICATION error: com.android.internal.telephony.CommandException: RADIO_NOT_AVAILABLE
V/PHONE   ( 1333): [PhoneProxy] PhoneProxy::registerForProgressing
D/GSM     ( 1333): 1) status : 
D/GSM     ( 1333): 1) status : 
D/GSM     ( 1333): 1) status : 
I/RILJ    ( 1333): RILRequest.obtain() request=23, RADIO_POWER
I/RILJ    ( 1333): [0006]> RADIO_POWER
W/RILC    ( 1177): [ril.cpp:390] processCommandBuffer() request=23,token=6
W/RILC    ( 1177): [ril.cpp:409] request=23, pRI->pCI->requestNumber=23
W/RILC    ( 1177): [ril.cpp:558] TOKEN=6 REQ_NUM=0023 RADIO_POWER (1)
D/RILC    ( 1177): [qcril.c:2361] UI --- RIL_REQUEST_RADIO_POWER (23) ---> RIL [token id 6, data len 4]
D/RILC    ( 1177): [qcril.c:2375] Android=>RIL [ label = "RIL_REQUEST_RADIO_POWER - On, Token 6" ];
D/RILC    ( 1177): [qcril_cm.c:2988] Request Radio On
D/RILC    ( 1177): [qcril_reqlist.c:168] Not found ReqList entry : token id 6
D/RILC    ( 1177): [qcril_reqlist.c:399] Event RIL_REQUEST_RADIO_POWER (23) pending receipt of CM_PH_EVENT_OPRT_MODE, token id 6 [0x2eac0]
D/RILC    ( 1177): [qcril_reqlist.c:1064] ReqList entries : 
D/RILC    ( 1177): [qcril_reqlist.c:1070]     RIL_REQUEST_RADIO_POWER (23), token id 6
D/RILC    ( 1177): [qcril_cm.c:3033] 
D/RILC    ( 1177): SEYPARK - radio_power
D/RILC    ( 1177): [qcril_cm.c:3036] RIL --- nv_cmd_remote() ---> AMSS [Read NV_RTRE_CONFIG_I]
D/RILC    ( 1177): [qcril_cm.c:3036] RIL=>AMSS [ label = "nv_cmd_remote()" ];
D/RILC    ( 1177): [qcril_cm.c:3041] s
D/RILC    ( 1177): [qcril_cm.c:3043] RIL --- cm_ph_cmd_oprt_mode() ---> AMSS [Online]
D/RILC    ( 1177): [qcril_cm.c:3043] RIL=>AMSS [ label = "cm_ph_cmd_oprt_mode() - Online" ];
D/RILC    ( 1177): [qcril_cm.c:3580] CM_PH_COMMAND_CALLBACK : Token ID 6
D/RILC    ( 1177): [qcril_event.c:402] Queued event CM_COMMAND_CALLBACK (12 bytes)
D/RILC    ( 1177): [qcril_event.c:288] qcril_event_main(): 1 items on queue
D/RILC    ( 1177): [qcril_event.c:309] De-queued event CM_COMMAND_CALLBACK (65537)
D/RILC    ( 1177): [qcril.c:2499] AMSS=>RIL [ label = "CM_COMMAND_CALLBACK" ];
D/RILC    ( 1177): [qcril.c:2508] RIL <--- CM_COMMAND_CALLBACK (65537) --- AMSS
D/RILC    ( 1177): [qcril_reqlist.c:159] Found ReqList entry : RIL_REQUEST_RADIO_POWER (23), token id 6
D/RILC    ( 1177): [qcril_reqlist.c:159] Found ReqList entry : RIL_REQUEST_RADIO_POWER (23), token id 6
D/RILC    ( 1177): [qcril_reqlist.c:659] Update ReqList entry : RIL_REQUEST_RADIO_POWER (23), token id 6, state QCRIL_REQ_AWAITING_MORE_AMSS_EVENTS
D/RILC    ( 1177): [qcril_cm.c:924] Change the state of ReqList entry to AWAITING_MORE_AMSS_EVENTS state : RIL_REQUEST_RADIO_POWER (23), Token ID 6, pending CM_PH_EVENT_OPRT_MODE (69632)
D/RILC    ( 1177): [qcril.c:2536] Exit qcril_process_event() : CM_COMMAND_CALLBACK, err_no 0
D/RILC    ( 1177): [qcril_event.c:271] qcril_event_main(): Waiting...
D/RILC    ( 1177): [qcril_cm.c:3621] Received phonesvc event : CM_PH_EVENT_OPRT_MODE (69632)
D/RILC    ( 1177): [qcril_event.c:402] Queued event CM_PH_EVENT_OPRT_MODE (6552 bytes)
D/RILC    ( 1177): [qcril_event.c:288] qcril_event_main(): 1 items on queue
D/RILC    ( 1177): [qcril_event.c:309] De-queued event CM_PH_EVENT_OPRT_MODE (69632)
D/RILC    ( 1177): [qcril.c:2499] AMSS=>RIL [ label = "CM_PH_EVENT_OPRT_MODE" ];
D/RILC    ( 1177): [qcril.c:2508] RIL <--- CM_PH_EVENT_OPRT_MODE (69632) --- AMSS
D/RILC    ( 1177): [qcril_reqlist.c:205] Found ReqList entry : RIL_REQUEST_RADIO_POWER (23), token id 6, pending CM_PH_EVENT_OPRT_MODE (69632)
D/RILC    ( 1177): [qcril_cm.c:3700] Enable rs notification
D/RILC    ( 1177): [qcril_cm.c:3705] Reply to RIL --> Radio On
D/RILC    ( 1177): [qcril_reqlist.c:159] Found ReqList entry : RIL_REQUEST_RADIO_POWER (23), token id 6
D/RILC    ( 1177): [qcril_reqlist.c:598] Deleted ReqList entry : token id 6 [0x2eac0]
D/RILC    ( 1177): [qcril_reqlist.c:1060] ReqList entries : Empty
D/RILC    ( 1177): [qcril.c:3965] RIL=>Android [ label = "RIL_REQUEST_RADIO_POWER - Token 6, Success" ];
D/RILC    ( 1177): [qcril.c:3970] UI <--- RIL_REQUEST_RADIO_POWER (23) Complete --- RIL [Token 6, RIL_E_SUCCESS, Len 0 ]
W/RILC    ( 1177): [ril.cpp:1489] [0006]< RADIO_POWER
D/RILC    ( 1177): [qcril.c:1905] Modem: Off --> On, GW SIM: PIN --> PIN, CDMA SIM: Not ready --> Not ready, Mode Config: GW --> GW
D/RILC    ( 1177): [qcril.c:1911] Subscription: SIM --> SIM, Network: No service --> No service, Mode Preferred: GW --> GW [Event CM_PH_EVENT_OPRT_MODE (69632)]
D/RILC    ( 1177): [qcril.c:2044] --- [ label = "Radio State Change: Radio Off -> SIM locked or absent" ];
D/RILC    ( 1177): [qcril.c:2051] RadioState Radio Off --> SIM locked or absent [Event CM_PH_EVENT_OPRT_MODE (69632)]
D/RILC    ( 1177): [qcril.c:4035] UI <--- RIL_UNSOL_RESPONSE_RADIO_STATE_CHANGED (1000) --- RIL [Len 0]
D/RILC    ( 1177): [qcril.c:4038] RIL=>>Android [ label = "RIL_UNSOL_RESPONSE_RADIO_STATE_CHANGED" ];
D/RILC    ( 1177): [qcril.c:2591] currentState() -> SIM locked or absent(3)
D/RILC    ( 1177): [qcril.c:2594] Android=>Android [ label = "currentState() - SIM locked or absent" ];
