D/RILC    ( 1177): [qcril_reqlist.c:1070]     RIL_REQUEST_QUERY_NETWORK_SELECTION_MODE (45), token id 44
D/RILC    ( 1177): [qcril_cm.c:2321] RIL --- cm_ph_cmd_get_ph_info() ---> AMSS [Token ID 44 (0x2c)]
D/RILC    ( 1177): [qcril_cm.c:2321] RIL=>AMSS [ label = "cm_ph_cmd_get_ph_info()" ];
D/RILC    ( 1177): [qcril_cm.c:3580] CM_PH_COMMAND_CALLBACK : Token ID 44
D/RILC    ( 1177): [qcril_event.c:402] Queued event CM_COMMAND_CALLBACK (12 bytes)
D/RILC    ( 1177): [qcril_event.c:288] qcril_event_main(): 1 items on queue
D/RILC    ( 1177): [qcril_event.c:309] De-queued event CM_COMMAND_CALLBACK (65537)
D/RILC    ( 1177): [qcril.c:2499] AMSS=>RIL [ label = "CM_COMMAND_CALLBACK" ];
D/RILC    ( 1177): [qcril.c:2508] RIL <--- CM_COMMAND_CALLBACK (65537) --- AMSS
D/RILC    ( 1177): [qcril_reqlist.c:159] Found ReqList entry : RIL_REQUEST_QUERY_NETWORK_SELECTION_MODE (45), token id 44
D/RILC    ( 1177): [qcril_reqlist.c:159] Found ReqList entry : RIL_REQUEST_QUERY_NETWORK_SELECTION_MODE (45), token id 44
D/RILC    ( 1177): [qcril_reqlist.c:659] Update ReqList entry : RIL_REQUEST_QUERY_NETWORK_SELECTION_MODE (45), token id 44, state QCRIL_REQ_AWAITING_MORE_AMSS_EVENTS
D/RILC    ( 1177): [qcril_cm.c:924] Change the state of ReqList entry to AWAITING_MORE_AMSS_EVENTS state : RIL_REQUEST_QUERY_NETWORK_SELECTION_MODE (45), Token ID 44, pending CM_PH_EVENT_INFO (69644)
D/RILC    ( 1177): [qcril.c:2536] Exit qcril_process_event() : CM_COMMAND_CALLBACK, err_no 0
D/RILC    ( 1177): [qcril_event.c:271] qcril_event_main(): Waiting...
D/RILC    ( 1177): [qcril_cm.c:3621] Received phonesvc event : CM_PH_EVENT_INFO (69644)
D/RILC    ( 1177): [qcril_event.c:402] Queued event CM_PH_EVENT_INFO (6552 bytes)
D/RILC    ( 1177): [qcril_event.c:288] qcril_event_main(): 1 items on queue
D/RILC    ( 1177): [qcril_event.c:309] De-queued event CM_PH_EVENT_INFO (69644)
D/RILC    ( 1177): [qcril.c:2499] AMSS=>RIL [ label = "CM_PH_EVENT_INFO" ];
D/RILC    ( 1177): [qcril.c:2508] RIL <--- CM_PH_EVENT_INFO (69644) --- AMSS
D/RILC    ( 1177): [qcril_cm.c:3860] GW subscription disabled
D/RILC    ( 1177): [qcril_cm.c:3872] CDMA subscription disabled
D/RILC    ( 1177): [qcril_cm.c:3895] Oprt mode: 5, Mode pref: 19, GW acq order: 2, Band pref: -1073741825, Roam pref: 255, Network sel mode: 0, plmn[0]=255, plmn[1]=255, plmn[2]=255, rtre control: 2
D/RILC    ( 1177): [qcril_reqlist.c:205] Found ReqList entry : RIL_REQUEST_QUERY_NETWORK_SELECTION_MODE (45), token id 44, pending CM_PH_EVENT_INFO (69644)
D/RILC    ( 1177): [qcril_cm.c:4165] Reply to RIL --> Automatic network selection mode
D/RILC    ( 1177): [qcril_reqlist.c:159] Found ReqList entry : RIL_REQUEST_QUERY_NETWORK_SELECTION_MODE (45), token id 44
D/RILC    ( 1177): [qcril_reqlist.c:598] Deleted ReqList entry : token id 44 [0x2f910]
D/RILC    ( 1177): [qcril_reqlist.c:1060] ReqList entries : Empty
D/RILC    ( 1177): [qcril.c:3965] RIL=>Android [ label = "RIL_REQUEST_QUERY_NETWORK_SELECTION_MODE - Automatic, Token 44, Success" ];
D/RILC    ( 1177): [qcril.c:3970] UI <--- RIL_REQUEST_QUERY_NETWORK_SELECTION_MODE (45) Complete --- RIL [Token 44, RIL_E_SUCCESS, Len 4 Automatic]
W/RILC    ( 1177): [ril.cpp:1489] [0044]< QUERY_NETWORK_SELECTION_MODE {0}
D/RILC    ( 1177): [qcril.c:2536] Exit qcril_process_event() : CM_PH_EVENT_INFO, err_no 0
D/RILC    ( 1177): [qcril_event.c:271] qcril_event_main(): Waiting...
I/RILJ    ( 1333): [0044]< QUERY_NETWORK_SELECTION_MODE {0}
E/GSM     ( 1333): Get all SIM PIN status: PIN1 = 3, PUK1 = 10, PIN2 = 3, PUK2 = 10
E/GSM     ( 1333): EF ICCID read error: com.android.internal.telephony.CommandException: RADIO_NOT_AVAILABLE
I/RILJ    ( 1333): RILRequest.obtain() request=22, OPERATOR
I/RILJ    ( 1333): [0045]> OPERATOR
I/RILJ    ( 1333): RILRequest.obtain() request=21, GPRS_REGISTRATION_STATE
I/RILJ    ( 1333): [0046]> GPRS_REGISTRATION_STATE
I/RILJ    ( 1333): RILRequest.obtain() request=20, REGISTRATION_STATE
I/RILJ    ( 1333): [0047]> REGISTRATION_STATE
I/RILJ    ( 1333): RILRequest.obtain() request=45, QUERY_NETWORK_SELECTION_MODE
I/RILJ    ( 1333): [0048]> QUERY_NETWORK_SELECTION_MODE
W/RILC    ( 1177): [ril.cpp:390] processCommandBuffer() request=22,token=45
W/RILC    ( 1177): [ril.cpp:409] request=22, pRI->pCI->requestNumber=22
W/RILC    ( 1177): [ril.cpp:437] TOKEN=45 REQ_NUM=0022 OPERATOR 
D/RILC    ( 1177): [qcril.c:2361] UI --- RIL_REQUEST_OPERATOR (22) ---> RIL [token id 45, data len 0]
D/RILC    ( 1177): [qcril.c:2380] Android=>RIL [ label = "RIL_REQUEST_OPERATOR - Token 45" ];
D/RILC    ( 1177): [qcril_cm_ons.c:10251] Current operator not available: system mode 5 ( srv status 1 )
D/RILC    ( 1177): [qcril_cm.c:5443] Reply to RIL --> Current operator full name : 
D/RILC    ( 1177): [qcril_cm.c:5444] Reply to RIL --> Current operator short name : 
D/RILC    ( 1177): [qcril_cm.c:5445] Reply to RIL --> Current operator MCCMNC : 
D/RILC    ( 1177): [qcril.c:3965] RIL=>Android [ label = "RIL_REQUEST_OPERATOR - , Token 45, Success" ];
D/RILC    ( 1177): [qcril.c:3970] UI <--- RIL_REQUEST_OPERATOR (22) Complete --- RIL [Token 45, RIL_E_SUCCESS, Len 12 ]
W/RILC    ( 1177): [ril.cpp:1489] [0045]< OPERATOR {,,}
W/RILC    ( 1177): [ril.cpp:390] processCommandBuffer() request=21,token=46
W/RILC    ( 1177): [ril.cpp:409] request=21, pRI->pCI->requestNumber=21
W/RILC    ( 1177): [ril.cpp:437] TOKEN=46 REQ_NUM=0021 GPRS_REGISTRATION_STATE 
D/RILC    ( 1177): [qcril.c:2361] UI --- RIL_REQUEST_GPRS_REGISTRATION_STATE (21) ---> RIL [token id 46, data len 0]
D/RILC    ( 1177): [qcril.c:2380] Android=>RIL [ label = "RIL_REQUEST_GPRS_REGISTRATION_STATE - Token 46" ];
D/RILC    ( 1177): [qcril_cm_util.c:261] Current System : srv status 1, sys mode 5, roam status 1
D/RILC    ( 1177): [qcril_cm_util.c:372] NO SERVICE
D/RILC    ( 1177): [qcril_cm.c:5169] GPRS Registration State: Not registered/Actively searching, LAC: (null), CID: (null), RadioTech: Unknown
D/RILC    ( 1177): [qcril.c:3965] RIL=>Android [ label = "RIL_REQUEST_GPRS_REGISTRATION_STATE - Not registered/Actively searching, Unknown, Token 46, Success" ];
D/RILC    ( 1177): [qcril.c:3970] UI <--- RIL_REQUEST_GPRS_REGISTRATION_STATE (21) Complete --- RIL [Token 46, RIL_E_SUCCESS, Len 16 Not registered/Actively searching, Unknown]
W/RILC    ( 1177): [ril.cpp:1489] [0046]< GPRS_REGISTRATION_STATE {2,(null),(null),0}
W/RILC    ( 1177): [ril.cpp:390] processCommandBuffer() request=20,token=47
W/RILC    ( 1177): [ril.cpp:409] request=20, pRI->pCI->requestNumber=20
W/RILC    ( 1177): [ril.cpp:437] TOKEN=47 REQ_NUM=0020 REGISTRATION_STATE 
D/RILC    ( 1177): [qcril.c:2361] UI --- RIL_REQUEST_REGISTRATION_STATE (20) ---> RIL [token id 47, data len 0]
D/RILC    ( 1177): [qcril.c:2380] Android=>RIL [ label = "RIL_REQUEST_REGISTRATION_STATE - Token 47" ];
D/RILC    ( 1177): [qcril_cm_util.c:261] Current System : srv status 1, sys mode 5, roam status 1
D/RILC    ( 1177): [qcril_cm_util.c:372] NO SERVICE
D/RILC    ( 1177): [qcril_cm_util.c:1374] Reject cause value = 0
D/RILC    ( 1177): [qcril_cm_util.c:1375] Registration status = Not registered/Actively searching
D/RILC    ( 1177): [qcril_cm_util.c:1435] Reject cause value sent to UI = 0
D/RILC    ( 1177): [qcril_cm.c:5120] Registration State: Not registered/Actively searching, RadioTech: Unknown, LAC: (null), CID: (null), BSID: (null), BSLat: (null), BSLong: (null)
D/RILC    ( 1177): [qcril_cm.c:5123]                     CCS: (null), SID: (null), NID: (null), RoamStatus: (null), PRL: (null), DefRoamStatus: (null), RejReason: 0
D/RILC    ( 1177): [qcril.c:3965] RIL=>Android [ label = "RIL_REQUEST_REGISTRATION_STATE - Not registered/Actively searching, Token 47, Success" ];
D/RILC    ( 1177): [qcril.c:3970] UI <--- RIL_REQUEST_REGISTRATION_STATE (20) Complete --- RIL [Token 47, RIL_E_SUCCESS, Len 56 Not registered/Actively searching]
W/RILC    ( 1177): [ril.cpp:1489] [0047]< REGISTRATION_STATE {2,(null),(null),0,(null),(null),(null),(null),(null),(null),(null),(null),(null),0}
I/RILJ    ( 1333): [0045]< OPERATOR {, , }
I/RILJ    ( 1333): [0046]< GPRS_REGISTRATION_STATE {2, null, null, 0}
I/RILJ    ( 1333): [0047]< REGISTRATION_STATE {2, null, null, 0, null, null, null, null, null, null, null, null, null, 0}
W/RILC    ( 1177): [ril.cpp:390] processCommandBuffer() request=45,token=48
W/RILC    ( 1177): [ril.cpp:409] request=45, pRI->pCI->requestNumber=45
W/RILC    ( 1177): [ril.cpp:437] TOKEN=48 REQ_NUM=0045 QUERY_NETWORK_SELECTION_MODE 
D/RILC    ( 1177): [qcril.c:2361] UI --- RIL_REQUEST_QUERY_NETWORK_SELECTION_MODE (45) ---> RIL [token id 48, data len 0]
D/RILC    ( 1177): [qcril.c:2380] Android=>RIL [ label = "RIL_REQUEST_QUERY_NETWORK_SELECTION_MODE - Token 48" ];
D/RILC    ( 1177): [qcril_reqlist.c:168] Not found ReqList entry : token id 48
D/RILC    ( 1177): [qcril_reqlist.c:399] Event RIL_REQUEST_QUERY_NETWORK_SELECTION_MODE (45) pending receipt of CM_PH_EVENT_INFO, token id 48 [0x2f910]
D/RILC    ( 1177): [qcril_reqlist.c:1064] ReqList entries : 
D/RILC    ( 1177): [qcril_reqlist.c:1070]     RIL_REQUEST_QUERY_NETWORK_SELECTION_MODE (45), token id 48
D/RILC    ( 1177): [qcril_cm.c:2321] RIL --- cm_ph_cmd_get_ph_info() ---> AMSS [Token ID 48 (0x30)]
D/RILC    ( 1177): [qcril_cm.c:2321] RIL=>AMSS [ label = "cm_ph_cmd_get_ph_info()" ];
D/GSM     ( 1333): Received Event EVENT_SIM_PIN2_STATUS_CHANGED
D/GSM     ( 1333): [GsmSimCard] onPin2StatusChanged: received pin2 status: 1
D/GSM     ( 1333): 1) status : 
D/GSM     ( 1333): 2) status : 
E/GSM     ( 1333): 2) status : ICC_PIN
D/GSM     ( 1333): 2) status : 
E/GSM     ( 1333): 2) status : ICC_PIN
I/RILJ    ( 1333): RILRequest.obtain() request=136, RIL_REQUEST_GET_UNLOCK_RETRY_COUNT
I/RILJ    ( 1333): [0049]> RIL_REQUEST_GET_UNLOCK_RETRY_COUNT
D/GSM     ( 1333): [GsmSimCard] handleSimStatus()...getSIMUnlockRetryCount()
D/GSM     ( 1333): [GsmSimCard] Notify SIM pin or puk locked.
D/GSM     ( 1333): [GsmSimCard] Broadcasting intent SIM_STATE_CHANGED_ACTION LOCKED reason PIN
D/GSM     ( 1333): [GsmSimCard] Query facility lock : true
I/RILJ    ( 1333): RILRequest.obtain() request=22, OPERATOR
I/RILJ    ( 1333): [0050]> OPERATOR
I/RILJ    ( 1333): RILRequest.obtain() request=21, GPRS_REGISTRATION_STATE
I/RILJ    ( 1333): [0051]> GPRS_REGISTRATION_STATE
I/RILJ    ( 1333): RILRequest.obtain() request=20, REGISTRATION_STATE
I/RILJ    ( 1333): [0052]> REGISTRATION_STATE
W/RILC    ( 1177): [ril.cpp:390] processCommandBuffer() request=136,token=49
W/RILC    ( 1177): [ril.cpp:409] request=136, pRI->pCI->requestNumber=136
W/RILC    ( 1177): [ril.cpp:437] TOKEN=49 REQ_NUM=0136 GET_UNLOCK_RETRY_COUNT 
D/RILC    ( 1177): [qcril.c:2361] UI --- RIL_REQUEST_GET_UNLOCK_RETRY_COUNT (136) ---> RIL [token id 49, data len 0]
D/RILC    ( 1177): [qcril.c:2380] Android=>RIL [ label = "RIL_REQUEST_GET_UNLOCK_RETRY_COUNT - Token 49" ];
D/RILC    ( 1177): [qcril_cm.c:3580] CM_PH_COMMAND_CALLBACK : Token ID 48
D/RILC    ( 1177): [qcril_event.c:402] Queued event CM_COMMAND_CALLBACK (12 bytes)
D/RILC    ( 1177): [qcril_event.c:288] qcril_event_main(): 1 items on queue
D/RILC    ( 1177): [qcril_event.c:309] De-queued event CM_COMMAND_CALLBACK (65537)
D/RILC    ( 1177): [qcril.c:2499] AMSS=>RIL [ label = "CM_COMMAND_CALLBACK" ];
D/RILC    ( 1177): [qcril.c:2508] RIL <--- CM_COMMAND_CALLBACK (65537) --- AMSS
D/RILC    ( 1177): [qcril_reqlist.c:159] Found ReqList entry : RIL_REQUEST_QUERY_NETWORK_SELECTION_MODE (45), token id 48
D/RILC    ( 1177): [qcril_reqlist.c:159] Found ReqList entry : RIL_REQUEST_QUERY_NETWORK_SELECTION_MODE (45), token id 48
D/RILC    ( 1177): [qcril_reqlist.c:659] Update ReqList entry : RIL_REQUEST_QUERY_NETWORK_SELECTION_MODE (45), token id 48, state QCRIL_REQ_AWAITING_MORE_AMSS_EVENTS
D/RILC    ( 1177): [qcril_cm.c:924] Change the state of ReqList entry to AWAITING_MORE_AMSS_EVENTS state : RIL_REQUEST_QUERY_NETWORK_SELECTION_MODE (45), Token ID 48, pending CM_PH_EVENT_INFO (69644)
D/RILC    ( 1177): [qcril.c:2536] Exit qcril_process_event() : CM_COMMAND_CALLBACK, err_no 0
D/RILC    ( 1177): [qcril_event.c:271] qcril_event_main(): Waiting...
D/RILC    ( 1177): [qcril_cm.c:3621] Received phonesvc event : CM_PH_EVENT_INFO (69644)
D/RILC    ( 1177): [qcril_event.c:402] Queued event CM_PH_EVENT_INFO (6552 bytes)
D/RILC    ( 1177): [qcril_event.c:288] qcril_event_main(): 1 items on queue
D/RILC    ( 1177): [qcril_event.c:309] De-queued event CM_PH_EVENT_INFO (69644)
D/RILC    ( 1177): [qcril.c:2499] AMSS=>RIL [ label = "CM_PH_EVENT_INFO" ];
D/RILC    ( 1177): [qcril.c:2508] RIL <--- CM_PH_EVENT_INFO (69644) --- AMSS
D/RILC    ( 1177): [qcril_cm.c:3860] GW subscription disabled
D/RILC    ( 1177): [qcril_cm.c:3872] CDMA subscription disabled
D/RILC    ( 1177): [qcril_cm.c:3895] Oprt mode: 5, Mode pref: 19, GW acq order: 2, Band pref: -1073741825, Roam pref: 255, Network sel mode: 0, plmn[0]=255, plmn[1]=255, plmn[2]=255, rtre control: 2
D/RILC    ( 1177): [qcril_reqlist.c:205] Found ReqList entry : RIL_REQUEST_QUERY_NETWORK_SELECTION_MODE (45), token id 48, pending CM_PH_EVENT_INFO (69644)
D/RILC    ( 1177): [qcril_cm.c:4165] Reply to RIL --> Automatic network selection mode
D/RILC    ( 1177): [qcril_reqlist.c:159] Found ReqList entry : RIL_REQUEST_QUERY_NETWORK_SELECTION_MODE (45), token id 48
D/RILC    ( 1177): [qcril_reqlist.c:598] Deleted ReqList entry : token id 48 [0x2f910]
D/RILC    ( 1177): [qcril_reqlist.c:1060] ReqList entries : Empty
D/RILC    ( 1177): [qcril.c:3965] RIL=>Android [ label = "RIL_REQUEST_QUERY_NETWORK_SELECTION_MODE - Automatic, Token 48, Success" ];
D/RILC    ( 1177): [qcril.c:3970] UI <--- RIL_REQUEST_QUERY_NETWORK_SELECTION_MODE (45) Complete --- RIL [Token 48, RIL_E_SUCCESS, Len 4 Automatic]
W/RILC    ( 1177): [ril.cpp:1489] [0048]< QUERY_NETWORK_SELECTION_MODE {0}
D/RILC    ( 1177): [qcril.c:2536] Exit qcril_process_event() : CM_PH_EVENT_INFO, err_no 0
D/RILC    ( 1177): [qcril_event.c:271] qcril_event_main(): Waiting...
I/RILJ    ( 1333): [0048]< QUERY_NETWORK_SELECTION_MODE {0}
I/RILJ    ( 1333): RILRequest.obtain() request=45, QUERY_NETWORK_SELECTION_MODE
I/RILJ    ( 1333): [0053]> QUERY_NETWORK_SELECTION_MODE
D/RILC    ( 1177): [qcril_mmgsdi_common.c:3111] qcril_mmgsdi_request_get_unlock_retrey_count
D/RILC    ( 1177): [qcril_reqlist.c:168] Not found ReqList entry : token id 49
D/RILC    ( 1177): [qcril_reqlist.c:399] Event RIL_REQUEST_GET_UNLOCK_RETRY_COUNT (136) pending receipt of <none>, token id 49 [0x2f928]
D/RILC    ( 1177): [qcril_reqlist.c:1064] ReqList entries : 
D/RILC    ( 1177): [qcril_reqlist.c:1070]     RIL_REQUEST_GET_UNLOCK_RETRY_COUNT (136), token id 49
D/RILC    ( 1177): [qcril_mmgsdi_common.c:3128] mmgsdi_request_get_unlock_retry_count function is called..
D/RILC    ( 1177): [qcril_mmgsdi_common.c:3131] [mmgsdi_request_get_unlock_retry_count] out_len = 3(3)
D/RILC    ( 1177): [qcril_mmgsdi_common.c:3146] Reply to RIL --> GET RETRY COUNT
D/RILC    ( 1177): [qcril_mmgsdi_common.c:3148] mmgsdi_request_get_unlock_retry_count (86, 10,10, 3)
D/RILC    ( 1177): [qcril_mmgsdi_common.c:3150] mmgsdi_request_get_unlock_retry_count (86, 10,10, 3)
D/RILC    ( 1177): [qcril_reqlist.c:159] Found ReqList entry : RIL_REQUEST_GET_UNLOCK_RETRY_COUNT (136), token id 49
D/RILC    ( 1177): [qcril_reqlist.c:598] Deleted ReqList entry : token id 49 [0x2f928]
D/RILC    ( 1177): [qcril_reqlist.c:1060] ReqList entries : Empty
D/RILC    ( 1177): [qcril.c:3965] RIL=>Android [ label = "RIL_REQUEST_GET_UNLOCK_RETRY_COUNT - Token 49, Success" ];
D/RILC    ( 1177): [qcril.c:3970] UI <--- RIL_REQUEST_GET_UNLOCK_RETRY_COUNT (136) Complete --- RIL [Token 49, RIL_E_SUCCESS, Len 3 ]
W/RILC    ( 1177): [ril.cpp:1489] RIL_SIMLockInfo [flag=0x6e40aad0, attemptsLeft=86,retry_count_max=10],}
I/RILJ    ( 1333): [0049]< RIL_REQUEST_GET_UNLOCK_RETRY_COUNT com.android.internal.telephony.gsm.SIMLockInfo@2e251ec8 flag: 86 attemptsLeft: 10 retry_count_max: 10
W/RILC    ( 1177): [ril.cpp:390] processCommandBuffer() request=22,token=50
W/RILC    ( 1177): [ril.cpp:409] request=22, pRI->pCI->requestNumber=22
W/RILC    ( 1177): [ril.cpp:437] TOKEN=50 REQ_NUM=0022 OPERATOR 
D/RILC    ( 1177): [qcril.c:2361] UI --- RIL_REQUEST_OPERATOR (22) ---> RIL [token id 50, data len 0]
D/RILC    ( 1177): [qcril.c:2380] Android=>RIL [ label = "RIL_REQUEST_OPERATOR - Token 50" ];
D/RILC    ( 1177): [qcril_cm_ons.c:10251] Current operator not available: system mode 5 ( srv status 1 )
D/RILC    ( 1177): [qcril_cm.c:5443] Reply to RIL --> Current operator full name : 
D/RILC    ( 1177): [qcril_cm.c:5444] Reply to RIL --> Current operator short name : 
D/RILC    ( 1177): [qcril_cm.c:5445] Reply to RIL --> Current operator MCCMNC : 
D/RILC    ( 1177): [qcril.c:3965] RIL=>Android [ label = "RIL_REQUEST_OPERATOR - , Token 50, Success" ];
D/RILC    ( 1177): [qcril.c:3970] UI <--- RIL_REQUEST_OPERATOR (22) Complete --- RIL [Token 50, RIL_E_SUCCESS, Len 12 ]
W/RILC    ( 1177): [ril.cpp:1489] [0050]< OPERATOR {,,}
W/RILC    ( 1177): [ril.cpp:390] processCommandBuffer() request=21,token=51
W/RILC    ( 1177): [ril.cpp:409] request=21, pRI->pCI->requestNumber=21
W/RILC    ( 1177): [ril.cpp:437] TOKEN=51 REQ_NUM=0021 GPRS_REGISTRATION_STATE 
D/RILC    ( 1177): [qcril.c:2361] UI --- RIL_REQUEST_GPRS_REGISTRATION_STATE (21) ---> RIL [token id 51, data len 0]
D/RILC    ( 1177): [qcril.c:2380] Android=>RIL [ label = "RIL_REQUEST_GPRS_REGISTRATION_STATE - Token 51" ];
D/RILC    ( 1177): [qcril_cm_util.c:261] Current System : srv status 1, sys mode 5, roam status 1
D/RILC    ( 1177): [qcril_cm_util.c:372] NO SERVICE
D/RILC    ( 1177): [qcril_cm.c:5169] GPRS Registration State: Not registered/Actively searching, LAC: (null), CID: (null), RadioTech: Unknown
D/RILC    ( 1177): [qcril.c:3965] RIL=>Android [ label = "RIL_REQUEST_GPRS_REGISTRATION_STATE - Not registered/Actively searching, Unknown, Token 51, Success" ];
D/RILC    ( 1177): [qcril.c:3970] UI <--- RIL_REQUEST_GPRS_REGISTRATION_STATE (21) Complete --- RIL [Token 51, RIL_E_SUCCESS, Len 16 Not registered/Actively searching, Unknown]
W/RILC    ( 1177): [ril.cpp:1489] [0051]< GPRS_REGISTRATION_STATE {2,(null),(null),0}
W/RILC    ( 1177): [ril.cpp:390] processCommandBuffer() request=20,token=52
W/RILC    ( 1177): [ril.cpp:409] request=20, pRI->pCI->requestNumber=20
W/RILC    ( 1177): [ril.cpp:437] TOKEN=52 REQ_NUM=0020 REGISTRATION_STATE 
D/RILC    ( 1177): [qcril.c:2361] UI --- RIL_REQUEST_REGISTRATION_STATE (20) ---> RIL [token id 52, data len 0]
D/RILC    ( 1177): [qcril.c:2380] Android=>RIL [ label = "RIL_REQUEST_REGISTRATION_STATE - Token 52" ];
D/RILC    ( 1177): [qcril_cm_util.c:261] Current System : srv status 1, sys mode 5, roam status 1
D/RILC    ( 1177): [qcril_cm_util.c:372] NO SERVICE
D/RILC    ( 1177): [qcril_cm_util.c:1374] Reject cause value = 0
D/RILC    ( 1177): [qcril_cm_util.c:1375] Registration status = Not registered/Actively searching
D/RILC    ( 1177): [qcril_cm_util.c:1435] Reject cause value sent to UI = 0
D/RILC    ( 1177): [qcril_cm.c:5120] Registration State: Not registered/Actively searching, RadioTech: Unknown, LAC: (null), CID: (null), BSID: (null), BSLat: (null), BSLong: (null)
D/RILC    ( 1177): [qcril_cm.c:5123]                     CCS: (null), SID: (null), NID: (null), RoamStatus: (null), PRL: (null), DefRoamStatus: (null), RejReason: 0
D/RILC    ( 1177): [qcril.c:3965] RIL=>Android [ label = "RIL_REQUEST_REGISTRATION_STATE - Not registered/Actively searching, Token 52, Success" ];
D/RILC    ( 1177): [qcril.c:3970] UI <--- RIL_REQUEST_REGISTRATION_STATE (20) Complete --- RIL [Token 52, RIL_E_SUCCESS, Len 56 Not registered/Actively searching]
W/RILC    ( 1177): [ril.cpp:1489] [0052]< REGISTRATION_STATE {2,(null),(null),0,(null),(null),(null),(null),(null),(null),(null),(null),(null),0}
W/RILC    ( 1177): [ril.cpp:390] processCommandBuffer() request=45,token=53
W/RILC    ( 1177): [ril.cpp:409] request=45, pRI->pCI->requestNumber=45
W/RILC    ( 1177): [ril.cpp:437] TOKEN=53 REQ_NUM=0045 QUERY_NETWORK_SELECTION_MODE 
D/RILC    ( 1177): [qcril.c:2361] UI --- RIL_REQUEST_QUERY_NETWORK_SELECTION_MODE (45) ---> RIL [token id 53, data len 0]
I/RILJ    ( 1333): [0050]< OPERATOR {, , }
I/RILJ    ( 1333): [0051]< GPRS_REGISTRATION_STATE {2, null, null, 0}
I/RILJ    ( 1333): [0052]< REGISTRATION_STATE {2, null, null, 0, null, null, null, null, null, null, null, null, null, 0}
D/RILC    ( 1177): [qcril.c:2380] Android=>RIL [ label = "RIL_REQUEST_QUERY_NETWORK_SELECTION_MODE - Token 53" ];
D/RILC    ( 1177): [qcril_reqlist.c:168] Not found ReqList entry : token id 53
D/RILC    ( 1177): [qcril_reqlist.c:399] Event RIL_REQUEST_QUERY_NETWORK_SELECTION_MODE (45) pending receipt of CM_PH_EVENT_INFO, token id 53 [0x2f910]
D/RILC    ( 1177): [qcril_reqlist.c:1064] ReqList entries : 
D/RILC    ( 1177): [qcril_reqlist.c:1070]     RIL_REQUEST_QUERY_NETWORK_SELECTION_MODE (45), token id 53
D/RILC    ( 1177): [qcril_cm.c:2321] RIL --- cm_ph_cmd_get_ph_info() ---> AMSS [Token ID 53 (0x35)]
D/RILC    ( 1177): [qcril_cm.c:2321] RIL=>AMSS [ label = "cm_ph_cmd_get_ph_info()" ];
D/RILC    ( 1177): [qcril_cm.c:3580] CM_PH_COMMAND_CALLBACK : Token ID 53
D/RILC    ( 1177): [qcril_event.c:402] Queued event CM_COMMAND_CALLBACK (12 bytes)
D/RILC    ( 1177): [qcril_event.c:288] qcril_event_main(): 1 items on queue
D/RILC    ( 1177): [qcril_event.c:309] De-queued event CM_COMMAND_CALLBACK (65537)
D/RILC    ( 1177): [qcril.c:2499] AMSS=>RIL [ label = "CM_COMMAND_CALLBACK" ];
D/RILC    ( 1177): [qcril.c:2508] RIL <--- CM_COMMAND_CALLBACK (65537) --- AMSS
D/RILC    ( 1177): [qcril_reqlist.c:159] Found ReqList entry : RIL_REQUEST_QUERY_NETWORK_SELECTION_MODE (45), token id 53
D/RILC    ( 1177): [qcril_reqlist.c:159] Found ReqList entry : RIL_REQUEST_QUERY_NETWORK_SELECTION_MODE (45), token id 53
D/RILC    ( 1177): [qcril_reqlist.c:659] Update ReqList entry : RIL_REQUEST_QUERY_NETWORK_SELECTION_MODE (45), token id 53, state QCRIL_REQ_AWAITING_MORE_AMSS_EVENTS
D/RILC    ( 1177): [qcril_cm.c:924] Change the state of ReqList entry to AWAITING_MORE_AMSS_EVENTS state : RIL_REQUEST_QUERY_NETWORK_SELECTION_MODE (45), Token ID 53, pending CM_PH_EVENT_INFO (69644)
D/RILC    ( 1177): [qcril.c:2536] Exit qcril_process_event() : CM_COMMAND_CALLBACK, err_no 0
D/RILC    ( 1177): [qcril_event.c:271] qcril_event_main(): Waiting...
D/RILC    ( 1177): [qcril_cm.c:3621] Received phonesvc event : CM_PH_EVENT_INFO (69644)
D/RILC    ( 1177): [qcril_event.c:402] Queued event CM_PH_EVENT_INFO (6552 bytes)
D/RILC    ( 1177): [qcril_event.c:288] qcril_event_main(): 1 items on queue
D/RILC    ( 1177): [qcril_event.c:309] De-queued event CM_PH_EVENT_INFO (69644)
D/RILC    ( 1177): [qcril.c:2499] AMSS=>RIL [ label = "CM_PH_EVENT_INFO" ];
D/RILC    ( 1177): [qcril.c:2508] RIL <--- CM_PH_EVENT_INFO (69644) --- AMSS
D/RILC    ( 1177): [qcril_cm.c:3860] GW subscription disabled
D/RILC    ( 1177): [qcril_cm.c:3872] CDMA subscription disabled
D/RILC    ( 1177): [qcril_cm.c:3895] Oprt mode: 5, Mode pref: 19, GW acq order: 2, Band pref: -1073741825, Roam pref: 255, Network sel mode: 0, plmn[0]=255, plmn[1]=255, plmn[2]=255, rtre control: 2
D/RILC    ( 1177): [qcril_reqlist.c:205] Found ReqList entry : RIL_REQUEST_QUERY_NETWORK_SELECTION_MODE (45), token id 53, pending CM_PH_EVENT_INFO (69644)
D/RILC    ( 1177): [qcril_cm.c:4165] Reply to RIL --> Automatic network selection mode
D/RILC    ( 1177): [qcril_reqlist.c:159] Found ReqList entry : RIL_REQUEST_QUERY_NETWORK_SELECTION_MODE (45), token id 53
D/RILC    ( 1177): [qcril_reqlist.c:598] Deleted ReqList entry : token id 53 [0x2f910]
D/RILC    ( 1177): [qcril_reqlist.c:1060] ReqList entries : Empty
D/RILC    ( 1177): [qcril.c:3965] RIL=>Android [ label = "RIL_REQUEST_QUERY_NETWORK_SELECTION_MODE - Automatic, Token 53, Success" ];
D/RILC    ( 1177): [qcril.c:3970] UI <--- RIL_REQUEST_QUERY_NETWORK_SELECTION_MODE (45) Complete --- RIL [Token 53, RIL_E_SUCCESS, Len 4 Automatic]
W/RILC    ( 1177): [ril.cpp:1489] [0053]< QUERY_NETWORK_SELECTION_MODE {0}
D/RILC    ( 1177): [qcril.c:2536] Exit qcril_process_event() : CM_PH_EVENT_INFO, err_no 0
D/RILC    ( 1177): [qcril_event.c:271] qcril_event_main(): Waiting...
I/RILJ    ( 1333): [0053]< QUERY_NETWORK_SELECTION_MODE {0}
D/STK     ( 1333): StkService: Return current sInstance
D/STK     ( 1333): StkAppService$ServiceHandler: OP_BOOT_COMPLETED
D/GSM     ( 1333): [GsmSimCard] storeSIMLockInfoOnBoot: 86:10:10
D/STK     ( 1333): StkAppService$ServiceHandler: [BR VIVO&TIM] countrycode = KR
E/GSM     ( 1333): Wrong network type: 0
E/GSM     ( 1333): Wrong network type: 0
D/GSM     ( 1333): Poll ServiceState done:  oldSS=[1 home null null null  Unknown CSS not supported 0 0RoamInd: 0DefRoamInd: 0] newSS=[1 home     Unknown CSS not supported 0 0RoamInd: 0DefRoamInd: 0] oldGprs=1 newGprs=1 oldType=unknown newType=unknown
W/GSM     ( 1333): countryCodeForMcc errorjava.lang.StringIndexOutOfBoundsException
D/STK     ( 1333): StkAppService$ServiceHandler: [BR VIVO&TIM] operator = KTF
D/STK     ( 1333): [LG STK]: mCmdIf.sendSTKInitCompleted() is called
I/RILJ    ( 1333): RILRequest.obtain() request=106, STK_APP_INIT_COMPLETED
I/RILJ    ( 1333): [0054]> STK_APP_INIT_COMPLETED
W/RILC    ( 1177): [ril.cpp:390] processCommandBuffer() request=106,token=54
W/RILC    ( 1177): [ril.cpp:409] request=106, pRI->pCI->requestNumber=106
W/RILC    ( 1177): [ril.cpp:437] TOKEN=54 REQ_NUM=0106 STK_APP_INIT_COMPLETED 
D/RILC    ( 1177): [qcril.c:2361] UI --- RIL_REQUEST_STK_APP_INIT_COMPLETED (106) ---> RIL [token id 54, data len 0]
D/RILC    ( 1177): [qcril.c:2380] Android=>RIL [ label = "RIL_REQUEST_STK_APP_INIT_COMPLETED - Token 54" ];
D/RILC    ( 1177): [qcril_gstk.c:1463] qcril_gstk_request_stk_send_init_completed
D/RILC    ( 1177): [qcril_gstk.c:1465] RIL --- gstk_wake_up_sigs() ---> AMSS []
D/RILC    ( 1177): [qcril_gstk.c:1465] RIL=>AMSS [ label = "gstk_wake_up_sigs()" ];
D/RILC    ( 1177): [qcril_gstk.c:1469] Sending RIL_UNSOL_SIM_INSERTED-0x2 
D/RILC    ( 1177): [qcril.c:4035] UI <--- RIL_UNSOL_SIM_INSERTED (1029) --- RIL [Len 4]
D/RILC    ( 1177): [qcril.c:4038] RIL=>>Android [ label = "RIL_UNSOL_SIM_INSERTED" ];
W/RILC    ( 1177): [ril.cpp:1489] [UNSL]< UNSOL_SIM_INSERTED {2}
D/RILC    ( 1177): [qcril.c:3965] RIL=>Android [ label = "RIL_REQUEST_STK_APP_INIT_COMPLETED - Token 54, Success" ];
D/RILC    ( 1177): [qcril.c:3970] UI <--- RIL_REQUEST_STK_APP_INIT_COMPLETED (106) Complete --- RIL [Token 54, RIL_E_SUCCESS, Len 0 ]
W/RILC    ( 1177): [ril.cpp:1489] [0054]< STK_APP_INIT_COMPLETED
I/RILJ    ( 1333): [0054]< STK_APP_INIT_COMPLETED 
D/RILC    ( 1177): [qcril_gstk.c:828] qcril_gstk_toolkit_evt_callback
D/RILC    ( 1177): [qcril_gstk.c:843] Raw format proactive command
D/RILC    ( 1177): [qcril_gstk.c:571] qcril_gstk_bin_to_hexstring, length 68
D/RILC    ( 1177): [qcril_event.c:402] Queued event GSTK_RAW_COMMAND_CALLBACK (153 bytes)
D/RILC    ( 1177): [qcril_event.c:288] qcril_event_main(): 1 items on queue
D/RILC    ( 1177): [qcril_event.c:309] De-queued event GSTK_RAW_COMMAND_CALLBACK (262148)
D/RILC    ( 1177): [qcril.c:2499] AMSS=>RIL [ label = "GSTK_RAW_COMMAND_CALLBACK" ];
D/RILC    ( 1177): [qcril.c:2508] RIL <--- GSTK_RAW_COMMAND_CALLBACK (262148) --- AMSS
D/RILC    ( 1177): [qcril_gstk.c:1906] qcril_gstk_process_raw_command_callback
D/RILC    ( 1177): [qcril_gstk.c:1942] Command will be handled by Android (0x25)
D/RILC    ( 1177): [qcril.c:4035] UI <--- RIL_UNSOL_STK_PROACTIVE_COMMAND (1013) --- RIL [Len 136]
D/RILC    ( 1177): [qcril.c:4038] RIL=>>Android [ label = "RIL_UNSOL_STK_PROACTIVE_COMMAND" ];
W/RILC    ( 1177): [ril.cpp:1489] [UNSL]< UNSOL_STK_PROACTIVE_COMMAND {D042810301250082028182050C534D532053657276696365738F0E01496E666F2053657276696365738F0B02577C72746572627563688F0603454D61696C8F0404466178}
D/RILC    ( 1177): [qcril.c:2536] Exit qcril_process_event() : GSTK_RAW_COMMAND_CALLBACK, err_no 0
D/RILC    ( 1177): [qcril_event.c:271] qcril_event_main(): Waiting...
I/RILJ    ( 1333): [UNSL]< UNSOL_STK_PROACTIVE_COMMAND D042810301250082028182050C534D532053657276696365738F0E01496E666F2053657276696365738F0B02577C72746572627563688F0603454D61696C8F0404466178
D/STK     ( 1333): StkService: ril message arrived
D/STK     ( 1333): CommandParamsFactory: process SelectItem
D/STK     ( 1333): StkService: SET_UP_MENU
D/STK     ( 1333): StkService: TERMINAL RESPONSE: 810301250082028281830100
I/RILJ    ( 1333): RILRequest.obtain() request=70, REQUEST_STK_SEND_TERMINAL_RESPONSE
I/RILJ    ( 1333): [0055]> REQUEST_STK_SEND_TERMINAL_RESPONSE
W/RILC    ( 1177): [ril.cpp:390] processCommandBuffer() request=70,token=55
W/RILC    ( 1177): [ril.cpp:409] request=70, pRI->pCI->requestNumber=70
W/RILC    ( 1177): [ril.cpp:454] TOKEN=55 REQ_NUM=0070 STK_SEND_TERMINAL_RESPONSE (810301250082028281830100)
D/RILC    ( 1177): [qcril.c:2361] UI --- RIL_REQUEST_STK_SEND_TERMINAL_RESPONSE (70) ---> RIL [token id 55, data len 4]
D/RILC    ( 1177): [qcril.c:2380] Android=>RIL [ label = "RIL_REQUEST_STK_SEND_TERMINAL_RESPONSE - Token 55" ];
D/RILC    ( 1177): [qcril_gstk.c:1380] qcril_gstk_request_stk_send_terminal_response
D/RILC    ( 1177): [qcril_gstk.c:1388] Data length supplied is 4
D/RILC    ( 1177): [qcril_gstk.c:1391] String length of data buffer is 24
D/RILC    ( 1177): [qcril_gstk.c:666] qcril_gstk_hexstring_to_bin, length 24
D/RILC    ( 1177): [qcril_gstk.c:609] qcril_gstk_hexdigit_to_bin digit = 0x38
D/RILC    ( 1177): [qcril_gstk.c:609] qcril_gstk_hexdigit_to_bin digit = 0x31
D/RILC    ( 1177): [qcril_gstk.c:609] qcril_gstk_hexdigit_to_bin digit = 0x30
D/RILC    ( 1177): [qcril_gstk.c:609] qcril_gstk_hexdigit_to_bin digit = 0x33
D/RILC    ( 1177): [qcril_gstk.c:609] qcril_gstk_hexdigit_to_bin digit = 0x30
D/RILC    ( 1177): [qcril_gstk.c:609] qcril_gstk_hexdigit_to_bin digit = 0x31
D/RILC    ( 1177): [qcril_gstk.c:609] qcril_gstk_hexdigit_to_bin digit = 0x32
D/RILC    ( 1177): [qcril_gstk.c:609] qcril_gstk_hexdigit_to_bin digit = 0x35
D/RILC    ( 1177): [qcril_gstk.c:609] qcril_gstk_hexdigit_to_bin digit = 0x30
D/RILC    ( 1177): [qcril_gstk.c:609] qcril_gstk_hexdigit_to_bin digit = 0x30
D/RILC    ( 1177): [qcril_gstk.c:609] qcril_gstk_hexdigit_to_bin digit = 0x38
D/RILC    ( 1177): [qcril_gstk.c:609] qcril_gstk_hexdigit_to_bin digit = 0x32
D/RILC    ( 1177): [qcril_gstk.c:609] qcril_gstk_hexdigit_to_bin digit = 0x30
D/RILC    ( 1177): [qcril_gstk.c:609] qcril_gstk_hexdigit_to_bin digit = 0x32
D/RILC    ( 1177): [qcril_gstk.c:609] qcril_gstk_hexdigit_to_bin digit = 0x38
D/RILC    ( 1177): [qcril_gstk.c:609] qcril_gstk_hexdigit_to_bin digit = 0x32
D/RILC    ( 1177): [qcril_gstk.c:609] qcril_gstk_hexdigit_to_bin digit = 0x38
D/RILC    ( 1177): [qcril_gstk.c:609] qcril_gstk_hexdigit_to_bin digit = 0x31
D/RILC    ( 1177): [qcril_gstk.c:609] qcril_gstk_hexdigit_to_bin digit = 0x38
D/RILC    ( 1177): [qcril_gstk.c:609] qcril_gstk_hexdigit_to_bin digit = 0x33
D/RILC    ( 1177): [qcril_gstk.c:609] qcril_gstk_hexdigit_to_bin digit = 0x30
D/RILC    ( 1177): [qcril_gstk.c:609] qcril_gstk_hexdigit_to_bin digit = 0x31
D/RILC    ( 1177): [qcril_gstk.c:609] qcril_gstk_hexdigit_to_bin digit = 0x30
D/RILC    ( 1177): [qcril_gstk.c:609] qcril_gstk_hexdigit_to_bin digit = 0x30
D/RILC    ( 1177): [qcril_gstk.c:1413] RIL --- gstk_send_raw_terminal_response() ---> AMSS []
D/RILC    ( 1177): [qcril_gstk.c:1413] RIL=>AMSS [ label = "gstk_send_raw_terminal_response()" ];
D/RILC    ( 1177): [qcril.c:3965] RIL=>Android [ label = "RIL_REQUEST_STK_SEND_TERMINAL_RESPONSE - Token 55, Success" ];
D/RILC    ( 1177): [qcril.c:3970] UI <--- RIL_REQUEST_STK_SEND_TERMINAL_RESPONSE (70) Complete --- RIL [Token 55, RIL_E_SUCCESS, Len 0 ]
W/RILC    ( 1177): [ril.cpp:1489] [0055]< STK_SEND_TERMINAL_RESPONSE
I/RILJ    ( 1333): [0055]< REQUEST_STK_SEND_TERMINAL_RESPONSE 
D/RILC    ( 1177): [qcril_gstk.c:828] qcril_gstk_toolkit_evt_callback
D/RILC    ( 1177): [qcril_gstk.c:911] GSTK format event notification
D/RILC    ( 1177): [qcril_event.c:402] Queued event GSTK_RAW_COMMAND_CALLBACK (17 bytes)
D/RILC    ( 1177): [qcril_event.c:288] qcril_event_main(): 1 items on queue
D/RILC    ( 1177): [qcril_event.c:309] De-queued event GSTK_RAW_COMMAND_CALLBACK (262148)
D/RILC    ( 1177): [qcril.c:2499] AMSS=>RIL [ label = "GSTK_RAW_COMMAND_CALLBACK" ];
D/RILC    ( 1177): [qcril.c:2508] RIL <--- GSTK_RAW_COMMAND_CALLBACK (262148) --- AMSS
D/RILC    ( 1177): [qcril_gstk.c:1906] qcril_gstk_process_raw_command_callback
D/RILC    ( 1177): [qcril_gstk.c:1969] End of Proactive Command Session notification (0x81)
D/RILC    ( 1177): [qcril.c:4035] UI <--- RIL_UNSOL_STK_SESSION_END (1012) --- RIL [Len 0]
D/RILC    ( 1177): [qcril.c:4038] RIL=>>Android [ label = "RIL_UNSOL_STK_SESSION_END" ];
W/RILC    ( 1177): [ril.cpp:1489] [UNSL]< UNSOL_STK_SESSION_END 
D/RILC    ( 1177): [qcril.c:2536] Exit qcril_process_event() : GSTK_RAW_COMMAND_CALLBACK, err_no 0
D/RILC    ( 1177): [qcril_event.c:271] qcril_event_main(): Waiting...
I/RILJ    ( 1333): [UNSL]< UNSOL_STK_SESSION_END
D/STK     ( 1333): StkService: ril message arrived
D/STK     ( 1333): StkService: SESSION END
D/RILC    ( 1177): [qcril_cm.c:5924] Received srvsys event : CM_SS_EVENT_RSSI (73729)
D/RILC    ( 1177): [qcril_event.c:402] Queued event CM_SS_EVENT_RSSI (3320 bytes)
D/RILC    ( 1177): [qcril_event.c:288] qcril_event_main(): 1 items on queue
D/RILC    ( 1177): [qcril_event.c:309] De-queued event CM_SS_EVENT_RSSI (73729)
D/RILC    ( 1177): [qcril.c:2499] AMSS=>RIL [ label = "CM_SS_EVENT_RSSI" ];
D/RILC    ( 1177): [qcril.c:2508] RIL <--- CM_SS_EVENT_RSSI (73729) --- AMSS
D/RILC    ( 1177): [qcril_cm_ons.c:9610] [BRIGHTHY] Enter qcril_cm_srvsys_event_srv_changed
D/RILC    ( 1177): [qcril_cm.c:980] Serving System : srv status 1, sys mode 5, roam status 1, hdr_hybrid 0, hdr srv status 0, hdr roam status 0
D/RILC    ( 1177): [qcril.c:1905] Modem: On --> On, GW SIM: PIN --> PIN, CDMA SIM: Not ready --> Not ready, Mode Config: GW --> GW
D/RILC    ( 1177): [qcril.c:1911] Subscription: SIM --> SIM, Network: GW --> GW, Mode Preferred: GW --> GW [Event CM_SS_EVENT_RSSI (73729)]
D/RILC    ( 1177): [qcril_cm.c:5007] GW signal is available.
D/RILC    ( 1177): [qcril_cm.c:5046] Signal strength: gw_rssi: 13, gw_bit_error: 0, cdma_dbm: -1, cdma_ecio: -1, hdr_dbm: -1, hdr_ecio: -1, hdr_sinr: -1
D/RILC    ( 1177):  
D/RILC    ( 1177): [qcril.c:4035] UI <--- RIL_UNSOL_SIGNAL_STRENGTH (1009) --- RIL [Len 28]
D/RILC    ( 1177): [qcril.c:4038] RIL=>>Android [ label = "RIL_UNSOL_SIGNAL_STRENGTH" ];
W/RILC    ( 1177): [ril.cpp:1489] [UNSL]< UNSOL_SIGNAL_STRENGTH {[signalStrength=13,bitErrorRate=0,                CDMA_SignalStrength.dbm=-1,CDMA_SignalStrength.ecio=-1,                EVDO_SignalStrength.dbm =-1,EVDO_SignalStrength.ecio=-1,                EVDO_SignalStrength.signalNoiseRatio=-1]}
D/RILC    ( 1177): [qcril.c:2536] Exit qcril_process_event() : CM_SS_EVENT_RSSI, err_no 0
D/RILC    ( 1177): [qcril_event.c:271] qcril_event_main(): Waiting...
I/RILJ    ( 1333): [UNSL]< UNSOL_SIGNAL_STRENGTH {13, 0, -1, -1, -1, -1, -1}
D/RILC    ( 1177): [qcril_cm.c:5924] Received srvsys event : CM_SS_EVENT_RSSI (73729)
D/RILC    ( 1177): [qcril_event.c:402] Queued event CM_SS_EVENT_RSSI (3320 bytes)
D/RILC    ( 1177): [qcril_event.c:288] qcril_event_main(): 1 items on queue
D/RILC    ( 1177): [qcril_event.c:309] De-queued event CM_SS_EVENT_RSSI (73729)
D/RILC    ( 1177): [qcril.c:2499] AMSS=>RIL [ label = "CM_SS_EVENT_RSSI" ];
D/RILC    ( 1177): [qcril.c:2508] RIL <--- CM_SS_EVENT_RSSI (73729) --- AMSS
D/RILC    ( 1177): [qcril_cm_ons.c:9610] [BRIGHTHY] Enter qcril_cm_srvsys_event_srv_changed
D/RILC    ( 1177): [qcril_cm.c:980] Serving System : srv status 1, sys mode 5, roam status 1, hdr_hybrid 0, hdr srv status 0, hdr roam status 0
D/RILC    ( 1177): [qcril.c:1905] Modem: On --> On, GW SIM: PIN --> PIN, CDMA SIM: Not ready --> Not ready, Mode Config: GW --> GW
D/RILC    ( 1177): [qcril.c:1911] Subscription: SIM --> SIM, Network: GW --> GW, Mode Preferred: GW --> GW [Event CM_SS_EVENT_RSSI (73729)]
D/RILC    ( 1177): [qcril_cm.c:5007] GW signal is available.
D/RILC    ( 1177): [qcril_cm.c:5046] Signal strength: gw_rssi: 13, gw_bit_error: 0, cdma_dbm: -1, cdma_ecio: -1, hdr_dbm: -1, hdr_ecio: -1, hdr_sinr: -1
D/RILC    ( 1177):  
D/RILC    ( 1177): [qcril.c:4035] UI <--- RIL_UNSOL_SIGNAL_STRENGTH (1009) --- RIL [Len 28]
D/RILC    ( 1177): [qcril.c:4038] RIL=>>Android [ label = "RIL_UNSOL_SIGNAL_STRENGTH" ];
W/RILC    ( 1177): [ril.cpp:1489] [UNSL]< UNSOL_SIGNAL_STRENGTH {[signalStrength=13,bitErrorRate=0,                CDMA_SignalStrength.dbm=-1,CDMA_SignalStrength.ecio=-1,                EVDO_SignalStrength.dbm =-1,EVDO_SignalStrength.ecio=-1,                EVDO_SignalStrength.signalNoiseRatio=-1]}
D/RILC    ( 1177): [qcril.c:2536] Exit qcril_process_event() : CM_SS_EVENT_RSSI, err_no 0
D/RILC    ( 1177): [qcril_event.c:271] qcril_event_main(): Waiting...
I/RILJ    ( 1333): [UNSL]< UNSOL_SIGNAL_STRENGTH {13, 0, -1, -1, -1, -1, -1}
I/RILJ    ( 1333): RILRequest.obtain() request=75, REQUEST_GET_NEIGHBORING_CELL_IDS
I/RILJ    ( 1333): [0056]> REQUEST_GET_NEIGHBORING_CELL_IDS
W/RILC    ( 1177): [ril.cpp:390] processCommandBuffer() request=75,token=56
W/RILC    ( 1177): [ril.cpp:409] request=75, pRI->pCI->requestNumber=75
W/RILC    ( 1177): [ril.cpp:437] TOKEN=56 REQ_NUM=0075 GET_NEIGHBORING_CELL_IDS 
D/RILC    ( 1177): [qcril.c:2361] UI --- RIL_REQUEST_GET_NEIGHBORING_CELL_IDS (75) ---> RIL [token id 56, data len 0]
D/RILC    ( 1177): [qcril.c:2380] Android=>RIL [ label = "RIL_REQUEST_GET_NEIGHBORING_CELL_IDS - Token 56" ];
D/RILC    ( 1177): [qcril.c:3910] RIL=>Android [ label = "RIL_REQUEST_GET_NEIGHBORING_CELL_IDS, Token 56, Request Not Supported" ];
D/RILC    ( 1177): [qcril.c:3913] UI <--- RIL_REQUEST_GET_NEIGHBORING_CELL_IDS (75) Complete --- RIL [Token 56, Request Not Supported]
W/RILC    ( 1177): [ril.cpp:1489] [0056]< GET_NEIGHBORING_CELL_IDS fails by E_REQUEST_NOT_SUPPORTED
D/RILJ    ( 1333): [0056]< REQUEST_GET_NEIGHBORING_CELL_IDS error: com.android.internal.telephony.CommandException: REQUEST_NOT_SUPPORTED
D/RILC    ( 1177): [qcril_cm.c:5924] Received srvsys event : CM_SS_EVENT_RSSI (73729)
D/RILC    ( 1177): [qcril_event.c:402] Queued event CM_SS_EVENT_RSSI (3320 bytes)
D/RILC    ( 1177): [qcril_event.c:288] qcril_event_main(): 1 items on queue
D/RILC    ( 1177): [qcril_event.c:309] De-queued event CM_SS_EVENT_RSSI (73729)
D/RILC    ( 1177): [qcril.c:2499] AMSS=>RIL [ label = "CM_SS_EVENT_RSSI" ];
D/RILC    ( 1177): [qcril.c:2508] RIL <--- CM_SS_EVENT_RSSI (73729) --- AMSS
D/RILC    ( 1177): [qcril_cm_ons.c:9610] [BRIGHTHY] Enter qcril_cm_srvsys_event_srv_changed
D/RILC    ( 1177): [qcril_cm.c:980] Serving System : srv status 1, sys mode 5, roam status 1, hdr_hybrid 0, hdr srv status 0, hdr roam status 0
D/RILC    ( 1177): [qcril.c:1905] Modem: On --> On, GW SIM: PIN --> PIN, CDMA SIM: Not ready --> Not ready, Mode Config: GW --> GW
D/RILC    ( 1177): [qcril.c:1911] Subscription: SIM --> SIM, Network: GW --> GW, Mode Preferred: GW --> GW [Event CM_SS_EVENT_RSSI (73729)]
D/RILC    ( 1177): [qcril_cm.c:5007] GW signal is available.
D/RILC    ( 1177): [qcril_cm.c:5046] Signal strength: gw_rssi: 13, gw_bit_error: 0, cdma_dbm: -1, cdma_ecio: -1, hdr_dbm: -1, hdr_ecio: -1, hdr_sinr: -1
D/RILC    ( 1177):  
D/RILC    ( 1177): [qcril.c:4035] UI <--- RIL_UNSOL_SIGNAL_STRENGTH (1009) --- RIL [Len 28]
D/RILC    ( 1177): [qcril.c:4038] RIL=>>Android [ label = "RIL_UNSOL_SIGNAL_STRENGTH" ];
W/RILC    ( 1177): [ril.cpp:1489] [UNSL]< UNSOL_SIGNAL_STRENGTH {[signalStrength=13,bitErrorRate=0,                CDMA_SignalStrength.dbm=-1,CDMA_SignalStrength.ecio=-1,                EVDO_SignalStrength.dbm =-1,EVDO_SignalStrength.ecio=-1,                EVDO_SignalStrength.signalNoiseRatio=-1]}
D/RILC    ( 1177): [qcril.c:2536] Exit qcril_process_event() : CM_SS_EVENT_RSSI, err_no 0
D/RILC    ( 1177): [qcril_event.c:271] qcril_event_main(): Waiting...
I/RILJ    ( 1333): [UNSL]< UNSOL_SIGNAL_STRENGTH {13, 0, -1, -1, -1, -1, -1}
D/STK     ( 1333): StkAppService: SET_UP_MENU
D/STK     ( 1333): StkAppService: Install App
D/RILC    ( 1177): [qcril_cm.c:5924] Received srvsys event : CM_SS_EVENT_RSSI (73729)
D/RILC    ( 1177): [qcril_event.c:402] Queued event CM_SS_EVENT_RSSI (3320 bytes)
D/RILC    ( 1177): [qcril_event.c:288] qcril_event_main(): 1 items on queue
D/RILC    ( 1177): [qcril_event.c:309] De-queued event CM_SS_EVENT_RSSI (73729)
D/RILC    ( 1177): [qcril.c:2499] AMSS=>RIL [ label = "CM_SS_EVENT_RSSI" ];
D/RILC    ( 1177): [qcril.c:2508] RIL <--- CM_SS_EVENT_RSSI (73729) --- AMSS
D/RILC    ( 1177): [qcril_cm_ons.c:9610] [BRIGHTHY] Enter qcril_cm_srvsys_event_srv_changed
D/RILC    ( 1177): [qcril_cm.c:980] Serving System : srv status 1, sys mode 5, roam status 1, hdr_hybrid 0, hdr srv status 0, hdr roam status 0
D/RILC    ( 1177): [qcril.c:1905] Modem: On --> On, GW SIM: PIN --> PIN, CDMA SIM: Not ready --> Not ready, Mode Config: GW --> GW
D/RILC    ( 1177): [qcril.c:1911] Subscription: SIM --> SIM, Network: GW --> GW, Mode Preferred: GW --> GW [Event CM_SS_EVENT_RSSI (73729)]
D/RILC    ( 1177): [qcril_cm.c:5007] GW signal is available.
D/RILC    ( 1177): [qcril_cm.c:5046] Signal strength: gw_rssi: 13, gw_bit_error: 0, cdma_dbm: -1, cdma_ecio: -1, hdr_dbm: -1, hdr_ecio: -1, hdr_sinr: -1
D/RILC    ( 1177):  
D/RILC    ( 1177): [qcril.c:4035] UI <--- RIL_UNSOL_SIGNAL_STRENGTH (1009) --- RIL [Len 28]
D/RILC    ( 1177): [qcril.c:4038] RIL=>>Android [ label = "RIL_UNSOL_SIGNAL_STRENGTH" ];
W/RILC    ( 1177): [ril.cpp:1489] [UNSL]< UNSOL_SIGNAL_STRENGTH {[signalStrength=13,bitErrorRate=0,                CDMA_SignalStrength.dbm=-1,CDMA_SignalStrength.ecio=-1,                EVDO_SignalStrength.dbm =-1,EVDO_SignalStrength.ecio=-1,                EVDO_SignalStrength.signalNoiseRatio=-1]}
D/RILC    ( 1177): [qcril.c:2536] Exit qcril_process_event() : CM_SS_EVENT_RSSI, err_no 0
D/RILC    ( 1177): [qcril_event.c:271] qcril_event_main(): Waiting...
I/RILJ    ( 1333): [UNSL]< UNSOL_SIGNAL_STRENGTH {13, 0, -1, -1, -1, -1, -1}
D/RILC    ( 1177): [qcril_cm.c:5924] Received srvsys event : CM_SS_EVENT_RSSI (73729)
D/RILC    ( 1177): [qcril_event.c:402] Queued event CM_SS_EVENT_RSSI (3320 bytes)
D/RILC    ( 1177): [qcril_event.c:288] qcril_event_main(): 1 items on queue
D/RILC    ( 1177): [qcril_event.c:309] De-queued event CM_SS_EVENT_RSSI (73729)
D/RILC    ( 1177): [qcril.c:2499] AMSS=>RIL [ label = "CM_SS_EVENT_RSSI" ];
D/RILC    ( 1177): [qcril.c:2508] RIL <--- CM_SS_EVENT_RSSI (73729) --- AMSS
D/RILC    ( 1177): [qcril_cm_ons.c:9610] [BRIGHTHY] Enter qcril_cm_srvsys_event_srv_changed
D/RILC    ( 1177): [qcril_cm.c:980] Serving System : srv status 1, sys mode 5, roam status 1, hdr_hybrid 0, hdr srv status 0, hdr roam status 0
D/RILC    ( 1177): [qcril.c:1905] Modem: On --> On, GW SIM: PIN --> PIN, CDMA SIM: Not ready --> Not ready, Mode Config: GW --> GW
D/RILC    ( 1177): [qcril.c:1911] Subscription: SIM --> SIM, Network: GW --> GW, Mode Preferred: GW --> GW [Event CM_SS_EVENT_RSSI (73729)]
D/RILC    ( 1177): [qcril_cm.c:5007] GW signal is available.
D/RILC    ( 1177): [qcril_cm.c:5046] Signal strength: gw_rssi: 12, gw_bit_error: 0, cdma_dbm: -1, cdma_ecio: -1, hdr_dbm: -1, hdr_ecio: -1, hdr_sinr: -1
D/RILC    ( 1177):  
D/RILC    ( 1177): [qcril.c:4035] UI <--- RIL_UNSOL_SIGNAL_STRENGTH (1009) --- RIL [Len 28]
D/RILC    ( 1177): [qcril.c:4038] RIL=>>Android [ label = "RIL_UNSOL_SIGNAL_STRENGTH" ];
W/RILC    ( 1177): [ril.cpp:1489] [UNSL]< UNSOL_SIGNAL_STRENGTH {[signalStrength=12,bitErrorRate=0,                CDMA_SignalStrength.dbm=-1,CDMA_SignalStrength.ecio=-1,                EVDO_SignalStrength.dbm =-1,EVDO_SignalStrength.ecio=-1,                EVDO_SignalStrength.signalNoiseRatio=-1]}
D/RILC    ( 1177): [qcril.c:2536] Exit qcril_process_event() : CM_SS_EVENT_RSSI, err_no 0
D/RILC    ( 1177): [qcril_event.c:271] qcril_event_main(): Waiting...
I/RILJ    ( 1333): [UNSL]< UNSOL_SIGNAL_STRENGTH {12, 0, -1, -1, -1, -1, -1}
D/RILC    ( 1177): [qcril_cm.c:5924] Received srvsys event : CM_SS_EVENT_RSSI (73729)
D/RILC    ( 1177): [qcril_event.c:402] Queued event CM_SS_EVENT_RSSI (3320 bytes)
D/RILC    ( 1177): [qcril_event.c:288] qcril_event_main(): 1 items on queue
D/RILC    ( 1177): [qcril_event.c:309] De-queued event CM_SS_EVENT_RSSI (73729)
D/RILC    ( 1177): [qcril.c:2499] AMSS=>RIL [ label = "CM_SS_EVENT_RSSI" ];
D/RILC    ( 1177): [qcril.c:2508] RIL <--- CM_SS_EVENT_RSSI (73729) --- AMSS
D/RILC    ( 1177): [qcril_cm_ons.c:9610] [BRIGHTHY] Enter qcril_cm_srvsys_event_srv_changed
D/RILC    ( 1177): [qcril_cm.c:980] Serving System : srv status 1, sys mode 5, roam status 1, hdr_hybrid 0, hdr srv status 0, hdr roam status 0
D/RILC    ( 1177): [qcril.c:1905] Modem: On --> On, GW SIM: PIN --> PIN, CDMA SIM: Not ready --> Not ready, Mode Config: GW --> GW
D/RILC    ( 1177): [qcril.c:1911] Subscription: SIM --> SIM, Network: GW --> GW, Mode Preferred: GW --> GW [Event CM_SS_EVENT_RSSI (73729)]
D/RILC    ( 1177): [qcril_cm.c:5007] GW signal is available.
D/RILC    ( 1177): [qcril_cm.c:5046] Signal strength: gw_rssi: 13, gw_bit_error: 0, cdma_dbm: -1, cdma_ecio: -1, hdr_dbm: -1, hdr_ecio: -1, hdr_sinr: -1
D/RILC    ( 1177):  
D/RILC    ( 1177): [qcril.c:4035] UI <--- RIL_UNSOL_SIGNAL_STRENGTH (1009) --- RIL [Len 28]
D/RILC    ( 1177): [qcril.c:4038] RIL=>>Android [ label = "RIL_UNSOL_SIGNAL_STRENGTH" ];
W/RILC    ( 1177): [ril.cpp:1489] [UNSL]< UNSOL_SIGNAL_STRENGTH {[signalStrength=13,bitErrorRate=0,                CDMA_SignalStrength.dbm=-1,CDMA_SignalStrength.ecio=-1,                EVDO_SignalStrength.dbm =-1,EVDO_SignalStrength.ecio=-1,                EVDO_SignalStrength.signalNoiseRatio=-1]}
D/RILC    ( 1177): [qcril.c:2536] Exit qcril_process_event() : CM_SS_EVENT_RSSI, err_no 0
D/RILC    ( 1177): [qcril_event.c:271] qcril_event_main(): Waiting...
I/RILJ    ( 1333): [UNSL]< UNSOL_SIGNAL_STRENGTH {13, 0, -1, -1, -1, -1, -1}
I/RILJ    ( 1333): RILRequest.obtain() request=61, SCREEN_STATE
I/RILJ    ( 1333): [0057]> SCREEN_STATE: false
W/RILC    ( 1177): [ril.cpp:390] processCommandBuffer() request=61,token=57
W/RILC    ( 1177): [ril.cpp:409] request=61, pRI->pCI->requestNumber=61
W/RILC    ( 1177): [ril.cpp:558] TOKEN=57 REQ_NUM=0061 SCREEN_STATE (0)
D/RILC    ( 1177): [qcril.c:2361] UI --- RIL_REQUEST_SCREEN_STATE (61) ---> RIL [token id 57, data len 4]
D/RILC    ( 1177): [qcril.c:2375] Android=>RIL [ label = "RIL_REQUEST_SCREEN_STATE - Off, Token 57" ];
D/RILC    ( 1177): [qcril_cm.c:5667] De-registering the RSSI and HDR RSSI events on screen-off request
D/RILC    ( 1177): [qcril_cm.c:5669] RIL --- cm_mm_client_ss_reg() ---> AMSS [client_id 24 (0x18)]
D/RILC    ( 1177): [qcril_cm.c:5669] RIL=>AMSS [ label = "cm_mm_client_ss_reg()" ];
D/RILC    ( 1177): [qcril_cm.c:5681] RIL --- cm_mm_client_ss_reg() ---> AMSS [client_id 24 (0x18)]
D/RILC    ( 1177): [qcril_cm.c:5681] RIL=>AMSS [ label = "cm_mm_client_ss_reg()" ];
D/GSM     ( 1333): [DataConnection] Stop poll NetStat
D/RILC    ( 1177): [qcril_cm.c:5694] Reply to RIL --> Screen off
D/RILC    ( 1177): [qcril.c:3965] RIL=>Android [ label = "RIL_REQUEST_SCREEN_STATE - Off, Token 57, Success" ];
D/RILC    ( 1177): [qcril.c:3970] UI <--- RIL_REQUEST_SCREEN_STATE (61) Complete --- RIL [Token 57, RIL_E_SUCCESS, Len 0 Off]
W/RILC    ( 1177): [ril.cpp:1489] [0057]< SCREEN_STATE
I/RILJ    ( 1333): [0057]< SCREEN_STATE 
I/RILJ    ( 1333): RILRequest.obtain() request=61, SCREEN_STATE
I/RILJ    ( 1333): [0058]> SCREEN_STATE: true
W/RILC    ( 1177): [ril.cpp:390] processCommandBuffer() request=61,token=58
W/RILC    ( 1177): [ril.cpp:409] request=61, pRI->pCI->requestNumber=61
W/RILC    ( 1177): [ril.cpp:558] TOKEN=58 REQ_NUM=0061 SCREEN_STATE (1)
D/RILC    ( 1177): [qcril.c:2361] UI --- RIL_REQUEST_SCREEN_STATE (61) ---> RIL [token id 58, data len 4]
D/RILC    ( 1177): [qcril.c:2375] Android=>RIL [ label = "RIL_REQUEST_SCREEN_STATE - On, Token 58" ];
D/RILC    ( 1177): [qcril_cm.c:5708] Registering the RSSI event and HDR RSSI event on screen-on request
D/RILC    ( 1177): [qcril_cm.c:5710] RIL --- cm_mm_client_ss_reg() ---> AMSS [client_id 24 (0x18)]
D/RILC    ( 1177): [qcril_cm.c:5710] RIL=>AMSS [ label = "cm_mm_client_ss_reg()" ];
D/GSM     ( 1333): [DataConnection] Stop poll NetStat
D/RILC    ( 1177): [qcril_cm.c:5722] RIL --- cm_mm_client_ss_reg() ---> AMSS [client_id 24 (0x18)]
D/RILC    ( 1177): [qcril_cm.c:5722] RIL=>AMSS [ label = "cm_mm_client_ss_reg()" ];
D/RILC    ( 1177): [qcril_cm.c:5736] requesting CM for the latest system information
D/RILC    ( 1177): [qcril_cm.c:5739] RIL --- cm_ss_cmd_get_ss_info() ---> AMSS [client_id 24 (0x18)]
D/RILC    ( 1177): [qcril_cm.c:5739] RIL=>AMSS [ label = "cm_ss_cmd_get_ss_info()" ];
D/RILC    ( 1177): [qcril_cm.c:5755] Reply to RIL --> Screen on
D/RILC    ( 1177): [qcril.c:3965] RIL=>Android [ label = "RIL_REQUEST_SCREEN_STATE - On, Token 58, Success" ];
D/RILC    ( 1177): [qcril.c:3970] UI <--- RIL_REQUEST_SCREEN_STATE (61) Complete --- RIL [Token 58, RIL_E_SUCCESS, Len 0 On]
W/RILC    ( 1177): [ril.cpp:1489] [0058]< SCREEN_STATE
I/RILJ    ( 1333): [0058]< SCREEN_STATE 
D/RILC    ( 1177): [qcril_cm.c:5924] Received srvsys event : CM_SS_EVENT_RSSI (73729)
D/RILC    ( 1177): [qcril_event.c:402] Queued event CM_SS_EVENT_RSSI (3320 bytes)
D/RILC    ( 1177): [qcril_event.c:288] qcril_event_main(): 1 items on queue
D/RILC    ( 1177): [qcril_event.c:309] De-queued event CM_SS_EVENT_RSSI (73729)
D/RILC    ( 1177): [qcril.c:2499] AMSS=>RIL [ label = "CM_SS_EVENT_RSSI" ];
D/RILC    ( 1177): [qcril.c:2508] RIL <--- CM_SS_EVENT_RSSI (73729) --- AMSS
D/RILC    ( 1177): [qcril_cm_ons.c:9610] [BRIGHTHY] Enter qcril_cm_srvsys_event_srv_changed
D/RILC    ( 1177): [qcril_cm.c:980] Serving System : srv status 1, sys mode 5, roam status 1, hdr_hybrid 0, hdr srv status 0, hdr roam status 0
D/RILC    ( 1177): [qcril.c:1905] Modem: On --> On, GW SIM: PIN --> PIN, CDMA SIM: Not ready --> Not ready, Mode Config: GW --> GW
D/RILC    ( 1177): [qcril.c:1911] Subscription: SIM --> SIM, Network: GW --> GW, Mode Preferred: GW --> GW [Event CM_SS_EVENT_RSSI (73729)]
D/RILC    ( 1177): [qcril_cm.c:5007] GW signal is available.
