W/RILC    ( 1177): [ril.cpp:1489] [0021]< QUERY_NETWORK_SELECTION_MODE {0}
D/RILC    ( 1177): [qcril.c:2536] Exit qcril_process_event() : CM_PH_EVENT_INFO, err_no 0
D/RILC    ( 1177): [qcril_event.c:271] qcril_event_main(): Waiting...
I/RILJ    ( 1333): [0021]< QUERY_NETWORK_SELECTION_MODE {0}
I/RILJ    ( 1333): [0028]> QUERY_NETWORK_SELECTION_MODE
D/RILC    ( 1177): [qcril_cm.c:5924] Received srvsys event : CM_SS_EVENT_SRV_CHANGED (73728)
D/RILC    ( 1177): [qcril_event.c:402] Queued event CM_SS_EVENT_SRV_CHANGED (3320 bytes)
D/RILC    ( 1177): [qcril_event.c:288] qcril_event_main(): 1 items on queue
D/RILC    ( 1177): [qcril_event.c:309] De-queued event CM_SS_EVENT_SRV_CHANGED (73728)
D/RILC    ( 1177): [qcril.c:2499] AMSS=>RIL [ label = "CM_SS_EVENT_SRV_CHANGED" ];
D/RILC    ( 1177): [qcril.c:2508] RIL <--- CM_SS_EVENT_SRV_CHANGED (73728) --- AMSS
D/RILC    ( 1177): [qcril_cm_ons.c:9610] [BRIGHTHY] Enter qcril_cm_srvsys_event_srv_changed
D/RILC    ( 1177): [qcril_cm.c:980] Serving System : srv status 1, sys mode 5, roam status 1, hdr_hybrid 0, hdr srv status 0, hdr roam status 0
D/RILC    ( 1177): [qcril_cm.c:6093] [KT OTA] srv_status: 1 OTAMode: 0
D/RILC    ( 1177): [qcril_reqlist.c:215] Not found ReqList entry waiting for CM_SS_EVENT_SRV_CHANGED (73728)
D/RILC    ( 1177): [qcril.c:1905] Modem: On --> On, GW SIM: PIN --> PIN, CDMA SIM: Not ready --> Not ready, Mode Config: GW --> GW
D/RILC    ( 1177): [qcril.c:1911] Subscription: SIM --> SIM, Network: GW --> GW, Mode Preferred: GW --> GW [Event CM_SS_EVENT_SRV_CHANGED (73728)]
D/RILC    ( 1177): [qcril.c:4027] UI <--- RIL_UNSOL_RESPONSE_NETWORK_STATE_CHANGED (1002) --- RIL [Len 0, limited service on UMTS]
D/RILC    ( 1177): [qcril.c:4030] RIL=>>Android [ label = "RIL_UNSOL_RESPONSE_NETWORK_STATE_CHANGED, limited service on UMTS" ];
W/RILC    ( 1177): [ril.cpp:1489] [UNSL]< UNSOL_RESPONSE_NETWORK_STATE_CHANGED 
D/RILC    ( 1177): [qcril_cm.c:5007] GW signal is available.
D/RILC    ( 1177): [qcril_cm.c:5046] Signal strength: gw_rssi: 13, gw_bit_error: 0, cdma_dbm: -1, cdma_ecio: -1, hdr_dbm: -1, hdr_ecio: -1, hdr_sinr: -1
D/RILC    ( 1177):  
D/RILC    ( 1177): [qcril.c:4035] UI <--- RIL_UNSOL_SIGNAL_STRENGTH (1009) --- RIL [Len 28]
D/RILC    ( 1177): [qcril.c:4038] RIL=>>Android [ label = "RIL_UNSOL_SIGNAL_STRENGTH" ];
W/RILC    ( 1177): [ril.cpp:1489] [UNSL]< UNSOL_SIGNAL_STRENGTH {[signalStrength=13,bitErrorRate=0,                CDMA_SignalStrength.dbm=-1,CDMA_SignalStrength.ecio=-1,                EVDO_SignalStrength.dbm =-1,EVDO_SignalStrength.ecio=-1,                EVDO_SignalStrength.signalNoiseRatio=-1]}
D/RILC    ( 1177): [qcril.c:2536] Exit qcril_process_event() : CM_SS_EVENT_SRV_CHANGED, err_no 0
D/RILC    ( 1177): [qcril_event.c:271] qcril_event_main(): Waiting...
I/RILJ    ( 1333): [UNSL]< UNSOL_RESPONSE_NETWORK_STATE_CHANGED
I/RILJ    ( 1333): [UNSL]< UNSOL_SIGNAL_STRENGTH {13, 0, -1, -1, -1, -1, -1}
I/RILJ    ( 1333): RILRequest.obtain() request=22, OPERATOR
I/RILJ    ( 1333): [0029]> OPERATOR
I/RILJ    ( 1333): RILRequest.obtain() request=21, GPRS_REGISTRATION_STATE
I/RILJ    ( 1333): [0030]> GPRS_REGISTRATION_STATE
I/RILJ    ( 1333): RILRequest.obtain() request=20, REGISTRATION_STATE
I/RILJ    ( 1333): [0031]> REGISTRATION_STATE
I/RILJ    ( 1333): RILRequest.obtain() request=45, QUERY_NETWORK_SELECTION_MODE
I/RILJ    ( 1333): [0032]> QUERY_NETWORK_SELECTION_MODE
D/RILC    ( 1177): [qcril_mmgsdi_common.c:2590] qcril_mmgsdi_request_get_sim_status 
D/RILC    ( 1177): [qcril_reqlist.c:168] Not found ReqList entry : token id 22
D/RILC    ( 1177): [qcril_reqlist.c:399] Event RIL_REQUEST_GET_SIM_STATUS (1) pending receipt of <none>, token id 22 [0x2ead0]
D/RILC    ( 1177): [qcril_reqlist.c:1064] ReqList entries : 
D/RILC    ( 1177): [qcril_reqlist.c:1070]     RIL_REQUEST_GET_SIM_STATUS (1), token id 22
D/RILC    ( 1177): [qcril_mmgsdi.c:171] mmgsdi status 0x0 -> RIL_E_SUCCESS
D/RILC    ( 1177): [qcril_reqlist.c:159] Found ReqList entry : RIL_REQUEST_GET_SIM_STATUS (1), token id 22
D/RILC    ( 1177): [qcril_reqlist.c:159] Found ReqList entry : RIL_REQUEST_GET_SIM_STATUS (1), token id 22
D/RILC    ( 1177): [qcril_reqlist.c:598] Deleted ReqList entry : token id 22 [0x2ead0]
D/RILC    ( 1177): [qcril_reqlist.c:1060] ReqList entries : Empty
D/RILC    ( 1177): [qcril.c:3965] RIL=>Android [ label = "RIL_REQUEST_GET_SIM_STATUS - Card Present, Token 22, Success" ];
D/RILC    ( 1177): [qcril.c:3970] UI <--- RIL_REQUEST_GET_SIM_STATUS (1) Complete --- RIL [Token 22, RIL_E_SUCCESS, Len 276 Card Present]
E/RILC    ( 1177):  response: responseSimStatus
E/RILC    ( 1177): str = a0000000871002ff33ffff8901010100
W/RILC    ( 1177): [ril.cpp:1489] [0022]< GET_SIM_STATUS {[app_type=2,app_state=2,perso_substate=0,                aid_ptr=a0000000871002ff33ffff8901010100,app_label_ptr=47454d504c5553205553494d,pin1_replaced=0,pin1=1,pin2=1],}
W/RILC    ( 1177): [ril.cpp:390] processCommandBuffer() request=42,token=23
W/RILC    ( 1177): [ril.cpp:409] request=42, pRI->pCI->requestNumber=42
W/RILC    ( 1177): [ril.cpp:504] TOKEN=23 REQ_NUM=0042 QUERY_FACILITY_LOCK (SC,,245)
D/RILC    ( 1177): [qcril.c:2361] UI --- RIL_REQUEST_QUERY_FACILITY_LOCK (42) ---> RIL [token id 23, data len 12]
D/RILC    ( 1177): [qcril.c:2380] Android=>RIL [ label = "RIL_REQUEST_QUERY_FACILITY_LOCK - Token 23" ];
I/RILJ    ( 1333): app_state APPSTATE_PIN, perso_substate PERSOSUBSTATE_UNKNOWN
I/RILJ    ( 1333): pin1_status PINSTATE_ENABLED_NOT_VERIFIED, pin2_status PINSTATE_ENABLED_NOT_VERIFIED
I/RILJ    ( 1333): Neither PIN2 nor PUK2 is Blocked.Notify Registrants
I/RILJ    ( 1333): [0022]< GET_SIM_STATUS ICC_PIN
I/RILJ    ( 1333): RILRequest.obtain() request=22, OPERATOR
I/RILJ    ( 1333): [0033]> OPERATOR
I/RILJ    ( 1333): RILRequest.obtain() request=21, GPRS_REGISTRATION_STATE
I/RILJ    ( 1333): [0034]> GPRS_REGISTRATION_STATE
I/RILJ    ( 1333): RILRequest.obtain() request=20, REGISTRATION_STATE
D/RILC    ( 1177): [qcril_cm.c:13439] RIL_REQUEST_QUERY_FACILITY_LOCK Facility SC, pw , service_class 245
D/RILC    ( 1177): [qcril.c:2493] RIL=>RIL [ label = "INTERNAL_MMGSDI_GET_PIN1_STATUS" ];
D/RILC    ( 1177): [qcril.c:2494] RIL --- INTERNAL_MMGSDI_GET_PIN1_STATUS (196619) ---> RIL
D/RILC    ( 1177): [qcril_mmgsdi_sec.c:674] qcril_mmgsdi_request_get_pin_status 
D/RILC    ( 1177): [qcril_reqlist.c:168] Not found ReqList entry : token id 23
D/RILC    ( 1177): [qcril_reqlist.c:399] Event INTERNAL_MMGSDI_GET_PIN1_STATUS (196619) pending receipt of <none>, token id 23 [0x2ead8]
D/RILC    ( 1177): [qcril_reqlist.c:1064] ReqList entries : 
D/RILC    ( 1177): [qcril_reqlist.c:1070]     INTERNAL_MMGSDI_GET_PIN1_STATUS (196619), token id 23
D/RILC    ( 1177): [qcril_mmgsdi_sec.c:726] PIN enable
D/RILC    ( 1177): [qcril_mmgsdi.c:171] mmgsdi status 0x0 -> RIL_E_SUCCESS
D/RILC    ( 1177): [qcril_reqlist.c:159] Found ReqList entry : INTERNAL_MMGSDI_GET_PIN1_STATUS (196619), token id 23
D/RILC    ( 1177): [qcril_reqlist.c:159] Found ReqList entry : INTERNAL_MMGSDI_GET_PIN1_STATUS (196619), token id 23
D/RILC    ( 1177): [qcril_reqlist.c:598] Deleted ReqList entry : token id 23 [0x2ead8]
D/RILC    ( 1177): [qcril_reqlist.c:1060] ReqList entries : Empty
D/RILC    ( 1177): [qcril.c:3965] RIL=>Android [ label = "INTERNAL_MMGSDI_GET_PIN1_STATUS - Token 23, Success" ];
D/RILC    ( 1177): [qcril.c:3970] UI <--- INTERNAL_MMGSDI_GET_PIN1_STATUS (196619) Complete --- RIL [Token 23, RIL_E_SUCCESS, Len 4 ]
W/RILC    ( 1177): [ril.cpp:1489] [0023]< QUERY_FACILITY_LOCK {1}
D/RILC    ( 1177): [qcril.c:2536] Exit qcril_process_event() : INTERNAL_MMGSDI_GET_PIN1_STATUS, err_no 0
W/RILC    ( 1177): [ril.cpp:390] processCommandBuffer() request=9,token=24
W/RILC    ( 1177): [ril.cpp:409] request=9, pRI->pCI->requestNumber=9
W/RILC    ( 1177): [ril.cpp:437] TOKEN=24 REQ_NUM=0009 GET_CURRENT_CALLS 
D/RILC    ( 1177): [qcril.c:2361] UI --- RIL_REQUEST_GET_CURRENT_CALLS (9) ---> RIL [token id 24, data len 0]
D/RILC    ( 1177): [qcril.c:2380] Android=>RIL [ label = "RIL_REQUEST_GET_CURRENT_CALLS - Token 24" ];
I/RILJ    ( 1333): [0023]< QUERY_FACILITY_LOCK {1}
D/RILC    ( 1177): [qcril_cm.c:6912] Reply to RIL --> Number of calls : 0
D/RILC    ( 1177): [qcril.c:3965] RIL=>Android [ label = "RIL_REQUEST_GET_CURRENT_CALLS - Token 24, Success" ];
D/RILC    ( 1177): [qcril.c:3970] UI <--- RIL_REQUEST_GET_CURRENT_CALLS (9) Complete --- RIL [Token 24, RIL_E_SUCCESS, Len 0 ]
W/RILC    ( 1177): [ril.cpp:1489] [0024]< GET_CURRENT_CALLS
I/RILJ    ( 1333): [0024]< GET_CURRENT_CALLS  
W/RILC    ( 1177): [ril.cpp:390] processCommandBuffer() request=22,token=25
W/RILC    ( 1177): [ril.cpp:409] request=22, pRI->pCI->requestNumber=22
W/RILC    ( 1177): [ril.cpp:437] TOKEN=25 REQ_NUM=0022 OPERATOR 
D/RILC    ( 1177): [qcril.c:2361] UI --- RIL_REQUEST_OPERATOR (22) ---> RIL [token id 25, data len 0]
D/RILC    ( 1177): [qcril.c:2380] Android=>RIL [ label = "RIL_REQUEST_OPERATOR - Token 25" ];
D/RILC    ( 1177): [qcril_cm_ons.c:10251] Current operator not available: system mode 5 ( srv status 1 )
D/RILC    ( 1177): [qcril_cm.c:5443] Reply to RIL --> Current operator full name : 
D/RILC    ( 1177): [qcril_cm.c:5444] Reply to RIL --> Current operator short name : 
D/RILC    ( 1177): [qcril_cm.c:5445] Reply to RIL --> Current operator MCCMNC : 
D/RILC    ( 1177): [qcril.c:3965] RIL=>Android [ label = "RIL_REQUEST_OPERATOR - , Token 25, Success" ];
D/RILC    ( 1177): [qcril.c:3970] UI <--- RIL_REQUEST_OPERATOR (22) Complete --- RIL [Token 25, RIL_E_SUCCESS, Len 12 ]
W/RILC    ( 1177): [ril.cpp:1489] [0025]< OPERATOR {,,}
W/RILC    ( 1177): [ril.cpp:390] processCommandBuffer() request=21,token=26
W/RILC    ( 1177): [ril.cpp:409] request=21, pRI->pCI->requestNumber=21
W/RILC    ( 1177): [ril.cpp:437] TOKEN=26 REQ_NUM=0021 GPRS_REGISTRATION_STATE 
D/RILC    ( 1177): [qcril.c:2361] UI --- RIL_REQUEST_GPRS_REGISTRATION_STATE (21) ---> RIL [token id 26, data len 0]
D/RILC    ( 1177): [qcril.c:2380] Android=>RIL [ label = "RIL_REQUEST_GPRS_REGISTRATION_STATE - Token 26" ];
D/RILC    ( 1177): [qcril_cm_util.c:261] Current System : srv status 1, sys mode 5, roam status 1
D/RILC    ( 1177): [qcril_cm_util.c:372] NO SERVICE
D/RILC    ( 1177): [qcril_cm.c:5169] GPRS Registration State: Not registered/Actively searching, LAC: (null), CID: (null), RadioTech: Unknown
D/RILC    ( 1177): [qcril.c:3965] RIL=>Android [ label = "RIL_REQUEST_GPRS_REGISTRATION_STATE - Not registered/Actively searching, Unknown, Token 26, Success" ];
D/RILC    ( 1177): [qcril.c:3970] UI <--- RIL_REQUEST_GPRS_REGISTRATION_STATE (21) Complete --- RIL [Token 26, RIL_E_SUCCESS, Len 16 Not registered/Actively searching, Unknown]
W/RILC    ( 1177): [ril.cpp:1489] [0026]< GPRS_REGISTRATION_STATE {2,(null),(null),0}
W/RILC    ( 1177): [ril.cpp:390] processCommandBuffer() request=20,token=27
W/RILC    ( 1177): [ril.cpp:409] request=20, pRI->pCI->requestNumber=20
W/RILC    ( 1177): [ril.cpp:437] TOKEN=27 REQ_NUM=0020 REGISTRATION_STATE 
D/RILC    ( 1177): [qcril.c:2361] UI --- RIL_REQUEST_REGISTRATION_STATE (20) ---> RIL [token id 27, data len 0]
D/RILC    ( 1177): [qcril.c:2380] Android=>RIL [ label = "RIL_REQUEST_REGISTRATION_STATE - Token 27" ];
D/RILC    ( 1177): [qcril_cm_util.c:261] Current System : srv status 1, sys mode 5, roam status 1
D/RILC    ( 1177): [qcril_cm_util.c:372] NO SERVICE
D/RILC    ( 1177): [qcril_cm_util.c:1374] Reject cause value = 0
D/RILC    ( 1177): [qcril_cm_util.c:1375] Registration status = Not registered/Actively searching
D/RILC    ( 1177): [qcril_cm_util.c:1435] Reject cause value sent to UI = 0
D/RILC    ( 1177): [qcril_cm.c:5120] Registration State: Not registered/Actively searching, RadioTech: Unknown, LAC: (null), CID: (null), BSID: (null), BSLat: (null), BSLong: (null)
D/RILC    ( 1177): [qcril_cm.c:5123]                     CCS: (null), SID: (null), NID: (null), RoamStatus: (null), PRL: (null), DefRoamStatus: (null), RejReason: 0
D/RILC    ( 1177): [qcril.c:3965] RIL=>Android [ label = "RIL_REQUEST_REGISTRATION_STATE - Not registered/Actively searching, Token 27, Success" ];
D/RILC    ( 1177): [qcril.c:3970] UI <--- RIL_REQUEST_REGISTRATION_STATE (20) Complete --- RIL [Token 27, RIL_E_SUCCESS, Len 56 Not registered/Actively searching]
W/RILC    ( 1177): [ril.cpp:1489] [0027]< REGISTRATION_STATE {2,(null),(null),0,(null),(null),(null),(null),(null),(null),(null),(null),(null),0}
W/RILC    ( 1177): [ril.cpp:390] processCommandBuffer() request=45,token=28
W/RILC    ( 1177): [ril.cpp:409] request=45, pRI->pCI->requestNumber=45
W/RILC    ( 1177): [ril.cpp:437] TOKEN=28 REQ_NUM=0045 QUERY_NETWORK_SELECTION_MODE 
D/RILC    ( 1177): [qcril.c:2361] UI --- RIL_REQUEST_QUERY_NETWORK_SELECTION_MODE (45) ---> RIL [token id 28, data len 0]
D/RILC    ( 1177): [qcril.c:2380] Android=>RIL [ label = "RIL_REQUEST_QUERY_NETWORK_SELECTION_MODE - Token 28" ];
D/RILC    ( 1177): [qcril_reqlist.c:168] Not found ReqList entry : token id 28
D/RILC    ( 1177): [qcril_reqlist.c:399] Event RIL_REQUEST_QUERY_NETWORK_SELECTION_MODE (45) pending receipt of CM_PH_EVENT_INFO, token id 28 [0x2eab8]
D/RILC    ( 1177): [qcril_reqlist.c:1064] ReqList entries : 
D/RILC    ( 1177): [qcril_reqlist.c:1070]     RIL_REQUEST_QUERY_NETWORK_SELECTION_MODE (45), token id 28
D/RILC    ( 1177): [qcril_cm.c:2321] RIL --- cm_ph_cmd_get_ph_info() ---> AMSS [Token ID 28 (0x1c)]
D/RILC    ( 1177): [qcril_cm.c:2321] RIL=>AMSS [ label = "cm_ph_cmd_get_ph_info()" ];
I/RILJ    ( 1333): [0025]< OPERATOR {, , }
I/RILJ    ( 1333): [0026]< GPRS_REGISTRATION_STATE {2, null, null, 0}
I/RILJ    ( 1333): [0027]< REGISTRATION_STATE {2, null, null, 0, null, null, null, null, null, null, null, null, null, 0}
W/RILC    ( 1177): [ril.cpp:390] processCommandBuffer() request=22,token=29
W/RILC    ( 1177): [ril.cpp:409] request=22, pRI->pCI->requestNumber=22
W/RILC    ( 1177): [ril.cpp:437] TOKEN=29 REQ_NUM=0022 OPERATOR 
D/RILC    ( 1177): [qcril.c:2361] UI --- RIL_REQUEST_OPERATOR (22) ---> RIL [token id 29, data len 0]
D/RILC    ( 1177): [qcril.c:2380] Android=>RIL [ label = "RIL_REQUEST_OPERATOR - Token 29" ];
D/RILC    ( 1177): [qcril_cm_ons.c:10251] Current operator not available: system mode 5 ( srv status 1 )
D/RILC    ( 1177): [qcril_cm.c:5443] Reply to RIL --> Current operator full name : 
D/RILC    ( 1177): [qcril_cm.c:5444] Reply to RIL --> Current operator short name : 
D/RILC    ( 1177): [qcril_cm.c:5445] Reply to RIL --> Current operator MCCMNC : 
D/RILC    ( 1177): [qcril.c:3965] RIL=>Android [ label = "RIL_REQUEST_OPERATOR - , Token 29, Success" ];
D/RILC    ( 1177): [qcril.c:3970] UI <--- RIL_REQUEST_OPERATOR (22) Complete --- RIL [Token 29, RIL_E_SUCCESS, Len 12 ]
W/RILC    ( 1177): [ril.cpp:1489] [0029]< OPERATOR {,,}
I/RILJ    ( 1333): [0029]< OPERATOR {, , }
W/RILC    ( 1177): [ril.cpp:390] processCommandBuffer() request=21,token=30
W/RILC    ( 1177): [ril.cpp:409] request=21, pRI->pCI->requestNumber=21
W/RILC    ( 1177): [ril.cpp:437] TOKEN=30 REQ_NUM=0021 GPRS_REGISTRATION_STATE 
D/RILC    ( 1177): [qcril.c:2361] UI --- RIL_REQUEST_GPRS_REGISTRATION_STATE (21) ---> RIL [token id 30, data len 0]
D/RILC    ( 1177): [qcril.c:2380] Android=>RIL [ label = "RIL_REQUEST_GPRS_REGISTRATION_STATE - Token 30" ];
D/RILC    ( 1177): [qcril_cm_util.c:261] Current System : srv status 1, sys mode 5, roam status 1
D/RILC    ( 1177): [qcril_cm_util.c:372] NO SERVICE
D/RILC    ( 1177): [qcril_cm.c:5169] GPRS Registration State: Not registered/Actively searching, LAC: (null), CID: (null), RadioTech: Unknown
D/RILC    ( 1177): [qcril.c:3965] RIL=>Android [ label = "RIL_REQUEST_GPRS_REGISTRATION_STATE - Not registered/Actively searching, Unknown, Token 30, Success" ];
D/RILC    ( 1177): [qcril.c:3970] UI <--- RIL_REQUEST_GPRS_REGISTRATION_STATE (21) Complete --- RIL [Token 30, RIL_E_SUCCESS, Len 16 Not registered/Actively searching, Unknown]
W/RILC    ( 1177): [ril.cpp:1489] [0030]< GPRS_REGISTRATION_STATE {2,(null),(null),0}
I/RILJ    ( 1333): [0030]< GPRS_REGISTRATION_STATE {2, null, null, 0}
D/RILC    ( 1177): [qcril_cm.c:3580] CM_PH_COMMAND_CALLBACK : Token ID 28
D/RILC    ( 1177): [qcril_event.c:402] Queued event CM_COMMAND_CALLBACK (12 bytes)
D/RILC    ( 1177): [qcril_event.c:288] qcril_event_main(): 1 items on queue
D/RILC    ( 1177): [qcril_event.c:309] De-queued event CM_COMMAND_CALLBACK (65537)
D/RILC    ( 1177): [qcril.c:2499] AMSS=>RIL [ label = "CM_COMMAND_CALLBACK" ];
D/RILC    ( 1177): [qcril_cm.c:3621] Received phonesvc event : CM_PH_EVENT_INFO (69644)
D/RILC    ( 1177): [qcril_event.c:402] Queued event CM_PH_EVENT_INFO (6552 bytes)
D/RILC    ( 1177): [qcril.c:2508] RIL <--- CM_COMMAND_CALLBACK (65537) --- AMSS
D/RILC    ( 1177): [qcril_reqlist.c:159] Found ReqList entry : RIL_REQUEST_QUERY_NETWORK_SELECTION_MODE (45), token id 28
D/RILC    ( 1177): [qcril_reqlist.c:159] Found ReqList entry : RIL_REQUEST_QUERY_NETWORK_SELECTION_MODE (45), token id 28
D/RILC    ( 1177): [qcril_reqlist.c:659] Update ReqList entry : RIL_REQUEST_QUERY_NETWORK_SELECTION_MODE (45), token id 28, state QCRIL_REQ_AWAITING_MORE_AMSS_EVENTS
D/RILC    ( 1177): [qcril_cm.c:924] Change the state of ReqList entry to AWAITING_MORE_AMSS_EVENTS state : RIL_REQUEST_QUERY_NETWORK_SELECTION_MODE (45), Token ID 28, pending CM_PH_EVENT_INFO (69644)
D/RILC    ( 1177): [qcril.c:2536] Exit qcril_process_event() : CM_COMMAND_CALLBACK, err_no 0
D/RILC    ( 1177): [qcril_event.c:271] qcril_event_main(): Waiting...
D/RILC    ( 1177): [qcril_event.c:288] qcril_event_main(): 1 items on queue
D/RILC    ( 1177): [qcril_event.c:309] De-queued event CM_PH_EVENT_INFO (69644)
D/RILC    ( 1177): [qcril.c:2499] AMSS=>RIL [ label = "CM_PH_EVENT_INFO" ];
D/RILC    ( 1177): [qcril.c:2508] RIL <--- CM_PH_EVENT_INFO (69644) --- AMSS
D/RILC    ( 1177): [qcril_cm.c:3860] GW subscription disabled
D/RILC    ( 1177): [qcril_cm.c:3872] CDMA subscription disabled
D/RILC    ( 1177): [qcril_cm.c:3895] Oprt mode: 5, Mode pref: 19, GW acq order: 2, Band pref: -1073741825, Roam pref: 255, Network sel mode: 0, plmn[0]=255, plmn[1]=255, plmn[2]=255, rtre control: 2
D/RILC    ( 1177): [qcril_reqlist.c:205] Found ReqList entry : RIL_REQUEST_QUERY_NETWORK_SELECTION_MODE (45), token id 28, pending CM_PH_EVENT_INFO (69644)
D/RILC    ( 1177): [qcril_cm.c:4165] Reply to RIL --> Automatic network selection mode
D/RILC    ( 1177): [qcril_reqlist.c:159] Found ReqList entry : RIL_REQUEST_QUERY_NETWORK_SELECTION_MODE (45), token id 28
D/RILC    ( 1177): [qcril_reqlist.c:598] Deleted ReqList entry : token id 28 [0x2eab8]
D/RILC    ( 1177): [qcril_reqlist.c:1060] ReqList entries : Empty
D/RILC    ( 1177): [qcril.c:3965] RIL=>Android [ label = "RIL_REQUEST_QUERY_NETWORK_SELECTION_MODE - Automatic, Token 28, Success" ];
D/RILC    ( 1177): [qcril.c:3970] UI <--- RIL_REQUEST_QUERY_NETWORK_SELECTION_MODE (45) Complete --- RIL [Token 28, RIL_E_SUCCESS, Len 4 Automatic]
W/RILC    ( 1177): [ril.cpp:1489] [0028]< QUERY_NETWORK_SELECTION_MODE {0}
D/RILC    ( 1177): [qcril.c:2536] Exit qcril_process_event() : CM_PH_EVENT_INFO, err_no 0
D/RILC    ( 1177): [qcril_event.c:271] qcril_event_main(): Waiting...
I/RILJ    ( 1333): [0028]< QUERY_NETWORK_SELECTION_MODE {0}
W/RILC    ( 1177): [ril.cpp:390] processCommandBuffer() request=20,token=31
W/RILC    ( 1177): [ril.cpp:409] request=20, pRI->pCI->requestNumber=20
W/RILC    ( 1177): [ril.cpp:437] TOKEN=31 REQ_NUM=0020 REGISTRATION_STATE 
D/RILC    ( 1177): [qcril.c:2361] UI --- RIL_REQUEST_REGISTRATION_STATE (20) ---> RIL [token id 31, data len 0]
D/RILC    ( 1177): [qcril.c:2380] Android=>RIL [ label = "RIL_REQUEST_REGISTRATION_STATE - Token 31" ];
D/RILC    ( 1177): [qcril_cm_util.c:261] Current System : srv status 1, sys mode 5, roam status 1
D/RILC    ( 1177): [qcril_cm_util.c:372] NO SERVICE
D/RILC    ( 1177): [qcril_cm_util.c:1374] Reject cause value = 0
D/RILC    ( 1177): [qcril_cm_util.c:1375] Registration status = Not registered/Actively searching
D/RILC    ( 1177): [qcril_cm_util.c:1435] Reject cause value sent to UI = 0
D/RILC    ( 1177): [qcril_cm.c:5120] Registration State: Not registered/Actively searching, RadioTech: Unknown, LAC: (null), CID: (null), BSID: (null), BSLat: (null), BSLong: (null)
D/RILC    ( 1177): [qcril_cm.c:5123]                     CCS: (null), SID: (null), NID: (null), RoamStatus: (null), PRL: (null), DefRoamStatus: (null), RejReason: 0
D/RILC    ( 1177): [qcril.c:3965] RIL=>Android [ label = "RIL_REQUEST_REGISTRATION_STATE - Not registered/Actively searching, Token 31, Success" ];
D/RILC    ( 1177): [qcril.c:3970] UI <--- RIL_REQUEST_REGISTRATION_STATE (20) Complete --- RIL [Token 31, RIL_E_SUCCESS, Len 56 Not registered/Actively searching]
W/RILC    ( 1177): [ril.cpp:1489] [0031]< REGISTRATION_STATE {2,(null),(null),0,(null),(null),(null),(null),(null),(null),(null),(null),(null),0}
I/RILJ    ( 1333): [0031]< REGISTRATION_STATE {2, null, null, 0, null, null, null, null, null, null, null, null, null, 0}
W/RILC    ( 1177): [ril.cpp:390] processCommandBuffer() request=45,token=32
W/RILC    ( 1177): [ril.cpp:409] request=45, pRI->pCI->requestNumber=45
W/RILC    ( 1177): [ril.cpp:437] TOKEN=32 REQ_NUM=0045 QUERY_NETWORK_SELECTION_MODE 
D/RILC    ( 1177): [qcril.c:2361] UI --- RIL_REQUEST_QUERY_NETWORK_SELECTION_MODE (45) ---> RIL [token id 32, data len 0]
D/RILC    ( 1177): [qcril.c:2380] Android=>RIL [ label = "RIL_REQUEST_QUERY_NETWORK_SELECTION_MODE - Token 32" ];
D/RILC    ( 1177): [qcril_reqlist.c:168] Not found ReqList entry : token id 32
D/RILC    ( 1177): [qcril_reqlist.c:399] Event RIL_REQUEST_QUERY_NETWORK_SELECTION_MODE (45) pending receipt of CM_PH_EVENT_INFO, token id 32 [0x2eab8]
D/RILC    ( 1177): [qcril_reqlist.c:1064] ReqList entries : 
D/RILC    ( 1177): [qcril_reqlist.c:1070]     RIL_REQUEST_QUERY_NETWORK_SELECTION_MODE (45), token id 32
D/RILC    ( 1177): [qcril_cm.c:2321] RIL --- cm_ph_cmd_get_ph_info() ---> AMSS [Token ID 32 (0x20)]
D/RILC    ( 1177): [qcril_cm.c:2321] RIL=>AMSS [ label = "cm_ph_cmd_get_ph_info()" ];
D/RILC    ( 1177): [qcril_cm.c:3580] CM_PH_COMMAND_CALLBACK : Token ID 32
D/RILC    ( 1177): [qcril_event.c:402] Queued event CM_COMMAND_CALLBACK (12 bytes)
D/RILC    ( 1177): [qcril_event.c:288] qcril_event_main(): 1 items on queue
D/RILC    ( 1177): [qcril_event.c:309] De-queued event CM_COMMAND_CALLBACK (65537)
D/RILC    ( 1177): [qcril.c:2499] AMSS=>RIL [ label = "CM_COMMAND_CALLBACK" ];
D/RILC    ( 1177): [qcril.c:2508] RIL <--- CM_COMMAND_CALLBACK (65537) --- AMSS
D/RILC    ( 1177): [qcril_reqlist.c:159] Found ReqList entry : RIL_REQUEST_QUERY_NETWORK_SELECTION_MODE (45), token id 32
D/RILC    ( 1177): [qcril_reqlist.c:159] Found ReqList entry : RIL_REQUEST_QUERY_NETWORK_SELECTION_MODE (45), token id 32
D/RILC    ( 1177): [qcril_reqlist.c:659] Update ReqList entry : RIL_REQUEST_QUERY_NETWORK_SELECTION_MODE (45), token id 32, state QCRIL_REQ_AWAITING_MORE_AMSS_EVENTS
D/RILC    ( 1177): [qcril_cm.c:924] Change the state of ReqList entry to AWAITING_MORE_AMSS_EVENTS state : RIL_REQUEST_QUERY_NETWORK_SELECTION_MODE (45), Token ID 32, pending CM_PH_EVENT_INFO (69644)
D/RILC    ( 1177): [qcril.c:2536] Exit qcril_process_event() : CM_COMMAND_CALLBACK, err_no 0
D/RILC    ( 1177): [qcril_event.c:271] qcril_event_main(): Waiting...
D/RILC    ( 1177): [qcril_cm.c:3621] Received phonesvc event : CM_PH_EVENT_INFO (69644)
D/RILC    ( 1177): [qcril_event.c:402] Queued event CM_PH_EVENT_INFO (6552 bytes)
D/RILC    ( 1177): [qcril_event.c:288] qcril_event_main(): 1 items on queue
D/RILC    ( 1177): [qcril_event.c:309] De-queued event CM_PH_EVENT_INFO (69644)
D/RILC    ( 1177): [qcril.c:2499] AMSS=>RIL [ label = "CM_PH_EVENT_INFO" ];
D/RILC    ( 1177): [qcril.c:2508] RIL <--- CM_PH_EVENT_INFO (69644) --- AMSS
D/RILC    ( 1177): [qcril_cm.c:3860] GW subscription disabled
D/RILC    ( 1177): [qcril_cm.c:3872] CDMA subscription disabled
D/RILC    ( 1177): [qcril_cm.c:3895] Oprt mode: 5, Mode pref: 19, GW acq order: 2, Band pref: -1073741825, Roam pref: 255, Network sel mode: 0, plmn[0]=255, plmn[1]=255, plmn[2]=255, rtre control: 2
D/RILC    ( 1177): [qcril_reqlist.c:205] Found ReqList entry : RIL_REQUEST_QUERY_NETWORK_SELECTION_MODE (45), token id 32, pending CM_PH_EVENT_INFO (69644)
D/RILC    ( 1177): [qcril_cm.c:4165] Reply to RIL --> Automatic network selection mode
D/RILC    ( 1177): [qcril_reqlist.c:159] Found ReqList entry : RIL_REQUEST_QUERY_NETWORK_SELECTION_MODE (45), token id 32
D/RILC    ( 1177): [qcril_reqlist.c:598] Deleted ReqList entry : token id 32 [0x2eab8]
D/RILC    ( 1177): [qcril_reqlist.c:1060] ReqList entries : Empty
D/RILC    ( 1177): [qcril.c:3965] RIL=>Android [ label = "RIL_REQUEST_QUERY_NETWORK_SELECTION_MODE - Automatic, Token 32, Success" ];
D/RILC    ( 1177): [qcril.c:3970] UI <--- RIL_REQUEST_QUERY_NETWORK_SELECTION_MODE (45) Complete --- RIL [Token 32, RIL_E_SUCCESS, Len 4 Automatic]
W/RILC    ( 1177): [ril.cpp:1489] [0032]< QUERY_NETWORK_SELECTION_MODE {0}
D/RILC    ( 1177): [qcril.c:2536] Exit qcril_process_event() : CM_PH_EVENT_INFO, err_no 0
D/RILC    ( 1177): [qcril_event.c:271] qcril_event_main(): Waiting...
I/RILJ    ( 1333): [0032]< QUERY_NETWORK_SELECTION_MODE {0}
I/RILJ    ( 1333): [0035]> REGISTRATION_STATE
I/RILJ    ( 1333): RILRequest.obtain() request=45, QUERY_NETWORK_SELECTION_MODE
W/RILC    ( 1177): [ril.cpp:390] processCommandBuffer() request=22,token=33
W/RILC    ( 1177): [ril.cpp:409] request=22, pRI->pCI->requestNumber=22
W/RILC    ( 1177): [ril.cpp:437] TOKEN=33 REQ_NUM=0022 OPERATOR 
D/RILC    ( 1177): [qcril.c:2361] UI --- RIL_REQUEST_OPERATOR (22) ---> RIL [token id 33, data len 0]
D/RILC    ( 1177): [qcril.c:2380] Android=>RIL [ label = "RIL_REQUEST_OPERATOR - Token 33" ];
I/RILJ    ( 1333): [0036]> QUERY_NETWORK_SELECTION_MODE
I/RILJ    ( 1333): RILRequest.obtain() request=22, OPERATOR
I/RILJ    ( 1333): [0037]> OPERATOR
I/RILJ    ( 1333): RILRequest.obtain() request=21, GPRS_REGISTRATION_STATE
I/RILJ    ( 1333): [0038]> GPRS_REGISTRATION_STATE
D/RILC    ( 1177): [qcril_cm_ons.c:10251] Current operator not available: system mode 5 ( srv status 1 )
D/RILC    ( 1177): [qcril_cm.c:5443] Reply to RIL --> Current operator full name : 
D/RILC    ( 1177): [qcril_cm.c:5444] Reply to RIL --> Current operator short name : 
D/RILC    ( 1177): [qcril_cm.c:5445] Reply to RIL --> Current operator MCCMNC : 
D/RILC    ( 1177): [qcril.c:3965] RIL=>Android [ label = "RIL_REQUEST_OPERATOR - , Token 33, Success" ];
D/RILC    ( 1177): [qcril.c:3970] UI <--- RIL_REQUEST_OPERATOR (22) Complete --- RIL [Token 33, RIL_E_SUCCESS, Len 12 ]
W/RILC    ( 1177): [ril.cpp:1489] [0033]< OPERATOR {,,}
I/RILJ    ( 1333): [0033]< OPERATOR {, , }
W/RILC    ( 1177): [ril.cpp:390] processCommandBuffer() request=21,token=34
W/RILC    ( 1177): [ril.cpp:409] request=21, pRI->pCI->requestNumber=21
W/RILC    ( 1177): [ril.cpp:437] TOKEN=34 REQ_NUM=0021 GPRS_REGISTRATION_STATE 
D/RILC    ( 1177): [qcril.c:2361] UI --- RIL_REQUEST_GPRS_REGISTRATION_STATE (21) ---> RIL [token id 34, data len 0]
D/RILC    ( 1177): [qcril.c:2380] Android=>RIL [ label = "RIL_REQUEST_GPRS_REGISTRATION_STATE - Token 34" ];
D/RILC    ( 1177): [qcril_cm_util.c:261] Current System : srv status 1, sys mode 5, roam status 1
D/RILC    ( 1177): [qcril_cm_util.c:372] NO SERVICE
D/RILC    ( 1177): [qcril_cm.c:5169] GPRS Registration State: Not registered/Actively searching, LAC: (null), CID: (null), RadioTech: Unknown
D/RILC    ( 1177): [qcril.c:3965] RIL=>Android [ label = "RIL_REQUEST_GPRS_REGISTRATION_STATE - Not registered/Actively searching, Unknown, Token 34, Success" ];
D/RILC    ( 1177): [qcril.c:3970] UI <--- RIL_REQUEST_GPRS_REGISTRATION_STATE (21) Complete --- RIL [Token 34, RIL_E_SUCCESS, Len 16 Not registered/Actively searching, Unknown]
W/RILC    ( 1177): [ril.cpp:1489] [0034]< GPRS_REGISTRATION_STATE {2,(null),(null),0}
W/RILC    ( 1177): [ril.cpp:390] processCommandBuffer() request=20,token=35
W/RILC    ( 1177): [ril.cpp:409] request=20, pRI->pCI->requestNumber=20
W/RILC    ( 1177): [ril.cpp:437] TOKEN=35 REQ_NUM=0020 REGISTRATION_STATE 
D/RILC    ( 1177): [qcril.c:2361] UI --- RIL_REQUEST_REGISTRATION_STATE (20) ---> RIL [token id 35, data len 0]
D/RILC    ( 1177): [qcril.c:2380] Android=>RIL [ label = "RIL_REQUEST_REGISTRATION_STATE - Token 35" ];
D/RILC    ( 1177): [qcril_cm_util.c:261] Current System : srv status 1, sys mode 5, roam status 1
D/RILC    ( 1177): [qcril_cm_util.c:372] NO SERVICE
D/RILC    ( 1177): [qcril_cm_util.c:1374] Reject cause value = 0
D/RILC    ( 1177): [qcril_cm_util.c:1375] Registration status = Not registered/Actively searching
D/RILC    ( 1177): [qcril_cm_util.c:1435] Reject cause value sent to UI = 0
D/RILC    ( 1177): [qcril_cm.c:5120] Registration State: Not registered/Actively searching, RadioTech: Unknown, LAC: (null), CID: (null), BSID: (null), BSLat: (null), BSLong: (null)
D/RILC    ( 1177): [qcril_cm.c:5123]                     CCS: (null), SID: (null), NID: (null), RoamStatus: (null), PRL: (null), DefRoamStatus: (null), RejReason: 0
D/RILC    ( 1177): [qcril.c:3965] RIL=>Android [ label = "RIL_REQUEST_REGISTRATION_STATE - Not registered/Actively searching, Token 35, Success" ];
D/RILC    ( 1177): [qcril.c:3970] UI <--- RIL_REQUEST_REGISTRATION_STATE (20) Complete --- RIL [Token 35, RIL_E_SUCCESS, Len 56 Not registered/Actively searching]
W/RILC    ( 1177): [ril.cpp:1489] [0035]< REGISTRATION_STATE {2,(null),(null),0,(null),(null),(null),(null),(null),(null),(null),(null),(null),0}
W/RILC    ( 1177): [ril.cpp:390] processCommandBuffer() request=45,token=36
W/RILC    ( 1177): [ril.cpp:409] request=45, pRI->pCI->requestNumber=45
W/RILC    ( 1177): [ril.cpp:437] TOKEN=36 REQ_NUM=0045 QUERY_NETWORK_SELECTION_MODE 
D/RILC    ( 1177): [qcril.c:2361] UI --- RIL_REQUEST_QUERY_NETWORK_SELECTION_MODE (45) ---> RIL [token id 36, data len 0]
D/RILC    ( 1177): [qcril.c:2380] Android=>RIL [ label = "RIL_REQUEST_QUERY_NETWORK_SELECTION_MODE - Token 36" ];
D/RILC    ( 1177): [qcril_reqlist.c:168] Not found ReqList entry : token id 36
D/RILC    ( 1177): [qcril_reqlist.c:399] Event RIL_REQUEST_QUERY_NETWORK_SELECTION_MODE (45) pending receipt of CM_PH_EVENT_INFO, token id 36 [0x2eab8]
D/RILC    ( 1177): [qcril_reqlist.c:1064] ReqList entries : 
D/RILC    ( 1177): [qcril_reqlist.c:1070]     RIL_REQUEST_QUERY_NETWORK_SELECTION_MODE (45), token id 36
D/RILC    ( 1177): [qcril_cm.c:2321] RIL --- cm_ph_cmd_get_ph_info() ---> AMSS [Token ID 36 (0x24)]
D/RILC    ( 1177): [qcril_cm.c:2321] RIL=>AMSS [ label = "cm_ph_cmd_get_ph_info()" ];
D/RILC    ( 1177): [qcril_cm.c:3580] CM_PH_COMMAND_CALLBACK : Token ID 36
D/RILC    ( 1177): [qcril_event.c:402] Queued event CM_COMMAND_CALLBACK (12 bytes)
D/RILC    ( 1177): [qcril_event.c:288] qcril_event_main(): 1 items on queue
D/RILC    ( 1177): [qcril_event.c:309] De-queued event CM_COMMAND_CALLBACK (65537)
D/RILC    ( 1177): [qcril.c:2499] AMSS=>RIL [ label = "CM_COMMAND_CALLBACK" ];
D/RILC    ( 1177): [qcril.c:2508] RIL <--- CM_COMMAND_CALLBACK (65537) --- AMSS
D/RILC    ( 1177): [qcril_reqlist.c:159] Found ReqList entry : RIL_REQUEST_QUERY_NETWORK_SELECTION_MODE (45), token id 36
D/RILC    ( 1177): [qcril_reqlist.c:159] Found ReqList entry : RIL_REQUEST_QUERY_NETWORK_SELECTION_MODE (45), token id 36
D/RILC    ( 1177): [qcril_reqlist.c:659] Update ReqList entry : RIL_REQUEST_QUERY_NETWORK_SELECTION_MODE (45), token id 36, state QCRIL_REQ_AWAITING_MORE_AMSS_EVENTS
D/RILC    ( 1177): [qcril_cm.c:924] Change the state of ReqList entry to AWAITING_MORE_AMSS_EVENTS state : RIL_REQUEST_QUERY_NETWORK_SELECTION_MODE (45), Token ID 36, pending CM_PH_EVENT_INFO (69644)
D/RILC    ( 1177): [qcril.c:2536] Exit qcril_process_event() : CM_COMMAND_CALLBACK, err_no 0
D/RILC    ( 1177): [qcril_event.c:271] qcril_event_main(): Waiting...
D/RILC    ( 1177): [qcril_cm.c:3621] Received phonesvc event : CM_PH_EVENT_INFO (69644)
D/RILC    ( 1177): [qcril_event.c:402] Queued event CM_PH_EVENT_INFO (6552 bytes)
D/RILC    ( 1177): [qcril_event.c:288] qcril_event_main(): 1 items on queue
D/RILC    ( 1177): [qcril_event.c:309] De-queued event CM_PH_EVENT_INFO (69644)
D/RILC    ( 1177): [qcril.c:2499] AMSS=>RIL [ label = "CM_PH_EVENT_INFO" ];
D/RILC    ( 1177): [qcril.c:2508] RIL <--- CM_PH_EVENT_INFO (69644) --- AMSS
D/RILC    ( 1177): [qcril_cm.c:3860] GW subscription disabled
D/RILC    ( 1177): [qcril_cm.c:3872] CDMA subscription disabled
D/RILC    ( 1177): [qcril_cm.c:3895] Oprt mode: 5, Mode pref: 19, GW acq order: 2, Band pref: -1073741825, Roam pref: 255, Network sel mode: 0, plmn[0]=255, plmn[1]=255, plmn[2]=255, rtre control: 2
D/RILC    ( 1177): [qcril_reqlist.c:205] Found ReqList entry : RIL_REQUEST_QUERY_NETWORK_SELECTION_MODE (45), token id 36, pending CM_PH_EVENT_INFO (69644)
D/RILC    ( 1177): [qcril_cm.c:4165] Reply to RIL --> Automatic network selection mode
D/RILC    ( 1177): [qcril_reqlist.c:159] Found ReqList entry : RIL_REQUEST_QUERY_NETWORK_SELECTION_MODE (45), token id 36
D/RILC    ( 1177): [qcril_reqlist.c:598] Deleted ReqList entry : token id 36 [0x2eab8]
D/RILC    ( 1177): [qcril_reqlist.c:1060] ReqList entries : Empty
D/RILC    ( 1177): [qcril.c:3965] RIL=>Android [ label = "RIL_REQUEST_QUERY_NETWORK_SELECTION_MODE - Automatic, Token 36, Success" ];
D/RILC    ( 1177): [qcril.c:3970] UI <--- RIL_REQUEST_QUERY_NETWORK_SELECTION_MODE (45) Complete --- RIL [Token 36, RIL_E_SUCCESS, Len 4 Automatic]
W/RILC    ( 1177): [ril.cpp:1489] [0036]< QUERY_NETWORK_SELECTION_MODE {0}
D/RILC    ( 1177): [qcril.c:2536] Exit qcril_process_event() : CM_PH_EVENT_INFO, err_no 0
D/RILC    ( 1177): [qcril_event.c:271] qcril_event_main(): Waiting...
I/RILJ    ( 1333): [0034]< GPRS_REGISTRATION_STATE {2, null, null, 0}
I/RILJ    ( 1333): [0035]< REGISTRATION_STATE {2, null, null, 0, null, null, null, null, null, null, null, null, null, 0}
I/RILJ    ( 1333): [0036]< QUERY_NETWORK_SELECTION_MODE {0}
I/RILJ    ( 1333): RILRequest.obtain() request=20, REGISTRATION_STATE
I/RILJ    ( 1333): [0039]> REGISTRATION_STATE
W/RILC    ( 1177): [ril.cpp:390] processCommandBuffer() request=22,token=37
W/RILC    ( 1177): [ril.cpp:409] request=22, pRI->pCI->requestNumber=22
W/RILC    ( 1177): [ril.cpp:437] TOKEN=37 REQ_NUM=0022 OPERATOR 
D/RILC    ( 1177): [qcril.c:2361] UI --- RIL_REQUEST_OPERATOR (22) ---> RIL [token id 37, data len 0]
D/RILC    ( 1177): [qcril.c:2380] Android=>RIL [ label = "RIL_REQUEST_OPERATOR - Token 37" ];
D/RILC    ( 1177): [qcril_cm_ons.c:10251] Current operator not available: system mode 5 ( srv status 1 )
D/RILC    ( 1177): [qcril_cm.c:5443] Reply to RIL --> Current operator full name : 
D/RILC    ( 1177): [qcril_cm.c:5444] Reply to RIL --> Current operator short name : 
D/RILC    ( 1177): [qcril_cm.c:5445] Reply to RIL --> Current operator MCCMNC : 
D/RILC    ( 1177): [qcril.c:3965] RIL=>Android [ label = "RIL_REQUEST_OPERATOR - , Token 37, Success" ];
D/RILC    ( 1177): [qcril.c:3970] UI <--- RIL_REQUEST_OPERATOR (22) Complete --- RIL [Token 37, RIL_E_SUCCESS, Len 12 ]
W/RILC    ( 1177): [ril.cpp:1489] [0037]< OPERATOR {,,}
I/RILJ    ( 1333): [0037]< OPERATOR {, , }
W/RILC    ( 1177): [ril.cpp:390] processCommandBuffer() request=21,token=38
W/RILC    ( 1177): [ril.cpp:409] request=21, pRI->pCI->requestNumber=21
W/RILC    ( 1177): [ril.cpp:437] TOKEN=38 REQ_NUM=0021 GPRS_REGISTRATION_STATE 
D/RILC    ( 1177): [qcril.c:2361] UI --- RIL_REQUEST_GPRS_REGISTRATION_STATE (21) ---> RIL [token id 38, data len 0]
D/RILC    ( 1177): [qcril.c:2380] Android=>RIL [ label = "RIL_REQUEST_GPRS_REGISTRATION_STATE - Token 38" ];
D/RILC    ( 1177): [qcril_cm_util.c:261] Current System : srv status 1, sys mode 5, roam status 1
D/RILC    ( 1177): [qcril_cm_util.c:372] NO SERVICE
D/RILC    ( 1177): [qcril_cm.c:5169] GPRS Registration State: Not registered/Actively searching, LAC: (null), CID: (null), RadioTech: Unknown
D/RILC    ( 1177): [qcril.c:3965] RIL=>Android [ label = "RIL_REQUEST_GPRS_REGISTRATION_STATE - Not registered/Actively searching, Unknown, Token 38, Success" ];
D/RILC    ( 1177): [qcril.c:3970] UI <--- RIL_REQUEST_GPRS_REGISTRATION_STATE (21) Complete --- RIL [Token 38, RIL_E_SUCCESS, Len 16 Not registered/Actively searching, Unknown]
W/RILC    ( 1177): [ril.cpp:1489] [0038]< GPRS_REGISTRATION_STATE {2,(null),(null),0}
I/RILJ    ( 1333): [0038]< GPRS_REGISTRATION_STATE {2, null, null, 0}
W/RILC    ( 1177): [ril.cpp:390] processCommandBuffer() request=20,token=39
W/RILC    ( 1177): [ril.cpp:409] request=20, pRI->pCI->requestNumber=20
W/RILC    ( 1177): [ril.cpp:437] TOKEN=39 REQ_NUM=0020 REGISTRATION_STATE 
D/RILC    ( 1177): [qcril.c:2361] UI --- RIL_REQUEST_REGISTRATION_STATE (20) ---> RIL [token id 39, data len 0]
D/RILC    ( 1177): [qcril.c:2380] Android=>RIL [ label = "RIL_REQUEST_REGISTRATION_STATE - Token 39" ];
D/RILC    ( 1177): [qcril_cm_util.c:261] Current System : srv status 1, sys mode 5, roam status 1
D/RILC    ( 1177): [qcril_cm_util.c:372] NO SERVICE
D/RILC    ( 1177): [qcril_cm_util.c:1374] Reject cause value = 0
D/RILC    ( 1177): [qcril_cm_util.c:1375] Registration status = Not registered/Actively searching
D/RILC    ( 1177): [qcril_cm_util.c:1435] Reject cause value sent to UI = 0
D/RILC    ( 1177): [qcril_cm.c:5120] Registration State: Not registered/Actively searching, RadioTech: Unknown, LAC: (null), CID: (null), BSID: (null), BSLat: (null), BSLong: (null)
D/RILC    ( 1177): [qcril_cm.c:5123]                     CCS: (null), SID: (null), NID: (null), RoamStatus: (null), PRL: (null), DefRoamStatus: (null), RejReason: 0
D/RILC    ( 1177): [qcril.c:3965] RIL=>Android [ label = "RIL_REQUEST_REGISTRATION_STATE - Not registered/Actively searching, Token 39, Success" ];
D/RILC    ( 1177): [qcril.c:3970] UI <--- RIL_REQUEST_REGISTRATION_STATE (20) Complete --- RIL [Token 39, RIL_E_SUCCESS, Len 56 Not registered/Actively searching]
W/RILC    ( 1177): [ril.cpp:1489] [0039]< REGISTRATION_STATE {2,(null),(null),0,(null),(null),(null),(null),(null),(null),(null),(null),(null),0}
I/RILJ    ( 1333): RILRequest.obtain() request=45, QUERY_NETWORK_SELECTION_MODE
I/RILJ    ( 1333): [0040]> QUERY_NETWORK_SELECTION_MODE
I/RILJ    ( 1333): RILRequest.obtain() request=22, OPERATOR
I/RILJ    ( 1333): [0041]> OPERATOR
I/RILJ    ( 1333): RILRequest.obtain() request=21, GPRS_REGISTRATION_STATE
I/RILJ    ( 1333): [0042]> GPRS_REGISTRATION_STATE
I/RILJ    ( 1333): RILRequest.obtain() request=20, REGISTRATION_STATE
I/RILJ    ( 1333): [0043]> REGISTRATION_STATE
I/RILJ    ( 1333): RILRequest.obtain() request=45, QUERY_NETWORK_SELECTION_MODE
I/RILJ    ( 1333): [0044]> QUERY_NETWORK_SELECTION_MODE
D/RILC    ( 1177): [qcril_cm.c:5924] Received srvsys event : CM_SS_EVENT_RSSI (73729)
D/RILC    ( 1177): [qcril_event.c:402] Queued event CM_SS_EVENT_RSSI (3320 bytes)
D/RILC    ( 1177): [qcril_event.c:288] qcril_event_main(): 1 items on queue
D/RILC    ( 1177): [qcril_event.c:309] De-queued event CM_SS_EVENT_RSSI (73729)
D/RILC    ( 1177): [qcril.c:2499] AMSS=>RIL [ label = "CM_SS_EVENT_RSSI" ];
I/RILJ    ( 1333): [0039]< REGISTRATION_STATE {2, null, null, 0, null, null, null, null, null, null, null, null, null, 0}
D/RILC    ( 1177): [qcril.c:2508] RIL <--- CM_SS_EVENT_RSSI (73729) --- AMSS
D/RILC    ( 1177): [qcril_cm_ons.c:9610] [BRIGHTHY] Enter qcril_cm_srvsys_event_srv_changed
D/RILC    ( 1177): [qcril_cm.c:980] Serving System : srv status 1, sys mode 5, roam status 1, hdr_hybrid 0, hdr srv status 0, hdr roam status 0
D/RILC    ( 1177): [qcril.c:1905] Modem: On --> On, GW SIM: PIN --> PIN, CDMA SIM: Not ready --> Not ready, Mode Config: GW --> GW
D/RILC    ( 1177): [qcril.c:1911] Subscription: SIM --> SIM, Network: GW --> GW, Mode Preferred: GW --> GW [Event CM_SS_EVENT_RSSI (73729)]
D/RILC    ( 1177): [qcril.c:4027] UI <--- RIL_UNSOL_RESPONSE_NETWORK_STATE_CHANGED (1002) --- RIL [Len 0, limited service on UMTS]
D/RILC    ( 1177): [qcril.c:4030] RIL=>>Android [ label = "RIL_UNSOL_RESPONSE_NETWORK_STATE_CHANGED, limited service on UMTS" ];
W/RILC    ( 1177): [ril.cpp:1489] [UNSL]< UNSOL_RESPONSE_NETWORK_STATE_CHANGED 
D/RILC    ( 1177): [qcril_cm.c:5007] GW signal is available.
D/RILC    ( 1177): [qcril_cm.c:5046] Signal strength: gw_rssi: 13, gw_bit_error: 0, cdma_dbm: -1, cdma_ecio: -1, hdr_dbm: -1, hdr_ecio: -1, hdr_sinr: -1
D/RILC    ( 1177):  
D/RILC    ( 1177): [qcril.c:4035] UI <--- RIL_UNSOL_SIGNAL_STRENGTH (1009) --- RIL [Len 28]
D/RILC    ( 1177): [qcril.c:4038] RIL=>>Android [ label = "RIL_UNSOL_SIGNAL_STRENGTH" ];
W/RILC    ( 1177): [ril.cpp:1489] [UNSL]< UNSOL_SIGNAL_STRENGTH {[signalStrength=13,bitErrorRate=0,                CDMA_SignalStrength.dbm=-1,CDMA_SignalStrength.ecio=-1,                EVDO_SignalStrength.dbm =-1,EVDO_SignalStrength.ecio=-1,                EVDO_SignalStrength.signalNoiseRatio=-1]}
D/RILC    ( 1177): [qcril.c:2536] Exit qcril_process_event() : CM_SS_EVENT_RSSI, err_no 0
D/RILC    ( 1177): [qcril_event.c:271] qcril_event_main(): Waiting...
I/RILJ    ( 1333): [UNSL]< UNSOL_RESPONSE_NETWORK_STATE_CHANGED
I/RILJ    ( 1333): [UNSL]< UNSOL_SIGNAL_STRENGTH {13, 0, -1, -1, -1, -1, -1}
W/RILC    ( 1177): [ril.cpp:390] processCommandBuffer() request=45,token=40
W/RILC    ( 1177): [ril.cpp:409] request=45, pRI->pCI->requestNumber=45
W/RILC    ( 1177): [ril.cpp:437] TOKEN=40 REQ_NUM=0045 QUERY_NETWORK_SELECTION_MODE 
D/RILC    ( 1177): [qcril.c:2361] UI --- RIL_REQUEST_QUERY_NETWORK_SELECTION_MODE (45) ---> RIL [token id 40, data len 0]
D/RILC    ( 1177): [qcril.c:2380] Android=>RIL [ label = "RIL_REQUEST_QUERY_NETWORK_SELECTION_MODE - Token 40" ];
D/RILC    ( 1177): [qcril_reqlist.c:168] Not found ReqList entry : token id 40
D/RILC    ( 1177): [qcril_reqlist.c:399] Event RIL_REQUEST_QUERY_NETWORK_SELECTION_MODE (45) pending receipt of CM_PH_EVENT_INFO, token id 40 [0x2f910]
D/RILC    ( 1177): [qcril_reqlist.c:1064] ReqList entries : 
D/RILC    ( 1177): [qcril_reqlist.c:1070]     RIL_REQUEST_QUERY_NETWORK_SELECTION_MODE (45), token id 40
D/RILC    ( 1177): [qcril_cm.c:2321] RIL --- cm_ph_cmd_get_ph_info() ---> AMSS [Token ID 40 (0x28)]
D/RILC    ( 1177): [qcril_cm.c:2321] RIL=>AMSS [ label = "cm_ph_cmd_get_ph_info()" ];
W/RILC    ( 1177): [ril.cpp:390] processCommandBuffer() request=22,token=41
W/RILC    ( 1177): [ril.cpp:409] request=22, pRI->pCI->requestNumber=22
W/RILC    ( 1177): [ril.cpp:437] TOKEN=41 REQ_NUM=0022 OPERATOR 
D/RILC    ( 1177): [qcril.c:2361] UI --- RIL_REQUEST_OPERATOR (22) ---> RIL [token id 41, data len 0]
D/RILC    ( 1177): [qcril.c:2380] Android=>RIL [ label = "RIL_REQUEST_OPERATOR - Token 41" ];
D/RILC    ( 1177): [qcril_cm_ons.c:10251] Current operator not available: system mode 5 ( srv status 1 )
D/RILC    ( 1177): [qcril_cm.c:5443] Reply to RIL --> Current operator full name : 
D/RILC    ( 1177): [qcril_cm.c:5444] Reply to RIL --> Current operator short name : 
D/RILC    ( 1177): [qcril_cm.c:5445] Reply to RIL --> Current operator MCCMNC : 
D/RILC    ( 1177): [qcril.c:3965] RIL=>Android [ label = "RIL_REQUEST_OPERATOR - , Token 41, Success" ];
D/RILC    ( 1177): [qcril.c:3970] UI <--- RIL_REQUEST_OPERATOR (22) Complete --- RIL [Token 41, RIL_E_SUCCESS, Len 12 ]
W/RILC    ( 1177): [ril.cpp:1489] [0041]< OPERATOR {,,}
D/RILC    ( 1177): [qcril_cm.c:3580] CM_PH_COMMAND_CALLBACK : Token ID 40
D/RILC    ( 1177): [qcril_event.c:402] Queued event CM_COMMAND_CALLBACK (12 bytes)
D/RILC    ( 1177): [qcril_event.c:288] qcril_event_main(): 1 items on queue
D/RILC    ( 1177): [qcril_event.c:309] De-queued event CM_COMMAND_CALLBACK (65537)
D/RILC    ( 1177): [qcril.c:2499] AMSS=>RIL [ label = "CM_COMMAND_CALLBACK" ];
I/RILJ    ( 1333): [0041]< OPERATOR {, , }
D/RILC    ( 1177): [qcril.c:2508] RIL <--- CM_COMMAND_CALLBACK (65537) --- AMSS
D/RILC    ( 1177): [qcril_reqlist.c:159] Found ReqList entry : RIL_REQUEST_QUERY_NETWORK_SELECTION_MODE (45), token id 40
D/RILC    ( 1177): [qcril_reqlist.c:159] Found ReqList entry : RIL_REQUEST_QUERY_NETWORK_SELECTION_MODE (45), token id 40
D/RILC    ( 1177): [qcril_reqlist.c:659] Update ReqList entry : RIL_REQUEST_QUERY_NETWORK_SELECTION_MODE (45), token id 40, state QCRIL_REQ_AWAITING_MORE_AMSS_EVENTS
D/RILC    ( 1177): [qcril_cm.c:924] Change the state of ReqList entry to AWAITING_MORE_AMSS_EVENTS state : RIL_REQUEST_QUERY_NETWORK_SELECTION_MODE (45), Token ID 40, pending CM_PH_EVENT_INFO (69644)
D/RILC    ( 1177): [qcril.c:2536] Exit qcril_process_event() : CM_COMMAND_CALLBACK, err_no 0
D/RILC    ( 1177): [qcril_event.c:271] qcril_event_main(): Waiting...
W/RILC    ( 1177): [ril.cpp:390] processCommandBuffer() request=21,token=42
D/RILC    ( 1177): [qcril_cm.c:3621] Received phonesvc event : CM_PH_EVENT_INFO (69644)
D/RILC    ( 1177): [qcril_event.c:402] Queued event CM_PH_EVENT_INFO (6552 bytes)
D/RILC    ( 1177): [qcril_event.c:288] qcril_event_main(): 1 items on queue
D/RILC    ( 1177): [qcril_event.c:309] De-queued event CM_PH_EVENT_INFO (69644)
D/RILC    ( 1177): [qcril.c:2499] AMSS=>RIL [ label = "CM_PH_EVENT_INFO" ];
D/RILC    ( 1177): [qcril.c:2508] RIL <--- CM_PH_EVENT_INFO (69644) --- AMSS
D/RILC    ( 1177): [qcril_cm.c:3860] GW subscription disabled
D/RILC    ( 1177): [qcril_cm.c:3872] CDMA subscription disabled
D/RILC    ( 1177): [qcril_cm.c:3895] Oprt mode: 5, Mode pref: 19, GW acq order: 2, Band pref: -1073741825, Roam pref: 255, Network sel mode: 0, plmn[0]=255, plmn[1]=255, plmn[2]=255, rtre control: 2
D/RILC    ( 1177): [qcril_reqlist.c:205] Found ReqList entry : RIL_REQUEST_QUERY_NETWORK_SELECTION_MODE (45), token id 40, pending CM_PH_EVENT_INFO (69644)
D/RILC    ( 1177): [qcril_cm.c:4165] Reply to RIL --> Automatic network selection mode
D/RILC    ( 1177): [qcril_reqlist.c:159] Found ReqList entry : RIL_REQUEST_QUERY_NETWORK_SELECTION_MODE (45), token id 40
D/RILC    ( 1177): [qcril_reqlist.c:598] Deleted ReqList entry : token id 40 [0x2f910]
D/RILC    ( 1177): [qcril_reqlist.c:1060] ReqList entries : Empty
D/RILC    ( 1177): [qcril.c:3965] RIL=>Android [ label = "RIL_REQUEST_QUERY_NETWORK_SELECTION_MODE - Automatic, Token 40, Success" ];
D/RILC    ( 1177): [qcril.c:3970] UI <--- RIL_REQUEST_QUERY_NETWORK_SELECTION_MODE (45) Complete --- RIL [Token 40, RIL_E_SUCCESS, Len 4 Automatic]
W/RILC    ( 1177): [ril.cpp:1489] [0040]< QUERY_NETWORK_SELECTION_MODE {0}
D/RILC    ( 1177): [qcril.c:2536] Exit qcril_process_event() : CM_PH_EVENT_INFO, err_no 0
D/RILC    ( 1177): [qcril_event.c:271] qcril_event_main(): Waiting...
I/RILJ    ( 1333): [0040]< QUERY_NETWORK_SELECTION_MODE {0}
W/RILC    ( 1177): [ril.cpp:409] request=21, pRI->pCI->requestNumber=21
W/RILC    ( 1177): [ril.cpp:437] TOKEN=42 REQ_NUM=0021 GPRS_REGISTRATION_STATE 
D/RILC    ( 1177): [qcril.c:2361] UI --- RIL_REQUEST_GPRS_REGISTRATION_STATE (21) ---> RIL [token id 42, data len 0]
D/RILC    ( 1177): [qcril.c:2380] Android=>RIL [ label = "RIL_REQUEST_GPRS_REGISTRATION_STATE - Token 42" ];
D/RILC    ( 1177): [qcril_cm_util.c:261] Current System : srv status 1, sys mode 5, roam status 1
D/RILC    ( 1177): [qcril_cm_util.c:372] NO SERVICE
D/RILC    ( 1177): [qcril_cm.c:5169] GPRS Registration State: Not registered/Actively searching, LAC: (null), CID: (null), RadioTech: Unknown
D/RILC    ( 1177): [qcril.c:3965] RIL=>Android [ label = "RIL_REQUEST_GPRS_REGISTRATION_STATE - Not registered/Actively searching, Unknown, Token 42, Success" ];
D/RILC    ( 1177): [qcril.c:3970] UI <--- RIL_REQUEST_GPRS_REGISTRATION_STATE (21) Complete --- RIL [Token 42, RIL_E_SUCCESS, Len 16 Not registered/Actively searching, Unknown]
W/RILC    ( 1177): [ril.cpp:1489] [0042]< GPRS_REGISTRATION_STATE {2,(null),(null),0}
I/RILJ    ( 1333): [0042]< GPRS_REGISTRATION_STATE {2, null, null, 0}
W/RILC    ( 1177): [ril.cpp:390] processCommandBuffer() request=20,token=43
W/RILC    ( 1177): [ril.cpp:409] request=20, pRI->pCI->requestNumber=20
W/RILC    ( 1177): [ril.cpp:437] TOKEN=43 REQ_NUM=0020 REGISTRATION_STATE 
D/RILC    ( 1177): [qcril.c:2361] UI --- RIL_REQUEST_REGISTRATION_STATE (20) ---> RIL [token id 43, data len 0]
D/RILC    ( 1177): [qcril.c:2380] Android=>RIL [ label = "RIL_REQUEST_REGISTRATION_STATE - Token 43" ];
D/RILC    ( 1177): [qcril_cm_util.c:261] Current System : srv status 1, sys mode 5, roam status 1
D/RILC    ( 1177): [qcril_cm_util.c:372] NO SERVICE
D/RILC    ( 1177): [qcril_cm_util.c:1374] Reject cause value = 0
D/RILC    ( 1177): [qcril_cm_util.c:1375] Registration status = Not registered/Actively searching
D/RILC    ( 1177): [qcril_cm_util.c:1435] Reject cause value sent to UI = 0
D/RILC    ( 1177): [qcril_cm.c:5120] Registration State: Not registered/Actively searching, RadioTech: Unknown, LAC: (null), CID: (null), BSID: (null), BSLat: (null), BSLong: (null)
D/RILC    ( 1177): [qcril_cm.c:5123]                     CCS: (null), SID: (null), NID: (null), RoamStatus: (null), PRL: (null), DefRoamStatus: (null), RejReason: 0
D/RILC    ( 1177): [qcril.c:3965] RIL=>Android [ label = "RIL_REQUEST_REGISTRATION_STATE - Not registered/Actively searching, Token 43, Success" ];
D/RILC    ( 1177): [qcril.c:3970] UI <--- RIL_REQUEST_REGISTRATION_STATE (20) Complete --- RIL [Token 43, RIL_E_SUCCESS, Len 56 Not registered/Actively searching]
W/RILC    ( 1177): [ril.cpp:1489] [0043]< REGISTRATION_STATE {2,(null),(null),0,(null),(null),(null),(null),(null),(null),(null),(null),(null),0}
I/RILJ    ( 1333): [0043]< REGISTRATION_STATE {2, null, null, 0, null, null, null, null, null, null, null, null, null, 0}
W/RILC    ( 1177): [ril.cpp:390] processCommandBuffer() request=45,token=44
W/RILC    ( 1177): [ril.cpp:409] request=45, pRI->pCI->requestNumber=45
W/RILC    ( 1177): [ril.cpp:437] TOKEN=44 REQ_NUM=0045 QUERY_NETWORK_SELECTION_MODE 
D/RILC    ( 1177): [qcril.c:2361] UI --- RIL_REQUEST_QUERY_NETWORK_SELECTION_MODE (45) ---> RIL [token id 44, data len 0]
D/RILC    ( 1177): [qcril.c:2380] Android=>RIL [ label = "RIL_REQUEST_QUERY_NETWORK_SELECTION_MODE - Token 44" ];
D/RILC    ( 1177): [qcril_reqlist.c:168] Not found ReqList entry : token id 44
D/RILC    ( 1177): [qcril_reqlist.c:399] Event RIL_REQUEST_QUERY_NETWORK_SELECTION_MODE (45) pending receipt of CM_PH_EVENT_INFO, token id 44 [0x2f910]
D/RILC    ( 1177): [qcril_reqlist.c:1064] ReqList entries : 
