D/RILC    ( 1177): [qcril_cm.c:5046] Signal strength: gw_rssi: 12, gw_bit_error: 0, cdma_dbm: -1, cdma_ecio: -1, hdr_dbm: -1, hdr_ecio: -1, hdr_sinr: -1
D/RILC    ( 1177):  
D/RILC    ( 1177): [qcril.c:4035] UI <--- RIL_UNSOL_SIGNAL_STRENGTH (1009) --- RIL [Len 28]
D/RILC    ( 1177): [qcril.c:4038] RIL=>>Android [ label = "RIL_UNSOL_SIGNAL_STRENGTH" ];
W/RILC    ( 1177): [ril.cpp:1489] [UNSL]< UNSOL_SIGNAL_STRENGTH {[signalStrength=12,bitErrorRate=0,                CDMA_SignalStrength.dbm=-1,CDMA_SignalStrength.ecio=-1,                EVDO_SignalStrength.dbm =-1,EVDO_SignalStrength.ecio=-1,                EVDO_SignalStrength.signalNoiseRatio=-1]}
D/RILC    ( 1177): [qcril.c:2536] Exit qcril_process_event() : CM_SS_EVENT_RSSI, err_no 0
D/RILC    ( 1177): [qcril_event.c:271] qcril_event_main(): Waiting...
I/RILJ    ( 1333): [UNSL]< UNSOL_SIGNAL_STRENGTH {12, 0, -1, -1, -1, -1, -1}
D/RILC    ( 1177): [qcril_cm.c:5924] Received srvsys event : CM_SS_EVENT_INFO (73730)
D/RILC    ( 1177): [qcril_event.c:402] Queued event CM_SS_EVENT_INFO (3320 bytes)
D/RILC    ( 1177): [qcril_event.c:288] qcril_event_main(): 1 items on queue
D/RILC    ( 1177): [qcril_event.c:309] De-queued event CM_SS_EVENT_INFO (73730)
D/RILC    ( 1177): [qcril.c:2499] AMSS=>RIL [ label = "CM_SS_EVENT_INFO" ];
D/RILC    ( 1177): [qcril.c:2508] RIL <--- CM_SS_EVENT_INFO (73730) --- AMSS
D/RILC    ( 1177): [qcril_cm_ons.c:9610] [BRIGHTHY] Enter qcril_cm_srvsys_event_srv_changed
D/RILC    ( 1177): [qcril_cm.c:980] Serving System : srv status 1, sys mode 5, roam status 1, hdr_hybrid 0, hdr srv status 0, hdr roam status 0
D/RILC    ( 1177): [qcril.c:1905] Modem: On --> On, GW SIM: PIN --> PIN, CDMA SIM: Not ready --> Not ready, Mode Config: GW --> GW
D/RILC    ( 1177): [qcril.c:1911] Subscription: SIM --> SIM, Network: GW --> GW, Mode Preferred: GW --> GW [Event CM_SS_EVENT_INFO (73730)]
D/RILC    ( 1177): [qcril.c:4027] UI <--- RIL_UNSOL_RESPONSE_NETWORK_STATE_CHANGED (1002) --- RIL [Len 0, limited service on UMTS]
D/RILC    ( 1177): [qcril.c:4030] RIL=>>Android [ label = "RIL_UNSOL_RESPONSE_NETWORK_STATE_CHANGED, limited service on UMTS" ];
W/RILC    ( 1177): [ril.cpp:1489] [UNSL]< UNSOL_RESPONSE_NETWORK_STATE_CHANGED 
D/RILC    ( 1177): [qcril_cm.c:5007] GW signal is available.
D/RILC    ( 1177): [qcril_cm.c:5046] Signal strength: gw_rssi: 13, gw_bit_error: 0, cdma_dbm: -1, cdma_ecio: -1, hdr_dbm: -1, hdr_ecio: -1, hdr_sinr: -1
D/RILC    ( 1177):  
D/RILC    ( 1177): [qcril.c:4035] UI <--- RIL_UNSOL_SIGNAL_STRENGTH (1009) --- RIL [Len 28]
D/RILC    ( 1177): [qcril.c:4038] RIL=>>Android [ label = "RIL_UNSOL_SIGNAL_STRENGTH" ];
W/RILC    ( 1177): [ril.cpp:1489] [UNSL]< UNSOL_SIGNAL_STRENGTH {[signalStrength=13,bitErrorRate=0,                CDMA_SignalStrength.dbm=-1,CDMA_SignalStrength.ecio=-1,                EVDO_SignalStrength.dbm =-1,EVDO_SignalStrength.ecio=-1,                EVDO_SignalStrength.signalNoiseRatio=-1]}
D/RILC    ( 1177): [qcril.c:2536] Exit qcril_process_event() : CM_SS_EVENT_INFO, err_no 0
D/RILC    ( 1177): [qcril_event.c:271] qcril_event_main(): Waiting...
I/RILJ    ( 1333): [UNSL]< UNSOL_RESPONSE_NETWORK_STATE_CHANGED
I/RILJ    ( 1333): [UNSL]< UNSOL_SIGNAL_STRENGTH {13, 0, -1, -1, -1, -1, -1}
I/RILJ    ( 1333): RILRequest.obtain() request=22, OPERATOR
I/RILJ    ( 1333): [0059]> OPERATOR
I/RILJ    ( 1333): RILRequest.obtain() request=21, GPRS_REGISTRATION_STATE
I/RILJ    ( 1333): [0060]> GPRS_REGISTRATION_STATE
I/RILJ    ( 1333): RILRequest.obtain() request=20, REGISTRATION_STATE
I/RILJ    ( 1333): [0061]> REGISTRATION_STATE
W/RILC    ( 1177): [ril.cpp:390] processCommandBuffer() request=22,token=59
W/RILC    ( 1177): [ril.cpp:409] request=22, pRI->pCI->requestNumber=22
W/RILC    ( 1177): [ril.cpp:437] TOKEN=59 REQ_NUM=0022 OPERATOR 
D/RILC    ( 1177): [qcril.c:2361] UI --- RIL_REQUEST_OPERATOR (22) ---> RIL [token id 59, data len 0]
D/RILC    ( 1177): [qcril.c:2380] Android=>RIL [ label = "RIL_REQUEST_OPERATOR - Token 59" ];
D/RILC    ( 1177): [qcril_cm_ons.c:10251] Current operator not available: system mode 5 ( srv status 1 )
D/RILC    ( 1177): [qcril_cm.c:5443] Reply to RIL --> Current operator full name : 
D/RILC    ( 1177): [qcril_cm.c:5444] Reply to RIL --> Current operator short name : 
D/RILC    ( 1177): [qcril_cm.c:5445] Reply to RIL --> Current operator MCCMNC : 
D/RILC    ( 1177): [qcril.c:3965] RIL=>Android [ label = "RIL_REQUEST_OPERATOR - , Token 59, Success" ];
D/RILC    ( 1177): [qcril.c:3970] UI <--- RIL_REQUEST_OPERATOR (22) Complete --- RIL [Token 59, RIL_E_SUCCESS, Len 12 ]
W/RILC    ( 1177): [ril.cpp:1489] [0059]< OPERATOR {,,}
W/RILC    ( 1177): [ril.cpp:390] processCommandBuffer() request=21,token=60
W/RILC    ( 1177): [ril.cpp:409] request=21, pRI->pCI->requestNumber=21
W/RILC    ( 1177): [ril.cpp:437] TOKEN=60 REQ_NUM=0021 GPRS_REGISTRATION_STATE 
D/RILC    ( 1177): [qcril.c:2361] UI --- RIL_REQUEST_GPRS_REGISTRATION_STATE (21) ---> RIL [token id 60, data len 0]
D/RILC    ( 1177): [qcril.c:2380] Android=>RIL [ label = "RIL_REQUEST_GPRS_REGISTRATION_STATE - Token 60" ];
D/RILC    ( 1177): [qcril_cm_util.c:261] Current System : srv status 1, sys mode 5, roam status 1
D/RILC    ( 1177): [qcril_cm_util.c:372] NO SERVICE
D/RILC    ( 1177): [qcril_cm.c:5169] GPRS Registration State: Not registered/Actively searching, LAC: (null), CID: (null), RadioTech: Unknown
D/RILC    ( 1177): [qcril.c:3965] RIL=>Android [ label = "RIL_REQUEST_GPRS_REGISTRATION_STATE - Not registered/Actively searching, Unknown, Token 60, Success" ];
D/RILC    ( 1177): [qcril.c:3970] UI <--- RIL_REQUEST_GPRS_REGISTRATION_STATE (21) Complete --- RIL [Token 60, RIL_E_SUCCESS, Len 16 Not registered/Actively searching, Unknown]
W/RILC    ( 1177): [ril.cpp:1489] [0060]< GPRS_REGISTRATION_STATE {2,(null),(null),0}
I/RILJ    ( 1333): [0059]< OPERATOR {, , }
W/RILC    ( 1177): [ril.cpp:390] processCommandBuffer() request=20,token=61
W/RILC    ( 1177): [ril.cpp:409] request=20, pRI->pCI->requestNumber=20
W/RILC    ( 1177): [ril.cpp:437] TOKEN=61 REQ_NUM=0020 REGISTRATION_STATE 
D/RILC    ( 1177): [qcril.c:2361] UI --- RIL_REQUEST_REGISTRATION_STATE (20) ---> RIL [token id 61, data len 0]
D/RILC    ( 1177): [qcril.c:2380] Android=>RIL [ label = "RIL_REQUEST_REGISTRATION_STATE - Token 61" ];
D/RILC    ( 1177): [qcril_cm_util.c:261] Current System : srv status 1, sys mode 5, roam status 1
D/RILC    ( 1177): [qcril_cm_util.c:372] NO SERVICE
D/RILC    ( 1177): [qcril_cm_util.c:1374] Reject cause value = 0
D/RILC    ( 1177): [qcril_cm_util.c:1375] Registration status = Not registered/Actively searching
D/RILC    ( 1177): [qcril_cm_util.c:1435] Reject cause value sent to UI = 0
D/RILC    ( 1177): [qcril_cm.c:5120] Registration State: Not registered/Actively searching, RadioTech: Unknown, LAC: (null), CID: (null), BSID: (null), BSLat: (null), BSLong: (null)
D/RILC    ( 1177): [qcril_cm.c:5123]                     CCS: (null), SID: (null), NID: (null), RoamStatus: (null), PRL: (null), DefRoamStatus: (null), RejReason: 0
D/RILC    ( 1177): [qcril.c:3965] RIL=>Android [ label = "RIL_REQUEST_REGISTRATION_STATE - Not registered/Actively searching, Token 61, Success" ];
D/RILC    ( 1177): [qcril.c:3970] UI <--- RIL_REQUEST_REGISTRATION_STATE (20) Complete --- RIL [Token 61, RIL_E_SUCCESS, Len 56 Not registered/Actively searching]
W/RILC    ( 1177): [ril.cpp:1489] [0061]< REGISTRATION_STATE {2,(null),(null),0,(null),(null),(null),(null),(null),(null),(null),(null),(null),0}
I/RILJ    ( 1333): [0060]< GPRS_REGISTRATION_STATE {2, null, null, 0}
I/RILJ    ( 1333): [0061]< REGISTRATION_STATE {2, null, null, 0, null, null, null, null, null, null, null, null, null, 0}
I/RILJ    ( 1333): RILRequest.obtain() request=45, QUERY_NETWORK_SELECTION_MODE
I/RILJ    ( 1333): [0062]> QUERY_NETWORK_SELECTION_MODE
W/RILC    ( 1177): [ril.cpp:390] processCommandBuffer() request=45,token=62
W/RILC    ( 1177): [ril.cpp:409] request=45, pRI->pCI->requestNumber=45
W/RILC    ( 1177): [ril.cpp:437] TOKEN=62 REQ_NUM=0045 QUERY_NETWORK_SELECTION_MODE 
D/RILC    ( 1177): [qcril.c:2361] UI --- RIL_REQUEST_QUERY_NETWORK_SELECTION_MODE (45) ---> RIL [token id 62, data len 0]
D/RILC    ( 1177): [qcril.c:2380] Android=>RIL [ label = "RIL_REQUEST_QUERY_NETWORK_SELECTION_MODE - Token 62" ];
D/RILC    ( 1177): [qcril_reqlist.c:168] Not found ReqList entry : token id 62
D/RILC    ( 1177): [qcril_reqlist.c:399] Event RIL_REQUEST_QUERY_NETWORK_SELECTION_MODE (45) pending receipt of CM_PH_EVENT_INFO, token id 62 [0x2eab8]
D/RILC    ( 1177): [qcril_reqlist.c:1064] ReqList entries : 
D/RILC    ( 1177): [qcril_reqlist.c:1070]     RIL_REQUEST_QUERY_NETWORK_SELECTION_MODE (45), token id 62
D/RILC    ( 1177): [qcril_cm.c:2321] RIL --- cm_ph_cmd_get_ph_info() ---> AMSS [Token ID 62 (0x3e)]
D/RILC    ( 1177): [qcril_cm.c:2321] RIL=>AMSS [ label = "cm_ph_cmd_get_ph_info()" ];
D/RILC    ( 1177): [qcril_cm.c:3580] CM_PH_COMMAND_CALLBACK : Token ID 62
D/RILC    ( 1177): [qcril_event.c:402] Queued event CM_COMMAND_CALLBACK (12 bytes)
D/RILC    ( 1177): [qcril_event.c:288] qcril_event_main(): 1 items on queue
D/RILC    ( 1177): [qcril_event.c:309] De-queued event CM_COMMAND_CALLBACK (65537)
D/RILC    ( 1177): [qcril.c:2499] AMSS=>RIL [ label = "CM_COMMAND_CALLBACK" ];
D/RILC    ( 1177): [qcril.c:2508] RIL <--- CM_COMMAND_CALLBACK (65537) --- AMSS
D/RILC    ( 1177): [qcril_reqlist.c:159] Found ReqList entry : RIL_REQUEST_QUERY_NETWORK_SELECTION_MODE (45), token id 62
D/RILC    ( 1177): [qcril_reqlist.c:159] Found ReqList entry : RIL_REQUEST_QUERY_NETWORK_SELECTION_MODE (45), token id 62
D/RILC    ( 1177): [qcril_reqlist.c:659] Update ReqList entry : RIL_REQUEST_QUERY_NETWORK_SELECTION_MODE (45), token id 62, state QCRIL_REQ_AWAITING_MORE_AMSS_EVENTS
D/RILC    ( 1177): [qcril_cm.c:924] Change the state of ReqList entry to AWAITING_MORE_AMSS_EVENTS state : RIL_REQUEST_QUERY_NETWORK_SELECTION_MODE (45), Token ID 62, pending CM_PH_EVENT_INFO (69644)
D/RILC    ( 1177): [qcril.c:2536] Exit qcril_process_event() : CM_COMMAND_CALLBACK, err_no 0
D/RILC    ( 1177): [qcril_event.c:271] qcril_event_main(): Waiting...
D/RILC    ( 1177): [qcril_cm.c:3621] Received phonesvc event : CM_PH_EVENT_INFO (69644)
D/RILC    ( 1177): [qcril_event.c:402] Queued event CM_PH_EVENT_INFO (6552 bytes)
D/RILC    ( 1177): [qcril_event.c:288] qcril_event_main(): 1 items on queue
D/RILC    ( 1177): [qcril_event.c:309] De-queued event CM_PH_EVENT_INFO (69644)
D/RILC    ( 1177): [qcril.c:2499] AMSS=>RIL [ label = "CM_PH_EVENT_INFO" ];
D/RILC    ( 1177): [qcril.c:2508] RIL <--- CM_PH_EVENT_INFO (69644) --- AMSS
D/RILC    ( 1177): [qcril_cm.c:3860] GW subscription disabled
D/RILC    ( 1177): [qcril_cm.c:3872] CDMA subscription disabled
D/RILC    ( 1177): [qcril_cm.c:3895] Oprt mode: 5, Mode pref: 19, GW acq order: 2, Band pref: -1073741825, Roam pref: 255, Network sel mode: 0, plmn[0]=255, plmn[1]=255, plmn[2]=255, rtre control: 2
D/RILC    ( 1177): [qcril_reqlist.c:205] Found ReqList entry : RIL_REQUEST_QUERY_NETWORK_SELECTION_MODE (45), token id 62, pending CM_PH_EVENT_INFO (69644)
D/RILC    ( 1177): [qcril_cm.c:4165] Reply to RIL --> Automatic network selection mode
D/RILC    ( 1177): [qcril_reqlist.c:159] Found ReqList entry : RIL_REQUEST_QUERY_NETWORK_SELECTION_MODE (45), token id 62
D/RILC    ( 1177): [qcril_reqlist.c:598] Deleted ReqList entry : token id 62 [0x2eab8]
D/RILC    ( 1177): [qcril_reqlist.c:1060] ReqList entries : Empty
D/RILC    ( 1177): [qcril.c:3965] RIL=>Android [ label = "RIL_REQUEST_QUERY_NETWORK_SELECTION_MODE - Automatic, Token 62, Success" ];
D/RILC    ( 1177): [qcril.c:3970] UI <--- RIL_REQUEST_QUERY_NETWORK_SELECTION_MODE (45) Complete --- RIL [Token 62, RIL_E_SUCCESS, Len 4 Automatic]
W/RILC    ( 1177): [ril.cpp:1489] [0062]< QUERY_NETWORK_SELECTION_MODE {0}
D/RILC    ( 1177): [qcril.c:2536] Exit qcril_process_event() : CM_PH_EVENT_INFO, err_no 0
D/RILC    ( 1177): [qcril_event.c:271] qcril_event_main(): Waiting...
I/RILJ    ( 1333): [0062]< QUERY_NETWORK_SELECTION_MODE {0}
E/GSM     ( 1333): Wrong network type: 0
E/GSM     ( 1333): Wrong network type: 0
D/GSM     ( 1333): Poll ServiceState done:  oldSS=[1 home     Unknown CSS not supported 0 0RoamInd: 0DefRoamInd: 0] newSS=[1 home     Unknown CSS not supported -1 -1RoamInd: -1DefRoamInd: -1] oldGprs=1 newGprs=1 oldType=unknown newType=unknown
W/GSM     ( 1333): countryCodeForMcc errorjava.lang.StringIndexOutOfBoundsException
D/RILC    ( 1177): [qcril_cm.c:5924] Received srvsys event : CM_SS_EVENT_RSSI (73729)
D/RILC    ( 1177): [qcril_event.c:402] Queued event CM_SS_EVENT_RSSI (3320 bytes)
D/RILC    ( 1177): [qcril_event.c:288] qcril_event_main(): 1 items on queue
D/RILC    ( 1177): [qcril_event.c:309] De-queued event CM_SS_EVENT_RSSI (73729)
D/RILC    ( 1177): [qcril.c:2499] AMSS=>RIL [ label = "CM_SS_EVENT_RSSI" ];
D/RILC    ( 1177): [qcril.c:2508] RIL <--- CM_SS_EVENT_RSSI (73729) --- AMSS
D/RILC    ( 1177): [qcril_cm_ons.c:9610] [BRIGHTHY] Enter qcril_cm_srvsys_event_srv_changed
D/RILC    ( 1177): [qcril_cm.c:980] Serving System : srv status 1, sys mode 5, roam status 1, hdr_hybrid 0, hdr srv status 0, hdr roam status 0
D/RILC    ( 1177): [qcril.c:1905] Modem: On --> On, GW SIM: PIN --> PIN, CDMA SIM: Not ready --> Not ready, Mode Config: GW --> GW
D/RILC    ( 1177): [qcril.c:1911] Subscription: SIM --> SIM, Network: GW --> GW, Mode Preferred: GW --> GW [Event CM_SS_EVENT_RSSI (73729)]
D/RILC    ( 1177): [qcril_cm.c:5007] GW signal is available.
D/RILC    ( 1177): [qcril_cm.c:5046] Signal strength: gw_rssi: 13, gw_bit_error: 0, cdma_dbm: -1, cdma_ecio: -1, hdr_dbm: -1, hdr_ecio: -1, hdr_sinr: -1
D/RILC    ( 1177):  
D/RILC    ( 1177): [qcril.c:4035] UI <--- RIL_UNSOL_SIGNAL_STRENGTH (1009) --- RIL [Len 28]
D/RILC    ( 1177): [qcril.c:4038] RIL=>>Android [ label = "RIL_UNSOL_SIGNAL_STRENGTH" ];
W/RILC    ( 1177): [ril.cpp:1489] [UNSL]< UNSOL_SIGNAL_STRENGTH {[signalStrength=13,bitErrorRate=0,                CDMA_SignalStrength.dbm=-1,CDMA_SignalStrength.ecio=-1,                EVDO_SignalStrength.dbm =-1,EVDO_SignalStrength.ecio=-1,                EVDO_SignalStrength.signalNoiseRatio=-1]}
D/RILC    ( 1177): [qcril.c:2536] Exit qcril_process_event() : CM_SS_EVENT_RSSI, err_no 0
D/RILC    ( 1177): [qcril_event.c:271] qcril_event_main(): Waiting...
I/RILJ    ( 1333): [UNSL]< UNSOL_SIGNAL_STRENGTH {13, 0, -1, -1, -1, -1, -1}
