D/RILC    ( 1233): [qcril_reqlist.c:205] Found ReqList entry : RIL_REQUEST_RADIO_POWER (23), token id 298, pending INTERNAL_CM_CARD_STATUS_UPDATED (65541)
D/RILC    ( 1233): [qcril_reqlist.c:159] Found ReqList entry : RIL_REQUEST_RADIO_POWER (23), token id 298
D/RILC    ( 1233): [qcril_reqlist.c:659] Update ReqList entry : RIL_REQUEST_RADIO_POWER (23), token id 298, state QCRIL_REQ_AWAITING_MORE_AMSS_EVENTS
D/RILC    ( 1233): [qcril_reqlist.c:159] Found ReqList entry : RIL_REQUEST_RADIO_POWER (23), token id 298
D/RILC    ( 1233): [qcril_reqlist.c:710] Update event field of ReqList entry : RIL_REQUEST_RADIO_POWER (23), token id 298, pending CM_PH_EVENT_OPRT_MODE (69632)
D/RILC    ( 1233): [qcril_cm.c:1617] RIL --- cm_ph_cmd_oprt_mode() ---> AMSS [LPM]
D/RILC    ( 1233): [qcril_cm.c:1617] RIL=>AMSS [ label = "cm_ph_cmd_oprt_mode() - LPM" ];
D/RILC    ( 1233): [qcril_mmgsdi.c:1040] qcril_mmgsdi_command_callback: cnf = 0x13, status = 0x0
D/RILC    ( 1233): [qcril_mmgsdi.c:1052] qcril_mmgsdi_command_callback qcril_event_queue2
D/RILC    ( 1233): [qcril_event.c:402] Queued event MMGSDI_COMMAND_CALLBACK (260 bytes)
D/RILC    ( 1233): [qcril.c:2536] Exit qcril_process_event() : INTERNAL_CM_CARD_STATUS_UPDATED, err_no 0
D/RILC    ( 1233): [qcril_mmgsdi.c:1464] qcril_mmgsdi_update_curr_card_state new state 0x6: gw_update 0x1, cdma_update 0x0
D/RILC    ( 1233): [qcril_mmgsdi.c:1470] New next_gw_sim_state 0x6 
D/RILC    ( 1233): [qcril_mmgsdi.c:2052] Card Status 
D/RILC    ( 1233): [qcril_mmgsdi.c:2062]  -Card_State: RIL_CARDSTATE_ERROR
D/RILC    ( 1233): [qcril_mmgsdi.c:2006]  -Universal Pin State: RIL_PINSTATE_UNKNOWN
D/RILC    ( 1233): [qcril_mmgsdi.c:2112] GW Subscription App Not Available
D/RILC    ( 1233): [qcril_mmgsdi.c:2154] CDMA Subscription App Not Available
D/RILC    ( 1233): [qcril_mmgsdi.c:2157] Number Applications 0x0
D/RILC    ( 1233): [qcril.c:4035] UI <--- RIL_UNSOL_RESPONSE_SIM_STATUS_CHANGED (1019) --- RIL [Len 0]
D/RILC    ( 1233): [qcril.c:4038] RIL=>>Android [ label = "RIL_UNSOL_RESPONSE_SIM_STATUS_CHANGED" ];
W/RILC    ( 1233): [ril.cpp:1489] [UNSL]< UNSOL_RESPONSE_SIM_STATUS_CHANGED 
D/RILC    ( 1233): [qcril_mmgsdi.c:4345]  new modem state 0x2,  new GW sim state 0x6,  new CDMA sim state 0x2 
D/RILC    ( 1233): [qcril.c:1905] Modem: On --> On, GW SIM: Ready --> Error, CDMA SIM: Ready --> Ready, Mode Config: GW --> GW
D/RILC    ( 1233): [qcril.c:1911] Subscription: SIM --> SIM, Network: GW --> GW, Mode Preferred: GW --> GW [Event MMGSDI_EVENT_CALLBACK (196612)]
D/RILC    ( 1233): [qcril.c:2044] --- [ label = "Radio State Change: SIM Ready -> SIM locked or absent" ];
D/RILC    ( 1233): [qcril.c:2051] RadioState SIM Ready --> SIM locked or absent [Event MMGSDI_EVENT_CALLBACK (196612)]
D/RILC    ( 1233): [qcril.c:2060] Delay the reporting of any RIL_UNSOL_RESPONSE_RADIO_STATE_CHANGE
D/RILC    ( 1233): [qcril.c:2094] Modem state changes to off or GW SIM state changes to Absent/Error/PUK/NotReady, check GW subscription not available reporting
D/RILC    ( 1233): [qcril.c:2493] RIL=>RIL [ label = "INTERNAL_CM_DISABLE_SUBSCRIPTION" ];
D/RILC    ( 1233): [qcril.c:2494] RIL --- INTERNAL_CM_DISABLE_SUBSCRIPTION (65539) ---> RIL
D/RILC    ( 1233): [qcril_cm.c:1421] Disable GW subscription
D/RILC    ( 1233): [qcril_cm.c:1441] RIL --- cm_ph_cmd_subscription_not_available() ---> AMSS [ GW ]
D/RILC    ( 1233): [qcril_cm.c:1441] RIL=>AMSS [ label = "cm_ph_cmd_subscription_not_available() -  GW " ];
I/RILJ    ( 1417): [UNSL]< UNSOL_RESPONSE_SIM_STATUS_CHANGED
D/RILC    ( 1233): [qcril_cm.c:3580] CM_PH_COMMAND_CALLBACK : Token ID 298
D/RILC    ( 1233): [qcril_event.c:402] Queued event CM_COMMAND_CALLBACK (12 bytes)
D/RILC    ( 1233): [qcril.c:2536] Exit qcril_process_event() : INTERNAL_CM_DISABLE_SUBSCRIPTION, err_no 0
D/RILC    ( 1233): [qcril.c:2536] Exit qcril_process_event() : MMGSDI_EVENT_CALLBACK, err_no 0
D/RILC    ( 1233): [qcril_event.c:271] qcril_event_main(): Waiting...
D/RILC    ( 1233): [qcril_event.c:288] qcril_event_main(): 2 items on queue
D/RILC    ( 1233): [qcril_event.c:309] De-queued event MMGSDI_COMMAND_CALLBACK (196609)
D/RILC    ( 1233): [qcril.c:2499] AMSS=>RIL [ label = "MMGSDI_COMMAND_CALLBACK" ];
D/RILC    ( 1233): [qcril.c:2508] RIL <--- MMGSDI_COMMAND_CALLBACK (196609) --- AMSS
D/RILC    ( 1233): [qcril_mmgsdi.c:4052] qcril_mmgsdi_process_command_callback: QCRIL_EVT_MMGSDI_COMMAND_CALLBACK
D/RILC    ( 1233): [qcril_mmgsdi.c:4093] Cnf 0x13 status 0x0/n
D/RILC    ( 1233): [qcril.c:2536] Exit qcril_process_event() : MMGSDI_COMMAND_CALLBACK, err_no 0
D/RILC    ( 1233): [qcril_event.c:309] De-queued event CM_COMMAND_CALLBACK (65537)
D/RILC    ( 1233): [qcril.c:2499] AMSS=>RIL [ label = "CM_COMMAND_CALLBACK" ];
D/RILC    ( 1233): [qcril.c:2508] RIL <--- CM_COMMAND_CALLBACK (65537) --- AMSS
D/RILC    ( 1233): [qcril_reqlist.c:159] Found ReqList entry : RIL_REQUEST_RADIO_POWER (23), token id 298
D/RILC    ( 1233): [qcril_reqlist.c:159] Found ReqList entry : RIL_REQUEST_RADIO_POWER (23), token id 298
D/RILC    ( 1233): [qcril_reqlist.c:659] Update ReqList entry : RIL_REQUEST_RADIO_POWER (23), token id 298, state QCRIL_REQ_AWAITING_MORE_AMSS_EVENTS
D/RILC    ( 1233): [qcril_cm.c:924] Change the state of ReqList entry to AWAITING_MORE_AMSS_EVENTS state : RIL_REQUEST_RADIO_POWER (23), Token ID 298, pending CM_PH_EVENT_OPRT_MODE (69632)
D/RILC    ( 1233): [qcril.c:2536] Exit qcril_process_event() : CM_COMMAND_CALLBACK, err_no 0
D/RILC    ( 1233): [qcril_event.c:271] qcril_event_main(): Waiting...
D/GSM     ( 1417): Received Event EVENT_SIM_STATUS_CHANGED
I/RILJ    ( 1417): RILRequest.obtain() request=1, GET_SIM_STATUS
I/RILJ    ( 1417): [0299]> GET_SIM_STATUS
W/RILC    ( 1233): [ril.cpp:390] processCommandBuffer() request=1,token=299
W/RILC    ( 1233): [ril.cpp:409] request=1, pRI->pCI->requestNumber=1
W/RILC    ( 1233): [ril.cpp:437] TOKEN=299 REQ_NUM=0001 GET_SIM_STATUS 
D/RILC    ( 1233): [qcril.c:2361] UI --- RIL_REQUEST_GET_SIM_STATUS (1) ---> RIL [token id 299, data len 0]
D/RILC    ( 1233): [qcril.c:2380] Android=>RIL [ label = "RIL_REQUEST_GET_SIM_STATUS - Token 299" ];
D/RILC    ( 1233): [qcril_mmgsdi_common.c:2590] qcril_mmgsdi_request_get_sim_status 
D/RILC    ( 1233): [qcril_reqlist.c:168] Not found ReqList entry : token id 299
D/RILC    ( 1233): [qcril_reqlist.c:399] Event RIL_REQUEST_GET_SIM_STATUS (1) pending receipt of <none>, token id 299 [0x2c488]
D/RILC    ( 1233): [qcril_reqlist.c:1064] ReqList entries : 
D/RILC    ( 1233): [qcril_reqlist.c:1070]     RIL_REQUEST_RADIO_POWER (23), token id 298
D/RILC    ( 1233): [qcril_reqlist.c:1070]     RIL_REQUEST_GET_SIM_STATUS (1), token id 299
D/RILC    ( 1233): [qcril_mmgsdi.c:171] mmgsdi status 0x0 -> RIL_E_SUCCESS
D/RILC    ( 1233): [qcril_reqlist.c:159] Found ReqList entry : RIL_REQUEST_GET_SIM_STATUS (1), token id 299
D/RILC    ( 1233): [qcril_reqlist.c:159] Found ReqList entry : RIL_REQUEST_GET_SIM_STATUS (1), token id 299
D/RILC    ( 1233): [qcril_reqlist.c:598] Deleted ReqList entry : token id 299 [0x2c488]
D/RILC    ( 1233): [qcril_reqlist.c:1064] ReqList entries : 
D/RILC    ( 1233): [qcril_reqlist.c:1070]     RIL_REQUEST_RADIO_POWER (23), token id 298
D/RILC    ( 1233): [qcril.c:3965] RIL=>Android [ label = "RIL_REQUEST_GET_SIM_STATUS - Card Error, Token 299, Success" ];
D/RILC    ( 1233): [qcril.c:3970] UI <--- RIL_REQUEST_GET_SIM_STATUS (1) Complete --- RIL [Token 299, RIL_E_SUCCESS, Len 276 Card Error]
E/RILC    ( 1233):  response: responseSimStatus
W/RILC    ( 1233): [ril.cpp:1489] [0299]< GET_SIM_STATUS {}
I/RILJ    ( 1417): [0299]< GET_SIM_STATUS ICC_ABSENT
D/GSM     ( 1417): 2) status : 
E/GSM     ( 1417): 2) status : ICC_READY
D/GSM     ( 1417): 2) status : 
E/GSM     ( 1417): 2) status : ICC_ABSENT
D/GSM     ( 1417): 2) status : 
E/GSM     ( 1417): 2) status : ICC_ABSENT
I/RILJ    ( 1417): RILRequest.obtain() request=136, RIL_REQUEST_GET_UNLOCK_RETRY_COUNT
I/RILJ    ( 1417): [0300]> RIL_REQUEST_GET_UNLOCK_RETRY_COUNT
W/RILC    ( 1233): [ril.cpp:390] processCommandBuffer() request=136,token=300
W/RILC    ( 1233): [ril.cpp:409] request=136, pRI->pCI->requestNumber=136
W/RILC    ( 1233): [ril.cpp:437] TOKEN=300 REQ_NUM=0136 GET_UNLOCK_RETRY_COUNT 
D/RILC    ( 1233): [qcril.c:2361] UI --- RIL_REQUEST_GET_UNLOCK_RETRY_COUNT (136) ---> RIL [token id 300, data len 0]
D/RILC    ( 1233): [qcril.c:2380] Android=>RIL [ label = "RIL_REQUEST_GET_UNLOCK_RETRY_COUNT - Token 300" ];
D/RILC    ( 1233): [qcril_mmgsdi_common.c:3111] qcril_mmgsdi_request_get_unlock_retrey_count
D/RILC    ( 1233): [qcril_reqlist.c:168] Not found ReqList entry : token id 300
D/RILC    ( 1233): [qcril_reqlist.c:399] Event RIL_REQUEST_GET_UNLOCK_RETRY_COUNT (136) pending receipt of <none>, token id 300 [0x2c488]
D/RILC    ( 1233): [qcril_reqlist.c:1064] ReqList entries : 
D/RILC    ( 1233): [qcril_reqlist.c:1070]     RIL_REQUEST_RADIO_POWER (23), token id 298
D/RILC    ( 1233): [qcril_reqlist.c:1070]     RIL_REQUEST_GET_UNLOCK_RETRY_COUNT (136), token id 300
D/RILC    ( 1233): [qcril_mmgsdi_common.c:3128] mmgsdi_request_get_unlock_retry_count function is called..
D/GSM     ( 1417): [GsmSimCard] handleSimStatus()...getSIMUnlockRetryCount()
D/GSM     ( 1417): [GsmSimCard] Notify SIM missing.
D/GSM     ( 1417): [GsmSimCard] Broadcasting intent SIM_STATE_CHANGED_ACTION ABSENT reason null
D/RILC    ( 1233): [qcril_mmgsdi_common.c:3131] [mmgsdi_request_get_unlock_retry_count] out_len = 3(3)
D/RILC    ( 1233): [qcril_mmgsdi_common.c:3146] Reply to RIL --> GET RETRY COUNT
D/RILC    ( 1233): [qcril_mmgsdi_common.c:3148] mmgsdi_request_get_unlock_retry_count (86, 10,10, 3)
D/RILC    ( 1233): [qcril_mmgsdi_common.c:3150] mmgsdi_request_get_unlock_retry_count (86, 10,10, 3)
D/RILC    ( 1233): [qcril_reqlist.c:159] Found ReqList entry : RIL_REQUEST_GET_UNLOCK_RETRY_COUNT (136), token id 300
D/RILC    ( 1233): [qcril_reqlist.c:598] Deleted ReqList entry : token id 300 [0x2c488]
D/RILC    ( 1233): [qcril_reqlist.c:1064] ReqList entries : 
D/RILC    ( 1233): [qcril_reqlist.c:1070]     RIL_REQUEST_RADIO_POWER (23), token id 298
D/RILC    ( 1233): [qcril.c:3965] RIL=>Android [ label = "RIL_REQUEST_GET_UNLOCK_RETRY_COUNT - Token 300, Success" ];
D/RILC    ( 1233): [qcril.c:3970] UI <--- RIL_REQUEST_GET_UNLOCK_RETRY_COUNT (136) Complete --- RIL [Token 300, RIL_E_SUCCESS, Len 3 ]
W/RILC    ( 1233): [ril.cpp:1489] RIL_SIMLockInfo [flag=0x6e40aad0, attemptsLeft=86,retry_count_max=10],}
I/RILJ    ( 1417): [0300]< RIL_REQUEST_GET_UNLOCK_RETRY_COUNT com.android.internal.telephony.gsm.SIMLockInfo@2e2a0928 flag: 86 attemptsLeft: 10 retry_count_max: 10
D/GSM     ( 1417): [GsmSimCard] storeSIMLockInfoOnBoot: 86:10:10
D/RILC    ( 1233): [qcril_cm.c:3621] Received phonesvc event : CM_PH_EVENT_OPRT_MODE (69632)
D/RILC    ( 1233): [qcril_event.c:402] Queued event CM_PH_EVENT_OPRT_MODE (6552 bytes)
D/RILC    ( 1233): [qcril_event.c:288] qcril_event_main(): 1 items on queue
D/RILC    ( 1233): [qcril_event.c:309] De-queued event CM_PH_EVENT_OPRT_MODE (69632)
D/RILC    ( 1233): [qcril.c:2499] AMSS=>RIL [ label = "CM_PH_EVENT_OPRT_MODE" ];
D/RILC    ( 1233): [qcril.c:2508] RIL <--- CM_PH_EVENT_OPRT_MODE (69632) --- AMSS
D/RILC    ( 1233): [qcril_reqlist.c:205] Found ReqList entry : RIL_REQUEST_RADIO_POWER (23), token id 298, pending CM_PH_EVENT_OPRT_MODE (69632)
D/RILC    ( 1233): [qcril_cm.c:3686] Enable rs notification
D/RILC    ( 1233): [qcril_cm.c:3690] Reply to RIL --> Radio Off
D/RILC    ( 1233): [qcril_reqlist.c:159] Found ReqList entry : RIL_REQUEST_RADIO_POWER (23), token id 298
D/RILC    ( 1233): [qcril_reqlist.c:598] Deleted ReqList entry : token id 298 [0x2c470]
D/RILC    ( 1233): [qcril_reqlist.c:1060] ReqList entries : Empty
D/RILC    ( 1233): [qcril.c:3965] RIL=>Android [ label = "RIL_REQUEST_RADIO_POWER - Token 298, Success" ];
D/RILC    ( 1233): [qcril.c:3970] UI <--- RIL_REQUEST_RADIO_POWER (23) Complete --- RIL [Token 298, RIL_E_SUCCESS, Len 0 ]
W/RILC    ( 1233): [ril.cpp:1489] [0298]< RADIO_POWER
D/RILC    ( 1233): [qcril.c:1905] Modem: On --> Off, GW SIM: Error --> Error, CDMA SIM: Ready --> Ready, Mode Config: GW --> GW
D/RILC    ( 1233): [qcril.c:1911] Subscription: SIM --> SIM, Network: GW --> GW, Mode Preferred: GW --> GW [Event CM_PH_EVENT_OPRT_MODE (69632)]
D/RILC    ( 1233): [qcril.c:2044] --- [ label = "Radio State Change: SIM locked or absent -> Radio Off" ];
D/RILC    ( 1233): [qcril.c:2051] RadioState SIM locked or absent --> Radio Off [Event CM_PH_EVENT_OPRT_MODE (69632)]
D/RILC    ( 1233): [qcril.c:4035] UI <--- RIL_UNSOL_RESPONSE_RADIO_STATE_CHANGED (1000) --- RIL [Len 0]
D/RILC    ( 1233): [qcril.c:4038] RIL=>>Android [ label = "RIL_UNSOL_RESPONSE_RADIO_STATE_CHANGED" ];
D/RILC    ( 1233): [qcril.c:2591] currentState() -> Radio Off(0)
D/RILC    ( 1233): [qcril.c:2594] Android=>Android [ label = "currentState() - Radio Off" ];
D/RILC    ( 1233): [qcril.c:2591] currentState() -> Radio Off(0)
D/RILC    ( 1233): [qcril.c:2594] Android=>Android [ label = "currentState() - Radio Off" ];
W/RILC    ( 1233): [ril.cpp:1489] [UNSL]< UNSOL_RESPONSE_RADIO_STATE_CHANGED  {RADIO_OFF}
D/RILC    ( 1233): [qcril.c:2094] Modem state changes to off or GW SIM state changes to Absent/Error/PUK/NotReady, check GW subscription not available reporting
D/RILC    ( 1233): [qcril.c:2493] RIL=>RIL [ label = "INTERNAL_CM_DISABLE_SUBSCRIPTION" ];
D/RILC    ( 1233): [qcril.c:2494] RIL --- INTERNAL_CM_DISABLE_SUBSCRIPTION (65539) ---> RIL
D/RILC    ( 1233): [qcril_cm.c:1421] Disable GW subscription
D/RILC    ( 1233): [qcril_cm.c:1441] RIL --- cm_ph_cmd_subscription_not_available() ---> AMSS [ GW ]
D/RILC    ( 1233): [qcril_cm.c:1441] RIL=>AMSS [ label = "cm_ph_cmd_subscription_not_available() -  GW " ];
I/RILJ    ( 1417): [0298]< RADIO_POWER 
I/RILJ    ( 1417): [UNSL]< UNSOL_RESPONSE_RADIO_STATE_CHANGED SIM_READY
D/RILB    ( 1417): Notifying: radio off or not available
D/GSM     ( 1417): Poll ServiceState done:  oldSS=[0 home o2 - de O2 26207  Unknown CSS not supported -1 -1RoamInd: -1DefRoamInd: -1] newSS=[3 home null null null  Unknown CSS not supported -1 -1RoamInd: -1DefRoamInd: -1] oldGprs=0 newGprs=0 oldType=HSDPA newType=HSDPA
D/GSM     ( 1417): [BRIGHTHY] ss state: 3OUT_OF_SERVICE - display NO Service
D/GSM     ( 1417): 2) status : 
E/GSM     ( 1417): 2) status : ICC_ABSENT
D/GSM     ( 1417): 2) status : 
E/GSM     ( 1417): 2) status : ICC_ABSENT
D/GSM     ( 1417): Operator Flex Code : KTF
D/GSM     ( 1417): Enter Not RGS : opr code:KTF
D/GSM     ( 1417): Not Normal Service - showPlmn: true showSpn false
D/GSM     ( 1417): [BRIGHTHY] ss state: 3OUT_OF_SERVICE - display NO Service
D/GSM     ( 1417): 2) status : 
E/GSM     ( 1417): 2) status : ICC_ABSENT
D/GSM     ( 1417): 2) status : 
E/GSM     ( 1417): 2) status : ICC_ABSENT
D/RILC    ( 1233): [qcril.c:2536] Exit qcril_process_event() : INTERNAL_CM_DISABLE_SUBSCRIPTION, err_no 0
D/RILC    ( 1233): [qcril.c:2536] Exit qcril_process_event() : CM_PH_EVENT_OPRT_MODE, err_no 0
D/RILC    ( 1233): [qcril_event.c:271] qcril_event_main(): Waiting...
D/RILC    ( 1233): [qcril_cm.c:3621] Received phonesvc event : CM_PH_EVENT_SUBSCRIPTION_NOT_AVAILABLE (69648)
D/RILC    ( 1233): [qcril_event.c:402] Queued event CM_PH_EVENT_SUBSCRIPTION_NOT_AVAILABLE (6552 bytes)
D/RILC    ( 1233): [qcril_event.c:288] qcril_event_main(): 1 items on queue
D/RILC    ( 1233): [qcril_event.c:309] De-queued event CM_PH_EVENT_SUBSCRIPTION_NOT_AVAILABLE (69648)
D/RILC    ( 1233): [qcril.c:2499] AMSS=>RIL [ label = "CM_PH_EVENT_SUBSCRIPTION_NOT_AVAILABLE" ];
D/RILC    ( 1233): [qcril.c:2508] RIL <--- CM_PH_EVENT_SUBSCRIPTION_NOT_AVAILABLE (69648) --- AMSS
D/RILC    ( 1233): [qcril_cm.c:4723] GW subscription disabled
D/RILC    ( 1233): [qcril_cm.c:4730] CDMA subscription disabled
D/RILC    ( 1233): [qcril.c:2536] Exit qcril_process_event() : CM_PH_EVENT_SUBSCRIPTION_NOT_AVAILABLE, err_no 0
D/RILC    ( 1233): [qcril_event.c:271] qcril_event_main(): Waiting...
D/RILC    ( 1233): [qcril_cm.c:3548] GW subscription disabled
V/GSM     ( 1417): [getMCCfromFlex] mccFromFlex: 450
D/RILC    ( 1233): [qcril_cm.c:5924] Received srvsys event : CM_SS_EVENT_RSSI (73729)
D/RILC    ( 1233): [qcril_event.c:402] Queued event CM_SS_EVENT_RSSI (3320 bytes)
D/RILC    ( 1233): [qcril_event.c:288] qcril_event_main(): 1 items on queue
D/RILC    ( 1233): [qcril_event.c:309] De-queued event CM_SS_EVENT_RSSI (73729)
D/RILC    ( 1233): [qcril.c:2499] AMSS=>RIL [ label = "CM_SS_EVENT_RSSI" ];
D/RILC    ( 1233): [qcril.c:2508] RIL <--- CM_SS_EVENT_RSSI (73729) --- AMSS
D/RILC    ( 1233): [qcril_cm_ons.c:9610] [BRIGHTHY] Enter qcril_cm_srvsys_event_srv_changed
D/RILC    ( 1233): [qcril_cm.c:980] Serving System : srv status 0, sys mode 0, roam status 0, hdr_hybrid 0, hdr srv status 0, hdr roam status 0
D/RILC    ( 1233): [qcril_cm.c:1002] System mode 0
D/RILC    ( 1233): [qcril.c:1905] Modem: Off --> Off, GW SIM: Error --> Error, CDMA SIM: Ready --> Ready, Mode Config: GW --> GW
D/RILC    ( 1233): [qcril.c:1911] Subscription: SIM --> SIM, Network: GW --> No service, Mode Preferred: GW --> GW [Event CM_SS_EVENT_RSSI (73729)]
D/RILC    ( 1233): [qcril.c:4027] UI <--- RIL_UNSOL_RESPONSE_NETWORK_STATE_CHANGED (1002) --- RIL [Len 0, No service on No service]
D/RILC    ( 1233): [qcril.c:4030] RIL=>>Android [ label = "RIL_UNSOL_RESPONSE_NETWORK_STATE_CHANGED, No service on No service" ];
W/RILC    ( 1233): [ril.cpp:1489] [UNSL]< UNSOL_RESPONSE_NETWORK_STATE_CHANGED 
I/RILJ    ( 1417): [UNSL]< UNSOL_RESPONSE_NETWORK_STATE_CHANGED
D/RILC    ( 1233): [qcril_cm.c:5046] Signal strength: gw_rssi: 99, gw_bit_error: 99, cdma_dbm: -1, cdma_ecio: -1, hdr_dbm: -1, hdr_ecio: -1, hdr_sinr: -1
D/RILC    ( 1233):  
D/RILC    ( 1233): [qcril.c:4035] UI <--- RIL_UNSOL_SIGNAL_STRENGTH (1009) --- RIL [Len 28]
D/RILC    ( 1233): [qcril.c:4038] RIL=>>Android [ label = "RIL_UNSOL_SIGNAL_STRENGTH" ];
W/RILC    ( 1233): [ril.cpp:1489] [UNSL]< UNSOL_SIGNAL_STRENGTH {[signalStrength=99,bitErrorRate=99,                CDMA_SignalStrength.dbm=-1,CDMA_SignalStrength.ecio=-1,                EVDO_SignalStrength.dbm =-1,EVDO_SignalStrength.ecio=-1,                EVDO_SignalStrength.signalNoiseRatio=-1]}
I/RILJ    ( 1417): [UNSL]< UNSOL_SIGNAL_STRENGTH {99, 99, -1, -1, -1, -1, -1}
D/RILC    ( 1233): [qcril.c:2536] Exit qcril_process_event() : CM_SS_EVENT_RSSI, err_no 0
D/RILC    ( 1233): [qcril_event.c:271] qcril_event_main(): Waiting...
D/RILC    ( 1233): [qcril_cm.c:5924] Received srvsys event : CM_SS_EVENT_SRV_CHANGED (73728)
D/RILC    ( 1233): [qcril_event.c:402] Queued event CM_SS_EVENT_SRV_CHANGED (3320 bytes)
D/RILC    ( 1233): [qcril_event.c:288] qcril_event_main(): 1 items on queue
D/RILC    ( 1233): [qcril_event.c:309] De-queued event CM_SS_EVENT_SRV_CHANGED (73728)
D/RILC    ( 1233): [qcril.c:2499] AMSS=>RIL [ label = "CM_SS_EVENT_SRV_CHANGED" ];
D/RILC    ( 1233): [qcril.c:2508] RIL <--- CM_SS_EVENT_SRV_CHANGED (73728) --- AMSS
D/RILC    ( 1233): [qcril_cm_ons.c:9610] [BRIGHTHY] Enter qcril_cm_srvsys_event_srv_changed
D/RILC    ( 1233): [qcril_cm.c:980] Serving System : srv status 0, sys mode 0, roam status 0, hdr_hybrid 0, hdr srv status 0, hdr roam status 0
D/RILC    ( 1233): [qcril_cm.c:1002] System mode 0
D/RILC    ( 1233): [qcril_cm.c:6093] [KT OTA] srv_status: 0 OTAMode: 0
D/RILC    ( 1233): [qcril_reqlist.c:215] Not found ReqList entry waiting for CM_SS_EVENT_SRV_CHANGED (73728)
D/RILC    ( 1233): [qcril.c:1905] Modem: Off --> Off, GW SIM: Error --> Error, CDMA SIM: Ready --> Ready, Mode Config: GW --> GW
D/RILC    ( 1233): [qcril.c:1911] Subscription: SIM --> SIM, Network: No service --> No service, Mode Preferred: GW --> GW [Event CM_SS_EVENT_SRV_CHANGED (73728)]
D/RILC    ( 1233): [qcril.c:4027] UI <--- RIL_UNSOL_RESPONSE_NETWORK_STATE_CHANGED (1002) --- RIL [Len 0, No service on No service]
D/RILC    ( 1233): [qcril.c:4030] RIL=>>Android [ label = "RIL_UNSOL_RESPONSE_NETWORK_STATE_CHANGED, No service on No service" ];
W/RILC    ( 1233): [ril.cpp:1489] [UNSL]< UNSOL_RESPONSE_NETWORK_STATE_CHANGED 
I/RILJ    ( 1417): [UNSL]< UNSOL_RESPONSE_NETWORK_STATE_CHANGED
D/RILC    ( 1233): [qcril_cm.c:5046] Signal strength: gw_rssi: 99, gw_bit_error: 99, cdma_dbm: -1, cdma_ecio: -1, hdr_dbm: -1, hdr_ecio: -1, hdr_sinr: -1
D/RILC    ( 1233):  
D/RILC    ( 1233): [qcril.c:4035] UI <--- RIL_UNSOL_SIGNAL_STRENGTH (1009) --- RIL [Len 28]
D/RILC    ( 1233): [qcril.c:4038] RIL=>>Android [ label = "RIL_UNSOL_SIGNAL_STRENGTH" ];
W/RILC    ( 1233): [ril.cpp:1489] [UNSL]< UNSOL_SIGNAL_STRENGTH {[signalStrength=99,bitErrorRate=99,                CDMA_SignalStrength.dbm=-1,CDMA_SignalStrength.ecio=-1,                EVDO_SignalStrength.dbm =-1,EVDO_SignalStrength.ecio=-1,                EVDO_SignalStrength.signalNoiseRatio=-1]}
I/RILJ    ( 1417): [UNSL]< UNSOL_SIGNAL_STRENGTH {99, 99, -1, -1, -1, -1, -1}
D/RILC    ( 1233): [qcril.c:2536] Exit qcril_process_event() : CM_SS_EVENT_SRV_CHANGED, err_no 0
D/RILC    ( 1233): [qcril_event.c:271] qcril_event_main(): Waiting...
D/GSM     ( 1417): [GsmDataConnectionTracker] Radio is off and clean up all connection
D/GSM     ( 1417): [GsmDataConnectionTracker] Clean up connection due to radioTurnedOff
D/GSM     ( 1417): [GsmDataConnectionTracker] setState: DISCONNECTING
D/GSM     ( 1417): [PdpConnection] DataConnection.clearSettings()
D/GSM     ( 1417): [DataConnection] Stop poll NetStat
D/GSM     ( 1417): [GsmDataConnectionTracker] setState: IDLE
D/GSM     ( 1417): 1) status : 
D/GSM     ( 1417): [GsmSimCard] Broadcasting intent SIM_STATE_CHANGED_ACTION NOT_READY reason null
I/RILJ    ( 1417): RILRequest.obtain() request=75, REQUEST_GET_NEIGHBORING_CELL_IDS
I/RILJ    ( 1417): [0301]> REQUEST_GET_NEIGHBORING_CELL_IDS
W/RILC    ( 1233): [ril.cpp:390] processCommandBuffer() request=75,token=301
W/RILC    ( 1233): [ril.cpp:409] request=75, pRI->pCI->requestNumber=75
W/RILC    ( 1233): [ril.cpp:437] TOKEN=301 REQ_NUM=0075 GET_NEIGHBORING_CELL_IDS 
D/RILC    ( 1233): [qcril.c:2361] UI --- RIL_REQUEST_GET_NEIGHBORING_CELL_IDS (75) ---> RIL [token id 301, data len 0]
D/RILC    ( 1233): [qcril.c:2380] Android=>RIL [ label = "RIL_REQUEST_GET_NEIGHBORING_CELL_IDS - Token 301" ];
D/RILC    ( 1233): [qcril.c:2209] Ignore RIL_REQUEST_GET_NEIGHBORING_CELL_IDS, unsupported state.
D/RILC    ( 1233): [qcril.c:2445] UI <--- RIL_REQUEST_GET_NEIGHBORING_CELL_IDS (75) Complete --- RIL [Token Id 301, RIL_E_RADIO_NOT_AVAILABLE]
D/RILC    ( 1233): [qcril.c:3910] RIL=>Android [ label = "RIL_REQUEST_GET_NEIGHBORING_CELL_IDS, Token 301, Radio Not Available" ];
D/RILC    ( 1233): [qcril.c:3913] UI <--- RIL_REQUEST_GET_NEIGHBORING_CELL_IDS (75) Complete --- RIL [Token 301, Radio Not Available]
W/RILC    ( 1233): [ril.cpp:1489] [0301]< GET_NEIGHBORING_CELL_IDS fails by E_RAIDO_NOT_AVAILABLE
D/RILJ    ( 1417): [0301]< REQUEST_GET_NEIGHBORING_CELL_IDS error: com.android.internal.telephony.CommandException: RADIO_NOT_AVAILABLE
D/GSM     ( 1417): Poll ServiceState done:  oldSS=[3 home null null null  Unknown CSS not supported -1 -1RoamInd: -1DefRoamInd: -1] newSS=[3 home null null null  Unknown CSS not supported -1 -1RoamInd: -1DefRoamInd: -1] oldGprs=0 newGprs=0 oldType=HSDPA newType=HSDPA
D/GSM     ( 1417): Poll ServiceState done:  oldSS=[3 home null null null  Unknown CSS not supported -1 -1RoamInd: -1DefRoamInd: -1] newSS=[3 home null null null  Unknown CSS not supported -1 -1RoamInd: -1DefRoamInd: -1] oldGprs=0 newGprs=0 oldType=HSDPA newType=HSDPA
