D/PowerManagerService( 1286): acquireWakeLock flags=0x1 tag=ActivityManager-Sleep
D/PowerManagerService( 1286): acquireWakeLock flags=0x1 tag=AlarmManager
D/MobileNetwork( 1648): pause()
D/PowerManagerService( 1286): releaseWakeLock flags=0x1 tag=ActivityManager-Sleep
D/PowerManagerService( 1286): releaseWakeLock flags=0x1 tag=AlarmManager
W/LockPatternKeyguardView( 1286): simState getInitialMode: READY
W/LockPatternKeyguardView( 1286): else
E/LGDRM   ( 1286): [DRMERR] drmUtilGetFilename() : Fail to OPEN file
D/LockScreen( 1286): Updating Lock Screen text to Sim
D/PowerManagerService( 1286): acquireWakeLock flags=0x1 tag=RILJ
D/PowerManagerService( 1286): releaseWakeLock flags=0x1 tag=sleep_broadcast
D/PowerManagerService( 1286): releaseWakeLock flags=0x1 tag=RILJ
E/dun_service( 1224): The value returned from dun_getusbmodemstate_fromsys is 2 
D/KeyguardUpdateMonitor( 1286): received broadcast android.intent.action.BATTERY_CHANGED
W/LockPatternKeyguardView( 1286): simState getUnlockMode: READY
W/LockPatternKeyguardView( 1286): simState getUnlockMode: READY
W/LockPatternKeyguardView( 1286): simState getUnlockMode: READY
D/KeyguardUpdateMonitor( 1286): handleBatteryUpdate
V/DeviceStorageMonitorService( 1286): DEFAULT_THRESHOLD_PERCENTAGE
V/DeviceStorageMonitorService( 1286): freeMemory=177799168
V/DeviceStorageMonitorService( 1286): memThreshold=19739440
D/PowerManagerService( 1286): setScreenOffTimeouts mKeylightDelay=3000 mDimDelay=20000 mScreenOffDelay=7000 mDimScreen=true
D/PowerManagerService( 1286): setScreenOffTimeouts mKeylightDelay=3000 mDimDelay=20000 mScreenOffDelay=7000 mDimScreen=true
D/KeyguardViewMediator( 1286): wakeWhenReadyLocked(82)
D/PowerManagerService( 1286): acquireWakeLock flags=0x1 tag=keyguardWakeAndHandOff
D/KeyguardViewMediator( 1286): handleWakeWhenReady(82)
D/LockPatternKeyguardView( 1286): onWakeKey
D/LockPatternKeyguardView( 1286): poking wake lock immediately
D/KeyguardViewMediator( 1286): pokeWakelock(5000)
D/PowerManagerService( 1286): acquireWakeLock flags=0x1000001a tag=keyguard
D/PowerManagerService( 1286): wakeup here mUserState=0x0 mWakeLockState=0x7 previous wakeLockState=0x0
D/PowerManagerService( 1286): setPowerState: mPowerState=0x0 newState=0x7 noChangeLights=false
D/PowerManagerService( 1286): setPowerState: mPowerState=0 newState=7 noChangeLights=false
D/PowerManagerService( 1286):   oldKeyboardBright=false newKeyboardBright=false
D/PowerManagerService( 1286):   oldScreenBright=false newScreenBright=true
D/PowerManagerService( 1286):   oldButtonBright=false newButtonBright=true
D/PowerManagerService( 1286):   oldScreenOn=false newScreenOn=true
D/PowerManagerService( 1286):   oldBatteryLow=false newBatteryLow=false
D/PowerManagerService( 1286): UpdateLightsLocked 1
I/PowerManagerService( 1286): Setting target 2: cur=0.0 target=102 delta=6.8 nominalCurrentValue=0
D/PowerManagerService( 1286): UpdateLightsLocked brightness_screen = 102
D/PowerManagerService( 1286): getPreferredALCMODEONtrue
D/PowerManagerService( 1286): Success do_PreferredALCMODEON
D/PowerManagerService( 1286): - turning screen on...  mPreventScreenOn = false
D/PowerManagerService( 1286): setPowerState turn on
D/PowerManagerService( 1286): acquireWakeLock flags=0x1 tag=sleep_broadcast
D/PowerManagerService( 1286): releaseWakeLock flags=0x1 tag=keyguardWakeAndHandOff
D/PowerManagerService( 1286): acquireWakeLock flags=0x1 tag=KeyInputQueue
D/PowerManagerService( 1286): releaseWakeLock flags=0x1 tag=KeyInputQueue
D/PowerManagerService( 1286): mBroadcastWakeLock=UnsynchronizedWakeLock(mFlags=0x1 mCount=1)
I/WindowManager( 1286): onOrientationChanged, rotation changed to 0
D/PowerManagerService( 1286): acquireWakeLock flags=0x1 tag=RILJ
D/PowerManagerService( 1286): releaseWakeLock flags=0x1 tag=sleep_broadcast
D/MobileNetwork( 1648): resume()
D/PowerManagerService( 1286): releaseWakeLock flags=0x1 tag=RILJ
D/PowerManagerService( 1286): acquireWakeLock flags=0x1 tag=RILJ
D/PowerManagerService( 1286): acquireWakeLock flags=0x1 tag=RILJ
D/PowerManagerService( 1286): acquireWakeLock flags=0x1 tag=RILJ
D/PowerManagerService( 1286): acquireWakeLock flags=0x1 tag=RILJ
D/PowerManagerService( 1286): releaseWakeLock flags=0x1 tag=RILJ
D/PowerManagerService( 1286): setScreenOffTimeouts mKeylightDelay=3000 mDimDelay=20000 mScreenOffDelay=7000 mDimScreen=true
D/MobileNetwork( 1648): mMobileStateReceiver()
D/PowerManagerService( 1286): acquireWakeLock flags=0x1 tag=KeyInputQueue
D/KeyguardViewMediator( 1286): pokeWakelock(5000)
D/PowerManagerService( 1286): acquireWakeLock flags=0x1000001a tag=keyguard
D/PowerManagerService( 1286): wakeup here mUserState=0x0 mWakeLockState=0x7 previous wakeLockState=0x7
D/PowerManagerService( 1286): setPowerState: mPowerState=0x7 newState=0x7 noChangeLights=false
W/LockPatternKeyguardView( 1286): simState getUnlockMode: READY
W/LockPatternKeyguardView( 1286): simState getUnlockMode: READY
W/LockPatternKeyguardView( 1286): simState getUnlockMode: READY
I/LockPatternKeyguardView( 1286): simState:__READY
I/LockPatternKeyguardView( 1286): unlockMode:__Pattern
V/LockPatternKeyguardView( 1286): simState:__READY
V/LockPatternKeyguardView( 1286): unlockMode:__Pattern
W/LockPatternKeyguardView( 1286): simState:__READY
W/LockPatternKeyguardView( 1286): unlockMode:__Pattern
D/KeyguardViewMediator( 1286): pokeWakelock(5000)
D/PowerManagerService( 1286): acquireWakeLock flags=0x1000001a tag=keyguard
D/PowerManagerService( 1286): wakeup here mUserState=0x0 mWakeLockState=0x7 previous wakeLockState=0x7
D/PowerManagerService( 1286): setPowerState: mPowerState=0x7 newState=0x7 noChangeLights=false
I/LockPatternKeyguardView( 1286): mUnlockScreenMode:__Pattern
V/LockPatternKeyguardView( 1286): mUnlockScreenMode:__Pattern
W/LockPatternKeyguardView( 1286): mUnlockScreenMode:__Pattern
W/LockPatternKeyguardView( 1286): simState getUnlockMode: READY
W/LockPatternKeyguardView( 1286): simState getUnlockMode: READY
W/LockPatternKeyguardView( 1286): simState getUnlockMode: READY
D/PowerManagerService( 1286): releaseWakeLock flags=0x1 tag=KeyInputQueue
D/KeyguardViewMediator( 1286): keyguardDone authenticated = truemShowing = true
D/PowerManagerService( 1286): setPowerState: mPowerState=0x7 newState=0x7 noChangeLights=true
D/PowerManagerService( 1286): setTimeoutLocked now=1324187 nextState=3 when=1327187
D/PowerManagerService( 1286): releaseWakeLock flags=0x1000001a tag=keyguard
D/PowerManagerService( 1286): setPowerState: mPowerState=0x7 newState=0x3 noChangeLights=false
D/PowerManagerService( 1286): setPowerState: mPowerState=7 newState=3 noChangeLights=false
D/PowerManagerService( 1286):   oldKeyboardBright=false newKeyboardBright=false
D/PowerManagerService( 1286):   oldScreenBright=true newScreenBright=true
D/PowerManagerService( 1286):   oldButtonBright=true newButtonBright=false
D/PowerManagerService( 1286):   oldScreenOn=true newScreenOn=true
D/PowerManagerService( 1286):   oldBatteryLow=false newBatteryLow=false
I/XIM     ( 1449): startInput(0-0) en_GB:no Composer
W/InputManagerService( 1286): Window already focused, ignoring focus gain of: com.android.internal.view.IInputMethodClient$Stub$Proxy@2e206ee8
D/PowerManagerService( 1286): acquireWakeLock flags=0x1 tag=KeyInputQueue
D/PowerManagerService( 1286): setPowerState: mPowerState=0x3 newState=0x7 noChangeLights=false
D/PowerManagerService( 1286): setPowerState: mPowerState=3 newState=7 noChangeLights=false
D/PowerManagerService( 1286):   oldKeyboardBright=false newKeyboardBright=false
D/PowerManagerService( 1286):   oldScreenBright=true newScreenBright=true
D/PowerManagerService( 1286):   oldButtonBright=false newButtonBright=true
D/PowerManagerService( 1286):   oldScreenOn=true newScreenOn=true
D/PowerManagerService( 1286):   oldBatteryLow=false newBatteryLow=false
D/PowerManagerService( 1286): setTimeoutLocked now=1324315 nextState=3 when=1327315
D/PowerManagerService( 1286): setPowerState: mPowerState=0x7 newState=0x7 noChangeLights=false
D/PowerManagerService( 1286): setTimeoutLocked now=1324323 nextState=3 when=1327323
D/PowerManagerService( 1286): releaseWakeLock flags=0x1 tag=KeyInputQueue
D/PowerManagerService( 1286): acquireWakeLock flags=0x1 tag=KeyInputQueue
D/PowerManagerService( 1286): setPowerState: mPowerState=0x7 newState=0x7 noChangeLights=false
D/PowerManagerService( 1286): setTimeoutLocked now=1325346 nextState=3 when=1328346
D/PowerManagerService( 1286): setPowerState: mPowerState=0x7 newState=0x7 noChangeLights=false
D/PowerManagerService( 1286): setTimeoutLocked now=1325349 nextState=3 when=1328349
D/PowerManagerService( 1286): releaseWakeLock flags=0x1 tag=KeyInputQueue
D/PowerManagerService( 1286): acquireWakeLock flags=0x1 tag=KeyInputQueue
D/PowerManagerService( 1286): setPowerState: mPowerState=0x7 newState=0x7 noChangeLights=false
D/PowerManagerService( 1286): setTimeoutLocked now=1325433 nextState=3 when=1328433
D/PowerManagerService( 1286): setPowerState: mPowerState=0x7 newState=0x7 noChangeLights=false
D/PowerManagerService( 1286): setTimeoutLocked now=1325438 nextState=3 when=1328438
D/PowerManagerService( 1286): releaseWakeLock flags=0x1 tag=KeyInputQueue
D/PowerManagerService( 1286): acquireWakeLock flags=0x1 tag=KeyInputQueue
D/PowerManagerService( 1286): setPowerState: mPowerState=0x7 newState=0x7 noChangeLights=false
D/PowerManagerService( 1286): setTimeoutLocked now=1325472 nextState=3 when=1328472
D/PowerManagerService( 1286): setPowerState: mPowerState=0x7 newState=0x7 noChangeLights=false
D/PowerManagerService( 1286): setTimeoutLocked now=1325481 nextState=3 when=1328481
D/PowerManagerService( 1286): releaseWakeLock flags=0x1 tag=KeyInputQueue
D/PowerManagerService( 1286): setScreenOffTimeouts mKeylightDelay=3000 mDimDelay=20000 mScreenOffDelay=7000 mDimScreen=true
D/PowerManagerService( 1286): acquireWakeLock flags=0x1 tag=RILJ
V/[MMS]   ( 1503): MmsSystemEventReceiver: Intent received: Intent { act=android.intent.action.ANY_DATA_STATE cmp=com.android.mms/.transaction.MmsSystemEventReceiver (has extras) }
V/[MMS]   ( 1503): MmsSystemEventReceiver: ANY_DATA_STATE event received: DISCONNECTED
D/PowerManagerService( 1286): acquireWakeLock flags=0x1 tag=RILJ
D/PowerManagerService( 1286): acquireWakeLock flags=0x1 tag=RILJ
I/StatusBar( 1286): ACTION_AIRPLANE_MODE_CHANGED IN...
V/SIM Unlock( 1417): RIL>responseSIMLockInfo861010
I/StatusBar( 1286): ACTION_AIRPLANE_MODE_CHANGED:: AirPlane Mode On!!!
D/WifiService( 1286): getPersistedWifiEnabled : start
E/DHT     ( 1417): Received Event EVENT_SIM_PIN2_STATUS_CHANGED
E/DHT     ( 1417): no exception
D/WifiService( 1286): updateWifiState: wifiShouldBeEnabled false, wifiShouldBeStarted true
D/PowerManagerService( 1286): acquireWakeLock flags=0x1 tag=WifiService
D/WifiService( 1286): MESSAGE_DISABLE_WIFI
D/WifiService( 1286): setWifiEnabledBlocking : mWifiState 1, enable false, eventualWifiState 1
D/PowerManagerService( 1286): releaseWakeLock flags=0x1 tag=WifiService
D/NetworkLocationProvider( 1286): onDataConnectionStateChanged 9
D/GpsLocationProvider( 1286): state: DISCONNECTED apnName: null reason: radioTurnedOff
D/KeyguardUpdateMonitor( 1286): received broadcast android.intent.action.SIM_STATE_CHANGED
D/KeyguardUpdateMonitor( 1286): handleSimStateChange: intentValue = ABSENT state resolved to ABSENT
D/MobileNetwork( 1648): mMobileStateReceiver()
D/PowerManagerService( 1286): user activity timeout timed out nextState=3
D/PowerManagerService( 1286): setPowerState: mPowerState=0x7 newState=0x3 noChangeLights=false
D/PowerManagerService( 1286): setPowerState: mPowerState=7 newState=3 noChangeLights=false
D/PowerManagerService( 1286):   oldKeyboardBright=false newKeyboardBright=false
D/PowerManagerService( 1286):   oldScreenBright=true newScreenBright=true
D/PowerManagerService( 1286):   oldButtonBright=true newButtonBright=false
D/PowerManagerService( 1286):   oldScreenOn=true newScreenOn=true
D/PowerManagerService( 1286):   oldBatteryLow=false newBatteryLow=false
D/PowerManagerService( 1286): setTimeoutLocked now=1328499 nextState=1 when=1348499
D/PowerManagerService( 1286): releaseWakeLock flags=0x1 tag=RILJ
W/EONS    ( 1417): Registered operator is null or empty.
D/ServiceStateTracker( 1417): updateSpnDisplay - phone.getIccCard().getState(): ABSENT
D/EONS    ( 1417): updateSpnDisplay: spn=o2 - de plmn=(No service)
D/KeyguardUpdateMonitor( 1286): received broadcast android.provider.Telephony.SPN_STRINGS_UPDATED
D/KeyguardUpdateMonitor( 1286): handleCarrierInfoUpdate: plmn = (No service), spn = null
I/EONS    ( 1417): LOC updated calling updateSimRecords()
W/EONS    ( 1417): Registered operator is null or empty.
D/ServiceStateTracker( 1417): updateSpnDisplay - phone.getIccCard().getState(): ABSENT
D/[SIMRecords]( 1417): [Rian] NORMAL : START initCurrentCBMINumber()
D/PowerManagerService( 1286): acquireWakeLock flags=0x1 tag=NetworkLocation Cell Update
D/NetworkLocationProvider( 1286): onCellLocationChanged [-1,-1]
V/[MMS]   ( 1503): DownloadManager: Service state changed: Bundle[mParcelledData.dataSize=548]
V/[MMS]   ( 1503): DownloadManager: roaming ------> false
V/[MMS]   ( 1503): DownloadManager: auto download without roaming -> true
E/FlexInfo( 1503): getFlexCode : operator_code =  1
V/[GSMPhone]( 1417): initCurrentCBMINumber()- cbInitNoInSim: -1
D/NetworkLocationProvider( 1286): onDataConnectionStateChanged 9
D/GpsLocationProvider( 1286): state: DISCONNECTED apnName: null reason: radioTurnedOff
D/KeyguardUpdateMonitor( 1286): received broadcast android.intent.action.SIM_STATE_CHANGED
D/KeyguardUpdateMonitor( 1286): handleSimStateChange: intentValue = UNKNOWN state resolved to UNKNOWN
V/[MMS]   ( 1503): [FLEX]: Get retvRoming_flexValues :0
V/[MMS]   ( 1503): DownloadManager: auto download during roaming -> false
V/[MMS]   ( 1503): DownloadManager: mAutoDownload ------> true
D/PowerManagerService( 1286): acquireWakeLock flags=0x1 tag=StartingAlertService
D/PowerManagerService( 1286): acquireWakeLock flags=0x1 tag=RILJ
D/PowerManagerService( 1286): releaseWakeLock flags=0x1 tag=RILJ
D/PowerManagerService( 1286): releaseWakeLock flags=0x1 tag=NetworkLocation Cell Update
V/[MMS]   ( 1503): MmsSystemEventReceiver: Intent received: Intent { act=android.intent.action.ANY_DATA_STATE cmp=com.android.mms/.transaction.MmsSystemEventReceiver (has extras) }
V/[MMS]   ( 1503): MmsSystemEventReceiver: ANY_DATA_STATE event received: DISCONNECTED
I/ActivityManager( 1286): Stopping service: com.android.mms/.transaction.SmsReceiverService
D/PowerManagerService( 1286): releaseWakeLock flags=0x1 tag=StartingAlertService
D/MobileNetwork( 1648): mMobileStateReceiver()
D/PowerManagerService( 1286): acquireWakeLock flags=0x1 tag=AlarmManager
D/KeyguardUpdateMonitor( 1286): received broadcast android.intent.action.TIME_TICK
D/KeyguardUpdateMonitor( 1286): handleTimeUpdate
D/PowerManagerService( 1286): releaseWakeLock flags=0x1 tag=AlarmManager
