D/libloc_api( 1279): loc_eng_start called
D/libloc_api( 1279): date:2010-08-31, time:10:30:31.923, raw_sec=1283243431, raw_sec2=1283243431,raw_msec=1283243431923
D/libloc_api( 1279): loc_event_cb, client = 0, loc_event = 0x100 (StReport)
D/libloc_api( 1279): 
D/libloc_api( 1279): Event RPC_LOC_EVENT_STATUS_REPORT (client 0)
D/libloc_api( 1279): Engine state: RPC_LOC_ENGINE_STATE_ON
D/libloc_api( 1279): loc_inform_gps_status, status: GPS_STATUS_ENGINE_ON
E/AppUi-JNI( 1901): Enter event callback
E/AppUi-JNI( 1901): before JNI call cookie = 1806952 
D/PowerManagerService( 1279): releaseWakeLock flags=0x1 tag=LocationManagerService
E/AppUi-JNI( 1901): Enter event callback
E/AppUi-JNI( 1901): before JNI call cookie = 1806952 
D/PowerManagerService( 1279): releaseWakeLock flags=0x1 tag=ActivityManager-Launch
D/libloc_api( 1279): loc_event_cb, client = 0, loc_event = 0x2 (SatReport)
D/libloc_api( 1279): 
D/libloc_api( 1279): Event RPC_LOC_EVENT_SATELLITE_REPORT (client 0)
D/libloc_api( 1279): sv count: 0
D/libloc_api( 1279): loc_eng_report_sv: valid_mask = 0x30, num of sv = 0
D/libloc_api( 1279): 
D/libloc_api( 1279): HDOP in loc_eng_report_sv: 0.0
D/libloc_api( 1279): loc_event_cb, client = 0, loc_event = 0x2 (SatReport)
D/libloc_api( 1279): 
D/libloc_api( 1279): Event RPC_LOC_EVENT_SATELLITE_REPORT (client 0)
D/libloc_api( 1279): sv count: 0
D/libloc_api( 1279): loc_eng_report_sv: valid_mask = 0x30, num of sv = 0
D/libloc_api( 1279): 
D/libloc_api( 1279): HDOP in loc_eng_report_sv: 0.0
D/libloc_api( 1279): loc_event_cb, client = 0, loc_event = 0x2 (SatReport)
D/libloc_api( 1279): 
D/libloc_api( 1279): Event RPC_LOC_EVENT_SATELLITE_REPORT (client 0)
D/libloc_api( 1279): sv count: 0
D/libloc_api( 1279): loc_eng_report_sv: valid_mask = 0x30, num of sv = 0
D/libloc_api( 1279): 
D/libloc_api( 1279): HDOP in loc_eng_report_sv: 0.0
D/libloc_api( 1279): loc_event_cb, client = 0, loc_event = 0x2 (SatReport)
D/libloc_api( 1279): 
D/libloc_api( 1279): Event RPC_LOC_EVENT_SATELLITE_REPORT (client 0)
D/libloc_api( 1279): sv count: 0
D/libloc_api( 1279): loc_eng_report_sv: valid_mask = 0x30, num of sv = 0
D/libloc_api( 1279): 
D/libloc_api( 1279): HDOP in loc_eng_report_sv: 0.0
D/libloc_api( 1279): loc_event_cb, client = 0, loc_event = 0x2 (SatReport)
D/libloc_api( 1279): 
D/libloc_api( 1279): Event RPC_LOC_EVENT_SATELLITE_REPORT (client 0)
D/libloc_api( 1279): sv count: 0
D/libloc_api( 1279): loc_eng_report_sv: valid_mask = 0x30, num of sv = 0
D/libloc_api( 1279): 
D/libloc_api( 1279): HDOP in loc_eng_report_sv: 0.0
D/PowerManagerService( 1279): acquireWakeLock flags=0x1 tag=RILJ
D/PowerManagerService( 1279): acquireWakeLock flags=0x1 tag=RILJ
D/PowerManagerService( 1279): acquireWakeLock flags=0x1 tag=RILJ
D/PowerManagerService( 1279): acquireWakeLock flags=0x1 tag=RILJ
D/PowerManagerService( 1279): releaseWakeLock flags=0x1 tag=RILJ
D/PowerManagerService( 1279): setScreenOffTimeouts mKeylightDelay=3000 mDimDelay=20000 mScreenOffDelay=7000 mDimScreen=true
D/PowerManagerService( 1279): acquireWakeLock flags=0x1 tag=NetworkLocation Cell Update
D/NetworkLocationProvider( 1279): onCellLocationChanged [11704,6977355]
I/EONS    ( 1333): LOC updated calling updateSimRecords()
I/EONS    ( 1333): Number of OPL records = 1
D/EONS    ( 1333): lac1=0 lac2=65534 hLac=11704 pnn rec=2
W/EONS    ( 1333):  lac1=0 lac2=65534 hLac=11704 pnn rec=2
I/EONS    ( 1333): Number of PNN records = 2
D/EONS    ( 1333): PNN record number 2, hex data 4308876f19a805229701ffffffff
D/EONS    ( 1333): PNN longname length : 8
I/EONS    ( 1333): PNN longname : o2 - de
E/EONS    ( 1333): EF_PNN: No short Name
I/EONS    ( 1333): Property gsm.eons.name set to o2 - de
D/PowerManagerService( 1279): acquireWakeLock flags=0x1 tag=RILJ
D/PowerManagerService( 1279): releaseWakeLock flags=0x1 tag=RILJ
D/PowerManagerService( 1279): releaseWakeLock flags=0x1 tag=NetworkLocation Cell Update
E/AppUi-JNI( 1901): Enter event callback
E/AppUi-JNI( 1901): before JNI call cookie = 1806952 
E/AppUi-JNI( 1901): Enter event callback
E/AppUi-JNI( 1901): before JNI call cookie = 1806952 
D/skia    ( 1901): ===== SkScalerContext_FreeType::ref_ft_face gFTCount=4 pLayout b5e18, fontID=1
E/AppUi-JNI( 1901): Enter event callback
E/AppUi-JNI( 1901): before JNI call cookie = 1806952 
E/AppUi-JNI( 1901): Enter event callback
E/AppUi-JNI( 1901): before JNI call cookie = 1806952 
E/AppUi-JNI( 1901): Enter event callback
E/AppUi-JNI( 1901): before JNI call cookie = 1806952 
D/libloc_api( 1279): loc_event_cb, client = 0, loc_event = 0x2 (SatReport)
D/libloc_api( 1279): 
D/libloc_api( 1279): Event RPC_LOC_EVENT_SATELLITE_REPORT (client 0)
D/libloc_api( 1279): sv count: 0
D/libloc_api( 1279): loc_eng_report_sv: valid_mask = 0x30, num of sv = 0
D/libloc_api( 1279): 
D/libloc_api( 1279): HDOP in loc_eng_report_sv: 0.0
D/libloc_api( 1279): loc_event_cb, client = 0, loc_event = 0x2 (SatReport)
D/libloc_api( 1279): 
D/libloc_api( 1279): Event RPC_LOC_EVENT_SATELLITE_REPORT (client 0)
D/libloc_api( 1279): sv count: 0
D/libloc_api( 1279): loc_eng_report_sv: valid_mask = 0x30, num of sv = 0
D/libloc_api( 1279): 
D/libloc_api( 1279): HDOP in loc_eng_report_sv: 0.0
D/libloc_api( 1279): loc_event_cb, client = 0, loc_event = 0x2 (SatReport)
D/libloc_api( 1279): 
D/libloc_api( 1279): Event RPC_LOC_EVENT_SATELLITE_REPORT (client 0)
D/libloc_api( 1279): sv count: 0
D/libloc_api( 1279): loc_eng_report_sv: valid_mask = 0x30, num of sv = 0
D/libloc_api( 1279): 
D/libloc_api( 1279): HDOP in loc_eng_report_sv: 0.0
D/libloc_api( 1279): loc_event_cb, client = 0, loc_event = 0x2 (SatReport)
D/libloc_api( 1279): 
D/libloc_api( 1279): Event RPC_LOC_EVENT_SATELLITE_REPORT (client 0)
D/libloc_api( 1279): sv count: 0
D/libloc_api( 1279): loc_eng_report_sv: valid_mask = 0x30, num of sv = 0
D/libloc_api( 1279): 
D/libloc_api( 1279): HDOP in loc_eng_report_sv: 0.0
D/libloc_api( 1279): loc_event_cb, client = 0, loc_event = 0x2 (SatReport)
D/libloc_api( 1279): 
D/libloc_api( 1279): Event RPC_LOC_EVENT_SATELLITE_REPORT (client 0)
D/libloc_api( 1279): sv count: 0
D/libloc_api( 1279): loc_eng_report_sv: valid_mask = 0x30, num of sv = 0
D/libloc_api( 1279): 
D/libloc_api( 1279): HDOP in loc_eng_report_sv: 0.0
D/libloc_api( 1279): loc_event_cb, client = 0, loc_event = 0x2 (SatReport)
D/libloc_api( 1279): 
D/libloc_api( 1279): Event RPC_LOC_EVENT_SATELLITE_REPORT (client 0)
D/libloc_api( 1279): sv count: 0
D/libloc_api( 1279): loc_eng_report_sv: valid_mask = 0x30, num of sv = 0
D/libloc_api( 1279): 
D/libloc_api( 1279): HDOP in loc_eng_report_sv: 0.0
D/libloc_api( 1279): loc_event_cb, client = 0, loc_event = 0x2 (SatReport)
D/libloc_api( 1279): 
D/libloc_api( 1279): Event RPC_LOC_EVENT_SATELLITE_REPORT (client 0)
D/libloc_api( 1279): sv count: 0
D/libloc_api( 1279): loc_eng_report_sv: valid_mask = 0x30, num of sv = 0
D/libloc_api( 1279): 
D/libloc_api( 1279): HDOP in loc_eng_report_sv: 0.0
D/PowerManagerService( 1279): acquireWakeLock flags=0x1 tag=KeyInputQueue
D/PowerManagerService( 1279): setPowerState: mPowerState=0x3 newState=0x3 noChangeLights=false
D/PowerManagerService( 1279): setTimeoutLocked now=1639391 nextState=3 when=1642391
D/PowerManagerService( 1279): setPowerState: mPowerState=0x3 newState=0x3 noChangeLights=false
D/PowerManagerService( 1279): setTimeoutLocked now=1639394 nextState=3 when=1642394
E/AppUi-JNI( 1901): Enter event callback
E/AppUi-JNI( 1901): before JNI call cookie = 1806952 
D/PowerManagerService( 1279): releaseWakeLock flags=0x1 tag=KeyInputQueue
D/PowerManagerService( 1279): acquireWakeLock flags=0x1 tag=KeyInputQueue
D/PowerManagerService( 1279): setPowerState: mPowerState=0x3 newState=0x3 noChangeLights=false
D/PowerManagerService( 1279): setTimeoutLocked now=1639512 nextState=3 when=1642512
D/PowerManagerService( 1279): setPowerState: mPowerState=0x3 newState=0x3 noChangeLights=false
D/PowerManagerService( 1279): setTimeoutLocked now=1639520 nextState=3 when=1642520
E/AppUi-JNI( 1901): Enter event callback
E/AppUi-JNI( 1901): before JNI call cookie = 1806952 
D/PowerManagerService( 1279): acquireWakeLock flags=0x1 tag=KeyInputQueue
D/PowerManagerService( 1279): setPowerState: mPowerState=0x3 newState=0x3 noChangeLights=false
D/PowerManagerService( 1279): setTimeoutLocked now=1639536 nextState=3 when=1642536
D/PowerManagerService( 1279): setPowerState: mPowerState=0x3 newState=0x3 noChangeLights=false
D/PowerManagerService( 1279): setTimeoutLocked now=1639539 nextState=3 when=1642539
D/PowerManagerService( 1279): releaseWakeLock flags=0x1 tag=KeyInputQueue
D/libloc_api( 1279): loc_event_cb, client = 0, loc_event = 0x2 (SatReport)
D/libloc_api( 1279): 
D/libloc_api( 1279): Event RPC_LOC_EVENT_SATELLITE_REPORT (client 0)
D/libloc_api( 1279): sv count: 0
D/libloc_api( 1279): loc_eng_report_sv: valid_mask = 0x30, num of sv = 0
D/libloc_api( 1279): 
D/libloc_api( 1279): HDOP in loc_eng_report_sv: 0.0
E/AppUi-JNI( 1901): Enter event callback
E/AppUi-JNI( 1901): before JNI call cookie = 1806952 
E/AppUi-JNI( 1901): Enter event callback
E/AppUi-JNI( 1901): before JNI call cookie = 1806952 
E/AppUi-JNI( 1901): Enter event callback
E/AppUi-JNI( 1901): before JNI call cookie = 1806952 
E/AppUi-JNI( 1901): Enter event callback
E/AppUi-JNI( 1901): before JNI call cookie = 1806952 
E/AppUi-JNI( 1901): Enter event callback
E/AppUi-JNI( 1901): before JNI call cookie = 1806952 
E/AppUi-JNI( 1901): Enter event callback
E/AppUi-JNI( 1901): before JNI call cookie = 1806952 
E/AppUi-JNI( 1901): Enter event callback
E/AppUi-JNI( 1901): before JNI call cookie = 1806952 
E/AppUi-JNI( 1901): Enter event callback
E/AppUi-JNI( 1901): before JNI call cookie = 1806952 
E/AppUi-JNI( 1901): Enter event callback
E/AppUi-JNI( 1901): before JNI call cookie = 1806952 
E/AppUi-JNI( 1901): Enter event callback
E/AppUi-JNI( 1901): before JNI call cookie = 1806952 
E/AppUi-JNI( 1901): Enter event callback
E/AppUi-JNI( 1901): before JNI call cookie = 1806952 
E/AppUi-JNI( 1901): Enter event callback
E/AppUi-JNI( 1901): before JNI call cookie = 1806952 
D/libloc_api( 1279): loc_event_cb, client = 0, loc_event = 0x2 (SatReport)
D/libloc_api( 1279): 
D/libloc_api( 1279): Event RPC_LOC_EVENT_SATELLITE_REPORT (client 0)
D/libloc_api( 1279): sv count: 0
D/libloc_api( 1279): loc_eng_report_sv: valid_mask = 0x30, num of sv = 0
D/libloc_api( 1279): 
D/libloc_api( 1279): HDOP in loc_eng_report_sv: 0.0
E/AppUi-JNI( 1901): Enter event callback
E/AppUi-JNI( 1901): before JNI call cookie = 1806952 
V/CAMERA_LOG( 1901): *** notify, msgType=2, ext1=1
E/AppUi-JNI( 1901): Enter event callback
E/AppUi-JNI( 1901): before JNI call cookie = 1806952 
E/AppUi-JNI( 1901): Enter event callback
E/AppUi-JNI( 1901): before JNI call cookie = 1806952 
V/CAMERA_LOG( 1901): *** Handle Capture state=4098
D/libloc_api( 1279): loc_event_cb, client = 0, loc_event = 0x2 (SatReport)
D/libloc_api( 1279): 
D/libloc_api( 1279): Event RPC_LOC_EVENT_SATELLITE_REPORT (client 0)
D/libloc_api( 1279): sv count: 0
D/libloc_api( 1279): loc_eng_report_sv: valid_mask = 0x30, num of sv = 0
D/libloc_api( 1279): 
D/libloc_api( 1279): HDOP in loc_eng_report_sv: 0.0
E/QualcommCameraHardware( 1182): frame_thread exit passed!
E/QualcommCameraHardware( 1182): pmem pool /dev/pmem_camera ioctl(PMEM_GET_SIZE) is 2097152
E/AppUi-JNI( 1901): Enter event callback
E/AppUi-JNI( 1901): before JNI call cookie = 1806952 
E/AppUi-JNI( 1901): Enter event callback
E/AppUi-JNI( 1901): before JNI call cookie = 1806952 
E/AppUi-JNI( 1901): Enter event callback
E/AppUi-JNI( 1901): before JNI call cookie = 1806952 
E/AppUi-JNI( 1901): Enter event callback
E/AppUi-JNI( 1901): before JNI call cookie = 1806952 
E/AppUi-JNI( 1901): Enter event callback
E/AppUi-JNI( 1901): before JNI call cookie = 1806952 
E/AppUi-JNI( 1901): Enter event callback
E/AppUi-JNI( 1901): before JNI call cookie = 1806952 
W/AudioFlinger( 1182): write blocked for 210 msecs
E/AppUi-JNI( 1901): Enter event callback
E/AppUi-JNI( 1901): before JNI call cookie = 1806952 
E/AppUi-JNI( 1901): Enter event callback
E/AppUi-JNI( 1901): before JNI call cookie = 1806952 
E/CameraService( 1182): ArcSfot Camera Enabled? Yes
V/CAMERA_LOG( 1901): *** notify, msgType=1, ext1=0
E/AppUi-JNI( 1901): Enter event callback
E/AppUi-JNI( 1901): before JNI call cookie = 1806952 
E/AppUi-JNI( 1901): Enter event callback
E/AppUi-JNI( 1901): before JNI call cookie = 1806952 
E/AppUi-JNI( 1901): Enter event callback
E/AppUi-JNI( 1901): before JNI call cookie = 1806952 
D/PowerManagerService( 1279): user activity timeout timed out nextState=3
D/PowerManagerService( 1279): setPowerState: mPowerState=0x3 newState=0x3 noChangeLights=false
D/PowerManagerService( 1279): setTimeoutLocked now=1642541 nextState=1 when=1662541
V/CAMERA_LOG( 1901): ***CAMERA_MSG_RAW_IMAGE
D/libloc_api( 1279): loc_event_cb, client = 0, loc_event = 0x2 (SatReport)
D/libloc_api( 1279): 
D/libloc_api( 1279): Event RPC_LOC_EVENT_SATELLITE_REPORT (client 0)
D/libloc_api( 1279): sv count: 0
D/libloc_api( 1279): loc_eng_report_sv: valid_mask = 0x30, num of sv = 0
D/libloc_api( 1279): 
D/libloc_api( 1279): HDOP in loc_eng_report_sv: 0.0
E/AppUi-JNI( 1901): Enter event callback
E/AppUi-JNI( 1901): before JNI call cookie = 1806952 
V/CAMERA_LOG( 1901): ***CAMERA_MSG_COMPRESSED_IMAGE
V/CAMERA_LOG( 1901): ### Cam Jpeg frame, size=1500000
E/AppUi-JNI( 1901): Enter event callback
E/AppUi-JNI( 1901): before JNI call cookie = 1806952 
E/AppUi-JNI( 1901): Enter event callback
E/AppUi-JNI( 1901): before JNI call cookie = 1806952 
E/AppUi-JNI( 1901): Enter event callback
E/AppUi-JNI( 1901): before JNI call cookie = 1806952 
E/AppUi-JNI( 1901): Enter event callback
E/AppUi-JNI( 1901): before JNI call cookie = 1806952 
E/AppUi-JNI( 1901): Enter event callback
E/AppUi-JNI( 1901): before JNI call cookie = 1806952 
E/AppUi-JNI( 1901): Enter event callback
E/AppUi-JNI( 1901): before JNI call cookie = 1806952 
E/AppUi-JNI( 1901): Enter event callback
E/AppUi-JNI( 1901): before JNI call cookie = 1806952 
E/AppUi-JNI( 1901): Enter event callback
E/AppUi-JNI( 1901): before JNI call cookie = 1806952 
E/AppUi-JNI( 1901): Enter event callback
E/AppUi-JNI( 1901): before JNI call cookie = 1806952 
E/AppUi-JNI( 1901): Enter event callback
E/AppUi-JNI( 1901): before JNI call cookie = 1806952 
V/CAMERA_LOG( 1901): ### DUMP2FILE,  path=/sdcard/DCIM/Camera/IMG20100831_001.jpg, size=1500000
E/AppUi-JNI( 1901): Enter event callback
E/AppUi-JNI( 1901): before JNI call cookie = 1806952 
E/AppUi-JNI( 1901): Enter event callback
E/AppUi-JNI( 1901): before JNI call cookie = 1806952 
I/System.out( 1901): *******IsVideoFile ext:.jpg
E/AppUi-JNI( 1901): Enter event callback
E/AppUi-JNI( 1901): before JNI call cookie = 1806952 
E/AppUi-JNI( 1901): Enter event callback
E/AppUi-JNI( 1901): before JNI call cookie = 1806952 
D/skia    ( 1901): ===== SkScalerContext_FreeType::ref_ft_face gFTCount=5 pLayout b5e18, fontID=1
D/libloc_api( 1279): loc_event_cb, client = 0, loc_event = 0x2 (SatReport)
D/libloc_api( 1279): 
D/libloc_api( 1279): Event RPC_LOC_EVENT_SATELLITE_REPORT (client 0)
D/libloc_api( 1279): sv count: 0
D/libloc_api( 1279): loc_eng_report_sv: valid_mask = 0x30, num of sv = 0
D/libloc_api( 1279): 
D/libloc_api( 1279): HDOP in loc_eng_report_sv: 0.0
V/CAMERA_LOG( 1901): Blink m_faceResult.lNum = 0
V/CAMERA_LOG( 1901): Blink w=432, h=320, image size=(2560,1920)
E/AppUi-JNI( 1901): Enter event callback
E/AppUi-JNI( 1901): before JNI call cookie = 1806952 
E/AppUi-JNI( 1901): Enter event callback
E/AppUi-JNI( 1901): before JNI call cookie = 1806952 
E/AppUi-JNI( 1901): Enter event callback
E/AppUi-JNI( 1901): before JNI call cookie = 1806952 
D/libloc_api( 1279): loc_event_cb, client = 0, loc_event = 0x2 (SatReport)
D/libloc_api( 1279): 
D/libloc_api( 1279): Event RPC_LOC_EVENT_SATELLITE_REPORT (client 0)
D/libloc_api( 1279): sv count: 0
D/libloc_api( 1279): loc_eng_report_sv: valid_mask = 0x30, num of sv = 0
D/libloc_api( 1279): 
D/libloc_api( 1279): HDOP in loc_eng_report_sv: 0.0
D/libloc_api( 1279): loc_event_cb, client = 0, loc_event = 0x2 (SatReport)
D/libloc_api( 1279): 
D/libloc_api( 1279): Event RPC_LOC_EVENT_SATELLITE_REPORT (client 0)
D/libloc_api( 1279): sv count: 0
D/libloc_api( 1279): loc_eng_report_sv: valid_mask = 0x30, num of sv = 0
D/libloc_api( 1279): 
D/libloc_api( 1279): HDOP in loc_eng_report_sv: 0.0
