W/RILC    ( 1233): [ril.cpp:1489] [UNSL]< UNSOL_RESPONSE_NETWORK_STATE_CHANGED 
I/RILJ    ( 1417): [UNSL]< UNSOL_RESPONSE_NETWORK_STATE_CHANGED
D/RILC    ( 1233): [qcril_cm.c:5007] GW signal is available.
D/RILC    ( 1233): [qcril_cm.c:5046] Signal strength: gw_rssi: 7, gw_bit_error: 0, cdma_dbm: -1, cdma_ecio: -1, hdr_dbm: -1, hdr_ecio: -1, hdr_sinr: -1
D/RILC    ( 1233):  
D/RILC    ( 1233): [qcril.c:4035] UI <--- RIL_UNSOL_SIGNAL_STRENGTH (1009) --- RIL [Len 28]
D/RILC    ( 1233): [qcril.c:4038] RIL=>>Android [ label = "RIL_UNSOL_SIGNAL_STRENGTH" ];
W/RILC    ( 1233): [ril.cpp:1489] [UNSL]< UNSOL_SIGNAL_STRENGTH {[signalStrength=7,bitErrorRate=0,                CDMA_SignalStrength.dbm=-1,CDMA_SignalStrength.ecio=-1,                EVDO_SignalStrength.dbm =-1,EVDO_SignalStrength.ecio=-1,                EVDO_SignalStrength.signalNoiseRatio=-1]}
I/RILJ    ( 1417): [UNSL]< UNSOL_SIGNAL_STRENGTH {7, 0, -1, -1, -1, -1, -1}
D/RILC    ( 1233): [qcril.c:2536] Exit qcril_process_event() : CM_SS_EVENT_SRV_CHANGED, err_no 0
D/RILC    ( 1233): [qcril_event.c:309] De-queued event CM_SS_EVENT_SRV_CHANGED (73728)
D/RILC    ( 1233): [qcril.c:2499] AMSS=>RIL [ label = "CM_SS_EVENT_SRV_CHANGED" ];
D/RILC    ( 1233): [qcril.c:2508] RIL <--- CM_SS_EVENT_SRV_CHANGED (73728) --- AMSS
D/RILC    ( 1233): [qcril_cm_ons.c:9610] [BRIGHTHY] Enter qcril_cm_srvsys_event_srv_changed
D/RILC    ( 1233): [qcril_cm.c:980] Serving System : srv status 1, sys mode 5, roam status 1, hdr_hybrid 0, hdr srv status 0, hdr roam status 0
D/RILC    ( 1233): [qcril_cm.c:6093] [KT OTA] srv_status: 1 OTAMode: 0
D/RILC    ( 1233): [qcril_reqlist.c:215] Not found ReqList entry waiting for CM_SS_EVENT_SRV_CHANGED (73728)
D/RILC    ( 1233): [qcril.c:1905] Modem: On --> On, GW SIM: PIN --> PIN, CDMA SIM: Ready --> Ready, Mode Config: GW --> GW
D/RILC    ( 1233): [qcril.c:1911] Subscription: SIM --> SIM, Network: GW --> GW, Mode Preferred: GW --> GW [Event CM_SS_EVENT_SRV_CHANGED (73728)]
D/RILC    ( 1233): [qcril_cm.c:5007] GW signal is available.
D/RILC    ( 1233): [qcril_cm.c:5046] Signal strength: gw_rssi: 7, gw_bit_error: 0, cdma_dbm: -1, cdma_ecio: -1, hdr_dbm: -1, hdr_ecio: -1, hdr_sinr: -1
D/RILC    ( 1233):  
D/RILC    ( 1233): [qcril.c:4035] UI <--- RIL_UNSOL_SIGNAL_STRENGTH (1009) --- RIL [Len 28]
D/RILC    ( 1233): [qcril.c:4038] RIL=>>Android [ label = "RIL_UNSOL_SIGNAL_STRENGTH" ];
W/RILC    ( 1233): [ril.cpp:1489] [UNSL]< UNSOL_SIGNAL_STRENGTH {[signalStrength=7,bitErrorRate=0,                CDMA_SignalStrength.dbm=-1,CDMA_SignalStrength.ecio=-1,                EVDO_SignalStrength.dbm =-1,EVDO_SignalStrength.ecio=-1,                EVDO_SignalStrength.signalNoiseRatio=-1]}
I/RILJ    ( 1417): [UNSL]< UNSOL_SIGNAL_STRENGTH {7, 0, -1, -1, -1, -1, -1}
D/RILC    ( 1233): [qcril.c:2536] Exit qcril_process_event() : CM_SS_EVENT_SRV_CHANGED, err_no 0
D/RILC    ( 1233): [qcril_event.c:271] qcril_event_main(): Waiting...
D/GSM     ( 1417): [GsmSimCard] storeSIMLockInfoOnBoot: 86:10:10
D/GSM     ( 1417): [GsmSimCard] storeSIMLockInfoOnBoot: 86:10:10
I/RILJ    ( 1417): RILRequest.obtain() request=22, OPERATOR
I/RILJ    ( 1417): [0326]> OPERATOR
I/RILJ    ( 1417): RILRequest.obtain() request=21, GPRS_REGISTRATION_STATE
I/RILJ    ( 1417): [0327]> GPRS_REGISTRATION_STATE
W/RILC    ( 1233): [ril.cpp:390] processCommandBuffer() request=22,token=326
W/RILC    ( 1233): [ril.cpp:409] request=22, pRI->pCI->requestNumber=22
W/RILC    ( 1233): [ril.cpp:437] TOKEN=326 REQ_NUM=0022 OPERATOR 
D/RILC    ( 1233): [qcril.c:2361] UI --- RIL_REQUEST_OPERATOR (22) ---> RIL [token id 326, data len 0]
D/RILC    ( 1233): [qcril.c:2380] Android=>RIL [ label = "RIL_REQUEST_OPERATOR - Token 326" ];
D/RILC    ( 1233): [qcril_cm_ons.c:10251] Current operator not available: system mode 5 ( srv status 1 )
D/RILC    ( 1233): [qcril_cm.c:5443] Reply to RIL --> Current operator full name : 
D/RILC    ( 1233): [qcril_cm.c:5444] Reply to RIL --> Current operator short name : 
D/RILC    ( 1233): [qcril_cm.c:5445] Reply to RIL --> Current operator MCCMNC : 
D/RILC    ( 1233): [qcril.c:3965] RIL=>Android [ label = "RIL_REQUEST_OPERATOR - , Token 326, Success" ];
D/RILC    ( 1233): [qcril.c:3970] UI <--- RIL_REQUEST_OPERATOR (22) Complete --- RIL [Token 326, RIL_E_SUCCESS, Len 12 ]
W/RILC    ( 1233): [ril.cpp:1489] [0326]< OPERATOR {,,}
I/RILJ    ( 1417): [0326]< OPERATOR {, , }
W/RILC    ( 1233): [ril.cpp:390] processCommandBuffer() request=21,token=327
W/RILC    ( 1233): [ril.cpp:409] request=21, pRI->pCI->requestNumber=21
W/RILC    ( 1233): [ril.cpp:437] TOKEN=327 REQ_NUM=0021 GPRS_REGISTRATION_STATE 
D/RILC    ( 1233): [qcril.c:2361] UI --- RIL_REQUEST_GPRS_REGISTRATION_STATE (21) ---> RIL [token id 327, data len 0]
D/RILC    ( 1233): [qcril.c:2380] Android=>RIL [ label = "RIL_REQUEST_GPRS_REGISTRATION_STATE - Token 327" ];
D/RILC    ( 1233): [qcril_cm_util.c:261] Current System : srv status 1, sys mode 5, roam status 1
D/RILC    ( 1233): [qcril_cm_util.c:372] NO SERVICE
D/RILC    ( 1233): [qcril_cm.c:5169] GPRS Registration State: Not registered/Actively searching, LAC: (null), CID: (null), RadioTech: Unknown
D/RILC    ( 1233): [qcril.c:3965] RIL=>Android [ label = "RIL_REQUEST_GPRS_REGISTRATION_STATE - Not registered/Actively searching, Unknown, Token 327, Success" ];
D/RILC    ( 1233): [qcril.c:3970] UI <--- RIL_REQUEST_GPRS_REGISTRATION_STATE (21) Complete --- RIL [Token 327, RIL_E_SUCCESS, Len 16 Not registered/Actively searching, Unknown]
W/RILC    ( 1233): [ril.cpp:1489] [0327]< GPRS_REGISTRATION_STATE {2,(null),(null),0}
I/RILJ    ( 1417): RILRequest.obtain() request=20, REGISTRATION_STATE
I/RILJ    ( 1417): [0328]> REGISTRATION_STATE
W/RILC    ( 1233): [ril.cpp:390] processCommandBuffer() request=20,token=328
W/RILC    ( 1233): [ril.cpp:409] request=20, pRI->pCI->requestNumber=20
W/RILC    ( 1233): [ril.cpp:437] TOKEN=328 REQ_NUM=0020 REGISTRATION_STATE 
D/RILC    ( 1233): [qcril.c:2361] UI --- RIL_REQUEST_REGISTRATION_STATE (20) ---> RIL [token id 328, data len 0]
D/RILC    ( 1233): [qcril.c:2380] Android=>RIL [ label = "RIL_REQUEST_REGISTRATION_STATE - Token 328" ];
D/RILC    ( 1233): [qcril_cm_util.c:261] Current System : srv status 1, sys mode 5, roam status 1
D/RILC    ( 1233): [qcril_cm_util.c:372] NO SERVICE
D/RILC    ( 1233): [qcril_cm_util.c:1374] Reject cause value = 0
D/RILC    ( 1233): [qcril_cm_util.c:1375] Registration status = Not registered/Actively searching
D/RILC    ( 1233): [qcril_cm_util.c:1435] Reject cause value sent to UI = 0
D/RILC    ( 1233): [qcril_cm.c:5120] Registration State: Not registered/Actively searching, RadioTech: Unknown, LAC: (null), CID: (null), BSID: (null), BSLat: (null), BSLong: (null)
D/RILC    ( 1233): [qcril_cm.c:5123]                     CCS: (null), SID: (null), NID: (null), RoamStatus: (null), PRL: (null), DefRoamStatus: (null), RejReason: 0
D/RILC    ( 1233): [qcril.c:3965] RIL=>Android [ label = "RIL_REQUEST_REGISTRATION_STATE - Not registered/Actively searching, Token 328, Success" ];
D/RILC    ( 1233): [qcril.c:3970] UI <--- RIL_REQUEST_REGISTRATION_STATE (20) Complete --- RIL [Token 328, RIL_E_SUCCESS, Len 56 Not registered/Actively searching]
W/RILC    ( 1233): [ril.cpp:1489] [0328]< REGISTRATION_STATE {2,(null),(null),0,(null),(null),(null),(null),(null),(null),(null),(null),(null),0}
I/RILJ    ( 1417): [0327]< GPRS_REGISTRATION_STATE {2, null, null, 0}
I/RILJ    ( 1417): [0328]< REGISTRATION_STATE {2, null, null, 0, null, null, null, null, null, null, null, null, null, 0}
I/RILJ    ( 1417): RILRequest.obtain() request=45, QUERY_NETWORK_SELECTION_MODE
I/RILJ    ( 1417): [0329]> QUERY_NETWORK_SELECTION_MODE
W/RILC    ( 1233): [ril.cpp:390] processCommandBuffer() request=45,token=329
W/RILC    ( 1233): [ril.cpp:409] request=45, pRI->pCI->requestNumber=45
W/RILC    ( 1233): [ril.cpp:437] TOKEN=329 REQ_NUM=0045 QUERY_NETWORK_SELECTION_MODE 
D/RILC    ( 1233): [qcril.c:2361] UI --- RIL_REQUEST_QUERY_NETWORK_SELECTION_MODE (45) ---> RIL [token id 329, data len 0]
D/RILC    ( 1233): [qcril.c:2380] Android=>RIL [ label = "RIL_REQUEST_QUERY_NETWORK_SELECTION_MODE - Token 329" ];
D/RILC    ( 1233): [qcril_reqlist.c:168] Not found ReqList entry : token id 329
D/RILC    ( 1233): [qcril_reqlist.c:399] Event RIL_REQUEST_QUERY_NETWORK_SELECTION_MODE (45) pending receipt of CM_PH_EVENT_INFO, token id 329 [0x2cc48]
D/RILC    ( 1233): [qcril_reqlist.c:1064] ReqList entries : 
D/RILC    ( 1233): [qcril_reqlist.c:1070]     RIL_REQUEST_QUERY_NETWORK_SELECTION_MODE (45), token id 329
D/RILC    ( 1233): [qcril_cm.c:2321] RIL --- cm_ph_cmd_get_ph_info() ---> AMSS [Token ID 329 (0x149)]
D/RILC    ( 1233): [qcril_cm.c:2321] RIL=>AMSS [ label = "cm_ph_cmd_get_ph_info()" ];
I/RILJ    ( 1417): RILRequest.obtain() request=22, OPERATOR
I/RILJ    ( 1417): [0330]> OPERATOR
I/RILJ    ( 1417): RILRequest.obtain() request=21, GPRS_REGISTRATION_STATE
I/RILJ    ( 1417): [0331]> GPRS_REGISTRATION_STATE
I/RILJ    ( 1417): RILRequest.obtain() request=20, REGISTRATION_STATE
I/RILJ    ( 1417): [0332]> REGISTRATION_STATE
I/RILJ    ( 1417): RILRequest.obtain() request=45, QUERY_NETWORK_SELECTION_MODE
I/RILJ    ( 1417): [0333]> QUERY_NETWORK_SELECTION_MODE
I/RILJ    ( 1417): RILRequest.obtain() request=22, OPERATOR
I/RILJ    ( 1417): [0334]> OPERATOR
W/RILC    ( 1233): [ril.cpp:390] processCommandBuffer() request=22,token=330
W/RILC    ( 1233): [ril.cpp:409] request=22, pRI->pCI->requestNumber=22
W/RILC    ( 1233): [ril.cpp:437] TOKEN=330 REQ_NUM=0022 OPERATOR 
D/RILC    ( 1233): [qcril.c:2361] UI --- RIL_REQUEST_OPERATOR (22) ---> RIL [token id 330, data len 0]
D/RILC    ( 1233): [qcril.c:2380] Android=>RIL [ label = "RIL_REQUEST_OPERATOR - Token 330" ];
D/RILC    ( 1233): [qcril_cm_ons.c:10251] Current operator not available: system mode 5 ( srv status 1 )
D/RILC    ( 1233): [qcril_cm.c:5443] Reply to RIL --> Current operator full name : 
D/RILC    ( 1233): [qcril_cm.c:5444] Reply to RIL --> Current operator short name : 
D/RILC    ( 1233): [qcril_cm.c:5445] Reply to RIL --> Current operator MCCMNC : 
D/RILC    ( 1233): [qcril.c:3965] RIL=>Android [ label = "RIL_REQUEST_OPERATOR - , Token 330, Success" ];
D/RILC    ( 1233): [qcril.c:3970] UI <--- RIL_REQUEST_OPERATOR (22) Complete --- RIL [Token 330, RIL_E_SUCCESS, Len 12 ]
W/RILC    ( 1233): [ril.cpp:1489] [0330]< OPERATOR {,,}
W/RILC    ( 1233): [ril.cpp:390] processCommandBuffer() request=21,token=331
W/RILC    ( 1233): [ril.cpp:409] request=21, pRI->pCI->requestNumber=21
W/RILC    ( 1233): [ril.cpp:437] TOKEN=331 REQ_NUM=0021 GPRS_REGISTRATION_STATE 
D/RILC    ( 1233): [qcril.c:2361] UI --- RIL_REQUEST_GPRS_REGISTRATION_STATE (21) ---> RIL [token id 331, data len 0]
D/RILC    ( 1233): [qcril.c:2380] Android=>RIL [ label = "RIL_REQUEST_GPRS_REGISTRATION_STATE - Token 331" ];
D/RILC    ( 1233): [qcril_cm_util.c:261] Current System : srv status 1, sys mode 5, roam status 1
D/RILC    ( 1233): [qcril_cm_util.c:372] NO SERVICE
D/RILC    ( 1233): [qcril_cm.c:5169] GPRS Registration State: Not registered/Actively searching, LAC: (null), CID: (null), RadioTech: Unknown
D/RILC    ( 1233): [qcril.c:3965] RIL=>Android [ label = "RIL_REQUEST_GPRS_REGISTRATION_STATE - Not registered/Actively searching, Unknown, Token 331, Success" ];
D/RILC    ( 1233): [qcril.c:3970] UI <--- RIL_REQUEST_GPRS_REGISTRATION_STATE (21) Complete --- RIL [Token 331, RIL_E_SUCCESS, Len 16 Not registered/Actively searching, Unknown]
W/RILC    ( 1233): [ril.cpp:1489] [0331]< GPRS_REGISTRATION_STATE {2,(null),(null),0}
W/RILC    ( 1233): [ril.cpp:390] processCommandBuffer() request=20,token=332
W/RILC    ( 1233): [ril.cpp:409] request=20, pRI->pCI->requestNumber=20
W/RILC    ( 1233): [ril.cpp:437] TOKEN=332 REQ_NUM=0020 REGISTRATION_STATE 
D/RILC    ( 1233): [qcril.c:2361] UI --- RIL_REQUEST_REGISTRATION_STATE (20) ---> RIL [token id 332, data len 0]
D/RILC    ( 1233): [qcril.c:2380] Android=>RIL [ label = "RIL_REQUEST_REGISTRATION_STATE - Token 332" ];
D/RILC    ( 1233): [qcril_cm_util.c:261] Current System : srv status 1, sys mode 5, roam status 1
D/RILC    ( 1233): [qcril_cm_util.c:372] NO SERVICE
D/RILC    ( 1233): [qcril_cm_util.c:1374] Reject cause value = 0
D/RILC    ( 1233): [qcril_cm_util.c:1375] Registration status = Not registered/Actively searching
D/RILC    ( 1233): [qcril_cm_util.c:1435] Reject cause value sent to UI = 0
D/RILC    ( 1233): [qcril_cm.c:5120] Registration State: Not registered/Actively searching, RadioTech: Unknown, LAC: (null), CID: (null), BSID: (null), BSLat: (null), BSLong: (null)
D/RILC    ( 1233): [qcril_cm.c:5123]                     CCS: (null), SID: (null), NID: (null), RoamStatus: (null), PRL: (null), DefRoamStatus: (null), RejReason: 0
D/RILC    ( 1233): [qcril.c:3965] RIL=>Android [ label = "RIL_REQUEST_REGISTRATION_STATE - Not registered/Actively searching, Token 332, Success" ];
I/RILJ    ( 1417): [0330]< OPERATOR {, , }
D/RILC    ( 1233): [qcril.c:3970] UI <--- RIL_REQUEST_REGISTRATION_STATE (20) Complete --- RIL [Token 332, RIL_E_SUCCESS, Len 56 Not registered/Actively searching]
W/RILC    ( 1233): [ril.cpp:1489] [0332]< REGISTRATION_STATE {2,(null),(null),0,(null),(null),(null),(null),(null),(null),(null),(null),(null),0}
W/RILC    ( 1233): [ril.cpp:390] processCommandBuffer() request=45,token=333
W/RILC    ( 1233): [ril.cpp:409] request=45, pRI->pCI->requestNumber=45
W/RILC    ( 1233): [ril.cpp:437] TOKEN=333 REQ_NUM=0045 QUERY_NETWORK_SELECTION_MODE 
D/RILC    ( 1233): [qcril.c:2361] UI --- RIL_REQUEST_QUERY_NETWORK_SELECTION_MODE (45) ---> RIL [token id 333, data len 0]
D/RILC    ( 1233): [qcril.c:2380] Android=>RIL [ label = "RIL_REQUEST_QUERY_NETWORK_SELECTION_MODE - Token 333" ];
D/RILC    ( 1233): [qcril_reqlist.c:168] Not found ReqList entry : token id 333
D/RILC    ( 1233): [qcril_reqlist.c:399] Event RIL_REQUEST_QUERY_NETWORK_SELECTION_MODE (45) pending receipt of CM_PH_EVENT_INFO, token id 333 [0x2a578]
D/RILC    ( 1233): [qcril_reqlist.c:1064] ReqList entries : 
D/RILC    ( 1233): [qcril_reqlist.c:1070]     RIL_REQUEST_QUERY_NETWORK_SELECTION_MODE (45), token id 329
D/RILC    ( 1233): [qcril_reqlist.c:1070]     RIL_REQUEST_QUERY_NETWORK_SELECTION_MODE (45), token id 333
D/RILC    ( 1233): [qcril_cm.c:2321] RIL --- cm_ph_cmd_get_ph_info() ---> AMSS [Token ID 333 (0x14d)]
D/RILC    ( 1233): [qcril_cm.c:2321] RIL=>AMSS [ label = "cm_ph_cmd_get_ph_info()" ];
D/RILC    ( 1233): [qcril_cm.c:3580] CM_PH_COMMAND_CALLBACK : Token ID 329
D/RILC    ( 1233): [qcril_event.c:402] Queued event CM_COMMAND_CALLBACK (12 bytes)
D/RILC    ( 1233): [qcril_event.c:288] qcril_event_main(): 1 items on queue
D/RILC    ( 1233): [qcril_event.c:309] De-queued event CM_COMMAND_CALLBACK (65537)
D/RILC    ( 1233): [qcril.c:2499] AMSS=>RIL [ label = "CM_COMMAND_CALLBACK" ];
D/RILC    ( 1233): [qcril.c:2508] RIL <--- CM_COMMAND_CALLBACK (65537) --- AMSS
D/RILC    ( 1233): [qcril_reqlist.c:159] Found ReqList entry : RIL_REQUEST_QUERY_NETWORK_SELECTION_MODE (45), token id 329
D/RILC    ( 1233): [qcril_reqlist.c:159] Found ReqList entry : RIL_REQUEST_QUERY_NETWORK_SELECTION_MODE (45), token id 329
D/RILC    ( 1233): [qcril_reqlist.c:659] Update ReqList entry : RIL_REQUEST_QUERY_NETWORK_SELECTION_MODE (45), token id 329, state QCRIL_REQ_AWAITING_MORE_AMSS_EVENTS
D/RILC    ( 1233): [qcril_cm.c:924] Change the state of ReqList entry to AWAITING_MORE_AMSS_EVENTS state : RIL_REQUEST_QUERY_NETWORK_SELECTION_MODE (45), Token ID 329, pending CM_PH_EVENT_INFO (69644)
D/RILC    ( 1233): [qcril.c:2536] Exit qcril_process_event() : CM_COMMAND_CALLBACK, err_no 0
D/RILC    ( 1233): [qcril_event.c:271] qcril_event_main(): Waiting...
D/RILC    ( 1233): [qcril_cm.c:3621] Received phonesvc event : CM_PH_EVENT_INFO (69644)
D/RILC    ( 1233): [qcril_event.c:402] Queued event CM_PH_EVENT_INFO (6552 bytes)
D/RILC    ( 1233): [qcril_event.c:288] qcril_event_main(): 1 items on queue
D/RILC    ( 1233): [qcril_event.c:309] De-queued event CM_PH_EVENT_INFO (69644)
D/RILC    ( 1233): [qcril.c:2499] AMSS=>RIL [ label = "CM_PH_EVENT_INFO" ];
D/RILC    ( 1233): [qcril.c:2508] RIL <--- CM_PH_EVENT_INFO (69644) --- AMSS
D/RILC    ( 1233): [qcril_cm.c:3860] GW subscription disabled
D/RILC    ( 1233): [qcril_cm.c:3872] CDMA subscription disabled
D/RILC    ( 1233): [qcril_cm.c:3895] Oprt mode: 5, Mode pref: 19, GW acq order: 2, Band pref: -1073741825, Roam pref: 255, Network sel mode: 0, plmn[0]=255, plmn[1]=255, plmn[2]=255, rtre control: 2
D/RILC    ( 1233): [qcril_reqlist.c:205] Found ReqList entry : RIL_REQUEST_QUERY_NETWORK_SELECTION_MODE (45), token id 329, pending CM_PH_EVENT_INFO (69644)
D/RILC    ( 1233): [qcril_cm.c:4165] Reply to RIL --> Automatic network selection mode
D/RILC    ( 1233): [qcril_reqlist.c:159] Found ReqList entry : RIL_REQUEST_QUERY_NETWORK_SELECTION_MODE (45), token id 329
D/RILC    ( 1233): [qcril_reqlist.c:598] Deleted ReqList entry : token id 329 [0x2cc48]
D/RILC    ( 1233): [qcril_reqlist.c:1064] ReqList entries : 
D/RILC    ( 1233): [qcril_reqlist.c:1070]     RIL_REQUEST_QUERY_NETWORK_SELECTION_MODE (45), token id 333
D/RILC    ( 1233): [qcril.c:3965] RIL=>Android [ label = "RIL_REQUEST_QUERY_NETWORK_SELECTION_MODE - Automatic, Token 329, Success" ];
D/RILC    ( 1233): [qcril.c:3970] UI <--- RIL_REQUEST_QUERY_NETWORK_SELECTION_MODE (45) Complete --- RIL [Token 329, RIL_E_SUCCESS, Len 4 Automatic]
W/RILC    ( 1233): [ril.cpp:1489] [0329]< QUERY_NETWORK_SELECTION_MODE {0}
D/RILC    ( 1233): [qcril.c:2536] Exit qcril_process_event() : CM_PH_EVENT_INFO, err_no 0
D/RILC    ( 1233): [qcril_event.c:271] qcril_event_main(): Waiting...
D/RILC    ( 1233): [qcril_cm.c:3580] CM_PH_COMMAND_CALLBACK : Token ID 333
D/RILC    ( 1233): [qcril_event.c:402] Queued event CM_COMMAND_CALLBACK (12 bytes)
D/RILC    ( 1233): [qcril_event.c:288] qcril_event_main(): 1 items on queue
D/RILC    ( 1233): [qcril_event.c:309] De-queued event CM_COMMAND_CALLBACK (65537)
D/RILC    ( 1233): [qcril.c:2499] AMSS=>RIL [ label = "CM_COMMAND_CALLBACK" ];
D/RILC    ( 1233): [qcril_cm.c:3621] Received phonesvc event : CM_PH_EVENT_INFO (69644)
D/RILC    ( 1233): [qcril_event.c:402] Queued event CM_PH_EVENT_INFO (6552 bytes)
I/RILJ    ( 1417): [0331]< GPRS_REGISTRATION_STATE {2, null, null, 0}
I/RILJ    ( 1417): [0332]< REGISTRATION_STATE {2, null, null, 0, null, null, null, null, null, null, null, null, null, 0}
I/RILJ    ( 1417): [0329]< QUERY_NETWORK_SELECTION_MODE {0}
W/RILC    ( 1233): [ril.cpp:390] processCommandBuffer() request=22,token=334
W/RILC    ( 1233): [ril.cpp:409] request=22, pRI->pCI->requestNumber=22
W/RILC    ( 1233): [ril.cpp:437] TOKEN=334 REQ_NUM=0022 OPERATOR 
D/RILC    ( 1233): [qcril.c:2361] UI --- RIL_REQUEST_OPERATOR (22) ---> RIL [token id 334, data len 0]
D/RILC    ( 1233): [qcril.c:2380] Android=>RIL [ label = "RIL_REQUEST_OPERATOR - Token 334" ];
D/RILC    ( 1233): [qcril_cm_ons.c:10251] Current operator not available: system mode 5 ( srv status 1 )
D/RILC    ( 1233): [qcril_cm.c:5443] Reply to RIL --> Current operator full name : 
D/RILC    ( 1233): [qcril_cm.c:5444] Reply to RIL --> Current operator short name : 
D/RILC    ( 1233): [qcril_cm.c:5445] Reply to RIL --> Current operator MCCMNC : 
D/RILC    ( 1233): [qcril.c:3965] RIL=>Android [ label = "RIL_REQUEST_OPERATOR - , Token 334, Success" ];
D/RILC    ( 1233): [qcril.c:3970] UI <--- RIL_REQUEST_OPERATOR (22) Complete --- RIL [Token 334, RIL_E_SUCCESS, Len 12 ]
W/RILC    ( 1233): [ril.cpp:1489] [0334]< OPERATOR {,,}
I/RILJ    ( 1417): [0334]< OPERATOR {, , }
I/RILJ    ( 1417): RILRequest.obtain() request=21, GPRS_REGISTRATION_STATE
I/RILJ    ( 1417): [0335]> GPRS_REGISTRATION_STATE
W/RILC    ( 1233): [ril.cpp:390] processCommandBuffer() request=21,token=335
W/RILC    ( 1233): [ril.cpp:409] request=21, pRI->pCI->requestNumber=21
W/RILC    ( 1233): [ril.cpp:437] TOKEN=335 REQ_NUM=0021 GPRS_REGISTRATION_STATE 
D/RILC    ( 1233): [qcril.c:2361] UI --- RIL_REQUEST_GPRS_REGISTRATION_STATE (21) ---> RIL [token id 335, data len 0]
D/RILC    ( 1233): [qcril.c:2380] Android=>RIL [ label = "RIL_REQUEST_GPRS_REGISTRATION_STATE - Token 335" ];
D/RILC    ( 1233): [qcril_cm_util.c:261] Current System : srv status 1, sys mode 5, roam status 1
D/RILC    ( 1233): [qcril_cm_util.c:372] NO SERVICE
D/RILC    ( 1233): [qcril_cm.c:5169] GPRS Registration State: Not registered/Actively searching, LAC: (null), CID: (null), RadioTech: Unknown
D/RILC    ( 1233): [qcril.c:3965] RIL=>Android [ label = "RIL_REQUEST_GPRS_REGISTRATION_STATE - Not registered/Actively searching, Unknown, Token 335, Success" ];
D/RILC    ( 1233): [qcril.c:3970] UI <--- RIL_REQUEST_GPRS_REGISTRATION_STATE (21) Complete --- RIL [Token 335, RIL_E_SUCCESS, Len 16 Not registered/Actively searching, Unknown]
W/RILC    ( 1233): [ril.cpp:1489] [0335]< GPRS_REGISTRATION_STATE {2,(null),(null),0}
I/RILJ    ( 1417): [0335]< GPRS_REGISTRATION_STATE {2, null, null, 0}
I/RILJ    ( 1417): RILRequest.obtain() request=20, REGISTRATION_STATE
I/RILJ    ( 1417): [0336]> REGISTRATION_STATE
W/RILC    ( 1233): [ril.cpp:390] processCommandBuffer() request=20,token=336
W/RILC    ( 1233): [ril.cpp:409] request=20, pRI->pCI->requestNumber=20
W/RILC    ( 1233): [ril.cpp:437] TOKEN=336 REQ_NUM=0020 REGISTRATION_STATE 
D/RILC    ( 1233): [qcril.c:2361] UI --- RIL_REQUEST_REGISTRATION_STATE (20) ---> RIL [token id 336, data len 0]
D/RILC    ( 1233): [qcril.c:2380] Android=>RIL [ label = "RIL_REQUEST_REGISTRATION_STATE - Token 336" ];
D/RILC    ( 1233): [qcril_cm_util.c:261] Current System : srv status 1, sys mode 5, roam status 1
D/RILC    ( 1233): [qcril_cm_util.c:372] NO SERVICE
D/RILC    ( 1233): [qcril_cm_util.c:1374] Reject cause value = 0
D/RILC    ( 1233): [qcril_cm_util.c:1375] Registration status = Not registered/Actively searching
D/RILC    ( 1233): [qcril_cm_util.c:1435] Reject cause value sent to UI = 0
D/RILC    ( 1233): [qcril_cm.c:5120] Registration State: Not registered/Actively searching, RadioTech: Unknown, LAC: (null), CID: (null), BSID: (null), BSLat: (null), BSLong: (null)
D/RILC    ( 1233): [qcril_cm.c:5123]                     CCS: (null), SID: (null), NID: (null), RoamStatus: (null), PRL: (null), DefRoamStatus: (null), RejReason: 0
D/RILC    ( 1233): [qcril.c:3965] RIL=>Android [ label = "RIL_REQUEST_REGISTRATION_STATE - Not registered/Actively searching, Token 336, Success" ];
D/RILC    ( 1233): [qcril.c:3970] UI <--- RIL_REQUEST_REGISTRATION_STATE (20) Complete --- RIL [Token 336, RIL_E_SUCCESS, Len 56 Not registered/Actively searching]
W/RILC    ( 1233): [ril.cpp:1489] [0336]< REGISTRATION_STATE {2,(null),(null),0,(null),(null),(null),(null),(null),(null),(null),(null),(null),0}
I/RILJ    ( 1417): [0336]< REGISTRATION_STATE {2, null, null, 0, null, null, null, null, null, null, null, null, null, 0}
D/RILC    ( 1233): [qcril.c:2508] RIL <--- CM_COMMAND_CALLBACK (65537) --- AMSS
D/RILC    ( 1233): [qcril_reqlist.c:159] Found ReqList entry : RIL_REQUEST_QUERY_NETWORK_SELECTION_MODE (45), token id 333
D/RILC    ( 1233): [qcril_reqlist.c:159] Found ReqList entry : RIL_REQUEST_QUERY_NETWORK_SELECTION_MODE (45), token id 333
D/RILC    ( 1233): [qcril_reqlist.c:659] Update ReqList entry : RIL_REQUEST_QUERY_NETWORK_SELECTION_MODE (45), token id 333, state QCRIL_REQ_AWAITING_MORE_AMSS_EVENTS
D/RILC    ( 1233): [qcril_cm.c:924] Change the state of ReqList entry to AWAITING_MORE_AMSS_EVENTS state : RIL_REQUEST_QUERY_NETWORK_SELECTION_MODE (45), Token ID 333, pending CM_PH_EVENT_INFO (69644)
D/RILC    ( 1233): [qcril.c:2536] Exit qcril_process_event() : CM_COMMAND_CALLBACK, err_no 0
D/RILC    ( 1233): [qcril_event.c:271] qcril_event_main(): Waiting...
D/RILC    ( 1233): [qcril_event.c:288] qcril_event_main(): 1 items on queue
D/RILC    ( 1233): [qcril_event.c:309] De-queued event CM_PH_EVENT_INFO (69644)
D/RILC    ( 1233): [qcril.c:2499] AMSS=>RIL [ label = "CM_PH_EVENT_INFO" ];
D/RILC    ( 1233): [qcril.c:2508] RIL <--- CM_PH_EVENT_INFO (69644) --- AMSS
D/RILC    ( 1233): [qcril_cm.c:3860] GW subscription disabled
D/RILC    ( 1233): [qcril_cm.c:3872] CDMA subscription disabled
D/RILC    ( 1233): [qcril_cm.c:3895] Oprt mode: 5, Mode pref: 19, GW acq order: 2, Band pref: -1073741825, Roam pref: 255, Network sel mode: 0, plmn[0]=255, plmn[1]=255, plmn[2]=255, rtre control: 2
D/RILC    ( 1233): [qcril_reqlist.c:205] Found ReqList entry : RIL_REQUEST_QUERY_NETWORK_SELECTION_MODE (45), token id 333, pending CM_PH_EVENT_INFO (69644)
D/RILC    ( 1233): [qcril_cm.c:4165] Reply to RIL --> Automatic network selection mode
D/RILC    ( 1233): [qcril_reqlist.c:159] Found ReqList entry : RIL_REQUEST_QUERY_NETWORK_SELECTION_MODE (45), token id 333
D/RILC    ( 1233): [qcril_reqlist.c:598] Deleted ReqList entry : token id 333 [0x2a578]
D/RILC    ( 1233): [qcril_reqlist.c:1060] ReqList entries : Empty
D/RILC    ( 1233): [qcril.c:3965] RIL=>Android [ label = "RIL_REQUEST_QUERY_NETWORK_SELECTION_MODE - Automatic, Token 333, Success" ];
D/RILC    ( 1233): [qcril.c:3970] UI <--- RIL_REQUEST_QUERY_NETWORK_SELECTION_MODE (45) Complete --- RIL [Token 333, RIL_E_SUCCESS, Len 4 Automatic]
W/RILC    ( 1233): [ril.cpp:1489] [0333]< QUERY_NETWORK_SELECTION_MODE {0}
I/RILJ    ( 1417): RILRequest.obtain() request=45, QUERY_NETWORK_SELECTION_MODE
I/RILJ    ( 1417): [0337]> QUERY_NETWORK_SELECTION_MODE
I/RILJ    ( 1417): [0333]< QUERY_NETWORK_SELECTION_MODE {0}
W/RILC    ( 1233): [ril.cpp:390] processCommandBuffer() request=45,token=337
W/RILC    ( 1233): [ril.cpp:409] request=45, pRI->pCI->requestNumber=45
W/RILC    ( 1233): [ril.cpp:437] TOKEN=337 REQ_NUM=0045 QUERY_NETWORK_SELECTION_MODE 
D/RILC    ( 1233): [qcril.c:2361] UI --- RIL_REQUEST_QUERY_NETWORK_SELECTION_MODE (45) ---> RIL [token id 337, data len 0]
D/RILC    ( 1233): [qcril.c:2380] Android=>RIL [ label = "RIL_REQUEST_QUERY_NETWORK_SELECTION_MODE - Token 337" ];
D/RILC    ( 1233): [qcril_reqlist.c:168] Not found ReqList entry : token id 337
D/RILC    ( 1233): [qcril_reqlist.c:399] Event RIL_REQUEST_QUERY_NETWORK_SELECTION_MODE (45) pending receipt of CM_PH_EVENT_INFO, token id 337 [0x2a590]
D/RILC    ( 1233): [qcril_reqlist.c:1064] ReqList entries : 
D/RILC    ( 1233): [qcril_reqlist.c:1070]     RIL_REQUEST_QUERY_NETWORK_SELECTION_MODE (45), token id 337
D/RILC    ( 1233): [qcril_cm.c:2321] RIL --- cm_ph_cmd_get_ph_info() ---> AMSS [Token ID 337 (0x151)]
D/RILC    ( 1233): [qcril_cm.c:2321] RIL=>AMSS [ label = "cm_ph_cmd_get_ph_info()" ];
D/RILC    ( 1233): [qcril_cm.c:3580] CM_PH_COMMAND_CALLBACK : Token ID 337
D/RILC    ( 1233): [qcril_event.c:402] Queued event CM_COMMAND_CALLBACK (12 bytes)
I/RILJ    ( 1417): RILRequest.obtain() request=22, OPERATOR
D/RILC    ( 1233): [qcril_cm.c:3621] Received phonesvc event : CM_PH_EVENT_INFO (69644)
D/RILC    ( 1233): [qcril_event.c:402] Queued event CM_PH_EVENT_INFO (6552 bytes)
D/RILC    ( 1233): [qcril.c:2536] Exit qcril_process_event() : CM_PH_EVENT_INFO, err_no 0
D/RILC    ( 1233): [qcril_event.c:271] qcril_event_main(): Waiting...
D/RILC    ( 1233): [qcril_event.c:288] qcril_event_main(): 2 items on queue
D/RILC    ( 1233): [qcril_event.c:309] De-queued event CM_COMMAND_CALLBACK (65537)
D/RILC    ( 1233): [qcril.c:2499] AMSS=>RIL [ label = "CM_COMMAND_CALLBACK" ];
D/RILC    ( 1233): [qcril.c:2508] RIL <--- CM_COMMAND_CALLBACK (65537) --- AMSS
D/RILC    ( 1233): [qcril_reqlist.c:159] Found ReqList entry : RIL_REQUEST_QUERY_NETWORK_SELECTION_MODE (45), token id 337
D/RILC    ( 1233): [qcril_reqlist.c:159] Found ReqList entry : RIL_REQUEST_QUERY_NETWORK_SELECTION_MODE (45), token id 337
D/RILC    ( 1233): [qcril_reqlist.c:659] Update ReqList entry : RIL_REQUEST_QUERY_NETWORK_SELECTION_MODE (45), token id 337, state QCRIL_REQ_AWAITING_MORE_AMSS_EVENTS
D/RILC    ( 1233): [qcril_cm.c:924] Change the state of ReqList entry to AWAITING_MORE_AMSS_EVENTS state : RIL_REQUEST_QUERY_NETWORK_SELECTION_MODE (45), Token ID 337, pending CM_PH_EVENT_INFO (69644)
D/RILC    ( 1233): [qcril.c:2536] Exit qcril_process_event() : CM_COMMAND_CALLBACK, err_no 0
D/RILC    ( 1233): [qcril_event.c:309] De-queued event CM_PH_EVENT_INFO (69644)
D/RILC    ( 1233): [qcril.c:2499] AMSS=>RIL [ label = "CM_PH_EVENT_INFO" ];
D/RILC    ( 1233): [qcril.c:2508] RIL <--- CM_PH_EVENT_INFO (69644) --- AMSS
D/RILC    ( 1233): [qcril_cm.c:3860] GW subscription disabled
D/RILC    ( 1233): [qcril_cm.c:3872] CDMA subscription disabled
D/RILC    ( 1233): [qcril_cm.c:3895] Oprt mode: 5, Mode pref: 19, GW acq order: 2, Band pref: -1073741825, Roam pref: 255, Network sel mode: 0, plmn[0]=255, plmn[1]=255, plmn[2]=255, rtre control: 2
D/RILC    ( 1233): [qcril_reqlist.c:205] Found ReqList entry : RIL_REQUEST_QUERY_NETWORK_SELECTION_MODE (45), token id 337, pending CM_PH_EVENT_INFO (69644)
D/RILC    ( 1233): [qcril_cm.c:4165] Reply to RIL --> Automatic network selection mode
D/RILC    ( 1233): [qcril_reqlist.c:159] Found ReqList entry : RIL_REQUEST_QUERY_NETWORK_SELECTION_MODE (45), token id 337
D/RILC    ( 1233): [qcril_reqlist.c:598] Deleted ReqList entry : token id 337 [0x2a590]
D/RILC    ( 1233): [qcril_reqlist.c:1060] ReqList entries : Empty
D/RILC    ( 1233): [qcril.c:3965] RIL=>Android [ label = "RIL_REQUEST_QUERY_NETWORK_SELECTION_MODE - Automatic, Token 337, Success" ];
D/RILC    ( 1233): [qcril.c:3970] UI <--- RIL_REQUEST_QUERY_NETWORK_SELECTION_MODE (45) Complete --- RIL [Token 337, RIL_E_SUCCESS, Len 4 Automatic]
W/RILC    ( 1233): [ril.cpp:1489] [0337]< QUERY_NETWORK_SELECTION_MODE {0}
I/RILJ    ( 1417): [0338]> OPERATOR
W/RILC    ( 1233): [ril.cpp:390] processCommandBuffer() request=22,token=338
W/RILC    ( 1233): [ril.cpp:409] request=22, pRI->pCI->requestNumber=22
W/RILC    ( 1233): [ril.cpp:437] TOKEN=338 REQ_NUM=0022 OPERATOR 
D/RILC    ( 1233): [qcril.c:2361] UI --- RIL_REQUEST_OPERATOR (22) ---> RIL [token id 338, data len 0]
D/RILC    ( 1233): [qcril.c:2380] Android=>RIL [ label = "RIL_REQUEST_OPERATOR - Token 338" ];
D/RILC    ( 1233): [qcril_cm_ons.c:10251] Current operator not available: system mode 5 ( srv status 1 )
D/RILC    ( 1233): [qcril_cm.c:5443] Reply to RIL --> Current operator full name : 
D/RILC    ( 1233): [qcril_cm.c:5444] Reply to RIL --> Current operator short name : 
D/RILC    ( 1233): [qcril_cm.c:5445] Reply to RIL --> Current operator MCCMNC : 
D/RILC    ( 1233): [qcril.c:3965] RIL=>Android [ label = "RIL_REQUEST_OPERATOR - , Token 338, Success" ];
D/RILC    ( 1233): [qcril.c:3970] UI <--- RIL_REQUEST_OPERATOR (22) Complete --- RIL [Token 338, RIL_E_SUCCESS, Len 12 ]
W/RILC    ( 1233): [ril.cpp:1489] [0338]< OPERATOR {,,}
I/RILJ    ( 1417): RILRequest.obtain() request=21, GPRS_REGISTRATION_STATE
I/RILJ    ( 1417): [0339]> GPRS_REGISTRATION_STATE
I/RILJ    ( 1417): RILRequest.obtain() request=20, REGISTRATION_STATE
I/RILJ    ( 1417): [0340]> REGISTRATION_STATE
I/RILJ    ( 1417): RILRequest.obtain() request=45, QUERY_NETWORK_SELECTION_MODE
I/RILJ    ( 1417): [0341]> QUERY_NETWORK_SELECTION_MODE
I/RILJ    ( 1417): RILRequest.obtain() request=22, OPERATOR
I/RILJ    ( 1417): [0342]> OPERATOR
I/RILJ    ( 1417): [0337]< QUERY_NETWORK_SELECTION_MODE {0}
D/RILC    ( 1233): [qcril.c:2536] Exit qcril_process_event() : CM_PH_EVENT_INFO, err_no 0
D/RILC    ( 1233): [qcril_event.c:271] qcril_event_main(): Waiting...
W/RILC    ( 1233): [ril.cpp:390] processCommandBuffer() request=21,token=339
W/RILC    ( 1233): [ril.cpp:409] request=21, pRI->pCI->requestNumber=21
W/RILC    ( 1233): [ril.cpp:437] TOKEN=339 REQ_NUM=0021 GPRS_REGISTRATION_STATE 
D/RILC    ( 1233): [qcril.c:2361] UI --- RIL_REQUEST_GPRS_REGISTRATION_STATE (21) ---> RIL [token id 339, data len 0]
D/RILC    ( 1233): [qcril.c:2380] Android=>RIL [ label = "RIL_REQUEST_GPRS_REGISTRATION_STATE - Token 339" ];
D/RILC    ( 1233): [qcril_cm_util.c:261] Current System : srv status 1, sys mode 5, roam status 1
D/RILC    ( 1233): [qcril_cm_util.c:372] NO SERVICE
D/RILC    ( 1233): [qcril_cm.c:5169] GPRS Registration State: Not registered/Actively searching, LAC: (null), CID: (null), RadioTech: Unknown
D/RILC    ( 1233): [qcril.c:3965] RIL=>Android [ label = "RIL_REQUEST_GPRS_REGISTRATION_STATE - Not registered/Actively searching, Unknown, Token 339, Success" ];
D/RILC    ( 1233): [qcril.c:3970] UI <--- RIL_REQUEST_GPRS_REGISTRATION_STATE (21) Complete --- RIL [Token 339, RIL_E_SUCCESS, Len 16 Not registered/Actively searching, Unknown]
W/RILC    ( 1233): [ril.cpp:1489] [0339]< GPRS_REGISTRATION_STATE {2,(null),(null),0}
W/RILC    ( 1233): [ril.cpp:390] processCommandBuffer() request=20,token=340
W/RILC    ( 1233): [ril.cpp:409] request=20, pRI->pCI->requestNumber=20
W/RILC    ( 1233): [ril.cpp:437] TOKEN=340 REQ_NUM=0020 REGISTRATION_STATE 
D/RILC    ( 1233): [qcril.c:2361] UI --- RIL_REQUEST_REGISTRATION_STATE (20) ---> RIL [token id 340, data len 0]
D/RILC    ( 1233): [qcril.c:2380] Android=>RIL [ label = "RIL_REQUEST_REGISTRATION_STATE - Token 340" ];
D/RILC    ( 1233): [qcril_cm_util.c:261] Current System : srv status 1, sys mode 5, roam status 1
D/RILC    ( 1233): [qcril_cm_util.c:372] NO SERVICE
D/RILC    ( 1233): [qcril_cm_util.c:1374] Reject cause value = 0
D/RILC    ( 1233): [qcril_cm_util.c:1375] Registration status = Not registered/Actively searching
D/RILC    ( 1233): [qcril_cm_util.c:1435] Reject cause value sent to UI = 0
D/RILC    ( 1233): [qcril_cm.c:5120] Registration State: Not registered/Actively searching, RadioTech: Unknown, LAC: (null), CID: (null), BSID: (null), BSLat: (null), BSLong: (null)
D/RILC    ( 1233): [qcril_cm.c:5123]                     CCS: (null), SID: (null), NID: (null), RoamStatus: (null), PRL: (null), DefRoamStatus: (null), RejReason: 0
D/RILC    ( 1233): [qcril.c:3965] RIL=>Android [ label = "RIL_REQUEST_REGISTRATION_STATE - Not registered/Actively searching, Token 340, Success" ];
D/RILC    ( 1233): [qcril.c:3970] UI <--- RIL_REQUEST_REGISTRATION_STATE (20) Complete --- RIL [Token 340, RIL_E_SUCCESS, Len 56 Not registered/Actively searching]
W/RILC    ( 1233): [ril.cpp:1489] [0340]< REGISTRATION_STATE {2,(null),(null),0,(null),(null),(null),(null),(null),(null),(null),(null),(null),0}
W/RILC    ( 1233): [ril.cpp:390] processCommandBuffer() request=45,token=341
W/RILC    ( 1233): [ril.cpp:409] request=45, pRI->pCI->requestNumber=45
W/RILC    ( 1233): [ril.cpp:437] TOKEN=341 REQ_NUM=0045 QUERY_NETWORK_SELECTION_MODE 
D/RILC    ( 1233): [qcril.c:2361] UI --- RIL_REQUEST_QUERY_NETWORK_SELECTION_MODE (45) ---> RIL [token id 341, data len 0]
D/RILC    ( 1233): [qcril.c:2380] Android=>RIL [ label = "RIL_REQUEST_QUERY_NETWORK_SELECTION_MODE - Token 341" ];
D/RILC    ( 1233): [qcril_reqlist.c:168] Not found ReqList entry : token id 341
D/RILC    ( 1233): [qcril_reqlist.c:399] Event RIL_REQUEST_QUERY_NETWORK_SELECTION_MODE (45) pending receipt of CM_PH_EVENT_INFO, token id 341 [0x2ccb0]
D/RILC    ( 1233): [qcril_reqlist.c:1064] ReqList entries : 
D/RILC    ( 1233): [qcril_reqlist.c:1070]     RIL_REQUEST_QUERY_NETWORK_SELECTION_MODE (45), token id 341
D/RILC    ( 1233): [qcril_cm.c:2321] RIL --- cm_ph_cmd_get_ph_info() ---> AMSS [Token ID 341 (0x155)]
D/RILC    ( 1233): [qcril_cm.c:2321] RIL=>AMSS [ label = "cm_ph_cmd_get_ph_info()" ];
D/RILC    ( 1233): [qcril_cm.c:3580] CM_PH_COMMAND_CALLBACK : Token ID 341
D/RILC    ( 1233): [qcril_event.c:402] Queued event CM_COMMAND_CALLBACK (12 bytes)
D/RILC    ( 1233): [qcril_event.c:288] qcril_event_main(): 1 items on queue
D/RILC    ( 1233): [qcril_event.c:309] De-queued event CM_COMMAND_CALLBACK (65537)
D/RILC    ( 1233): [qcril.c:2499] AMSS=>RIL [ label = "CM_COMMAND_CALLBACK" ];
D/RILC    ( 1233): [qcril_cm.c:3621] Received phonesvc event : CM_PH_EVENT_INFO (69644)
D/RILC    ( 1233): [qcril_event.c:402] Queued event CM_PH_EVENT_INFO (6552 bytes)
D/RILC    ( 1233): [qcril.c:2508] RIL <--- CM_COMMAND_CALLBACK (65537) --- AMSS
D/RILC    ( 1233): [qcril_reqlist.c:159] Found ReqList entry : RIL_REQUEST_QUERY_NETWORK_SELECTION_MODE (45), token id 341
D/RILC    ( 1233): [qcril_reqlist.c:159] Found ReqList entry : RIL_REQUEST_QUERY_NETWORK_SELECTION_MODE (45), token id 341
D/RILC    ( 1233): [qcril_reqlist.c:659] Update ReqList entry : RIL_REQUEST_QUERY_NETWORK_SELECTION_MODE (45), token id 341, state QCRIL_REQ_AWAITING_MORE_AMSS_EVENTS
D/RILC    ( 1233): [qcril_cm.c:924] Change the state of ReqList entry to AWAITING_MORE_AMSS_EVENTS state : RIL_REQUEST_QUERY_NETWORK_SELECTION_MODE (45), Token ID 341, pending CM_PH_EVENT_INFO (69644)
D/RILC    ( 1233): [qcril.c:2536] Exit qcril_process_event() : CM_COMMAND_CALLBACK, err_no 0
D/RILC    ( 1233): [qcril_event.c:271] qcril_event_main(): Waiting...
D/RILC    ( 1233): [qcril_event.c:288] qcril_event_main(): 1 items on queue
D/RILC    ( 1233): [qcril_event.c:309] De-queued event CM_PH_EVENT_INFO (69644)
D/RILC    ( 1233): [qcril.c:2499] AMSS=>RIL [ label = "CM_PH_EVENT_INFO" ];
D/RILC    ( 1233): [qcril.c:2508] RIL <--- CM_PH_EVENT_INFO (69644) --- AMSS
D/RILC    ( 1233): [qcril_cm.c:3860] GW subscription disabled
D/RILC    ( 1233): [qcril_cm.c:3872] CDMA subscription disabled
D/RILC    ( 1233): [qcril_cm.c:3895] Oprt mode: 5, Mode pref: 19, GW acq order: 2, Band pref: -1073741825, Roam pref: 255, Network sel mode: 0, plmn[0]=255, plmn[1]=255, plmn[2]=255, rtre control: 2
D/RILC    ( 1233): [qcril_reqlist.c:205] Found ReqList entry : RIL_REQUEST_QUERY_NETWORK_SELECTION_MODE (45), token id 341, pending CM_PH_EVENT_INFO (69644)
D/RILC    ( 1233): [qcril_cm.c:4165] Reply to RIL --> Automatic network selection mode
D/RILC    ( 1233): [qcril_reqlist.c:159] Found ReqList entry : RIL_REQUEST_QUERY_NETWORK_SELECTION_MODE (45), token id 341
D/RILC    ( 1233): [qcril_reqlist.c:598] Deleted ReqList entry : token id 341 [0x2ccb0]
D/RILC    ( 1233): [qcril_reqlist.c:1060] ReqList entries : Empty
D/RILC    ( 1233): [qcril.c:3965] RIL=>Android [ label = "RIL_REQUEST_QUERY_NETWORK_SELECTION_MODE - Automatic, Token 341, Success" ];
D/RILC    ( 1233): [qcril.c:3970] UI <--- RIL_REQUEST_QUERY_NETWORK_SELECTION_MODE (45) Complete --- RIL [Token 341, RIL_E_SUCCESS, Len 4 Automatic]
W/RILC    ( 1233): [ril.cpp:1489] [0341]< QUERY_NETWORK_SELECTION_MODE {0}
D/RILC    ( 1233): [qcril.c:2536] Exit qcril_process_event() : CM_PH_EVENT_INFO, err_no 0
D/RILC    ( 1233): [qcril_event.c:271] qcril_event_main(): Waiting...
I/RILJ    ( 1417): [0338]< OPERATOR {, , }
I/RILJ    ( 1417): [0339]< GPRS_REGISTRATION_STATE {2, null, null, 0}
I/RILJ    ( 1417): [0340]< REGISTRATION_STATE {2, null, null, 0, null, null, null, null, null, null, null, null, null, 0}
I/RILJ    ( 1417): [0341]< QUERY_NETWORK_SELECTION_MODE {0}
W/RILC    ( 1233): [ril.cpp:390] processCommandBuffer() request=22,token=342
W/RILC    ( 1233): [ril.cpp:409] request=22, pRI->pCI->requestNumber=22
W/RILC    ( 1233): [ril.cpp:437] TOKEN=342 REQ_NUM=0022 OPERATOR 
D/RILC    ( 1233): [qcril.c:2361] UI --- RIL_REQUEST_OPERATOR (22) ---> RIL [token id 342, data len 0]
D/RILC    ( 1233): [qcril.c:2380] Android=>RIL [ label = "RIL_REQUEST_OPERATOR - Token 342" ];
D/RILC    ( 1233): [qcril_cm_ons.c:10251] Current operator not available: system mode 5 ( srv status 1 )
D/RILC    ( 1233): [qcril_cm.c:5443] Reply to RIL --> Current operator full name : 
D/RILC    ( 1233): [qcril_cm.c:5444] Reply to RIL --> Current operator short name : 
D/RILC    ( 1233): [qcril_cm.c:5445] Reply to RIL --> Current operator MCCMNC : 
D/RILC    ( 1233): [qcril.c:3965] RIL=>Android [ label = "RIL_REQUEST_OPERATOR - , Token 342, Success" ];
D/RILC    ( 1233): [qcril.c:3970] UI <--- RIL_REQUEST_OPERATOR (22) Complete --- RIL [Token 342, RIL_E_SUCCESS, Len 12 ]
W/RILC    ( 1233): [ril.cpp:1489] [0342]< OPERATOR {,,}
I/RILJ    ( 1417): [0342]< OPERATOR {, , }
I/RILJ    ( 1417): RILRequest.obtain() request=21, GPRS_REGISTRATION_STATE
I/RILJ    ( 1417): [0343]> GPRS_REGISTRATION_STATE
W/RILC    ( 1233): [ril.cpp:390] processCommandBuffer() request=21,token=343
W/RILC    ( 1233): [ril.cpp:409] request=21, pRI->pCI->requestNumber=21
W/RILC    ( 1233): [ril.cpp:437] TOKEN=343 REQ_NUM=0021 GPRS_REGISTRATION_STATE 
D/RILC    ( 1233): [qcril.c:2361] UI --- RIL_REQUEST_GPRS_REGISTRATION_STATE (21) ---> RIL [token id 343, data len 0]
D/RILC    ( 1233): [qcril.c:2380] Android=>RIL [ label = "RIL_REQUEST_GPRS_REGISTRATION_STATE - Token 343" ];
D/RILC    ( 1233): [qcril_cm_util.c:261] Current System : srv status 1, sys mode 5, roam status 1
D/RILC    ( 1233): [qcril_cm_util.c:372] NO SERVICE
D/RILC    ( 1233): [qcril_cm.c:5169] GPRS Registration State: Not registered/Actively searching, LAC: (null), CID: (null), RadioTech: Unknown
D/RILC    ( 1233): [qcril.c:3965] RIL=>Android [ label = "RIL_REQUEST_GPRS_REGISTRATION_STATE - Not registered/Actively searching, Unknown, Token 343, Success" ];
D/RILC    ( 1233): [qcril.c:3970] UI <--- RIL_REQUEST_GPRS_REGISTRATION_STATE (21) Complete --- RIL [Token 343, RIL_E_SUCCESS, Len 16 Not registered/Actively searching, Unknown]
W/RILC    ( 1233): [ril.cpp:1489] [0343]< GPRS_REGISTRATION_STATE {2,(null),(null),0}
I/RILJ    ( 1417): [0343]< GPRS_REGISTRATION_STATE {2, null, null, 0}
I/RILJ    ( 1417): RILRequest.obtain() request=20, REGISTRATION_STATE
I/RILJ    ( 1417): [0344]> REGISTRATION_STATE
I/RILJ    ( 1417): RILRequest.obtain() request=45, QUERY_NETWORK_SELECTION_MODE
I/RILJ    ( 1417): [0345]> QUERY_NETWORK_SELECTION_MODE
I/RILJ    ( 1417): RILRequest.obtain() request=22, OPERATOR
I/RILJ    ( 1417): [0346]> OPERATOR
W/RILC    ( 1233): [ril.cpp:390] processCommandBuffer() request=20,token=344
W/RILC    ( 1233): [ril.cpp:409] request=20, pRI->pCI->requestNumber=20
W/RILC    ( 1233): [ril.cpp:437] TOKEN=344 REQ_NUM=0020 REGISTRATION_STATE 
D/RILC    ( 1233): [qcril.c:2361] UI --- RIL_REQUEST_REGISTRATION_STATE (20) ---> RIL [token id 344, data len 0]
D/RILC    ( 1233): [qcril.c:2380] Android=>RIL [ label = "RIL_REQUEST_REGISTRATION_STATE - Token 344" ];
D/RILC    ( 1233): [qcril_cm_util.c:261] Current System : srv status 1, sys mode 5, roam status 1
D/RILC    ( 1233): [qcril_cm_util.c:372] NO SERVICE
D/RILC    ( 1233): [qcril_cm_util.c:1374] Reject cause value = 0
D/RILC    ( 1233): [qcril_cm_util.c:1375] Registration status = Not registered/Actively searching
D/RILC    ( 1233): [qcril_cm_util.c:1435] Reject cause value sent to UI = 0
D/RILC    ( 1233): [qcril_cm.c:5120] Registration State: Not registered/Actively searching, RadioTech: Unknown, LAC: (null), CID: (null), BSID: (null), BSLat: (null), BSLong: (null)
D/RILC    ( 1233): [qcril_cm.c:5123]                     CCS: (null), SID: (null), NID: (null), RoamStatus: (null), PRL: (null), DefRoamStatus: (null), RejReason: 0
D/RILC    ( 1233): [qcril.c:3965] RIL=>Android [ label = "RIL_REQUEST_REGISTRATION_STATE - Not registered/Actively searching, Token 344, Success" ];
D/RILC    ( 1233): [qcril.c:3970] UI <--- RIL_REQUEST_REGISTRATION_STATE (20) Complete --- RIL [Token 344, RIL_E_SUCCESS, Len 56 Not registered/Actively searching]
W/RILC    ( 1233): [ril.cpp:1489] [0344]< REGISTRATION_STATE {2,(null),(null),0,(null),(null),(null),(null),(null),(null),(null),(null),(null),0}
I/RILJ    ( 1417): [0344]< REGISTRATION_STATE {2, null, null, 0, null, null, null, null, null, null, null, null, null, 0}
W/RILC    ( 1233): [ril.cpp:390] processCommandBuffer() request=45,token=345
W/RILC    ( 1233): [ril.cpp:409] request=45, pRI->pCI->requestNumber=45
W/RILC    ( 1233): [ril.cpp:437] TOKEN=345 REQ_NUM=0045 QUERY_NETWORK_SELECTION_MODE 
D/RILC    ( 1233): [qcril.c:2361] UI --- RIL_REQUEST_QUERY_NETWORK_SELECTION_MODE (45) ---> RIL [token id 345, data len 0]
D/RILC    ( 1233): [qcril.c:2380] Android=>RIL [ label = "RIL_REQUEST_QUERY_NETWORK_SELECTION_MODE - Token 345" ];
D/RILC    ( 1233): [qcril_reqlist.c:168] Not found ReqList entry : token id 345
D/RILC    ( 1233): [qcril_reqlist.c:399] Event RIL_REQUEST_QUERY_NETWORK_SELECTION_MODE (45) pending receipt of CM_PH_EVENT_INFO, token id 345 [0x2ccb0]
D/RILC    ( 1233): [qcril_reqlist.c:1064] ReqList entries : 
D/RILC    ( 1233): [qcril_reqlist.c:1070]     RIL_REQUEST_QUERY_NETWORK_SELECTION_MODE (45), token id 345
D/RILC    ( 1233): [qcril_cm.c:2321] RIL --- cm_ph_cmd_get_ph_info() ---> AMSS [Token ID 345 (0x159)]
D/RILC    ( 1233): [qcril_cm.c:2321] RIL=>AMSS [ label = "cm_ph_cmd_get_ph_info()" ];
D/RILC    ( 1233): [qcril_cm.c:3580] CM_PH_COMMAND_CALLBACK : Token ID 345
D/RILC    ( 1233): [qcril_event.c:402] Queued event CM_COMMAND_CALLBACK (12 bytes)
D/RILC    ( 1233): [qcril_event.c:288] qcril_event_main(): 1 items on queue
D/RILC    ( 1233): [qcril_event.c:309] De-queued event CM_COMMAND_CALLBACK (65537)
D/RILC    ( 1233): [qcril.c:2499] AMSS=>RIL [ label = "CM_COMMAND_CALLBACK" ];
D/RILC    ( 1233): [qcril.c:2508] RIL <--- CM_COMMAND_CALLBACK (65537) --- AMSS
D/RILC    ( 1233): [qcril_reqlist.c:159] Found ReqList entry : RIL_REQUEST_QUERY_NETWORK_SELECTION_MODE (45), token id 345
D/RILC    ( 1233): [qcril_reqlist.c:159] Found ReqList entry : RIL_REQUEST_QUERY_NETWORK_SELECTION_MODE (45), token id 345
D/RILC    ( 1233): [qcril_reqlist.c:659] Update ReqList entry : RIL_REQUEST_QUERY_NETWORK_SELECTION_MODE (45), token id 345, state QCRIL_REQ_AWAITING_MORE_AMSS_EVENTS
D/RILC    ( 1233): [qcril_cm.c:924] Change the state of ReqList entry to AWAITING_MORE_AMSS_EVENTS state : RIL_REQUEST_QUERY_NETWORK_SELECTION_MODE (45), Token ID 345, pending CM_PH_EVENT_INFO (69644)
D/RILC    ( 1233): [qcril.c:2536] Exit qcril_process_event() : CM_COMMAND_CALLBACK, err_no 0
D/RILC    ( 1233): [qcril_event.c:271] qcril_event_main(): Waiting...
D/RILC    ( 1233): [qcril_cm.c:3621] Received phonesvc event : CM_PH_EVENT_INFO (69644)
D/RILC    ( 1233): [qcril_event.c:402] Queued event CM_PH_EVENT_INFO (6552 bytes)
D/RILC    ( 1233): [qcril_event.c:288] qcril_event_main(): 1 items on queue
D/RILC    ( 1233): [qcril_event.c:309] De-queued event CM_PH_EVENT_INFO (69644)
D/RILC    ( 1233): [qcril.c:2499] AMSS=>RIL [ label = "CM_PH_EVENT_INFO" ];
D/RILC    ( 1233): [qcril.c:2508] RIL <--- CM_PH_EVENT_INFO (69644) --- AMSS
D/RILC    ( 1233): [qcril_cm.c:3860] GW subscription disabled
D/RILC    ( 1233): [qcril_cm.c:3872] CDMA subscription disabled
D/RILC    ( 1233): [qcril_cm.c:3895] Oprt mode: 5, Mode pref: 19, GW acq order: 2, Band pref: -1073741825, Roam pref: 255, Network sel mode: 0, plmn[0]=255, plmn[1]=255, plmn[2]=255, rtre control: 2
D/RILC    ( 1233): [qcril_reqlist.c:205] Found ReqList entry : RIL_REQUEST_QUERY_NETWORK_SELECTION_MODE (45), token id 345, pending CM_PH_EVENT_INFO (69644)
D/RILC    ( 1233): [qcril_cm.c:4165] Reply to RIL --> Automatic network selection mode
D/RILC    ( 1233): [qcril_reqlist.c:159] Found ReqList entry : RIL_REQUEST_QUERY_NETWORK_SELECTION_MODE (45), token id 345
D/RILC    ( 1233): [qcril_reqlist.c:598] Deleted ReqList entry : token id 345 [0x2ccb0]
D/RILC    ( 1233): [qcril_reqlist.c:1060] ReqList entries : Empty
D/RILC    ( 1233): [qcril.c:3965] RIL=>Android [ label = "RIL_REQUEST_QUERY_NETWORK_SELECTION_MODE - Automatic, Token 345, Success" ];
D/RILC    ( 1233): [qcril.c:3970] UI <--- RIL_REQUEST_QUERY_NETWORK_SELECTION_MODE (45) Complete --- RIL [Token 345, RIL_E_SUCCESS, Len 4 Automatic]
W/RILC    ( 1233): [ril.cpp:1489] [0345]< QUERY_NETWORK_SELECTION_MODE {0}
D/RILC    ( 1233): [qcril.c:2536] Exit qcril_process_event() : CM_PH_EVENT_INFO, err_no 0
D/RILC    ( 1233): [qcril_event.c:271] qcril_event_main(): Waiting...
I/RILJ    ( 1417): [0345]< QUERY_NETWORK_SELECTION_MODE {0}
W/RILC    ( 1233): [ril.cpp:390] processCommandBuffer() request=22,token=346
W/RILC    ( 1233): [ril.cpp:409] request=22, pRI->pCI->requestNumber=22
W/RILC    ( 1233): [ril.cpp:437] TOKEN=346 REQ_NUM=0022 OPERATOR 
D/RILC    ( 1233): [qcril.c:2361] UI --- RIL_REQUEST_OPERATOR (22) ---> RIL [token id 346, data len 0]
D/RILC    ( 1233): [qcril.c:2380] Android=>RIL [ label = "RIL_REQUEST_OPERATOR - Token 346" ];
D/RILC    ( 1233): [qcril_cm_ons.c:10251] Current operator not available: system mode 5 ( srv status 1 )
D/RILC    ( 1233): [qcril_cm.c:5443] Reply to RIL --> Current operator full name : 
D/RILC    ( 1233): [qcril_cm.c:5444] Reply to RIL --> Current operator short name : 
D/RILC    ( 1233): [qcril_cm.c:5445] Reply to RIL --> Current operator MCCMNC : 
D/RILC    ( 1233): [qcril.c:3965] RIL=>Android [ label = "RIL_REQUEST_OPERATOR - , Token 346, Success" ];
D/RILC    ( 1233): [qcril.c:3970] UI <--- RIL_REQUEST_OPERATOR (22) Complete --- RIL [Token 346, RIL_E_SUCCESS, Len 12 ]
W/RILC    ( 1233): [ril.cpp:1489] [0346]< OPERATOR {,,}
I/RILJ    ( 1417): [0346]< OPERATOR {, , }
I/RILJ    ( 1417): RILRequest.obtain() request=21, GPRS_REGISTRATION_STATE
I/RILJ    ( 1417): [0347]> GPRS_REGISTRATION_STATE
W/RILC    ( 1233): [ril.cpp:390] processCommandBuffer() request=21,token=347
W/RILC    ( 1233): [ril.cpp:409] request=21, pRI->pCI->requestNumber=21
W/RILC    ( 1233): [ril.cpp:437] TOKEN=347 REQ_NUM=0021 GPRS_REGISTRATION_STATE 
D/RILC    ( 1233): [qcril.c:2361] UI --- RIL_REQUEST_GPRS_REGISTRATION_STATE (21) ---> RIL [token id 347, data len 0]
D/RILC    ( 1233): [qcril.c:2380] Android=>RIL [ label = "RIL_REQUEST_GPRS_REGISTRATION_STATE - Token 347" ];
D/RILC    ( 1233): [qcril_cm_util.c:261] Current System : srv status 1, sys mode 5, roam status 1
D/RILC    ( 1233): [qcril_cm_util.c:372] NO SERVICE
D/RILC    ( 1233): [qcril_cm.c:5169] GPRS Registration State: Not registered/Actively searching, LAC: (null), CID: (null), RadioTech: Unknown
D/RILC    ( 1233): [qcril.c:3965] RIL=>Android [ label = "RIL_REQUEST_GPRS_REGISTRATION_STATE - Not registered/Actively searching, Unknown, Token 347, Success" ];
D/RILC    ( 1233): [qcril.c:3970] UI <--- RIL_REQUEST_GPRS_REGISTRATION_STATE (21) Complete --- RIL [Token 347, RIL_E_SUCCESS, Len 16 Not registered/Actively searching, Unknown]
W/RILC    ( 1233): [ril.cpp:1489] [0347]< GPRS_REGISTRATION_STATE {2,(null),(null),0}
I/RILJ    ( 1417): [0347]< GPRS_REGISTRATION_STATE {2, null, null, 0}
I/RILJ    ( 1417): RILRequest.obtain() request=20, REGISTRATION_STATE
I/RILJ    ( 1417): [0348]> REGISTRATION_STATE
W/RILC    ( 1233): [ril.cpp:390] processCommandBuffer() request=20,token=348
W/RILC    ( 1233): [ril.cpp:409] request=20, pRI->pCI->requestNumber=20
W/RILC    ( 1233): [ril.cpp:437] TOKEN=348 REQ_NUM=0020 REGISTRATION_STATE 
