D/RILC    ( 1233): [qcril.c:3965] RIL=>Android [ label = "RIL_REQUEST_GET_CURRENT_CALLS - Token 312, Success" ];
D/RILC    ( 1233): [qcril.c:3970] UI <--- RIL_REQUEST_GET_CURRENT_CALLS (9) Complete --- RIL [Token 312, RIL_E_SUCCESS, Len 0 ]
W/RILC    ( 1233): [ril.cpp:1489] [0312]< GET_CURRENT_CALLS
W/RILC    ( 1233): [ril.cpp:390] processCommandBuffer() request=1,token=313
W/RILC    ( 1233): [ril.cpp:409] request=1, pRI->pCI->requestNumber=1
W/RILC    ( 1233): [ril.cpp:437] TOKEN=313 REQ_NUM=0001 GET_SIM_STATUS 
D/RILC    ( 1233): [qcril.c:2361] UI --- RIL_REQUEST_GET_SIM_STATUS (1) ---> RIL [token id 313, data len 0]
D/RILC    ( 1233): [qcril.c:2380] Android=>RIL [ label = "RIL_REQUEST_GET_SIM_STATUS - Token 313" ];
D/RILC    ( 1233): [qcril_mmgsdi_common.c:2590] qcril_mmgsdi_request_get_sim_status 
D/RILC    ( 1233): [qcril_reqlist.c:168] Not found ReqList entry : token id 313
D/RILC    ( 1233): [qcril_reqlist.c:399] Event RIL_REQUEST_GET_SIM_STATUS (1) pending receipt of <none>, token id 313 [0x2cbf8]
D/RILC    ( 1233): [qcril_reqlist.c:1064] ReqList entries : 
D/RILC    ( 1233): [qcril_reqlist.c:1070]     RIL_REQUEST_QUERY_NETWORK_SELECTION_MODE (45), token id 311
D/RILC    ( 1233): [qcril_reqlist.c:1070]     RIL_REQUEST_GET_SIM_STATUS (1), token id 313
D/RILC    ( 1233): [qcril_mmgsdi.c:171] mmgsdi status 0x0 -> RIL_E_SUCCESS
D/RILC    ( 1233): [qcril_reqlist.c:159] Found ReqList entry : RIL_REQUEST_GET_SIM_STATUS (1), token id 313
D/RILC    ( 1233): [qcril_reqlist.c:159] Found ReqList entry : RIL_REQUEST_GET_SIM_STATUS (1), token id 313
D/RILC    ( 1233): [qcril_reqlist.c:598] Deleted ReqList entry : token id 313 [0x2cbf8]
D/RILC    ( 1233): [qcril_reqlist.c:1064] ReqList entries : 
D/RILC    ( 1233): [qcril_reqlist.c:1070]     RIL_REQUEST_QUERY_NETWORK_SELECTION_MODE (45), token id 311
D/RILC    ( 1233): [qcril.c:3965] RIL=>Android [ label = "RIL_REQUEST_GET_SIM_STATUS - Card Present, Token 313, Success" ];
D/RILC    ( 1233): [qcril.c:3970] UI <--- RIL_REQUEST_GET_SIM_STATUS (1) Complete --- RIL [Token 313, RIL_E_SUCCESS, Len 276 Card Present]
I/RILJ    ( 1417): [0312]< GET_CURRENT_CALLS  
D/RILC    ( 1233): [qcril_cm.c:3580] CM_PH_COMMAND_CALLBACK : Token ID 311
D/RILC    ( 1233): [qcril_event.c:402] Queued event CM_COMMAND_CALLBACK (12 bytes)
D/RILC    ( 1233): [qcril_event.c:288] qcril_event_main(): 1 items on queue
D/RILC    ( 1233): [qcril_event.c:309] De-queued event CM_COMMAND_CALLBACK (65537)
D/RILC    ( 1233): [qcril.c:2499] AMSS=>RIL [ label = "CM_COMMAND_CALLBACK" ];
D/RILC    ( 1233): [qcril.c:2508] RIL <--- CM_COMMAND_CALLBACK (65537) --- AMSS
D/RILC    ( 1233): [qcril_reqlist.c:159] Found ReqList entry : RIL_REQUEST_QUERY_NETWORK_SELECTION_MODE (45), token id 311
D/RILC    ( 1233): [qcril_reqlist.c:159] Found ReqList entry : RIL_REQUEST_QUERY_NETWORK_SELECTION_MODE (45), token id 311
D/RILC    ( 1233): [qcril_reqlist.c:659] Update ReqList entry : RIL_REQUEST_QUERY_NETWORK_SELECTION_MODE (45), token id 311, state QCRIL_REQ_AWAITING_MORE_AMSS_EVENTS
D/RILC    ( 1233): [qcril_cm.c:924] Change the state of ReqList entry to AWAITING_MORE_AMSS_EVENTS state : RIL_REQUEST_QUERY_NETWORK_SELECTION_MODE (45), Token ID 311, pending CM_PH_EVENT_INFO (69644)
D/RILC    ( 1233): [qcril.c:2536] Exit qcril_process_event() : CM_COMMAND_CALLBACK, err_no 0
D/RILC    ( 1233): [qcril_event.c:271] qcril_event_main(): Waiting...
D/RILC    ( 1233): [qcril_cm.c:3621] Received phonesvc event : CM_PH_EVENT_INFO (69644)
D/RILC    ( 1233): [qcril_event.c:402] Queued event CM_PH_EVENT_INFO (6552 bytes)
D/RILC    ( 1233): [qcril_event.c:288] qcril_event_main(): 1 items on queue
D/RILC    ( 1233): [qcril_event.c:309] De-queued event CM_PH_EVENT_INFO (69644)
D/RILC    ( 1233): [qcril.c:2499] AMSS=>RIL [ label = "CM_PH_EVENT_INFO" ];
D/RILC    ( 1233): [qcril.c:2508] RIL <--- CM_PH_EVENT_INFO (69644) --- AMSS
D/RILC    ( 1233): [qcril_cm.c:3860] GW subscription disabled
D/RILC    ( 1233): [qcril_cm.c:3872] CDMA subscription disabled
D/RILC    ( 1233): [qcril_cm.c:3895] Oprt mode: 5, Mode pref: 19, GW acq order: 2, Band pref: -1073741825, Roam pref: 255, Network sel mode: 0, plmn[0]=255, plmn[1]=255, plmn[2]=255, rtre control: 2
D/RILC    ( 1233): [qcril_reqlist.c:205] Found ReqList entry : RIL_REQUEST_QUERY_NETWORK_SELECTION_MODE (45), token id 311, pending CM_PH_EVENT_INFO (69644)
D/RILC    ( 1233): [qcril_cm.c:4165] Reply to RIL --> Automatic network selection mode
D/RILC    ( 1233): [qcril_reqlist.c:159] Found ReqList entry : RIL_REQUEST_QUERY_NETWORK_SELECTION_MODE (45), token id 311
D/RILC    ( 1233): [qcril_reqlist.c:598] Deleted ReqList entry : token id 311 [0x2cbe0]
D/RILC    ( 1233): [qcril_reqlist.c:1060] ReqList entries : Empty
D/RILC    ( 1233): [qcril.c:3965] RIL=>Android [ label = "RIL_REQUEST_QUERY_NETWORK_SELECTION_MODE - Automatic, Token 311, Success" ];
D/RILC    ( 1233): [qcril.c:3970] UI <--- RIL_REQUEST_QUERY_NETWORK_SELECTION_MODE (45) Complete --- RIL [Token 311, RIL_E_SUCCESS, Len 4 Automatic]
W/RILC    ( 1233): [ril.cpp:1489] [0311]< QUERY_NETWORK_SELECTION_MODE {0}
D/RILC    ( 1233): [qcril.c:2536] Exit qcril_process_event() : CM_PH_EVENT_INFO, err_no 0
D/RILC    ( 1233): [qcril_event.c:271] qcril_event_main(): Waiting...
E/RILC    ( 1233):  response: responseSimStatus
E/RILC    ( 1233): str = a0000000871002ff33ffff8901010100
W/RILC    ( 1233): [ril.cpp:1489] [0313]< GET_SIM_STATUS {[app_type=2,app_state=2,perso_substate=0,                aid_ptr=a0000000871002ff33ffff8901010100,app_label_ptr=47454d504c5553205553494d,pin1_replaced=0,pin1=1,pin2=1],}
W/RILC    ( 1233): [ril.cpp:390] processCommandBuffer() request=22,token=314
W/RILC    ( 1233): [ril.cpp:409] request=22, pRI->pCI->requestNumber=22
W/RILC    ( 1233): [ril.cpp:437] TOKEN=314 REQ_NUM=0022 OPERATOR 
D/RILC    ( 1233): [qcril.c:2361] UI --- RIL_REQUEST_OPERATOR (22) ---> RIL [token id 314, data len 0]
D/RILC    ( 1233): [qcril.c:2380] Android=>RIL [ label = "RIL_REQUEST_OPERATOR - Token 314" ];
D/RILC    ( 1233): [qcril_cm_ons.c:10251] Current operator not available: system mode 0 ( srv status 0 )
D/RILC    ( 1233): [qcril_cm.c:5443] Reply to RIL --> Current operator full name : 
D/RILC    ( 1233): [qcril_cm.c:5444] Reply to RIL --> Current operator short name : 
D/RILC    ( 1233): [qcril_cm.c:5445] Reply to RIL --> Current operator MCCMNC : 
D/RILC    ( 1233): [qcril.c:3965] RIL=>Android [ label = "RIL_REQUEST_OPERATOR - , Token 314, Success" ];
D/RILC    ( 1233): [qcril.c:3970] UI <--- RIL_REQUEST_OPERATOR (22) Complete --- RIL [Token 314, RIL_E_SUCCESS, Len 12 ]
W/RILC    ( 1233): [ril.cpp:1489] [0314]< OPERATOR {,,}
W/RILC    ( 1233): [ril.cpp:390] processCommandBuffer() request=21,token=315
W/RILC    ( 1233): [ril.cpp:409] request=21, pRI->pCI->requestNumber=21
W/RILC    ( 1233): [ril.cpp:437] TOKEN=315 REQ_NUM=0021 GPRS_REGISTRATION_STATE 
D/RILC    ( 1233): [qcril.c:2361] UI --- RIL_REQUEST_GPRS_REGISTRATION_STATE (21) ---> RIL [token id 315, data len 0]
D/RILC    ( 1233): [qcril.c:2380] Android=>RIL [ label = "RIL_REQUEST_GPRS_REGISTRATION_STATE - Token 315" ];
D/RILC    ( 1233): [qcril_cm_util.c:261] Current System : srv status 0, sys mode 0, roam status 0
D/RILC    ( 1233): [qcril_cm_util.c:281] NO SERVICE
D/RILC    ( 1233): [qcril_cm.c:5169] GPRS Registration State: Not registered/Actively searching, LAC: (null), CID: (null), RadioTech: Unknown
D/RILC    ( 1233): [qcril.c:3965] RIL=>Android [ label = "RIL_REQUEST_GPRS_REGISTRATION_STATE - Not registered/Actively searching, Unknown, Token 315, Success" ];
D/RILC    ( 1233): [qcril.c:3970] UI <--- RIL_REQUEST_GPRS_REGISTRATION_STATE (21) Complete --- RIL [Token 315, RIL_E_SUCCESS, Len 16 Not registered/Actively searching, Unknown]
W/RILC    ( 1233): [ril.cpp:1489] [0315]< GPRS_REGISTRATION_STATE {2,(null),(null),0}
I/RILJ    ( 1417): [0311]< QUERY_NETWORK_SELECTION_MODE {0}
I/RILJ    ( 1417): app_state APPSTATE_PIN, perso_substate PERSOSUBSTATE_UNKNOWN
I/RILJ    ( 1417): pin1_status PINSTATE_ENABLED_NOT_VERIFIED, pin2_status PINSTATE_ENABLED_NOT_VERIFIED
I/RILJ    ( 1417): Neither PIN2 nor PUK2 is Blocked.Notify Registrants
I/RILJ    ( 1417): [0313]< GET_SIM_STATUS ICC_PIN
I/RILJ    ( 1417): [0314]< OPERATOR {, , }
I/RILJ    ( 1417): [0315]< GPRS_REGISTRATION_STATE {2, null, null, 0}
I/RILJ    ( 1417): RILRequest.obtain() request=45, QUERY_NETWORK_SELECTION_MODE
I/RILJ    ( 1417): [0317]> QUERY_NETWORK_SELECTION_MODE
I/RILJ    ( 1417): RILRequest.obtain() request=1, GET_SIM_STATUS
I/RILJ    ( 1417): [0318]> GET_SIM_STATUS
W/RILC    ( 1233): [ril.cpp:390] processCommandBuffer() request=20,token=316
W/RILC    ( 1233): [ril.cpp:409] request=20, pRI->pCI->requestNumber=20
W/RILC    ( 1233): [ril.cpp:437] TOKEN=316 REQ_NUM=0020 REGISTRATION_STATE 
D/RILC    ( 1233): [qcril.c:2361] UI --- RIL_REQUEST_REGISTRATION_STATE (20) ---> RIL [token id 316, data len 0]
D/RILC    ( 1233): [qcril.c:2380] Android=>RIL [ label = "RIL_REQUEST_REGISTRATION_STATE - Token 316" ];
D/RILC    ( 1233): [qcril_cm_util.c:261] Current System : srv status 0, sys mode 0, roam status 0
D/RILC    ( 1233): [qcril_cm_util.c:281] NO SERVICE
D/RILC    ( 1233): [qcril_cm_util.c:1435] Reject cause value sent to UI = 0
D/RILC    ( 1233): [qcril_cm.c:5120] Registration State: Not registered/Actively searching, RadioTech: Unknown, LAC: (null), CID: (null), BSID: (null), BSLat: (null), BSLong: (null)
D/RILC    ( 1233): [qcril_cm.c:5123]                     CCS: (null), SID: (null), NID: (null), RoamStatus: (null), PRL: (null), DefRoamStatus: (null), RejReason: 0
D/RILC    ( 1233): [qcril.c:3965] RIL=>Android [ label = "RIL_REQUEST_REGISTRATION_STATE - Not registered/Actively searching, Token 316, Success" ];
D/RILC    ( 1233): [qcril.c:3970] UI <--- RIL_REQUEST_REGISTRATION_STATE (20) Complete --- RIL [Token 316, RIL_E_SUCCESS, Len 56 Not registered/Actively searching]
W/RILC    ( 1233): [ril.cpp:1489] [0316]< REGISTRATION_STATE {2,(null),(null),0,(null),(null),(null),(null),(null),(null),(null),(null),(null),0}
W/RILC    ( 1233): [ril.cpp:390] processCommandBuffer() request=45,token=317
W/RILC    ( 1233): [ril.cpp:409] request=45, pRI->pCI->requestNumber=45
W/RILC    ( 1233): [ril.cpp:437] TOKEN=317 REQ_NUM=0045 QUERY_NETWORK_SELECTION_MODE 
D/RILC    ( 1233): [qcril.c:2361] UI --- RIL_REQUEST_QUERY_NETWORK_SELECTION_MODE (45) ---> RIL [token id 317, data len 0]
D/RILC    ( 1233): [qcril.c:2380] Android=>RIL [ label = "RIL_REQUEST_QUERY_NETWORK_SELECTION_MODE - Token 317" ];
D/RILC    ( 1233): [qcril_reqlist.c:168] Not found ReqList entry : token id 317
D/RILC    ( 1233): [qcril_reqlist.c:399] Event RIL_REQUEST_QUERY_NETWORK_SELECTION_MODE (45) pending receipt of CM_PH_EVENT_INFO, token id 317 [0x2cbe0]
D/RILC    ( 1233): [qcril_reqlist.c:1064] ReqList entries : 
D/RILC    ( 1233): [qcril_reqlist.c:1070]     RIL_REQUEST_QUERY_NETWORK_SELECTION_MODE (45), token id 317
D/RILC    ( 1233): [qcril_cm.c:2321] RIL --- cm_ph_cmd_get_ph_info() ---> AMSS [Token ID 317 (0x13d)]
D/RILC    ( 1233): [qcril_cm.c:2321] RIL=>AMSS [ label = "cm_ph_cmd_get_ph_info()" ];
I/RILJ    ( 1417): [0316]< REGISTRATION_STATE {2, null, null, 0, null, null, null, null, null, null, null, null, null, 0}
D/RILC    ( 1233): [qcril_cm.c:3580] CM_PH_COMMAND_CALLBACK : Token ID 317
D/RILC    ( 1233): [qcril_event.c:402] Queued event CM_COMMAND_CALLBACK (12 bytes)
D/RILC    ( 1233): [qcril_event.c:288] qcril_event_main(): 1 items on queue
D/RILC    ( 1233): [qcril_event.c:309] De-queued event CM_COMMAND_CALLBACK (65537)
D/RILC    ( 1233): [qcril.c:2499] AMSS=>RIL [ label = "CM_COMMAND_CALLBACK" ];
D/RILC    ( 1233): [qcril.c:2508] RIL <--- CM_COMMAND_CALLBACK (65537) --- AMSS
D/RILC    ( 1233): [qcril_reqlist.c:159] Found ReqList entry : RIL_REQUEST_QUERY_NETWORK_SELECTION_MODE (45), token id 317
D/RILC    ( 1233): [qcril_reqlist.c:159] Found ReqList entry : RIL_REQUEST_QUERY_NETWORK_SELECTION_MODE (45), token id 317
D/RILC    ( 1233): [qcril_reqlist.c:659] Update ReqList entry : RIL_REQUEST_QUERY_NETWORK_SELECTION_MODE (45), token id 317, state QCRIL_REQ_AWAITING_MORE_AMSS_EVENTS
D/RILC    ( 1233): [qcril_cm.c:924] Change the state of ReqList entry to AWAITING_MORE_AMSS_EVENTS state : RIL_REQUEST_QUERY_NETWORK_SELECTION_MODE (45), Token ID 317, pending CM_PH_EVENT_INFO (69644)
D/RILC    ( 1233): [qcril.c:2536] Exit qcril_process_event() : CM_COMMAND_CALLBACK, err_no 0
D/RILC    ( 1233): [qcril_event.c:271] qcril_event_main(): Waiting...
D/RILC    ( 1233): [qcril_cm.c:3621] Received phonesvc event : CM_PH_EVENT_INFO (69644)
D/RILC    ( 1233): [qcril_event.c:402] Queued event CM_PH_EVENT_INFO (6552 bytes)
D/RILC    ( 1233): [qcril_event.c:288] qcril_event_main(): 1 items on queue
D/RILC    ( 1233): [qcril_event.c:309] De-queued event CM_PH_EVENT_INFO (69644)
D/RILC    ( 1233): [qcril.c:2499] AMSS=>RIL [ label = "CM_PH_EVENT_INFO" ];
D/RILC    ( 1233): [qcril.c:2508] RIL <--- CM_PH_EVENT_INFO (69644) --- AMSS
D/RILC    ( 1233): [qcril_cm.c:3860] GW subscription disabled
D/RILC    ( 1233): [qcril_cm.c:3872] CDMA subscription disabled
D/RILC    ( 1233): [qcril_cm.c:3895] Oprt mode: 5, Mode pref: 19, GW acq order: 2, Band pref: -1073741825, Roam pref: 255, Network sel mode: 0, plmn[0]=255, plmn[1]=255, plmn[2]=255, rtre control: 2
D/RILC    ( 1233): [qcril_reqlist.c:205] Found ReqList entry : RIL_REQUEST_QUERY_NETWORK_SELECTION_MODE (45), token id 317, pending CM_PH_EVENT_INFO (69644)
D/RILC    ( 1233): [qcril_cm.c:4165] Reply to RIL --> Automatic network selection mode
D/RILC    ( 1233): [qcril_reqlist.c:159] Found ReqList entry : RIL_REQUEST_QUERY_NETWORK_SELECTION_MODE (45), token id 317
D/RILC    ( 1233): [qcril_reqlist.c:598] Deleted ReqList entry : token id 317 [0x2cbe0]
D/RILC    ( 1233): [qcril_reqlist.c:1060] ReqList entries : Empty
D/RILC    ( 1233): [qcril.c:3965] RIL=>Android [ label = "RIL_REQUEST_QUERY_NETWORK_SELECTION_MODE - Automatic, Token 317, Success" ];
D/RILC    ( 1233): [qcril.c:3970] UI <--- RIL_REQUEST_QUERY_NETWORK_SELECTION_MODE (45) Complete --- RIL [Token 317, RIL_E_SUCCESS, Len 4 Automatic]
W/RILC    ( 1233): [ril.cpp:1489] [0317]< QUERY_NETWORK_SELECTION_MODE {0}
D/RILC    ( 1233): [qcril.c:2536] Exit qcril_process_event() : CM_PH_EVENT_INFO, err_no 0
D/RILC    ( 1233): [qcril_event.c:271] qcril_event_main(): Waiting...
I/RILJ    ( 1417): [0317]< QUERY_NETWORK_SELECTION_MODE {0}
I/RILJ    ( 1417): RILRequest.obtain() request=42, QUERY_FACILITY_LOCK
I/RILJ    ( 1417): [0319]> QUERY_FACILITY_LOCK
W/RILC    ( 1233): [ril.cpp:390] processCommandBuffer() request=1,token=318
W/RILC    ( 1233): [ril.cpp:409] request=1, pRI->pCI->requestNumber=1
W/RILC    ( 1233): [ril.cpp:437] TOKEN=318 REQ_NUM=0001 GET_SIM_STATUS 
D/RILC    ( 1233): [qcril.c:2361] UI --- RIL_REQUEST_GET_SIM_STATUS (1) ---> RIL [token id 318, data len 0]
D/RILC    ( 1233): [qcril.c:2380] Android=>RIL [ label = "RIL_REQUEST_GET_SIM_STATUS - Token 318" ];
D/RILC    ( 1233): [qcril_mmgsdi_common.c:2590] qcril_mmgsdi_request_get_sim_status 
D/RILC    ( 1233): [qcril_reqlist.c:168] Not found ReqList entry : token id 318
D/RILC    ( 1233): [qcril_reqlist.c:399] Event RIL_REQUEST_GET_SIM_STATUS (1) pending receipt of <none>, token id 318 [0x2cbe0]
D/RILC    ( 1233): [qcril_reqlist.c:1064] ReqList entries : 
D/RILC    ( 1233): [qcril_reqlist.c:1070]     RIL_REQUEST_GET_SIM_STATUS (1), token id 318
D/RILC    ( 1233): [qcril_mmgsdi.c:171] mmgsdi status 0x0 -> RIL_E_SUCCESS
D/RILC    ( 1233): [qcril_reqlist.c:159] Found ReqList entry : RIL_REQUEST_GET_SIM_STATUS (1), token id 318
D/RILC    ( 1233): [qcril_reqlist.c:159] Found ReqList entry : RIL_REQUEST_GET_SIM_STATUS (1), token id 318
D/RILC    ( 1233): [qcril_reqlist.c:598] Deleted ReqList entry : token id 318 [0x2cbe0]
D/RILC    ( 1233): [qcril_reqlist.c:1060] ReqList entries : Empty
D/RILC    ( 1233): [qcril.c:3965] RIL=>Android [ label = "RIL_REQUEST_GET_SIM_STATUS - Card Present, Token 318, Success" ];
D/RILC    ( 1233): [qcril.c:3970] UI <--- RIL_REQUEST_GET_SIM_STATUS (1) Complete --- RIL [Token 318, RIL_E_SUCCESS, Len 276 Card Present]
E/RILC    ( 1233):  response: responseSimStatus
E/RILC    ( 1233): str = a0000000871002ff33ffff8901010100
W/RILC    ( 1233): [ril.cpp:1489] [0318]< GET_SIM_STATUS {[app_type=2,app_state=2,perso_substate=0,                aid_ptr=a0000000871002ff33ffff8901010100,app_label_ptr=47454d504c5553205553494d,pin1_replaced=0,pin1=1,pin2=1],}
I/RILJ    ( 1417): app_state APPSTATE_PIN, perso_substate PERSOSUBSTATE_UNKNOWN
I/RILJ    ( 1417): pin1_status PINSTATE_ENABLED_NOT_VERIFIED, pin2_status PINSTATE_ENABLED_NOT_VERIFIED
I/RILJ    ( 1417): Neither PIN2 nor PUK2 is Blocked.Notify Registrants
I/RILJ    ( 1417): [0318]< GET_SIM_STATUS ICC_PIN
D/GSM     ( 1417): Received Event EVENT_SIM_STATUS_CHANGED
I/RILJ    ( 1417): RILRequest.obtain() request=1, GET_SIM_STATUS
I/RILJ    ( 1417): [0320]> GET_SIM_STATUS
D/GSM     ( 1417): Received Event EVENT_SIM_PIN2_STATUS_CHANGED
D/GSM     ( 1417): [GsmSimCard] onPin2StatusChanged: received pin2 status: 1
D/GSM     ( 1417): 2) status : 
E/GSM     ( 1417): 2) status : ICC_ABSENT
D/GSM     ( 1417): 2) status : 
E/GSM     ( 1417): 2) status : ICC_PIN
D/GSM     ( 1417): 2) status : 
E/GSM     ( 1417): 2) status : ICC_PIN
I/RILJ    ( 1417): RILRequest.obtain() request=136, RIL_REQUEST_GET_UNLOCK_RETRY_COUNT
I/RILJ    ( 1417): [0321]> RIL_REQUEST_GET_UNLOCK_RETRY_COUNT
D/GSM     ( 1417): [GsmSimCard] handleSimStatus()...getSIMUnlockRetryCount()
D/GSM     ( 1417): [GsmSimCard] Notify SIM pin or puk locked.
D/GSM     ( 1417): [GsmSimCard] Broadcasting intent SIM_STATE_CHANGED_ACTION LOCKED reason PIN
W/RILC    ( 1233): [ril.cpp:390] processCommandBuffer() request=42,token=319
W/RILC    ( 1233): [ril.cpp:409] request=42, pRI->pCI->requestNumber=42
W/RILC    ( 1233): [ril.cpp:504] TOKEN=319 REQ_NUM=0042 QUERY_FACILITY_LOCK (SC,,245)
D/RILC    ( 1233): [qcril.c:2361] UI --- RIL_REQUEST_QUERY_FACILITY_LOCK (42) ---> RIL [token id 319, data len 12]
D/RILC    ( 1233): [qcril.c:2380] Android=>RIL [ label = "RIL_REQUEST_QUERY_FACILITY_LOCK - Token 319" ];
D/RILC    ( 1233): [qcril_cm.c:13439] RIL_REQUEST_QUERY_FACILITY_LOCK Facility SC, pw , service_class 245
D/RILC    ( 1233): [qcril.c:2493] RIL=>RIL [ label = "INTERNAL_MMGSDI_GET_PIN1_STATUS" ];
D/RILC    ( 1233): [qcril.c:2494] RIL --- INTERNAL_MMGSDI_GET_PIN1_STATUS (196619) ---> RIL
D/RILC    ( 1233): [qcril_mmgsdi_sec.c:674] qcril_mmgsdi_request_get_pin_status 
D/RILC    ( 1233): [qcril_reqlist.c:168] Not found ReqList entry : token id 319
D/RILC    ( 1233): [qcril_reqlist.c:399] Event INTERNAL_MMGSDI_GET_PIN1_STATUS (196619) pending receipt of <none>, token id 319 [0x2cbd0]
D/RILC    ( 1233): [qcril_reqlist.c:1064] ReqList entries : 
D/RILC    ( 1233): [qcril_reqlist.c:1070]     INTERNAL_MMGSDI_GET_PIN1_STATUS (196619), token id 319
D/RILC    ( 1233): [qcril_mmgsdi_sec.c:726] PIN enable
D/RILC    ( 1233): [qcril_mmgsdi.c:171] mmgsdi status 0x0 -> RIL_E_SUCCESS
D/RILC    ( 1233): [qcril_reqlist.c:159] Found ReqList entry : INTERNAL_MMGSDI_GET_PIN1_STATUS (196619), token id 319
D/RILC    ( 1233): [qcril_reqlist.c:159] Found ReqList entry : INTERNAL_MMGSDI_GET_PIN1_STATUS (196619), token id 319
D/RILC    ( 1233): [qcril_reqlist.c:598] Deleted ReqList entry : token id 319 [0x2cbd0]
D/RILC    ( 1233): [qcril_reqlist.c:1060] ReqList entries : Empty
D/RILC    ( 1233): [qcril.c:3965] RIL=>Android [ label = "INTERNAL_MMGSDI_GET_PIN1_STATUS - Token 319, Success" ];
D/RILC    ( 1233): [qcril.c:3970] UI <--- INTERNAL_MMGSDI_GET_PIN1_STATUS (196619) Complete --- RIL [Token 319, RIL_E_SUCCESS, Len 4 ]
W/RILC    ( 1233): [ril.cpp:1489] [0319]< QUERY_FACILITY_LOCK {1}
D/RILC    ( 1233): [qcril.c:2536] Exit qcril_process_event() : INTERNAL_MMGSDI_GET_PIN1_STATUS, err_no 0
W/RILC    ( 1233): [ril.cpp:390] processCommandBuffer() request=1,token=320
W/RILC    ( 1233): [ril.cpp:409] request=1, pRI->pCI->requestNumber=1
W/RILC    ( 1233): [ril.cpp:437] TOKEN=320 REQ_NUM=0001 GET_SIM_STATUS 
D/RILC    ( 1233): [qcril.c:2361] UI --- RIL_REQUEST_GET_SIM_STATUS (1) ---> RIL [token id 320, data len 0]
D/RILC    ( 1233): [qcril.c:2380] Android=>RIL [ label = "RIL_REQUEST_GET_SIM_STATUS - Token 320" ];
D/RILC    ( 1233): [qcril_mmgsdi_common.c:2590] qcril_mmgsdi_request_get_sim_status 
D/RILC    ( 1233): [qcril_reqlist.c:168] Not found ReqList entry : token id 320
D/RILC    ( 1233): [qcril_reqlist.c:399] Event RIL_REQUEST_GET_SIM_STATUS (1) pending receipt of <none>, token id 320 [0x2cbe0]
D/RILC    ( 1233): [qcril_reqlist.c:1064] ReqList entries : 
D/RILC    ( 1233): [qcril_reqlist.c:1070]     RIL_REQUEST_GET_SIM_STATUS (1), token id 320
D/RILC    ( 1233): [qcril_mmgsdi.c:171] mmgsdi status 0x0 -> RIL_E_SUCCESS
D/RILC    ( 1233): [qcril_reqlist.c:159] Found ReqList entry : RIL_REQUEST_GET_SIM_STATUS (1), token id 320
D/RILC    ( 1233): [qcril_reqlist.c:159] Found ReqList entry : RIL_REQUEST_GET_SIM_STATUS (1), token id 320
D/RILC    ( 1233): [qcril_reqlist.c:598] Deleted ReqList entry : token id 320 [0x2cbe0]
D/RILC    ( 1233): [qcril_reqlist.c:1060] ReqList entries : Empty
D/RILC    ( 1233): [qcril.c:3965] RIL=>Android [ label = "RIL_REQUEST_GET_SIM_STATUS - Card Present, Token 320, Success" ];
D/RILC    ( 1233): [qcril.c:3970] UI <--- RIL_REQUEST_GET_SIM_STATUS (1) Complete --- RIL [Token 320, RIL_E_SUCCESS, Len 276 Card Present]
E/RILC    ( 1233):  response: responseSimStatus
E/RILC    ( 1233): str = a0000000871002ff33ffff8901010100
W/RILC    ( 1233): [ril.cpp:1489] [0320]< GET_SIM_STATUS {[app_type=2,app_state=2,perso_substate=0,                aid_ptr=a0000000871002ff33ffff8901010100,app_label_ptr=47454d504c5553205553494d,pin1_replaced=0,pin1=1,pin2=1],}
W/RILC    ( 1233): [ril.cpp:390] processCommandBuffer() request=136,token=321
W/RILC    ( 1233): [ril.cpp:409] request=136, pRI->pCI->requestNumber=136
W/RILC    ( 1233): [ril.cpp:437] TOKEN=321 REQ_NUM=0136 GET_UNLOCK_RETRY_COUNT 
D/RILC    ( 1233): [qcril.c:2361] UI --- RIL_REQUEST_GET_UNLOCK_RETRY_COUNT (136) ---> RIL [token id 321, data len 0]
D/RILC    ( 1233): [qcril.c:2380] Android=>RIL [ label = "RIL_REQUEST_GET_UNLOCK_RETRY_COUNT - Token 321" ];
D/RILC    ( 1233): [qcril_mmgsdi_common.c:3111] qcril_mmgsdi_request_get_unlock_retrey_count
D/RILC    ( 1233): [qcril_reqlist.c:168] Not found ReqList entry : token id 321
D/RILC    ( 1233): [qcril_reqlist.c:399] Event RIL_REQUEST_GET_UNLOCK_RETRY_COUNT (136) pending receipt of <none>, token id 321 [0x2cbe0]
D/RILC    ( 1233): [qcril_reqlist.c:1064] ReqList entries : 
D/RILC    ( 1233): [qcril_reqlist.c:1070]     RIL_REQUEST_GET_UNLOCK_RETRY_COUNT (136), token id 321
D/RILC    ( 1233): [qcril_mmgsdi_common.c:3128] mmgsdi_request_get_unlock_retry_count function is called..
I/RILJ    ( 1417): [0319]< QUERY_FACILITY_LOCK {1}
I/RILJ    ( 1417): app_state APPSTATE_PIN, perso_substate PERSOSUBSTATE_UNKNOWN
I/RILJ    ( 1417): pin1_status PINSTATE_ENABLED_NOT_VERIFIED, pin2_status PINSTATE_ENABLED_NOT_VERIFIED
I/RILJ    ( 1417): Neither PIN2 nor PUK2 is Blocked.Notify Registrants
I/RILJ    ( 1417): [0320]< GET_SIM_STATUS ICC_PIN
D/GSM     ( 1417): Received Event EVENT_SIM_PIN2_STATUS_CHANGED
D/GSM     ( 1417): [GsmSimCard] onPin2StatusChanged: received pin2 status: 1
D/GSM     ( 1417): 2) status : 
E/GSM     ( 1417): 2) status : ICC_PIN
D/GSM     ( 1417): 2) status : 
E/GSM     ( 1417): 2) status : ICC_PIN
D/GSM     ( 1417): 2) status : 
E/GSM     ( 1417): 2) status : ICC_PIN
I/RILJ    ( 1417): RILRequest.obtain() request=136, RIL_REQUEST_GET_UNLOCK_RETRY_COUNT
I/RILJ    ( 1417): [0322]> RIL_REQUEST_GET_UNLOCK_RETRY_COUNT
D/GSM     ( 1417): [GsmSimCard] handleSimStatus()...getSIMUnlockRetryCount()
D/GSM     ( 1417): Received Event EVENT_SIM_PIN2_STATUS_CHANGED
D/GSM     ( 1417): [GsmSimCard] onPin2StatusChanged: received pin2 status: 1
D/GSM     ( 1417): 2) status : 
E/GSM     ( 1417): 2) status : ICC_PIN
D/GSM     ( 1417): 2) status : 
E/GSM     ( 1417): 2) status : ICC_PIN
D/GSM     ( 1417): 2) status : 
E/GSM     ( 1417): 2) status : ICC_PIN
I/RILJ    ( 1417): RILRequest.obtain() request=136, RIL_REQUEST_GET_UNLOCK_RETRY_COUNT
I/RILJ    ( 1417): [0323]> RIL_REQUEST_GET_UNLOCK_RETRY_COUNT
D/RILC    ( 1233): [qcril_mmgsdi_common.c:3131] [mmgsdi_request_get_unlock_retry_count] out_len = 3(3)
D/RILC    ( 1233): [qcril_mmgsdi_common.c:3146] Reply to RIL --> GET RETRY COUNT
D/RILC    ( 1233): [qcril_mmgsdi_common.c:3148] mmgsdi_request_get_unlock_retry_count (86, 10,10, 3)
D/RILC    ( 1233): [qcril_mmgsdi_common.c:3150] mmgsdi_request_get_unlock_retry_count (86, 10,10, 3)
D/RILC    ( 1233): [qcril_reqlist.c:159] Found ReqList entry : RIL_REQUEST_GET_UNLOCK_RETRY_COUNT (136), token id 321
D/RILC    ( 1233): [qcril_reqlist.c:598] Deleted ReqList entry : token id 321 [0x2cbe0]
D/RILC    ( 1233): [qcril_reqlist.c:1060] ReqList entries : Empty
D/RILC    ( 1233): [qcril.c:3965] RIL=>Android [ label = "RIL_REQUEST_GET_UNLOCK_RETRY_COUNT - Token 321, Success" ];
D/RILC    ( 1233): [qcril.c:3970] UI <--- RIL_REQUEST_GET_UNLOCK_RETRY_COUNT (136) Complete --- RIL [Token 321, RIL_E_SUCCESS, Len 3 ]
W/RILC    ( 1233): [ril.cpp:1489] RIL_SIMLockInfo [flag=0x6e40aad0, attemptsLeft=86,retry_count_max=10],}
W/RILC    ( 1233): [ril.cpp:390] processCommandBuffer() request=136,token=322
W/RILC    ( 1233): [ril.cpp:409] request=136, pRI->pCI->requestNumber=136
W/RILC    ( 1233): [ril.cpp:437] TOKEN=322 REQ_NUM=0136 GET_UNLOCK_RETRY_COUNT 
D/RILC    ( 1233): [qcril.c:2361] UI --- RIL_REQUEST_GET_UNLOCK_RETRY_COUNT (136) ---> RIL [token id 322, data len 0]
D/RILC    ( 1233): [qcril.c:2380] Android=>RIL [ label = "RIL_REQUEST_GET_UNLOCK_RETRY_COUNT - Token 322" ];
D/RILC    ( 1233): [qcril_mmgsdi_common.c:3111] qcril_mmgsdi_request_get_unlock_retrey_count
D/RILC    ( 1233): [qcril_reqlist.c:168] Not found ReqList entry : token id 322
D/RILC    ( 1233): [qcril_reqlist.c:399] Event RIL_REQUEST_GET_UNLOCK_RETRY_COUNT (136) pending receipt of <none>, token id 322 [0x2cbe0]
D/RILC    ( 1233): [qcril_reqlist.c:1064] ReqList entries : 
D/RILC    ( 1233): [qcril_reqlist.c:1070]     RIL_REQUEST_GET_UNLOCK_RETRY_COUNT (136), token id 322
D/RILC    ( 1233): [qcril_mmgsdi_common.c:3128] mmgsdi_request_get_unlock_retry_count function is called..
I/RILJ    ( 1417): [0321]< RIL_REQUEST_GET_UNLOCK_RETRY_COUNT com.android.internal.telephony.gsm.SIMLockInfo@2e2ad510 flag: 86 attemptsLeft: 10 retry_count_max: 10
D/RILC    ( 1233): [qcril_mmgsdi_common.c:3131] [mmgsdi_request_get_unlock_retry_count] out_len = 3(3)
D/RILC    ( 1233): [qcril_mmgsdi_common.c:3146] Reply to RIL --> GET RETRY COUNT
D/RILC    ( 1233): [qcril_mmgsdi_common.c:3148] mmgsdi_request_get_unlock_retry_count (86, 10,10, 3)
D/RILC    ( 1233): [qcril_mmgsdi_common.c:3150] mmgsdi_request_get_unlock_retry_count (86, 10,10, 3)
D/RILC    ( 1233): [qcril_reqlist.c:159] Found ReqList entry : RIL_REQUEST_GET_UNLOCK_RETRY_COUNT (136), token id 322
D/RILC    ( 1233): [qcril_reqlist.c:598] Deleted ReqList entry : token id 322 [0x2cbe0]
D/RILC    ( 1233): [qcril_reqlist.c:1060] ReqList entries : Empty
D/RILC    ( 1233): [qcril.c:3965] RIL=>Android [ label = "RIL_REQUEST_GET_UNLOCK_RETRY_COUNT - Token 322, Success" ];
D/RILC    ( 1233): [qcril.c:3970] UI <--- RIL_REQUEST_GET_UNLOCK_RETRY_COUNT (136) Complete --- RIL [Token 322, RIL_E_SUCCESS, Len 3 ]
W/RILC    ( 1233): [ril.cpp:1489] RIL_SIMLockInfo [flag=0x6e40aad0, attemptsLeft=86,retry_count_max=10],}
I/RILJ    ( 1417): [0322]< RIL_REQUEST_GET_UNLOCK_RETRY_COUNT com.android.internal.telephony.gsm.SIMLockInfo@2e25db70 flag: 86 attemptsLeft: 10 retry_count_max: 10
W/RILC    ( 1233): [ril.cpp:390] processCommandBuffer() request=136,token=323
W/RILC    ( 1233): [ril.cpp:409] request=136, pRI->pCI->requestNumber=136
W/RILC    ( 1233): [ril.cpp:437] TOKEN=323 REQ_NUM=0136 GET_UNLOCK_RETRY_COUNT 
D/RILC    ( 1233): [qcril.c:2361] UI --- RIL_REQUEST_GET_UNLOCK_RETRY_COUNT (136) ---> RIL [token id 323, data len 0]
D/RILC    ( 1233): [qcril.c:2380] Android=>RIL [ label = "RIL_REQUEST_GET_UNLOCK_RETRY_COUNT - Token 323" ];
D/RILC    ( 1233): [qcril_mmgsdi_common.c:3111] qcril_mmgsdi_request_get_unlock_retrey_count
D/RILC    ( 1233): [qcril_reqlist.c:168] Not found ReqList entry : token id 323
D/RILC    ( 1233): [qcril_reqlist.c:399] Event RIL_REQUEST_GET_UNLOCK_RETRY_COUNT (136) pending receipt of <none>, token id 323 [0x2cbe0]
D/RILC    ( 1233): [qcril_reqlist.c:1064] ReqList entries : 
D/RILC    ( 1233): [qcril_reqlist.c:1070]     RIL_REQUEST_GET_UNLOCK_RETRY_COUNT (136), token id 323
D/RILC    ( 1233): [qcril_mmgsdi_common.c:3128] mmgsdi_request_get_unlock_retry_count function is called..
D/GSM     ( 1417): [GsmSimCard] handleSimStatus()...getSIMUnlockRetryCount()
D/RILC    ( 1233): [qcril_mmgsdi_common.c:3131] [mmgsdi_request_get_unlock_retry_count] out_len = 3(3)
D/RILC    ( 1233): [qcril_mmgsdi_common.c:3146] Reply to RIL --> GET RETRY COUNT
D/RILC    ( 1233): [qcril_mmgsdi_common.c:3148] mmgsdi_request_get_unlock_retry_count (86, 10,10, 3)
D/RILC    ( 1233): [qcril_mmgsdi_common.c:3150] mmgsdi_request_get_unlock_retry_count (86, 10,10, 3)
D/RILC    ( 1233): [qcril_reqlist.c:159] Found ReqList entry : RIL_REQUEST_GET_UNLOCK_RETRY_COUNT (136), token id 323
D/RILC    ( 1233): [qcril_reqlist.c:598] Deleted ReqList entry : token id 323 [0x2cbe0]
D/RILC    ( 1233): [qcril_reqlist.c:1060] ReqList entries : Empty
D/RILC    ( 1233): [qcril.c:3965] RIL=>Android [ label = "RIL_REQUEST_GET_UNLOCK_RETRY_COUNT - Token 323, Success" ];
D/RILC    ( 1233): [qcril.c:3970] UI <--- RIL_REQUEST_GET_UNLOCK_RETRY_COUNT (136) Complete --- RIL [Token 323, RIL_E_SUCCESS, Len 3 ]
W/RILC    ( 1233): [ril.cpp:1489] RIL_SIMLockInfo [flag=0x6e40aad0, attemptsLeft=86,retry_count_max=10],}
I/RILJ    ( 1417): [0323]< RIL_REQUEST_GET_UNLOCK_RETRY_COUNT com.android.internal.telephony.gsm.SIMLockInfo@2e19aaa8 flag: 86 attemptsLeft: 10 retry_count_max: 10
E/GSM     ( 1417): Wrong network type: 0
D/GSM     ( 1417): Poll ServiceState done:  oldSS=[3 home null null null  Unknown CSS not supported -1 -1RoamInd: -1DefRoamInd: -1] newSS=[1 home     Unknown CSS not supported -1 -1RoamInd: -1DefRoamInd: -1] oldGprs=0 newGprs=1 oldType=HSDPA newType=unknown
E/GSM     ( 1417): Wrong network type: 0
W/GSM     ( 1417): countryCodeForMcc errorjava.lang.StringIndexOutOfBoundsException
D/GSM     ( 1417): Received Event EVENT_SIM_PIN2_STATUS_CHANGED
D/GSM     ( 1417): [GsmSimCard] onPin2StatusChanged: received pin2 status: 1
D/GSM     ( 1417): 2) status : 
E/GSM     ( 1417): 2) status : ICC_PIN
D/GSM     ( 1417): 2) status : 
E/GSM     ( 1417): 2) status : ICC_PIN
D/GSM     ( 1417): 2) status : 
E/GSM     ( 1417): 2) status : ICC_PIN
I/RILJ    ( 1417): RILRequest.obtain() request=136, RIL_REQUEST_GET_UNLOCK_RETRY_COUNT
I/RILJ    ( 1417): [0324]> RIL_REQUEST_GET_UNLOCK_RETRY_COUNT
W/RILC    ( 1233): [ril.cpp:390] processCommandBuffer() request=136,token=324
W/RILC    ( 1233): [ril.cpp:409] request=136, pRI->pCI->requestNumber=136
W/RILC    ( 1233): [ril.cpp:437] TOKEN=324 REQ_NUM=0136 GET_UNLOCK_RETRY_COUNT 
D/RILC    ( 1233): [qcril.c:2361] UI --- RIL_REQUEST_GET_UNLOCK_RETRY_COUNT (136) ---> RIL [token id 324, data len 0]
D/RILC    ( 1233): [qcril.c:2380] Android=>RIL [ label = "RIL_REQUEST_GET_UNLOCK_RETRY_COUNT - Token 324" ];
D/RILC    ( 1233): [qcril_mmgsdi_common.c:3111] qcril_mmgsdi_request_get_unlock_retrey_count
D/RILC    ( 1233): [qcril_reqlist.c:168] Not found ReqList entry : token id 324
D/RILC    ( 1233): [qcril_reqlist.c:399] Event RIL_REQUEST_GET_UNLOCK_RETRY_COUNT (136) pending receipt of <none>, token id 324 [0x2cbe0]
D/RILC    ( 1233): [qcril_reqlist.c:1064] ReqList entries : 
D/RILC    ( 1233): [qcril_reqlist.c:1070]     RIL_REQUEST_GET_UNLOCK_RETRY_COUNT (136), token id 324
D/RILC    ( 1233): [qcril_mmgsdi_common.c:3128] mmgsdi_request_get_unlock_retry_count function is called..
D/GSM     ( 1417): [GsmSimCard] handleSimStatus()...getSIMUnlockRetryCount()
D/GSM     ( 1417): [GsmSimCard] Query facility lock : true
D/GSM     ( 1417): Received Event EVENT_SIM_PIN2_STATUS_CHANGED
D/GSM     ( 1417): [GsmSimCard] onPin2StatusChanged: received pin2 status: 1
D/GSM     ( 1417): 2) status : 
E/GSM     ( 1417): 2) status : ICC_PIN
D/GSM     ( 1417): 2) status : 
E/GSM     ( 1417): 2) status : ICC_PIN
D/GSM     ( 1417): 2) status : 
E/GSM     ( 1417): 2) status : ICC_PIN
I/RILJ    ( 1417): RILRequest.obtain() request=136, RIL_REQUEST_GET_UNLOCK_RETRY_COUNT
I/RILJ    ( 1417): [0325]> RIL_REQUEST_GET_UNLOCK_RETRY_COUNT
D/RILC    ( 1233): [qcril_mmgsdi_common.c:3131] [mmgsdi_request_get_unlock_retry_count] out_len = 3(3)
D/RILC    ( 1233): [qcril_mmgsdi_common.c:3146] Reply to RIL --> GET RETRY COUNT
D/RILC    ( 1233): [qcril_mmgsdi_common.c:3148] mmgsdi_request_get_unlock_retry_count (86, 10,10, 3)
D/RILC    ( 1233): [qcril_mmgsdi_common.c:3150] mmgsdi_request_get_unlock_retry_count (86, 10,10, 3)
D/RILC    ( 1233): [qcril_reqlist.c:159] Found ReqList entry : RIL_REQUEST_GET_UNLOCK_RETRY_COUNT (136), token id 324
D/RILC    ( 1233): [qcril_reqlist.c:598] Deleted ReqList entry : token id 324 [0x2cbe0]
D/RILC    ( 1233): [qcril_reqlist.c:1060] ReqList entries : Empty
D/RILC    ( 1233): [qcril.c:3965] RIL=>Android [ label = "RIL_REQUEST_GET_UNLOCK_RETRY_COUNT - Token 324, Success" ];
D/RILC    ( 1233): [qcril.c:3970] UI <--- RIL_REQUEST_GET_UNLOCK_RETRY_COUNT (136) Complete --- RIL [Token 324, RIL_E_SUCCESS, Len 3 ]
W/RILC    ( 1233): [ril.cpp:1489] RIL_SIMLockInfo [flag=0x6e40aad0, attemptsLeft=86,retry_count_max=10],}
I/RILJ    ( 1417): [0324]< RIL_REQUEST_GET_UNLOCK_RETRY_COUNT com.android.internal.telephony.gsm.SIMLockInfo@2e2396a8 flag: 86 attemptsLeft: 10 retry_count_max: 10
W/RILC    ( 1233): [ril.cpp:390] processCommandBuffer() request=136,token=325
W/RILC    ( 1233): [ril.cpp:409] request=136, pRI->pCI->requestNumber=136
W/RILC    ( 1233): [ril.cpp:437] TOKEN=325 REQ_NUM=0136 GET_UNLOCK_RETRY_COUNT 
D/RILC    ( 1233): [qcril.c:2361] UI --- RIL_REQUEST_GET_UNLOCK_RETRY_COUNT (136) ---> RIL [token id 325, data len 0]
D/RILC    ( 1233): [qcril.c:2380] Android=>RIL [ label = "RIL_REQUEST_GET_UNLOCK_RETRY_COUNT - Token 325" ];
D/RILC    ( 1233): [qcril_mmgsdi_common.c:3111] qcril_mmgsdi_request_get_unlock_retrey_count
D/RILC    ( 1233): [qcril_reqlist.c:168] Not found ReqList entry : token id 325
D/RILC    ( 1233): [qcril_reqlist.c:399] Event RIL_REQUEST_GET_UNLOCK_RETRY_COUNT (136) pending receipt of <none>, token id 325 [0x2cbe0]
D/RILC    ( 1233): [qcril_reqlist.c:1064] ReqList entries : 
D/RILC    ( 1233): [qcril_reqlist.c:1070]     RIL_REQUEST_GET_UNLOCK_RETRY_COUNT (136), token id 325
D/RILC    ( 1233): [qcril_mmgsdi_common.c:3128] mmgsdi_request_get_unlock_retry_count function is called..
D/GSM     ( 1417): [GsmSimCard] handleSimStatus()...getSIMUnlockRetryCount()
D/GSM     ( 1417): [GsmSimCard] storeSIMLockInfoOnBoot: 86:10:10
D/GSM     ( 1417): [GsmSimCard] storeSIMLockInfoOnBoot: 86:10:10
D/GSM     ( 1417): [GsmSimCard] storeSIMLockInfoOnBoot: 86:10:10
D/GSM     ( 1417): [DataConnection] Stop poll NetStat
D/RILC    ( 1233): [qcril_mmgsdi_common.c:3131] [mmgsdi_request_get_unlock_retry_count] out_len = 3(3)
D/RILC    ( 1233): [qcril_mmgsdi_common.c:3146] Reply to RIL --> GET RETRY COUNT
D/RILC    ( 1233): [qcril_mmgsdi_common.c:3148] mmgsdi_request_get_unlock_retry_count (86, 10,10, 3)
D/RILC    ( 1233): [qcril_mmgsdi_common.c:3150] mmgsdi_request_get_unlock_retry_count (86, 10,10, 3)
D/RILC    ( 1233): [qcril_reqlist.c:159] Found ReqList entry : RIL_REQUEST_GET_UNLOCK_RETRY_COUNT (136), token id 325
D/RILC    ( 1233): [qcril_reqlist.c:598] Deleted ReqList entry : token id 325 [0x2cbe0]
D/RILC    ( 1233): [qcril_reqlist.c:1060] ReqList entries : Empty
D/RILC    ( 1233): [qcril.c:3965] RIL=>Android [ label = "RIL_REQUEST_GET_UNLOCK_RETRY_COUNT - Token 325, Success" ];
D/RILC    ( 1233): [qcril.c:3970] UI <--- RIL_REQUEST_GET_UNLOCK_RETRY_COUNT (136) Complete --- RIL [Token 325, RIL_E_SUCCESS, Len 3 ]
W/RILC    ( 1233): [ril.cpp:1489] RIL_SIMLockInfo [flag=0x6e40aad0, attemptsLeft=86,retry_count_max=10],}
I/RILJ    ( 1417): [0325]< RIL_REQUEST_GET_UNLOCK_RETRY_COUNT com.android.internal.telephony.gsm.SIMLockInfo@2e2b06b8 flag: 86 attemptsLeft: 10 retry_count_max: 10
D/RILC    ( 1233): [qcril_cm.c:5924] Received srvsys event : CM_SS_EVENT_SRV_CHANGED (73728)
D/RILC    ( 1233): [qcril_event.c:402] Queued event CM_SS_EVENT_SRV_CHANGED (3320 bytes)
D/RILC    ( 1233): [qcril_event.c:288] qcril_event_main(): 1 items on queue
D/RILC    ( 1233): [qcril_event.c:309] De-queued event CM_SS_EVENT_SRV_CHANGED (73728)
D/RILC    ( 1233): [qcril.c:2499] AMSS=>RIL [ label = "CM_SS_EVENT_SRV_CHANGED" ];
D/RILC    ( 1233): [qcril.c:2508] RIL <--- CM_SS_EVENT_SRV_CHANGED (73728) --- AMSS
D/RILC    ( 1233): [qcril_cm_ons.c:9610] [BRIGHTHY] Enter qcril_cm_srvsys_event_srv_changed
D/RILC    ( 1233): [qcril_cm.c:980] Serving System : srv status 0, sys mode 0, roam status 0, hdr_hybrid 0, hdr srv status 0, hdr roam status 0
D/RILC    ( 1233): [qcril_cm.c:6093] [KT OTA] srv_status: 0 OTAMode: 0
D/RILC    ( 1233): [qcril_reqlist.c:215] Not found ReqList entry waiting for CM_SS_EVENT_SRV_CHANGED (73728)
D/RILC    ( 1233): [qcril.c:1905] Modem: On --> On, GW SIM: PIN --> PIN, CDMA SIM: Ready --> Ready, Mode Config: GW --> GW
D/RILC    ( 1233): [qcril.c:1911] Subscription: SIM --> SIM, Network: No service --> No service, Mode Preferred: GW --> GW [Event CM_SS_EVENT_SRV_CHANGED (73728)]
D/RILC    ( 1233): [qcril.c:4027] UI <--- RIL_UNSOL_RESPONSE_NETWORK_STATE_CHANGED (1002) --- RIL [Len 0, No service on No service]
D/RILC    ( 1233): [qcril.c:4030] RIL=>>Android [ label = "RIL_UNSOL_RESPONSE_NETWORK_STATE_CHANGED, No service on No service" ];
W/RILC    ( 1233): [ril.cpp:1489] [UNSL]< UNSOL_RESPONSE_NETWORK_STATE_CHANGED 
D/RILC    ( 1233): [qcril_cm.c:5046] Signal strength: gw_rssi: 99, gw_bit_error: 99, cdma_dbm: -1, cdma_ecio: -1, hdr_dbm: -1, hdr_ecio: -1, hdr_sinr: -1
D/RILC    ( 1233):  
D/RILC    ( 1233): [qcril.c:4035] UI <--- RIL_UNSOL_SIGNAL_STRENGTH (1009) --- RIL [Len 28]
D/RILC    ( 1233): [qcril.c:4038] RIL=>>Android [ label = "RIL_UNSOL_SIGNAL_STRENGTH" ];
W/RILC    ( 1233): [ril.cpp:1489] [UNSL]< UNSOL_SIGNAL_STRENGTH {[signalStrength=99,bitErrorRate=99,                CDMA_SignalStrength.dbm=-1,CDMA_SignalStrength.ecio=-1,                EVDO_SignalStrength.dbm =-1,EVDO_SignalStrength.ecio=-1,                EVDO_SignalStrength.signalNoiseRatio=-1]}
D/RILC    ( 1233): [qcril.c:2536] Exit qcril_process_event() : CM_SS_EVENT_SRV_CHANGED, err_no 0
D/RILC    ( 1233): [qcril_event.c:271] qcril_event_main(): Waiting...
I/RILJ    ( 1417): [UNSL]< UNSOL_RESPONSE_NETWORK_STATE_CHANGED
I/RILJ    ( 1417): [UNSL]< UNSOL_SIGNAL_STRENGTH {99, 99, -1, -1, -1, -1, -1}
D/RILC    ( 1233): [qcril_cm.c:5924] Received srvsys event : CM_SS_EVENT_RSSI (73729)
D/RILC    ( 1233): [qcril_event.c:402] Queued event CM_SS_EVENT_RSSI (3320 bytes)
D/RILC    ( 1233): [qcril_event.c:288] qcril_event_main(): 1 items on queue
D/RILC    ( 1233): [qcril_event.c:309] De-queued event CM_SS_EVENT_RSSI (73729)
D/RILC    ( 1233): [qcril.c:2499] AMSS=>RIL [ label = "CM_SS_EVENT_RSSI" ];
D/RILC    ( 1233): [qcril.c:2508] RIL <--- CM_SS_EVENT_RSSI (73729) --- AMSS
D/RILC    ( 1233): [qcril_cm_ons.c:9610] [BRIGHTHY] Enter qcril_cm_srvsys_event_srv_changed
D/RILC    ( 1233): [qcril_cm.c:980] Serving System : srv status 1, sys mode 5, roam status 0, hdr_hybrid 0, hdr srv status 0, hdr roam status 0
D/RILC    ( 1233): [qcril.c:1905] Modem: On --> On, GW SIM: PIN --> PIN, CDMA SIM: Ready --> Ready, Mode Config: GW --> GW
D/RILC    ( 1233): [qcril.c:1911] Subscription: SIM --> SIM, Network: No service --> GW, Mode Preferred: GW --> GW [Event CM_SS_EVENT_RSSI (73729)]
D/RILC    ( 1233): [qcril.c:4027] UI <--- RIL_UNSOL_RESPONSE_NETWORK_STATE_CHANGED (1002) --- RIL [Len 0, limited service on UMTS]
D/RILC    ( 1233): [qcril.c:4030] RIL=>>Android [ label = "RIL_UNSOL_RESPONSE_NETWORK_STATE_CHANGED, limited service on UMTS" ];
W/RILC    ( 1233): [ril.cpp:1489] [UNSL]< UNSOL_RESPONSE_NETWORK_STATE_CHANGED 
D/RILC    ( 1233): [qcril_cm.c:5007] GW signal is available.
D/RILC    ( 1233): [qcril_cm.c:5046] Signal strength: gw_rssi: 7, gw_bit_error: 0, cdma_dbm: -1, cdma_ecio: -1, hdr_dbm: -1, hdr_ecio: -1, hdr_sinr: -1
D/RILC    ( 1233):  
D/RILC    ( 1233): [qcril.c:4035] UI <--- RIL_UNSOL_SIGNAL_STRENGTH (1009) --- RIL [Len 28]
D/RILC    ( 1233): [qcril.c:4038] RIL=>>Android [ label = "RIL_UNSOL_SIGNAL_STRENGTH" ];
W/RILC    ( 1233): [ril.cpp:1489] [UNSL]< UNSOL_SIGNAL_STRENGTH {[signalStrength=7,bitErrorRate=0,                CDMA_SignalStrength.dbm=-1,CDMA_SignalStrength.ecio=-1,                EVDO_SignalStrength.dbm =-1,EVDO_SignalStrength.ecio=-1,                EVDO_SignalStrength.signalNoiseRatio=-1]}
D/RILC    ( 1233): [qcril.c:2536] Exit qcril_process_event() : CM_SS_EVENT_RSSI, err_no 0
D/RILC    ( 1233): [qcril_event.c:271] qcril_event_main(): Waiting...
I/RILJ    ( 1417): [UNSL]< UNSOL_RESPONSE_NETWORK_STATE_CHANGED
I/RILJ    ( 1417): [UNSL]< UNSOL_SIGNAL_STRENGTH {7, 0, -1, -1, -1, -1, -1}
D/RILC    ( 1233): [qcril_cm.c:5924] Received srvsys event : CM_SS_EVENT_SRV_CHANGED (73728)
D/RILC    ( 1233): [qcril_event.c:402] Queued event CM_SS_EVENT_SRV_CHANGED (3320 bytes)
D/RILC    ( 1233): [qcril_event.c:288] qcril_event_main(): 1 items on queue
D/RILC    ( 1233): [qcril_event.c:309] De-queued event CM_SS_EVENT_SRV_CHANGED (73728)
D/RILC    ( 1233): [qcril.c:2499] AMSS=>RIL [ label = "CM_SS_EVENT_SRV_CHANGED" ];
D/RILC    ( 1233): [qcril.c:2508] RIL <--- CM_SS_EVENT_SRV_CHANGED (73728) --- AMSS
D/RILC    ( 1233): [qcril_cm_ons.c:9610] [BRIGHTHY] Enter qcril_cm_srvsys_event_srv_changed
D/RILC    ( 1233): [qcril_cm.c:980] Serving System : srv status 1, sys mode 5, roam status 0, hdr_hybrid 0, hdr srv status 0, hdr roam status 0
D/RILC    ( 1233): [qcril_cm.c:6093] [KT OTA] srv_status: 1 OTAMode: 0
D/RILC    ( 1233): [qcril_reqlist.c:215] Not found ReqList entry waiting for CM_SS_EVENT_SRV_CHANGED (73728)
D/RILC    ( 1233): [qcril.c:1905] Modem: On --> On, GW SIM: PIN --> PIN, CDMA SIM: Ready --> Ready, Mode Config: GW --> GW
D/RILC    ( 1233): [qcril.c:1911] Subscription: SIM --> SIM, Network: GW --> GW, Mode Preferred: GW --> GW [Event CM_SS_EVENT_SRV_CHANGED (73728)]
D/RILC    ( 1233): [qcril.c:4027] UI <--- RIL_UNSOL_RESPONSE_NETWORK_STATE_CHANGED (1002) --- RIL [Len 0, limited service on UMTS]
D/RILC    ( 1233): [qcril.c:4030] RIL=>>Android [ label = "RIL_UNSOL_RESPONSE_NETWORK_STATE_CHANGED, limited service on UMTS" ];
W/RILC    ( 1233): [ril.cpp:1489] [UNSL]< UNSOL_RESPONSE_NETWORK_STATE_CHANGED 
I/RILJ    ( 1417): [UNSL]< UNSOL_RESPONSE_NETWORK_STATE_CHANGED
D/RILC    ( 1233): [qcril_cm.c:5007] GW signal is available.
D/RILC    ( 1233): [qcril_cm.c:5046] Signal strength: gw_rssi: 7, gw_bit_error: 0, cdma_dbm: -1, cdma_ecio: -1, hdr_dbm: -1, hdr_ecio: -1, hdr_sinr: -1
D/RILC    ( 1233):  
D/RILC    ( 1233): [qcril.c:4035] UI <--- RIL_UNSOL_SIGNAL_STRENGTH (1009) --- RIL [Len 28]
D/RILC    ( 1233): [qcril.c:4038] RIL=>>Android [ label = "RIL_UNSOL_SIGNAL_STRENGTH" ];
W/RILC    ( 1233): [ril.cpp:1489] [UNSL]< UNSOL_SIGNAL_STRENGTH {[signalStrength=7,bitErrorRate=0,                CDMA_SignalStrength.dbm=-1,CDMA_SignalStrength.ecio=-1,                EVDO_SignalStrength.dbm =-1,EVDO_SignalStrength.ecio=-1,                EVDO_SignalStrength.signalNoiseRatio=-1]}
I/RILJ    ( 1417): [UNSL]< UNSOL_SIGNAL_STRENGTH {7, 0, -1, -1, -1, -1, -1}
D/RILC    ( 1233): [qcril.c:2536] Exit qcril_process_event() : CM_SS_EVENT_SRV_CHANGED, err_no 0
D/RILC    ( 1233): [qcril_event.c:271] qcril_event_main(): Waiting...
D/RILC    ( 1233): [qcril_cm.c:5924] Received srvsys event : CM_SS_EVENT_SRV_CHANGED (73728)
D/RILC    ( 1233): [qcril_event.c:402] Queued event CM_SS_EVENT_SRV_CHANGED (3320 bytes)
D/RILC    ( 1233): [qcril_event.c:288] qcril_event_main(): 1 items on queue
D/RILC    ( 1233): [qcril_event.c:309] De-queued event CM_SS_EVENT_SRV_CHANGED (73728)
D/RILC    ( 1233): [qcril.c:2499] AMSS=>RIL [ label = "CM_SS_EVENT_SRV_CHANGED" ];
D/RILC    ( 1233): [qcril.c:2508] RIL <--- CM_SS_EVENT_SRV_CHANGED (73728) --- AMSS
D/RILC    ( 1233): [qcril_cm_ons.c:9610] [BRIGHTHY] Enter qcril_cm_srvsys_event_srv_changed
D/RILC    ( 1233): [qcril_cm.c:980] Serving System : srv status 1, sys mode 5, roam status 0, hdr_hybrid 0, hdr srv status 0, hdr roam status 0
D/RILC    ( 1233): [qcril_cm.c:6093] [KT OTA] srv_status: 1 OTAMode: 0
D/RILC    ( 1233): [qcril_reqlist.c:215] Not found ReqList entry waiting for CM_SS_EVENT_SRV_CHANGED (73728)
D/RILC    ( 1233): [qcril.c:1905] Modem: On --> On, GW SIM: PIN --> PIN, CDMA SIM: Ready --> Ready, Mode Config: GW --> GW
D/RILC    ( 1233): [qcril.c:1911] Subscription: SIM --> SIM, Network: GW --> GW, Mode Preferred: GW --> GW [Event CM_SS_EVENT_SRV_CHANGED (73728)]
D/RILC    ( 1233): [qcril.c:4027] UI <--- RIL_UNSOL_RESPONSE_NETWORK_STATE_CHANGED (1002) --- RIL [Len 0, limited service on UMTS]
D/RILC    ( 1233): [qcril.c:4030] RIL=>>Android [ label = "RIL_UNSOL_RESPONSE_NETWORK_STATE_CHANGED, limited service on UMTS" ];
W/RILC    ( 1233): [ril.cpp:1489] [UNSL]< UNSOL_RESPONSE_NETWORK_STATE_CHANGED 
D/RILC    ( 1233): [qcril_cm.c:5924] Received srvsys event : CM_SS_EVENT_RSSI (73729)
D/RILC    ( 1233): [qcril_event.c:402] Queued event CM_SS_EVENT_RSSI (3320 bytes)
I/RILJ    ( 1417): [UNSL]< UNSOL_RESPONSE_NETWORK_STATE_CHANGED
D/RILC    ( 1233): [qcril_cm.c:5007] GW signal is available.
D/RILC    ( 1233): [qcril_cm.c:5046] Signal strength: gw_rssi: 7, gw_bit_error: 0, cdma_dbm: -1, cdma_ecio: -1, hdr_dbm: -1, hdr_ecio: -1, hdr_sinr: -1
D/RILC    ( 1233):  
D/RILC    ( 1233): [qcril.c:4035] UI <--- RIL_UNSOL_SIGNAL_STRENGTH (1009) --- RIL [Len 28]
D/RILC    ( 1233): [qcril.c:4038] RIL=>>Android [ label = "RIL_UNSOL_SIGNAL_STRENGTH" ];
D/RILC    ( 1233): [qcril_cm.c:5924] Received srvsys event : CM_SS_EVENT_SRV_CHANGED (73728)
D/RILC    ( 1233): [qcril_event.c:402] Queued event CM_SS_EVENT_SRV_CHANGED (3320 bytes)
W/RILC    ( 1233): [ril.cpp:1489] [UNSL]< UNSOL_SIGNAL_STRENGTH {[signalStrength=7,bitErrorRate=0,                CDMA_SignalStrength.dbm=-1,CDMA_SignalStrength.ecio=-1,                EVDO_SignalStrength.dbm =-1,EVDO_SignalStrength.ecio=-1,                EVDO_SignalStrength.signalNoiseRatio=-1]}
I/RILJ    ( 1417): [UNSL]< UNSOL_SIGNAL_STRENGTH {7, 0, -1, -1, -1, -1, -1}
D/RILC    ( 1233): [qcril_cm.c:5924] Received srvsys event : CM_SS_EVENT_SRV_CHANGED (73728)
D/RILC    ( 1233): [qcril_event.c:402] Queued event CM_SS_EVENT_SRV_CHANGED (3320 bytes)
D/RILC    ( 1233): [qcril.c:2536] Exit qcril_process_event() : CM_SS_EVENT_SRV_CHANGED, err_no 0
D/RILC    ( 1233): [qcril_event.c:271] qcril_event_main(): Waiting...
D/RILC    ( 1233): [qcril_event.c:288] qcril_event_main(): 3 items on queue
D/RILC    ( 1233): [qcril_event.c:309] De-queued event CM_SS_EVENT_RSSI (73729)
D/RILC    ( 1233): [qcril.c:2499] AMSS=>RIL [ label = "CM_SS_EVENT_RSSI" ];
D/RILC    ( 1233): [qcril.c:2508] RIL <--- CM_SS_EVENT_RSSI (73729) --- AMSS
D/RILC    ( 1233): [qcril_cm_ons.c:9610] [BRIGHTHY] Enter qcril_cm_srvsys_event_srv_changed
D/RILC    ( 1233): [qcril_cm.c:980] Serving System : srv status 1, sys mode 5, roam status 1, hdr_hybrid 0, hdr srv status 0, hdr roam status 0
D/RILC    ( 1233): [qcril.c:1905] Modem: On --> On, GW SIM: PIN --> PIN, CDMA SIM: Ready --> Ready, Mode Config: GW --> GW
D/RILC    ( 1233): [qcril.c:1911] Subscription: SIM --> SIM, Network: GW --> GW, Mode Preferred: GW --> GW [Event CM_SS_EVENT_RSSI (73729)]
D/RILC    ( 1233): [qcril.c:4027] UI <--- RIL_UNSOL_RESPONSE_NETWORK_STATE_CHANGED (1002) --- RIL [Len 0, limited service on UMTS]
D/RILC    ( 1233): [qcril.c:4030] RIL=>>Android [ label = "RIL_UNSOL_RESPONSE_NETWORK_STATE_CHANGED, limited service on UMTS" ];
W/RILC    ( 1233): [ril.cpp:1489] [UNSL]< UNSOL_RESPONSE_NETWORK_STATE_CHANGED 
I/RILJ    ( 1417): [UNSL]< UNSOL_RESPONSE_NETWORK_STATE_CHANGED
D/RILC    ( 1233): [qcril_cm.c:5007] GW signal is available.
D/RILC    ( 1233): [qcril_cm.c:5046] Signal strength: gw_rssi: 7, gw_bit_error: 0, cdma_dbm: -1, cdma_ecio: -1, hdr_dbm: -1, hdr_ecio: -1, hdr_sinr: -1
D/RILC    ( 1233):  
D/RILC    ( 1233): [qcril.c:4035] UI <--- RIL_UNSOL_SIGNAL_STRENGTH (1009) --- RIL [Len 28]
D/RILC    ( 1233): [qcril.c:4038] RIL=>>Android [ label = "RIL_UNSOL_SIGNAL_STRENGTH" ];
W/RILC    ( 1233): [ril.cpp:1489] [UNSL]< UNSOL_SIGNAL_STRENGTH {[signalStrength=7,bitErrorRate=0,                CDMA_SignalStrength.dbm=-1,CDMA_SignalStrength.ecio=-1,                EVDO_SignalStrength.dbm =-1,EVDO_SignalStrength.ecio=-1,                EVDO_SignalStrength.signalNoiseRatio=-1]}
I/RILJ    ( 1417): [UNSL]< UNSOL_SIGNAL_STRENGTH {7, 0, -1, -1, -1, -1, -1}
D/RILC    ( 1233): [qcril.c:2536] Exit qcril_process_event() : CM_SS_EVENT_RSSI, err_no 0
D/RILC    ( 1233): [qcril_event.c:309] De-queued event CM_SS_EVENT_SRV_CHANGED (73728)
D/RILC    ( 1233): [qcril.c:2499] AMSS=>RIL [ label = "CM_SS_EVENT_SRV_CHANGED" ];
D/RILC    ( 1233): [qcril.c:2508] RIL <--- CM_SS_EVENT_SRV_CHANGED (73728) --- AMSS
D/RILC    ( 1233): [qcril_cm_ons.c:9610] [BRIGHTHY] Enter qcril_cm_srvsys_event_srv_changed
D/RILC    ( 1233): [qcril_cm.c:980] Serving System : srv status 1, sys mode 5, roam status 1, hdr_hybrid 0, hdr srv status 0, hdr roam status 0
D/RILC    ( 1233): [qcril_cm.c:6093] [KT OTA] srv_status: 1 OTAMode: 0
D/RILC    ( 1233): [qcril_reqlist.c:215] Not found ReqList entry waiting for CM_SS_EVENT_SRV_CHANGED (73728)
D/RILC    ( 1233): [qcril.c:1905] Modem: On --> On, GW SIM: PIN --> PIN, CDMA SIM: Ready --> Ready, Mode Config: GW --> GW
D/RILC    ( 1233): [qcril.c:1911] Subscription: SIM --> SIM, Network: GW --> GW, Mode Preferred: GW --> GW [Event CM_SS_EVENT_SRV_CHANGED (73728)]
D/RILC    ( 1233): [qcril.c:4027] UI <--- RIL_UNSOL_RESPONSE_NETWORK_STATE_CHANGED (1002) --- RIL [Len 0, limited service on UMTS]
D/RILC    ( 1233): [qcril.c:4030] RIL=>>Android [ label = "RIL_UNSOL_RESPONSE_NETWORK_STATE_CHANGED, limited service on UMTS" ];
