D/GSM     ( 1417): Poll ServiceState done:  oldSS=[3 home null null null  Unknown CSS not supported -1 -1RoamInd: -1DefRoamInd: -1] newSS=[3 home null null null  Unknown CSS not supported -1 -1RoamInd: -1DefRoamInd: -1] oldGprs=0 newGprs=0 oldType=HSDPA newType=HSDPA
I/RILJ    ( 1417): RILRequest.obtain() request=23, RADIO_POWER
I/RILJ    ( 1417): [0302]> RADIO_POWER
W/RILC    ( 1233): [ril.cpp:390] processCommandBuffer() request=23,token=302
W/RILC    ( 1233): [ril.cpp:409] request=23, pRI->pCI->requestNumber=23
W/RILC    ( 1233): [ril.cpp:558] TOKEN=302 REQ_NUM=0023 RADIO_POWER (1)
D/RILC    ( 1233): [qcril.c:2361] UI --- RIL_REQUEST_RADIO_POWER (23) ---> RIL [token id 302, data len 4]
D/RILC    ( 1233): [qcril.c:2375] Android=>RIL [ label = "RIL_REQUEST_RADIO_POWER - On, Token 302" ];
D/RILC    ( 1233): [qcril_cm.c:2988] Request Radio On
D/RILC    ( 1233): [qcril_reqlist.c:168] Not found ReqList entry : token id 302
D/RILC    ( 1233): [qcril_reqlist.c:399] Event RIL_REQUEST_RADIO_POWER (23) pending receipt of INTERNAL_CM_CARD_STATUS_UPDATED, token id 302 [0x2c470]
D/RILC    ( 1233): [qcril_reqlist.c:1064] ReqList entries : 
D/RILC    ( 1233): [qcril_reqlist.c:1070]     RIL_REQUEST_RADIO_POWER (23), token id 302
D/RILC    ( 1233): [qcril_cm.c:3061] Request QCRIL MMGSDI to power up the card
D/RILC    ( 1233): [qcril.c:2493] RIL=>RIL [ label = "INTERNAL_MMGSDI_CARD_POWER_UP" ];
D/RILC    ( 1233): [qcril.c:2494] RIL --- INTERNAL_MMGSDI_CARD_POWER_UP (196615) ---> RIL
D/RILC    ( 1233): [qcril_mmgsdi.c:4771] qcril_mmgsdi_process_internal_command
D/RILC    ( 1233): [qcril_mmgsdi.c:4807] RIL --- mmgsdi_card_pup() ---> AMSS [MMGSDI_CARD_POWER_UP_INITIAL_PUP]
D/RILC    ( 1233): [qcril_mmgsdi.c:4807] RIL=>AMSS [ label = "mmgsdi_card_pup()" ];
D/RILC    ( 1233): [qcril_mmgsdi.c:4820] Disable rs notification
D/RILC    ( 1233): [qcril.c:1905] Modem: Off --> Off, GW SIM: Error --> Error, CDMA SIM: Ready --> Ready, Mode Config: GW --> GW
D/RILC    ( 1233): [qcril.c:1911] Subscription: SIM --> SIM, Network: No service --> No service, Mode Preferred: GW --> GW [Event INTERNAL_MMGSDI_CARD_POWER_UP (196615)]
D/RILC    ( 1233): [qcril.c:2536] Exit qcril_process_event() : INTERNAL_MMGSDI_CARD_POWER_UP, err_no 0
D/RILC    ( 1233): [qcril_mmgsdi.c:1040] qcril_mmgsdi_command_callback: cnf = 0x14, status = 0x0
D/RILC    ( 1233): [qcril_mmgsdi.c:1052] qcril_mmgsdi_command_callback qcril_event_queue2
D/RILC    ( 1233): [qcril_event.c:402] Queued event MMGSDI_COMMAND_CALLBACK (260 bytes)
D/RILC    ( 1233): [qcril_event.c:288] qcril_event_main(): 1 items on queue
D/RILC    ( 1233): [qcril_event.c:309] De-queued event MMGSDI_COMMAND_CALLBACK (196609)
D/RILC    ( 1233): [qcril.c:2499] AMSS=>RIL [ label = "MMGSDI_COMMAND_CALLBACK" ];
D/RILC    ( 1233): [qcril.c:2508] RIL <--- MMGSDI_COMMAND_CALLBACK (196609) --- AMSS
D/RILC    ( 1233): [qcril_mmgsdi.c:4052] qcril_mmgsdi_process_command_callback: QCRIL_EVT_MMGSDI_COMMAND_CALLBACK
D/RILC    ( 1233): [qcril_mmgsdi.c:4102] Cnf 0x14 status 0x0/n
D/RILC    ( 1233): [qcril.c:2536] Exit qcril_process_event() : MMGSDI_COMMAND_CALLBACK, err_no 0
D/RILC    ( 1233): [qcril_event.c:271] qcril_event_main(): Waiting...
D/RILC    ( 1233): [qcril_mmgsdi.c:1153] qcril_mmgsdi_event_callback, event:8
D/RILC    ( 1233): [qcril_event.c:402] Queued event MMGSDI_EVENT_CALLBACK (1320 bytes)
D/RILC    ( 1233): [qcril_event.c:288] qcril_event_main(): 1 items on queue
D/RILC    ( 1233): [qcril_event.c:309] De-queued event MMGSDI_EVENT_CALLBACK (196612)
D/RILC    ( 1233): [qcril.c:2499] AMSS=>RIL [ label = "MMGSDI_EVENT_CALLBACK" ];
D/RILC    ( 1233): [qcril.c:2508] RIL <--- MMGSDI_EVENT_CALLBACK (196612) --- AMSS
D/RILC    ( 1233): [qcril_mmgsdi.c:4266] qcril_mmgsdi_process_event_callback: QCRIL_EVT_MMGSDI_EVENT_CALLBACK
D/RILC    ( 1233): [qcril_mmgsdi.c:1647] MMGSDI_REFRESH_EVT
D/RILC    ( 1233): [qcril_mmgsdi.c:4281] curr modem state 0x1,  curr GW sim state 0x6,  curr CDMA sim state 0x2 
D/RILC    ( 1233): [qcril_mmgsdi.c:3526] qcril_mmgsdi_process_refresh_evt 
D/RILC    ( 1233): [qcril.c:2493] RIL=>RIL [ label = "INTERNAL_CM_CARD_STATUS_UPDATED" ];
D/RILC    ( 1233): [qcril.c:2494] RIL --- INTERNAL_CM_CARD_STATUS_UPDATED (65541) ---> RIL
D/RILC    ( 1233): [qcril_cm.c:1572] Card status: Down --> Refresh
D/RILC    ( 1233): [qcril.c:2536] Exit qcril_process_event() : INTERNAL_CM_CARD_STATUS_UPDATED, err_no 0
D/RILC    ( 1233): [qcril_mmgsdi.c:2052] Card Status 
D/RILC    ( 1233): [qcril_mmgsdi.c:2056]  -Card_State: RIL_CARDSTATE_ABSENT
D/RILC    ( 1233): [qcril_mmgsdi.c:2006]  -Universal Pin State: RIL_PINSTATE_UNKNOWN
D/RILC    ( 1233): [qcril_mmgsdi.c:2112] GW Subscription App Not Available
D/RILC    ( 1233): [qcril_mmgsdi.c:2154] CDMA Subscription App Not Available
D/RILC    ( 1233): [qcril_mmgsdi.c:2157] Number Applications 0x0
D/RILC    ( 1233): [qcril.c:4035] UI <--- RIL_UNSOL_RESPONSE_SIM_STATUS_CHANGED (1019) --- RIL [Len 0]
D/RILC    ( 1233): [qcril.c:4038] RIL=>>Android [ label = "RIL_UNSOL_RESPONSE_SIM_STATUS_CHANGED" ];
W/RILC    ( 1233): [ril.cpp:1489] [UNSL]< UNSOL_RESPONSE_SIM_STATUS_CHANGED 
D/RILC    ( 1233): [qcril_mmgsdi.c:4345]  new modem state 0x1,  new GW sim state 0x6,  new CDMA sim state 0x2 
D/RILC    ( 1233): [qcril.c:2536] Exit qcril_process_event() : MMGSDI_EVENT_CALLBACK, err_no 0
I/RILJ    ( 1417): [UNSL]< UNSOL_RESPONSE_SIM_STATUS_CHANGED
D/GSM     ( 1417): Received Event EVENT_SIM_STATUS_CHANGED
I/RILJ    ( 1417): RILRequest.obtain() request=1, GET_SIM_STATUS
I/RILJ    ( 1417): [0303]> GET_SIM_STATUS
D/RILC    ( 1233): [qcril_event.c:271] qcril_event_main(): Waiting...
W/RILC    ( 1233): [ril.cpp:390] processCommandBuffer() request=1,token=303
W/RILC    ( 1233): [ril.cpp:409] request=1, pRI->pCI->requestNumber=1
W/RILC    ( 1233): [ril.cpp:437] TOKEN=303 REQ_NUM=0001 GET_SIM_STATUS 
D/RILC    ( 1233): [qcril.c:2361] UI --- RIL_REQUEST_GET_SIM_STATUS (1) ---> RIL [token id 303, data len 0]
D/RILC    ( 1233): [qcril.c:2380] Android=>RIL [ label = "RIL_REQUEST_GET_SIM_STATUS - Token 303" ];
D/RILC    ( 1233): [qcril_mmgsdi_common.c:2590] qcril_mmgsdi_request_get_sim_status 
D/RILC    ( 1233): [qcril_reqlist.c:168] Not found ReqList entry : token id 303
D/RILC    ( 1233): [qcril_reqlist.c:399] Event RIL_REQUEST_GET_SIM_STATUS (1) pending receipt of <none>, token id 303 [0x2c488]
D/RILC    ( 1233): [qcril_reqlist.c:1064] ReqList entries : 
D/RILC    ( 1233): [qcril_reqlist.c:1070]     RIL_REQUEST_RADIO_POWER (23), token id 302
D/RILC    ( 1233): [qcril_reqlist.c:1070]     RIL_REQUEST_GET_SIM_STATUS (1), token id 303
D/RILC    ( 1233): [qcril_mmgsdi.c:171] mmgsdi status 0x0 -> RIL_E_SUCCESS
D/RILC    ( 1233): [qcril_reqlist.c:159] Found ReqList entry : RIL_REQUEST_GET_SIM_STATUS (1), token id 303
D/RILC    ( 1233): [qcril_reqlist.c:159] Found ReqList entry : RIL_REQUEST_GET_SIM_STATUS (1), token id 303
D/RILC    ( 1233): [qcril_reqlist.c:598] Deleted ReqList entry : token id 303 [0x2c488]
D/RILC    ( 1233): [qcril_reqlist.c:1064] ReqList entries : 
D/RILC    ( 1233): [qcril_reqlist.c:1070]     RIL_REQUEST_RADIO_POWER (23), token id 302
D/RILC    ( 1233): [qcril.c:3965] RIL=>Android [ label = "RIL_REQUEST_GET_SIM_STATUS - Card Absent, Token 303, Success" ];
D/RILC    ( 1233): [qcril.c:3970] UI <--- RIL_REQUEST_GET_SIM_STATUS (1) Complete --- RIL [Token 303, RIL_E_SUCCESS, Len 276 Card Absent]
E/RILC    ( 1233):  response: responseSimStatus
W/RILC    ( 1233): [ril.cpp:1489] [0303]< GET_SIM_STATUS {}
I/RILJ    ( 1417): [0303]< GET_SIM_STATUS ICC_ABSENT
D/GSM     ( 1417): 1) status : 
D/GSM     ( 1417): 2) status : 
E/GSM     ( 1417): 2) status : ICC_ABSENT
D/GSM     ( 1417): 2) status : 
E/GSM     ( 1417): 2) status : ICC_ABSENT
I/RILJ    ( 1417): RILRequest.obtain() request=136, RIL_REQUEST_GET_UNLOCK_RETRY_COUNT
I/RILJ    ( 1417): [0304]> RIL_REQUEST_GET_UNLOCK_RETRY_COUNT
D/GSM     ( 1417): [GsmSimCard] handleSimStatus()...getSIMUnlockRetryCount()
D/GSM     ( 1417): [GsmSimCard] Notify SIM missing.
D/GSM     ( 1417): [GsmSimCard] Broadcasting intent SIM_STATE_CHANGED_ACTION ABSENT reason null
W/RILC    ( 1233): [ril.cpp:390] processCommandBuffer() request=136,token=304
W/RILC    ( 1233): [ril.cpp:409] request=136, pRI->pCI->requestNumber=136
W/RILC    ( 1233): [ril.cpp:437] TOKEN=304 REQ_NUM=0136 GET_UNLOCK_RETRY_COUNT 
D/RILC    ( 1233): [qcril.c:2361] UI --- RIL_REQUEST_GET_UNLOCK_RETRY_COUNT (136) ---> RIL [token id 304, data len 0]
D/RILC    ( 1233): [qcril.c:2380] Android=>RIL [ label = "RIL_REQUEST_GET_UNLOCK_RETRY_COUNT - Token 304" ];
D/RILC    ( 1233): [qcril.c:2209] Ignore RIL_REQUEST_GET_UNLOCK_RETRY_COUNT, unsupported state.
D/RILC    ( 1233): [qcril.c:2445] UI <--- RIL_REQUEST_GET_UNLOCK_RETRY_COUNT (136) Complete --- RIL [Token Id 304, RIL_E_RADIO_NOT_AVAILABLE]
D/RILC    ( 1233): [qcril.c:3910] RIL=>Android [ label = "RIL_REQUEST_GET_UNLOCK_RETRY_COUNT, Token 304, Radio Not Available" ];
D/RILC    ( 1233): [qcril.c:3913] UI <--- RIL_REQUEST_GET_UNLOCK_RETRY_COUNT (136) Complete --- RIL [Token 304, Radio Not Available]
W/RILC    ( 1233): [ril.cpp:1489] [0304]< GET_UNLOCK_RETRY_COUNT fails by E_RAIDO_NOT_AVAILABLE
D/RILJ    ( 1417): [0304]< RIL_REQUEST_GET_UNLOCK_RETRY_COUNT error: com.android.internal.telephony.CommandException: RADIO_NOT_AVAILABLE
D/RILC    ( 1233): [qcril_mmgsdi.c:1153] qcril_mmgsdi_event_callback, event:7
D/RILC    ( 1233): [qcril_event.c:402] Queued event MMGSDI_EVENT_CALLBACK (1320 bytes)
D/RILC    ( 1233): [qcril_event.c:288] qcril_event_main(): 1 items on queue
D/RILC    ( 1233): [qcril_event.c:309] De-queued event MMGSDI_EVENT_CALLBACK (196612)
D/RILC    ( 1233): [qcril.c:2499] AMSS=>RIL [ label = "MMGSDI_EVENT_CALLBACK" ];
D/RILC    ( 1233): [qcril.c:2508] RIL <--- MMGSDI_EVENT_CALLBACK (196612) --- AMSS
D/RILC    ( 1233): [qcril_mmgsdi.c:4266] qcril_mmgsdi_process_event_callback: QCRIL_EVT_MMGSDI_EVENT_CALLBACK
D/RILC    ( 1233): [qcril_mmgsdi.c:1644] MMGSDI_TERMINAL_PROFILE_DL_EVT
D/RILC    ( 1233): [qcril_mmgsdi.c:4281] curr modem state 0x1,  curr GW sim state 0x6,  curr CDMA sim state 0x2 
D/RILC    ( 1233): [qcril_mmgsdi.c:2052] Card Status 
D/RILC    ( 1233): [qcril_mmgsdi.c:2056]  -Card_State: RIL_CARDSTATE_ABSENT
D/RILC    ( 1233): [qcril_mmgsdi.c:2006]  -Universal Pin State: RIL_PINSTATE_UNKNOWN
D/RILC    ( 1233): [qcril_mmgsdi.c:2112] GW Subscription App Not Available
D/RILC    ( 1233): [qcril_mmgsdi.c:2154] CDMA Subscription App Not Available
D/RILC    ( 1233): [qcril_mmgsdi.c:2157] Number Applications 0x0
D/RILC    ( 1233): [qcril_mmgsdi.c:4345]  new modem state 0x1,  new GW sim state 0x6,  new CDMA sim state 0x2 
D/RILC    ( 1233): [qcril.c:2536] Exit qcril_process_event() : MMGSDI_EVENT_CALLBACK, err_no 0
D/RILC    ( 1233): [qcril_event.c:271] qcril_event_main(): Waiting...
D/RILC    ( 1233): [qcril_gstk.c:828] qcril_gstk_toolkit_evt_callback
D/RILC    ( 1233): [qcril_gstk.c:911] GSTK format event notification
D/RILC    ( 1233): [qcril_gstk.c:828] qcril_gstk_toolkit_evt_callback
D/RILC    ( 1233): [qcril_gstk.c:843] Raw format proactive command
D/RILC    ( 1233): [qcril_gstk.c:571] qcril_gstk_bin_to_hexstring, length 68
D/RILC    ( 1233): [qcril_event.c:402] Queued event GSTK_RAW_COMMAND_CALLBACK (153 bytes)
D/RILC    ( 1233): [qcril_event.c:288] qcril_event_main(): 1 items on queue
D/RILC    ( 1233): [qcril_event.c:309] De-queued event GSTK_RAW_COMMAND_CALLBACK (262148)
D/RILC    ( 1233): [qcril.c:2499] AMSS=>RIL [ label = "GSTK_RAW_COMMAND_CALLBACK" ];
D/RILC    ( 1233): [qcril.c:2508] RIL <--- GSTK_RAW_COMMAND_CALLBACK (262148) --- AMSS
D/RILC    ( 1233): [qcril_gstk.c:1906] qcril_gstk_process_raw_command_callback
D/RILC    ( 1233): [qcril_gstk.c:1942] Command will be handled by Android (0x25)
D/RILC    ( 1233): [qcril.c:4035] UI <--- RIL_UNSOL_STK_PROACTIVE_COMMAND (1013) --- RIL [Len 136]
D/RILC    ( 1233): [qcril.c:4038] RIL=>>Android [ label = "RIL_UNSOL_STK_PROACTIVE_COMMAND" ];
W/RILC    ( 1233): [ril.cpp:1489] [UNSL]< UNSOL_STK_PROACTIVE_COMMAND {D042810301250082028182050C534D532053657276696365738F0E01496E666F2053657276696365738F0B02577C72746572627563688F0603454D61696C8F0404466178}
D/RILC    ( 1233): [qcril.c:2536] Exit qcril_process_event() : GSTK_RAW_COMMAND_CALLBACK, err_no 0
D/RILC    ( 1233): [qcril_event.c:271] qcril_event_main(): Waiting...
I/RILJ    ( 1417): [UNSL]< UNSOL_STK_PROACTIVE_COMMAND D042810301250082028182050C534D532053657276696365738F0E01496E666F2053657276696365738F0B02577C72746572627563688F0603454D61696C8F0404466178
D/STK     ( 1417): StkService: ril message arrived
D/STK     ( 1417): CommandParamsFactory: process SelectItem
D/STK     ( 1417): StkService: SET_UP_MENU
D/STK     ( 1417): StkService: TERMINAL RESPONSE: 810301250082028281830100
I/RILJ    ( 1417): RILRequest.obtain() request=70, REQUEST_STK_SEND_TERMINAL_RESPONSE
I/RILJ    ( 1417): [0305]> REQUEST_STK_SEND_TERMINAL_RESPONSE
W/RILC    ( 1233): [ril.cpp:390] processCommandBuffer() request=70,token=305
W/RILC    ( 1233): [ril.cpp:409] request=70, pRI->pCI->requestNumber=70
W/RILC    ( 1233): [ril.cpp:454] TOKEN=305 REQ_NUM=0070 STK_SEND_TERMINAL_RESPONSE (810301250082028281830100)
D/RILC    ( 1233): [qcril.c:2361] UI --- RIL_REQUEST_STK_SEND_TERMINAL_RESPONSE (70) ---> RIL [token id 305, data len 4]
D/RILC    ( 1233): [qcril.c:2380] Android=>RIL [ label = "RIL_REQUEST_STK_SEND_TERMINAL_RESPONSE - Token 305" ];
D/RILC    ( 1233): [qcril_gstk.c:1380] qcril_gstk_request_stk_send_terminal_response
D/RILC    ( 1233): [qcril_gstk.c:1388] Data length supplied is 4
D/RILC    ( 1233): [qcril_gstk.c:1391] String length of data buffer is 24
D/RILC    ( 1233): [qcril_gstk.c:666] qcril_gstk_hexstring_to_bin, length 24
D/RILC    ( 1233): [qcril_gstk.c:609] qcril_gstk_hexdigit_to_bin digit = 0x38
D/RILC    ( 1233): [qcril_gstk.c:609] qcril_gstk_hexdigit_to_bin digit = 0x31
D/RILC    ( 1233): [qcril_gstk.c:609] qcril_gstk_hexdigit_to_bin digit = 0x30
D/RILC    ( 1233): [qcril_gstk.c:609] qcril_gstk_hexdigit_to_bin digit = 0x33
D/RILC    ( 1233): [qcril_gstk.c:609] qcril_gstk_hexdigit_to_bin digit = 0x30
D/RILC    ( 1233): [qcril_gstk.c:609] qcril_gstk_hexdigit_to_bin digit = 0x31
D/RILC    ( 1233): [qcril_gstk.c:609] qcril_gstk_hexdigit_to_bin digit = 0x32
D/RILC    ( 1233): [qcril_gstk.c:609] qcril_gstk_hexdigit_to_bin digit = 0x35
D/RILC    ( 1233): [qcril_gstk.c:609] qcril_gstk_hexdigit_to_bin digit = 0x30
D/RILC    ( 1233): [qcril_gstk.c:609] qcril_gstk_hexdigit_to_bin digit = 0x30
D/RILC    ( 1233): [qcril_gstk.c:609] qcril_gstk_hexdigit_to_bin digit = 0x38
D/RILC    ( 1233): [qcril_gstk.c:609] qcril_gstk_hexdigit_to_bin digit = 0x32
D/RILC    ( 1233): [qcril_gstk.c:609] qcril_gstk_hexdigit_to_bin digit = 0x30
D/RILC    ( 1233): [qcril_gstk.c:609] qcril_gstk_hexdigit_to_bin digit = 0x32
D/RILC    ( 1233): [qcril_gstk.c:609] qcril_gstk_hexdigit_to_bin digit = 0x38
D/RILC    ( 1233): [qcril_gstk.c:609] qcril_gstk_hexdigit_to_bin digit = 0x32
D/RILC    ( 1233): [qcril_gstk.c:609] qcril_gstk_hexdigit_to_bin digit = 0x38
D/RILC    ( 1233): [qcril_gstk.c:609] qcril_gstk_hexdigit_to_bin digit = 0x31
D/RILC    ( 1233): [qcril_gstk.c:609] qcril_gstk_hexdigit_to_bin digit = 0x38
D/RILC    ( 1233): [qcril_gstk.c:609] qcril_gstk_hexdigit_to_bin digit = 0x33
D/RILC    ( 1233): [qcril_gstk.c:609] qcril_gstk_hexdigit_to_bin digit = 0x30
D/RILC    ( 1233): [qcril_gstk.c:609] qcril_gstk_hexdigit_to_bin digit = 0x31
D/RILC    ( 1233): [qcril_gstk.c:609] qcril_gstk_hexdigit_to_bin digit = 0x30
D/RILC    ( 1233): [qcril_gstk.c:609] qcril_gstk_hexdigit_to_bin digit = 0x30
D/RILC    ( 1233): [qcril_gstk.c:1413] RIL --- gstk_send_raw_terminal_response() ---> AMSS []
D/RILC    ( 1233): [qcril_gstk.c:1413] RIL=>AMSS [ label = "gstk_send_raw_terminal_response()" ];
D/STK     ( 1417): StkAppService: SET_UP_MENU
D/STK     ( 1417): StkAppService: Install App
D/RILC    ( 1233): [qcril.c:3965] RIL=>Android [ label = "RIL_REQUEST_STK_SEND_TERMINAL_RESPONSE - Token 305, Success" ];
D/RILC    ( 1233): [qcril.c:3970] UI <--- RIL_REQUEST_STK_SEND_TERMINAL_RESPONSE (70) Complete --- RIL [Token 305, RIL_E_SUCCESS, Len 0 ]
W/RILC    ( 1233): [ril.cpp:1489] [0305]< STK_SEND_TERMINAL_RESPONSE
I/RILJ    ( 1417): [0305]< REQUEST_STK_SEND_TERMINAL_RESPONSE 
D/RILC    ( 1233): [qcril_gstk.c:828] qcril_gstk_toolkit_evt_callback
D/RILC    ( 1233): [qcril_gstk.c:911] GSTK format event notification
D/RILC    ( 1233): [qcril_event.c:402] Queued event GSTK_RAW_COMMAND_CALLBACK (17 bytes)
D/RILC    ( 1233): [qcril_event.c:288] qcril_event_main(): 1 items on queue
D/RILC    ( 1233): [qcril_event.c:309] De-queued event GSTK_RAW_COMMAND_CALLBACK (262148)
D/RILC    ( 1233): [qcril.c:2499] AMSS=>RIL [ label = "GSTK_RAW_COMMAND_CALLBACK" ];
D/RILC    ( 1233): [qcril.c:2508] RIL <--- GSTK_RAW_COMMAND_CALLBACK (262148) --- AMSS
D/RILC    ( 1233): [qcril_gstk.c:1906] qcril_gstk_process_raw_command_callback
D/RILC    ( 1233): [qcril_gstk.c:1969] End of Proactive Command Session notification (0x81)
D/RILC    ( 1233): [qcril.c:4035] UI <--- RIL_UNSOL_STK_SESSION_END (1012) --- RIL [Len 0]
D/RILC    ( 1233): [qcril.c:4038] RIL=>>Android [ label = "RIL_UNSOL_STK_SESSION_END" ];
W/RILC    ( 1233): [ril.cpp:1489] [UNSL]< UNSOL_STK_SESSION_END 
D/RILC    ( 1233): [qcril.c:2536] Exit qcril_process_event() : GSTK_RAW_COMMAND_CALLBACK, err_no 0
D/RILC    ( 1233): [qcril_event.c:271] qcril_event_main(): Waiting...
I/RILJ    ( 1417): [UNSL]< UNSOL_STK_SESSION_END
D/STK     ( 1417): StkService: ril message arrived
D/STK     ( 1417): StkService: SESSION END
D/RILC    ( 1233): [qcril_mmgsdi.c:1153] qcril_mmgsdi_event_callback, event:0
D/RILC    ( 1233): [qcril_event.c:402] Queued event MMGSDI_EVENT_CALLBACK (1320 bytes)
D/RILC    ( 1233): [qcril_event.c:288] qcril_event_main(): 1 items on queue
D/RILC    ( 1233): [qcril_event.c:309] De-queued event MMGSDI_EVENT_CALLBACK (196612)
D/RILC    ( 1233): [qcril.c:2499] AMSS=>RIL [ label = "MMGSDI_EVENT_CALLBACK" ];
D/RILC    ( 1233): [qcril.c:2508] RIL <--- MMGSDI_EVENT_CALLBACK (196612) --- AMSS
D/RILC    ( 1233): [qcril_mmgsdi.c:4266] qcril_mmgsdi_process_event_callback: QCRIL_EVT_MMGSDI_EVENT_CALLBACK
D/RILC    ( 1233): [qcril_mmgsdi.c:1617] MMGSDI_CARD_INSERTED_EVT
D/RILC    ( 1233): [qcril_mmgsdi.c:4281] curr modem state 0x1,  curr GW sim state 0x6,  curr CDMA sim state 0x2 
D/RILC    ( 1233): [qcril_mmgsdi.c:2836] qcril_mmgsdi_process_card_inserted_evt 
D/RILC    ( 1233): [qcril_mmgsdi.c:2555] MMGSDI_APP_USIM -> RIL_APPTYPE_USIM 
D/RILC    ( 1233): [qcril.c:2493] RIL=>RIL [ label = "INTERNAL_CM_CARD_STATUS_UPDATED" ];
D/RILC    ( 1233): [qcril.c:2494] RIL --- INTERNAL_CM_CARD_STATUS_UPDATED (65541) ---> RIL
D/RILC    ( 1233): [qcril_cm.c:1572] Card status: Down --> Up
D/RILC    ( 1233): [qcril_reqlist.c:205] Found ReqList entry : RIL_REQUEST_RADIO_POWER (23), token id 302, pending INTERNAL_CM_CARD_STATUS_UPDATED (65541)
D/RILC    ( 1233): [qcril_reqlist.c:159] Found ReqList entry : RIL_REQUEST_RADIO_POWER (23), token id 302
D/RILC    ( 1233): [qcril_reqlist.c:659] Update ReqList entry : RIL_REQUEST_RADIO_POWER (23), token id 302, state QCRIL_REQ_AWAITING_MORE_AMSS_EVENTS
D/RILC    ( 1233): [qcril_reqlist.c:159] Found ReqList entry : RIL_REQUEST_RADIO_POWER (23), token id 302
D/RILC    ( 1233): [qcril_reqlist.c:710] Update event field of ReqList entry : RIL_REQUEST_RADIO_POWER (23), token id 302, pending CM_PH_EVENT_OPRT_MODE (69632)
D/RILC    ( 1233): [qcril_cm.c:1649] RIL --- cm_ph_cmd_oprt_mode() ---> AMSS [Online]
D/RILC    ( 1233): [qcril_cm.c:1649] RIL=>AMSS [ label = "cm_ph_cmd_oprt_mode() - Online" ];
D/RILC    ( 1233): [qcril_cm.c:1654] 
D/RILC    ( 1233): SEYPARK - qcril_cm_event_card_status_updated
D/RILC    ( 1233): [qcril_cm.c:1657] RIL --- nv_cmd_remote() ---> AMSS [Read NV_RTRE_CONFIG_I]
D/RILC    ( 1233): [qcril_cm.c:1657] RIL=>AMSS [ label = "nv_cmd_remote()" ];
D/RILC    ( 1233): [qcril_mmgsdi.c:1153] qcril_mmgsdi_event_callback, event:16
D/RILC    ( 1233): [qcril_event.c:402] Queued event MMGSDI_EVENT_CALLBACK (1320 bytes)
D/RILC    ( 1233): [qcril_cm.c:1662] s
D/RILC    ( 1233): [qcril.c:2536] Exit qcril_process_event() : INTERNAL_CM_CARD_STATUS_UPDATED, err_no 0
D/RILC    ( 1233): [qcril_mmgsdi.c:1464] qcril_mmgsdi_update_curr_card_state new state 0x1: gw_update 0x1, cdma_update 0x0
D/RILC    ( 1233): [qcril_mmgsdi.c:1470] New next_gw_sim_state 0x1 
D/RILC    ( 1233): [qcril_mmgsdi.c:2052] Card Status 
D/RILC    ( 1233): [qcril_mmgsdi.c:2059]  -Card_State: RIL_CARDSTATE_PRESENT
D/RILC    ( 1233): [qcril_mmgsdi.c:2006]  -Universal Pin State: RIL_PINSTATE_UNKNOWN
D/RILC    ( 1233): [qcril_mmgsdi.c:2112] GW Subscription App Not Available
D/RILC    ( 1233): [qcril_mmgsdi.c:2154] CDMA Subscription App Not Available
D/RILC    ( 1233): [qcril_mmgsdi.c:2157] Number Applications 0x1
D/RILC    ( 1233): [qcril_mmgsdi.c:2161] App [0x0]: 
D/RILC    ( 1233): [qcril_mmgsdi.c:1864]  -App Type: RIL_APPTYPE_USIM
D/RILC    ( 1233): [qcril_mmgsdi.c:2168]  -Aid: a0000000871002ff33ffff8901010100
D/RILC    ( 1233): [qcril_mmgsdi.c:2173]  -Label: 47454d504c5553205553494d
D/RILC    ( 1233): [qcril_mmgsdi.c:1816]  -App State: RIL_APPSTATE_DETECTED
D/RILC    ( 1233): [qcril_mmgsdi.c:2006]  -Pin1 State: RIL_PINSTATE_UNKNOWN
D/RILC    ( 1233): [qcril_mmgsdi.c:2183]  -Pin1 Not Replaced by UPin
D/RILC    ( 1233): [qcril_mmgsdi.c:2006]  -Pin2 State: RIL_PINSTATE_UNKNOWN
D/RILC    ( 1233): [qcril.c:4035] UI <--- RIL_UNSOL_RESPONSE_SIM_STATUS_CHANGED (1019) --- RIL [Len 0]
D/RILC    ( 1233): [qcril.c:4038] RIL=>>Android [ label = "RIL_UNSOL_RESPONSE_SIM_STATUS_CHANGED" ];
W/RILC    ( 1233): [ril.cpp:1489] [UNSL]< UNSOL_RESPONSE_SIM_STATUS_CHANGED 
I/RILJ    ( 1417): [UNSL]< UNSOL_RESPONSE_SIM_STATUS_CHANGED
D/RILC    ( 1233): [qcril_mmgsdi.c:4345]  new modem state 0x1,  new GW sim state 0x1,  new CDMA sim state 0x2 
D/RILC    ( 1233): [qcril.c:1905] Modem: Off --> Off, GW SIM: Error --> Not ready, CDMA SIM: Ready --> Ready, Mode Config: GW --> GW
D/RILC    ( 1233): [qcril.c:1911] Subscription: SIM --> SIM, Network: No service --> No service, Mode Preferred: GW --> GW [Event MMGSDI_EVENT_CALLBACK (196612)]
D/RILC    ( 1233): [qcril.c:2094] Modem state changes to off or GW SIM state changes to Absent/Error/PUK/NotReady, check GW subscription not available reporting
D/RILC    ( 1233): [qcril.c:2493] RIL=>RIL [ label = "INTERNAL_CM_DISABLE_SUBSCRIPTION" ];
D/RILC    ( 1233): [qcril.c:2494] RIL --- INTERNAL_CM_DISABLE_SUBSCRIPTION (65539) ---> RIL
D/RILC    ( 1233): [qcril.c:2536] Exit qcril_process_event() : INTERNAL_CM_DISABLE_SUBSCRIPTION, err_no 0
D/RILC    ( 1233): [qcril.c:2536] Exit qcril_process_event() : MMGSDI_EVENT_CALLBACK, err_no 0
D/RILC    ( 1233): [qcril_event.c:271] qcril_event_main(): Waiting...
D/RILC    ( 1233): [qcril_event.c:288] qcril_event_main(): 1 items on queue
D/RILC    ( 1233): [qcril_event.c:309] De-queued event MMGSDI_EVENT_CALLBACK (196612)
D/RILC    ( 1233): [qcril.c:2499] AMSS=>RIL [ label = "MMGSDI_EVENT_CALLBACK" ];
D/RILC    ( 1233): [qcril.c:2508] RIL <--- MMGSDI_EVENT_CALLBACK (196612) --- AMSS
D/RILC    ( 1233): [qcril_mmgsdi.c:4266] qcril_mmgsdi_process_event_callback: QCRIL_EVT_MMGSDI_EVENT_CALLBACK
D/RILC    ( 1233): [qcril_mmgsdi.c:1620] MMGSDI_SELECT_AID_EVT
D/RILC    ( 1233): [qcril_mmgsdi.c:4281] curr modem state 0x1,  curr GW sim state 0x1,  curr CDMA sim state 0x2 
D/RILC    ( 1233): [qcril_mmgsdi.c:2905] qcril_mmgsdi_process_select_aid_evt 
D/RILC    ( 1233): [qcril_mmgsdi.c:2757] aid matches index 0x0 in qcril mmgsdi global 
D/RILC    ( 1233): [qcril_mmgsdi.c:2555] MMGSDI_APP_USIM -> RIL_APPTYPE_USIM 
D/RILC    ( 1233): [qcril.c:2493] RIL=>RIL [ label = "INTERNAL_CM_CARD_STATUS_UPDATED" ];
D/RILC    ( 1233): [qcril.c:2494] RIL --- INTERNAL_CM_CARD_STATUS_UPDATED (65541) ---> RIL
D/RILC    ( 1233): [qcril_cm.c:1572] Card status: Up --> Up
D/RILC    ( 1233): [qcril_reqlist.c:215] Not found ReqList entry waiting for INTERNAL_CM_CARD_STATUS_UPDATED (65541)
D/RILC    ( 1233): [qcril.c:2536] Exit qcril_process_event() : INTERNAL_CM_CARD_STATUS_UPDATED, err_no 0
D/RILC    ( 1233): [qcril_mmgsdi.c:1464] qcril_mmgsdi_update_curr_card_state new state 0x1: gw_update 0x1, cdma_update 0x0
D/RILC    ( 1233): [qcril_mmgsdi.c:2052] Card Status 
D/RILC    ( 1233): [qcril_mmgsdi.c:2059]  -Card_State: RIL_CARDSTATE_PRESENT
D/RILC    ( 1233): [qcril_mmgsdi.c:2006]  -Universal Pin State: RIL_PINSTATE_UNKNOWN
D/RILC    ( 1233): [qcril_mmgsdi.c:2076] GW Subscription App Index: 0x0
D/RILC    ( 1233): [qcril_mmgsdi.c:1864]  -App Type: RIL_APPTYPE_USIM
D/RILC    ( 1233): [qcril_mmgsdi.c:2086]  -Aid: a0000000871002ff33ffff8901010100
D/RILC    ( 1233): [qcril_mmgsdi.c:2092]  -Label: 47454d504c5553205553494d
D/RILC    ( 1233): [qcril_mmgsdi.c:1816]  -App State: RIL_APPSTATE_DETECTED
D/RILC    ( 1233): [qcril_mmgsdi.c:1900]  -Perso SubState: RIL_PERSOSUBSTATE_UNKNOWN
D/RILC    ( 1233): [qcril_mmgsdi.c:2006]  -Pin1 State: RIL_PINSTATE_UNKNOWN
D/RILC    ( 1233): [qcril_mmgsdi.c:2105]  -Pin1 Not Replaced by UPin
D/RILC    ( 1233): [qcril_mmgsdi.c:2006]  -Pin2 State: RIL_PINSTATE_UNKNOWN
D/RILC    ( 1233): [qcril_mmgsdi.c:2154] CDMA Subscription App Not Available
D/RILC    ( 1233): [qcril_mmgsdi.c:2157] Number Applications 0x1
D/RILC    ( 1233): [qcril_mmgsdi.c:2161] App [0x0]: 
D/RILC    ( 1233): [qcril_mmgsdi.c:1864]  -App Type: RIL_APPTYPE_USIM
D/RILC    ( 1233): [qcril_mmgsdi.c:2168]  -Aid: a0000000871002ff33ffff8901010100
D/RILC    ( 1233): [qcril_mmgsdi.c:2173]  -Label: 47454d504c5553205553494d
D/RILC    ( 1233): [qcril_mmgsdi.c:1816]  -App State: RIL_APPSTATE_DETECTED
D/RILC    ( 1233): [qcril_mmgsdi.c:2006]  -Pin1 State: RIL_PINSTATE_UNKNOWN
D/RILC    ( 1233): [qcril_mmgsdi.c:2183]  -Pin1 Not Replaced by UPin
D/RILC    ( 1233): [qcril_mmgsdi.c:2006]  -Pin2 State: RIL_PINSTATE_UNKNOWN
D/RILC    ( 1233): [qcril_cm.c:3580] CM_PH_COMMAND_CALLBACK : Token ID 302
D/RILC    ( 1233): [qcril_event.c:402] Queued event CM_COMMAND_CALLBACK (12 bytes)
D/RILC    ( 1233): [qcril.c:4035] UI <--- RIL_UNSOL_RESPONSE_SIM_STATUS_CHANGED (1019) --- RIL [Len 0]
D/RILC    ( 1233): [qcril_cm.c:3621] Received phonesvc event : CM_PH_EVENT_OPRT_MODE (69632)
D/RILC    ( 1233): [qcril_event.c:402] Queued event CM_PH_EVENT_OPRT_MODE (6552 bytes)
D/RILC    ( 1233): [qcril.c:4038] RIL=>>Android [ label = "RIL_UNSOL_RESPONSE_SIM_STATUS_CHANGED" ];
W/RILC    ( 1233): [ril.cpp:1489] [UNSL]< UNSOL_RESPONSE_SIM_STATUS_CHANGED 
I/RILJ    ( 1417): [UNSL]< UNSOL_RESPONSE_SIM_STATUS_CHANGED
D/RILC    ( 1233): [qcril_mmgsdi.c:4345]  new modem state 0x1,  new GW sim state 0x1,  new CDMA sim state 0x2 
D/RILC    ( 1233): [qcril.c:2536] Exit qcril_process_event() : MMGSDI_EVENT_CALLBACK, err_no 0
D/RILC    ( 1233): [qcril_event.c:271] qcril_event_main(): Waiting...
D/RILC    ( 1233): [qcril_event.c:288] qcril_event_main(): 2 items on queue
D/RILC    ( 1233): [qcril_event.c:309] De-queued event CM_COMMAND_CALLBACK (65537)
D/RILC    ( 1233): [qcril.c:2499] AMSS=>RIL [ label = "CM_COMMAND_CALLBACK" ];
D/RILC    ( 1233): [qcril.c:2508] RIL <--- CM_COMMAND_CALLBACK (65537) --- AMSS
D/RILC    ( 1233): [qcril_reqlist.c:159] Found ReqList entry : RIL_REQUEST_RADIO_POWER (23), token id 302
D/RILC    ( 1233): [qcril_reqlist.c:159] Found ReqList entry : RIL_REQUEST_RADIO_POWER (23), token id 302
D/RILC    ( 1233): [qcril_reqlist.c:659] Update ReqList entry : RIL_REQUEST_RADIO_POWER (23), token id 302, state QCRIL_REQ_AWAITING_MORE_AMSS_EVENTS
D/RILC    ( 1233): [qcril_cm.c:924] Change the state of ReqList entry to AWAITING_MORE_AMSS_EVENTS state : RIL_REQUEST_RADIO_POWER (23), Token ID 302, pending CM_PH_EVENT_OPRT_MODE (69632)
D/RILC    ( 1233): [qcril.c:2536] Exit qcril_process_event() : CM_COMMAND_CALLBACK, err_no 0
D/RILC    ( 1233): [qcril_event.c:309] De-queued event CM_PH_EVENT_OPRT_MODE (69632)
D/RILC    ( 1233): [qcril.c:2499] AMSS=>RIL [ label = "CM_PH_EVENT_OPRT_MODE" ];
D/RILC    ( 1233): [qcril.c:2508] RIL <--- CM_PH_EVENT_OPRT_MODE (69632) --- AMSS
D/RILC    ( 1233): [qcril_reqlist.c:205] Found ReqList entry : RIL_REQUEST_RADIO_POWER (23), token id 302, pending CM_PH_EVENT_OPRT_MODE (69632)
D/RILC    ( 1233): [qcril_cm.c:3700] Enable rs notification
D/RILC    ( 1233): [qcril_cm.c:3705] Reply to RIL --> Radio On
D/RILC    ( 1233): [qcril_reqlist.c:159] Found ReqList entry : RIL_REQUEST_RADIO_POWER (23), token id 302
D/RILC    ( 1233): [qcril_reqlist.c:598] Deleted ReqList entry : token id 302 [0x2c470]
D/RILC    ( 1233): [qcril_reqlist.c:1060] ReqList entries : Empty
D/RILC    ( 1233): [qcril.c:3965] RIL=>Android [ label = "RIL_REQUEST_RADIO_POWER - Token 302, Success" ];
D/RILC    ( 1233): [qcril.c:3970] UI <--- RIL_REQUEST_RADIO_POWER (23) Complete --- RIL [Token 302, RIL_E_SUCCESS, Len 0 ]
W/RILC    ( 1233): [ril.cpp:1489] [0302]< RADIO_POWER
D/RILC    ( 1233): [qcril_mmgsdi.c:1153] qcril_mmgsdi_event_callback, event:4
D/RILC    ( 1233): [qcril_event.c:402] Queued event MMGSDI_EVENT_CALLBACK (1320 bytes)
D/RILC    ( 1233): [qcril_mmgsdi.c:1153] qcril_mmgsdi_event_callback, event:5
D/RILC    ( 1233): [qcril_event.c:402] Queued event MMGSDI_EVENT_CALLBACK (1320 bytes)
I/RILJ    ( 1417): [0302]< RADIO_POWER 
D/RILC    ( 1233): [qcril.c:1905] Modem: Off --> On, GW SIM: Not ready --> Not ready, CDMA SIM: Ready --> Ready, Mode Config: GW --> GW
D/RILC    ( 1233): [qcril.c:1911] Subscription: SIM --> SIM, Network: No service --> No service, Mode Preferred: GW --> GW [Event CM_PH_EVENT_OPRT_MODE (69632)]
D/RILC    ( 1233): [qcril.c:2044] --- [ label = "Radio State Change: Radio Off -> SIM Not Ready" ];
D/RILC    ( 1233): [qcril.c:2051] RadioState Radio Off --> SIM Not Ready [Event CM_PH_EVENT_OPRT_MODE (69632)]
D/RILC    ( 1233): [qcril.c:4035] UI <--- RIL_UNSOL_RESPONSE_RADIO_STATE_CHANGED (1000) --- RIL [Len 0]
D/RILC    ( 1233): [qcril.c:4038] RIL=>>Android [ label = "RIL_UNSOL_RESPONSE_RADIO_STATE_CHANGED" ];
D/RILC    ( 1233): [qcril.c:2591] currentState() -> SIM Not Ready(2)
D/RILC    ( 1233): [qcril.c:2594] Android=>Android [ label = "currentState() - SIM Not Ready" ];
D/RILC    ( 1233): [qcril.c:2591] currentState() -> SIM Not Ready(2)
D/RILC    ( 1233): [qcril.c:2594] Android=>Android [ label = "currentState() - SIM Not Ready" ];
W/RILC    ( 1233): [ril.cpp:1489] [UNSL]< UNSOL_RESPONSE_RADIO_STATE_CHANGED  {RADIO_SIM_NOT_READY}
D/RILC    ( 1233): [qcril.c:2094] Modem state changes to off or GW SIM state changes to Absent/Error/PUK/NotReady, check GW subscription not available reporting
D/RILC    ( 1233): [qcril.c:2493] RIL=>RIL [ label = "INTERNAL_CM_DISABLE_SUBSCRIPTION" ];
D/RILC    ( 1233): [qcril.c:2494] RIL --- INTERNAL_CM_DISABLE_SUBSCRIPTION (65539) ---> RIL
D/RILC    ( 1233): [qcril.c:2536] Exit qcril_process_event() : INTERNAL_CM_DISABLE_SUBSCRIPTION, err_no 0
D/RILC    ( 1233): [qcril.c:2536] Exit qcril_process_event() : CM_PH_EVENT_OPRT_MODE, err_no 0
D/RILC    ( 1233): [qcril_event.c:271] qcril_event_main(): Waiting...
D/RILC    ( 1233): [qcril_event.c:288] qcril_event_main(): 2 items on queue
D/RILC    ( 1233): [qcril_event.c:309] De-queued event MMGSDI_EVENT_CALLBACK (196612)
D/RILC    ( 1233): [qcril.c:2499] AMSS=>RIL [ label = "MMGSDI_EVENT_CALLBACK" ];
D/RILC    ( 1233): [qcril.c:2508] RIL <--- MMGSDI_EVENT_CALLBACK (196612) --- AMSS
D/RILC    ( 1233): [qcril_mmgsdi.c:4266] qcril_mmgsdi_process_event_callback: QCRIL_EVT_MMGSDI_EVENT_CALLBACK
D/RILC    ( 1233): [qcril_mmgsdi.c:1623] MMGSDI_PIN1_EVT
D/RILC    ( 1233): [qcril_mmgsdi.c:4281] curr modem state 0x2,  curr GW sim state 0x1,  curr CDMA sim state 0x2 
D/RILC    ( 1233): [qcril_mmgsdi.c:3117] qcril_mmgsdi_process_pin_evts 
D/RILC    ( 1233): [qcril_mmgsdi.c:2468] MMGSDI_PIN_ENABLED_NOT_VERIFIED -> RIL_PINSTATE_ENABLED_NOT_VERIFIED 
D/RILC    ( 1233): [qcril_mmgsdi.c:2757] aid matches index 0x0 in qcril mmgsdi global 
D/RILC    ( 1233): [qcril_mmgsdi.c:1464] qcril_mmgsdi_update_curr_card_state new state 0x3: gw_update 0x1, cdma_update 0x0
D/RILC    ( 1233): [qcril_mmgsdi.c:1470] New next_gw_sim_state 0x3 
D/RILC    ( 1233): [qcril_mmgsdi.c:2052] Card Status 
D/RILC    ( 1233): [qcril_mmgsdi.c:2059]  -Card_State: RIL_CARDSTATE_PRESENT
D/RILC    ( 1233): [qcril_mmgsdi.c:2006]  -Universal Pin State: RIL_PINSTATE_UNKNOWN
D/RILC    ( 1233): [qcril_mmgsdi.c:2076] GW Subscription App Index: 0x0
D/RILC    ( 1233): [qcril_mmgsdi.c:1864]  -App Type: RIL_APPTYPE_USIM
D/RILC    ( 1233): [qcril_mmgsdi.c:2086]  -Aid: a0000000871002ff33ffff8901010100
D/RILC    ( 1233): [qcril_mmgsdi.c:2092]  -Label: 47454d504c5553205553494d
D/RILC    ( 1233): [qcril_mmgsdi.c:1819]  -App State: RIL_APPSTATE_PIN
D/RILC    ( 1233): [qcril_mmgsdi.c:1900]  -Perso SubState: RIL_PERSOSUBSTATE_UNKNOWN
D/RILC    ( 1233): [qcril_mmgsdi.c:2009]  -Pin1 State: RIL_PINSTATE_ENABLED_NOT_VERIFIED
D/RILC    ( 1233): [qcril_mmgsdi.c:2105]  -Pin1 Not Replaced by UPin
D/RILC    ( 1233): [qcril_mmgsdi.c:2006]  -Pin2 State: RIL_PINSTATE_UNKNOWN
D/RILC    ( 1233): [qcril_mmgsdi.c:2154] CDMA Subscription App Not Available
D/RILC    ( 1233): [qcril_mmgsdi.c:2157] Number Applications 0x1
D/RILC    ( 1233): [qcril_mmgsdi.c:2161] App [0x0]: 
D/RILC    ( 1233): [qcril_mmgsdi.c:1864]  -App Type: RIL_APPTYPE_USIM
D/RILC    ( 1233): [qcril_mmgsdi.c:2168]  -Aid: a0000000871002ff33ffff8901010100
D/RILC    ( 1233): [qcril_mmgsdi.c:2173]  -Label: 47454d504c5553205553494d
D/RILC    ( 1233): [qcril_mmgsdi.c:1819]  -App State: RIL_APPSTATE_PIN
D/RILC    ( 1233): [qcril_mmgsdi.c:2009]  -Pin1 State: RIL_PINSTATE_ENABLED_NOT_VERIFIED
D/RILC    ( 1233): [qcril_mmgsdi.c:2183]  -Pin1 Not Replaced by UPin
D/RILC    ( 1233): [qcril_mmgsdi.c:2006]  -Pin2 State: RIL_PINSTATE_UNKNOWN
D/RILC    ( 1233): [qcril.c:4035] UI <--- RIL_UNSOL_RESPONSE_SIM_STATUS_CHANGED (1019) --- RIL [Len 0]
D/RILC    ( 1233): [qcril.c:4038] RIL=>>Android [ label = "RIL_UNSOL_RESPONSE_SIM_STATUS_CHANGED" ];
W/RILC    ( 1233): [ril.cpp:1489] [UNSL]< UNSOL_RESPONSE_SIM_STATUS_CHANGED 
D/RILC    ( 1233): [qcril_mmgsdi.c:4345]  new modem state 0x2,  new GW sim state 0x3,  new CDMA sim state 0x2 
D/RILC    ( 1233): [qcril.c:1905] Modem: On --> On, GW SIM: Not ready --> PIN, CDMA SIM: Ready --> Ready, Mode Config: GW --> GW
D/RILC    ( 1233): [qcril.c:1911] Subscription: SIM --> SIM, Network: No service --> No service, Mode Preferred: GW --> GW [Event MMGSDI_EVENT_CALLBACK (196612)]
D/RILC    ( 1233): [qcril.c:2044] --- [ label = "Radio State Change: SIM Not Ready -> SIM locked or absent" ];
D/RILC    ( 1233): [qcril.c:2051] RadioState SIM Not Ready --> SIM locked or absent [Event MMGSDI_EVENT_CALLBACK (196612)]
D/RILC    ( 1233): [qcril.c:4035] UI <--- RIL_UNSOL_RESPONSE_RADIO_STATE_CHANGED (1000) --- RIL [Len 0]
D/RILC    ( 1233): [qcril.c:4038] RIL=>>Android [ label = "RIL_UNSOL_RESPONSE_RADIO_STATE_CHANGED" ];
D/RILC    ( 1233): [qcril.c:2591] currentState() -> SIM locked or absent(3)
D/RILC    ( 1233): [qcril.c:2594] Android=>Android [ label = "currentState() - SIM locked or absent" ];
D/RILC    ( 1233): [qcril.c:2591] currentState() -> SIM locked or absent(3)
D/RILC    ( 1233): [qcril.c:2594] Android=>Android [ label = "currentState() - SIM locked or absent" ];
W/RILC    ( 1233): [ril.cpp:1489] [UNSL]< UNSOL_RESPONSE_RADIO_STATE_CHANGED  {RADIO_SIM_LOCKED_OR_ABSENT}
D/RILC    ( 1233): [qcril.c:2536] Exit qcril_process_event() : MMGSDI_EVENT_CALLBACK, err_no 0
D/RILC    ( 1233): [qcril_event.c:309] De-queued event MMGSDI_EVENT_CALLBACK (196612)
D/RILC    ( 1233): [qcril.c:2499] AMSS=>RIL [ label = "MMGSDI_EVENT_CALLBACK" ];
D/RILC    ( 1233): [qcril.c:2508] RIL <--- MMGSDI_EVENT_CALLBACK (196612) --- AMSS
D/RILC    ( 1233): [qcril_mmgsdi.c:4266] qcril_mmgsdi_process_event_callback: QCRIL_EVT_MMGSDI_EVENT_CALLBACK
D/RILC    ( 1233): [qcril_mmgsdi.c:1626] MMGSDI_PIN2_EVT
D/RILC    ( 1233): [qcril_mmgsdi.c:4281] curr modem state 0x2,  curr GW sim state 0x3,  curr CDMA sim state 0x2 
D/RILC    ( 1233): [qcril_mmgsdi.c:3117] qcril_mmgsdi_process_pin_evts 
D/RILC    ( 1233): [qcril_mmgsdi.c:2468] MMGSDI_PIN_ENABLED_NOT_VERIFIED -> RIL_PINSTATE_ENABLED_NOT_VERIFIED 
D/RILC    ( 1233): [qcril_mmgsdi.c:2757] aid matches index 0x0 in qcril mmgsdi global 
D/RILC    ( 1233): [qcril_mmgsdi.c:2052] Card Status 
D/RILC    ( 1233): [qcril_mmgsdi.c:2059]  -Card_State: RIL_CARDSTATE_PRESENT
D/RILC    ( 1233): [qcril_mmgsdi.c:2006]  -Universal Pin State: RIL_PINSTATE_UNKNOWN
D/RILC    ( 1233): [qcril_mmgsdi.c:2076] GW Subscription App Index: 0x0
D/RILC    ( 1233): [qcril_mmgsdi.c:1864]  -App Type: RIL_APPTYPE_USIM
D/RILC    ( 1233): [qcril_mmgsdi.c:2086]  -Aid: a0000000871002ff33ffff8901010100
D/RILC    ( 1233): [qcril_mmgsdi.c:2092]  -Label: 47454d504c5553205553494d
D/RILC    ( 1233): [qcril_mmgsdi.c:1819]  -App State: RIL_APPSTATE_PIN
D/RILC    ( 1233): [qcril_mmgsdi.c:1900]  -Perso SubState: RIL_PERSOSUBSTATE_UNKNOWN
D/RILC    ( 1233): [qcril_mmgsdi.c:2009]  -Pin1 State: RIL_PINSTATE_ENABLED_NOT_VERIFIED
D/RILC    ( 1233): [qcril_mmgsdi.c:2105]  -Pin1 Not Replaced by UPin
D/RILC    ( 1233): [qcril_mmgsdi.c:2009]  -Pin2 State: RIL_PINSTATE_ENABLED_NOT_VERIFIED
D/RILC    ( 1233): [qcril_mmgsdi.c:2154] CDMA Subscription App Not Available
D/RILC    ( 1233): [qcril_mmgsdi.c:2157] Number Applications 0x1
D/RILC    ( 1233): [qcril_mmgsdi.c:2161] App [0x0]: 
D/RILC    ( 1233): [qcril_mmgsdi.c:1864]  -App Type: RIL_APPTYPE_USIM
D/RILC    ( 1233): [qcril_mmgsdi.c:2168]  -Aid: a0000000871002ff33ffff8901010100
D/RILC    ( 1233): [qcril_mmgsdi.c:2173]  -Label: 47454d504c5553205553494d
D/RILC    ( 1233): [qcril_mmgsdi.c:1819]  -App State: RIL_APPSTATE_PIN
D/RILC    ( 1233): [qcril_mmgsdi.c:2009]  -Pin1 State: RIL_PINSTATE_ENABLED_NOT_VERIFIED
D/RILC    ( 1233): [qcril_mmgsdi.c:2183]  -Pin1 Not Replaced by UPin
D/RILC    ( 1233): [qcril_mmgsdi.c:2009]  -Pin2 State: RIL_PINSTATE_ENABLED_NOT_VERIFIED
D/RILC    ( 1233): [qcril.c:4035] UI <--- RIL_UNSOL_RESPONSE_SIM_STATUS_CHANGED (1019) --- RIL [Len 0]
D/RILC    ( 1233): [qcril.c:4038] RIL=>>Android [ label = "RIL_UNSOL_RESPONSE_SIM_STATUS_CHANGED" ];
W/RILC    ( 1233): [ril.cpp:1489] [UNSL]< UNSOL_RESPONSE_SIM_STATUS_CHANGED 
D/RILC    ( 1233): [qcril_mmgsdi.c:4345]  new modem state 0x2,  new GW sim state 0x3,  new CDMA sim state 0x2 
D/RILC    ( 1233): [qcril.c:2536] Exit qcril_process_event() : MMGSDI_EVENT_CALLBACK, err_no 0
D/RILC    ( 1233): [qcril_event.c:271] qcril_event_main(): Waiting...
D/GSM     ( 1417): Received Event EVENT_SIM_STATUS_CHANGED
I/RILJ    ( 1417): RILRequest.obtain() request=1, GET_SIM_STATUS
I/RILJ    ( 1417): [0306]> GET_SIM_STATUS
I/RILJ    ( 1417): [UNSL]< UNSOL_RESPONSE_RADIO_STATE_CHANGED RADIO_OFF
D/RILB    ( 1417): Notifying: Radio On
I/RILJ    ( 1417): [UNSL]< UNSOL_RESPONSE_SIM_STATUS_CHANGED
I/RILJ    ( 1417): [UNSL]< UNSOL_RESPONSE_RADIO_STATE_CHANGED SIM_NOT_READY
D/RILB    ( 1417): Notifying: SIM locked or absent
I/RILJ    ( 1417): [UNSL]< UNSOL_RESPONSE_SIM_STATUS_CHANGED
D/GSM     ( 1417): Received Event EVENT_SIM_STATUS_CHANGED
I/RILJ    ( 1417): RILRequest.obtain() request=1, GET_SIM_STATUS
I/RILJ    ( 1417): [0307]> GET_SIM_STATUS
W/RILC    ( 1233): [ril.cpp:390] processCommandBuffer() request=1,token=306
W/RILC    ( 1233): [ril.cpp:409] request=1, pRI->pCI->requestNumber=1
W/RILC    ( 1233): [ril.cpp:437] TOKEN=306 REQ_NUM=0001 GET_SIM_STATUS 
D/RILC    ( 1233): [qcril.c:2361] UI --- RIL_REQUEST_GET_SIM_STATUS (1) ---> RIL [token id 306, data len 0]
D/RILC    ( 1233): [qcril.c:2380] Android=>RIL [ label = "RIL_REQUEST_GET_SIM_STATUS - Token 306" ];
D/RILC    ( 1233): [qcril_mmgsdi_common.c:2590] qcril_mmgsdi_request_get_sim_status 
D/RILC    ( 1233): [qcril_reqlist.c:168] Not found ReqList entry : token id 306
D/RILC    ( 1233): [qcril_reqlist.c:399] Event RIL_REQUEST_GET_SIM_STATUS (1) pending receipt of <none>, token id 306 [0x2cbe0]
D/RILC    ( 1233): [qcril_reqlist.c:1064] ReqList entries : 
D/RILC    ( 1233): [qcril_reqlist.c:1070]     RIL_REQUEST_GET_SIM_STATUS (1), token id 306
D/RILC    ( 1233): [qcril_mmgsdi.c:171] mmgsdi status 0x0 -> RIL_E_SUCCESS
D/RILC    ( 1233): [qcril_reqlist.c:159] Found ReqList entry : RIL_REQUEST_GET_SIM_STATUS (1), token id 306
D/RILC    ( 1233): [qcril_reqlist.c:159] Found ReqList entry : RIL_REQUEST_GET_SIM_STATUS (1), token id 306
D/RILC    ( 1233): [qcril_reqlist.c:598] Deleted ReqList entry : token id 306 [0x2cbe0]
D/RILC    ( 1233): [qcril_reqlist.c:1060] ReqList entries : Empty
D/RILC    ( 1233): [qcril.c:3965] RIL=>Android [ label = "RIL_REQUEST_GET_SIM_STATUS - Card Present, Token 306, Success" ];
D/RILC    ( 1233): [qcril.c:3970] UI <--- RIL_REQUEST_GET_SIM_STATUS (1) Complete --- RIL [Token 306, RIL_E_SUCCESS, Len 276 Card Present]
E/RILC    ( 1233):  response: responseSimStatus
E/RILC    ( 1233): str = a0000000871002ff33ffff8901010100
W/RILC    ( 1233): [ril.cpp:1489] [0306]< GET_SIM_STATUS {[app_type=2,app_state=2,perso_substate=0,                aid_ptr=a0000000871002ff33ffff8901010100,app_label_ptr=47454d504c5553205553494d,pin1_replaced=0,pin1=1,pin2=1],}
I/RILJ    ( 1417): RILRequest.obtain() request=22, OPERATOR
I/RILJ    ( 1417): [0308]> OPERATOR
I/RILJ    ( 1417): RILRequest.obtain() request=21, GPRS_REGISTRATION_STATE
I/RILJ    ( 1417): [0309]> GPRS_REGISTRATION_STATE
W/RILC    ( 1233): [ril.cpp:390] processCommandBuffer() request=1,token=307
W/RILC    ( 1233): [ril.cpp:409] request=1, pRI->pCI->requestNumber=1
W/RILC    ( 1233): [ril.cpp:437] TOKEN=307 REQ_NUM=0001 GET_SIM_STATUS 
D/RILC    ( 1233): [qcril.c:2361] UI --- RIL_REQUEST_GET_SIM_STATUS (1) ---> RIL [token id 307, data len 0]
D/RILC    ( 1233): [qcril.c:2380] Android=>RIL [ label = "RIL_REQUEST_GET_SIM_STATUS - Token 307" ];
D/RILC    ( 1233): [qcril_mmgsdi_common.c:2590] qcril_mmgsdi_request_get_sim_status 
D/RILC    ( 1233): [qcril_reqlist.c:168] Not found ReqList entry : token id 307
D/RILC    ( 1233): [qcril_reqlist.c:399] Event RIL_REQUEST_GET_SIM_STATUS (1) pending receipt of <none>, token id 307 [0x2cbe0]
D/RILC    ( 1233): [qcril_reqlist.c:1064] ReqList entries : 
D/RILC    ( 1233): [qcril_reqlist.c:1070]     RIL_REQUEST_GET_SIM_STATUS (1), token id 307
D/RILC    ( 1233): [qcril_mmgsdi.c:171] mmgsdi status 0x0 -> RIL_E_SUCCESS
D/RILC    ( 1233): [qcril_reqlist.c:159] Found ReqList entry : RIL_REQUEST_GET_SIM_STATUS (1), token id 307
D/RILC    ( 1233): [qcril_reqlist.c:159] Found ReqList entry : RIL_REQUEST_GET_SIM_STATUS (1), token id 307
D/RILC    ( 1233): [qcril_reqlist.c:598] Deleted ReqList entry : token id 307 [0x2cbe0]
D/RILC    ( 1233): [qcril_reqlist.c:1060] ReqList entries : Empty
D/RILC    ( 1233): [qcril.c:3965] RIL=>Android [ label = "RIL_REQUEST_GET_SIM_STATUS - Card Present, Token 307, Success" ];
D/RILC    ( 1233): [qcril.c:3970] UI <--- RIL_REQUEST_GET_SIM_STATUS (1) Complete --- RIL [Token 307, RIL_E_SUCCESS, Len 276 Card Present]
E/RILC    ( 1233):  response: responseSimStatus
E/RILC    ( 1233): str = a0000000871002ff33ffff8901010100
W/RILC    ( 1233): [ril.cpp:1489] [0307]< GET_SIM_STATUS {[app_type=2,app_state=2,perso_substate=0,                aid_ptr=a0000000871002ff33ffff8901010100,app_label_ptr=47454d504c5553205553494d,pin1_replaced=0,pin1=1,pin2=1],}
W/RILC    ( 1233): [ril.cpp:390] processCommandBuffer() request=22,token=308
W/RILC    ( 1233): [ril.cpp:409] request=22, pRI->pCI->requestNumber=22
W/RILC    ( 1233): [ril.cpp:437] TOKEN=308 REQ_NUM=0022 OPERATOR 
D/RILC    ( 1233): [qcril.c:2361] UI --- RIL_REQUEST_OPERATOR (22) ---> RIL [token id 308, data len 0]
D/RILC    ( 1233): [qcril.c:2380] Android=>RIL [ label = "RIL_REQUEST_OPERATOR - Token 308" ];
D/RILC    ( 1233): [qcril_cm_ons.c:10251] Current operator not available: system mode 0 ( srv status 0 )
D/RILC    ( 1233): [qcril_cm.c:5443] Reply to RIL --> Current operator full name : 
D/RILC    ( 1233): [qcril_cm.c:5444] Reply to RIL --> Current operator short name : 
D/RILC    ( 1233): [qcril_cm.c:5445] Reply to RIL --> Current operator MCCMNC : 
D/RILC    ( 1233): [qcril.c:3965] RIL=>Android [ label = "RIL_REQUEST_OPERATOR - , Token 308, Success" ];
D/RILC    ( 1233): [qcril.c:3970] UI <--- RIL_REQUEST_OPERATOR (22) Complete --- RIL [Token 308, RIL_E_SUCCESS, Len 12 ]
W/RILC    ( 1233): [ril.cpp:1489] [0308]< OPERATOR {,,}
I/RILJ    ( 1417): app_state APPSTATE_PIN, perso_substate PERSOSUBSTATE_UNKNOWN
I/RILJ    ( 1417): pin1_status PINSTATE_ENABLED_NOT_VERIFIED, pin2_status PINSTATE_ENABLED_NOT_VERIFIED
I/RILJ    ( 1417): Neither PIN2 nor PUK2 is Blocked.Notify Registrants
I/RILJ    ( 1417): [0306]< GET_SIM_STATUS ICC_PIN
I/RILJ    ( 1417): RILRequest.obtain() request=20, REGISTRATION_STATE
I/RILJ    ( 1417): [0310]> REGISTRATION_STATE
W/RILC    ( 1233): [ril.cpp:390] processCommandBuffer() request=21,token=309
W/RILC    ( 1233): [ril.cpp:409] request=21, pRI->pCI->requestNumber=21
W/RILC    ( 1233): [ril.cpp:437] TOKEN=309 REQ_NUM=0021 GPRS_REGISTRATION_STATE 
D/RILC    ( 1233): [qcril.c:2361] UI --- RIL_REQUEST_GPRS_REGISTRATION_STATE (21) ---> RIL [token id 309, data len 0]
D/RILC    ( 1233): [qcril.c:2380] Android=>RIL [ label = "RIL_REQUEST_GPRS_REGISTRATION_STATE - Token 309" ];
D/RILC    ( 1233): [qcril_cm_util.c:261] Current System : srv status 0, sys mode 0, roam status 0
D/RILC    ( 1233): [qcril_cm_util.c:281] NO SERVICE
D/RILC    ( 1233): [qcril_cm.c:5169] GPRS Registration State: Not registered/Actively searching, LAC: (null), CID: (null), RadioTech: Unknown
D/RILC    ( 1233): [qcril.c:3965] RIL=>Android [ label = "RIL_REQUEST_GPRS_REGISTRATION_STATE - Not registered/Actively searching, Unknown, Token 309, Success" ];
D/RILC    ( 1233): [qcril.c:3970] UI <--- RIL_REQUEST_GPRS_REGISTRATION_STATE (21) Complete --- RIL [Token 309, RIL_E_SUCCESS, Len 16 Not registered/Actively searching, Unknown]
W/RILC    ( 1233): [ril.cpp:1489] [0309]< GPRS_REGISTRATION_STATE {2,(null),(null),0}
W/RILC    ( 1233): [ril.cpp:390] processCommandBuffer() request=20,token=310
W/RILC    ( 1233): [ril.cpp:409] request=20, pRI->pCI->requestNumber=20
W/RILC    ( 1233): [ril.cpp:437] TOKEN=310 REQ_NUM=0020 REGISTRATION_STATE 
D/RILC    ( 1233): [qcril.c:2361] UI --- RIL_REQUEST_REGISTRATION_STATE (20) ---> RIL [token id 310, data len 0]
D/RILC    ( 1233): [qcril.c:2380] Android=>RIL [ label = "RIL_REQUEST_REGISTRATION_STATE - Token 310" ];
D/RILC    ( 1233): [qcril_cm_util.c:261] Current System : srv status 0, sys mode 0, roam status 0
D/RILC    ( 1233): [qcril_cm_util.c:281] NO SERVICE
D/RILC    ( 1233): [qcril_cm_util.c:1435] Reject cause value sent to UI = 0
D/RILC    ( 1233): [qcril_cm.c:5120] Registration State: Not registered/Actively searching, RadioTech: Unknown, LAC: (null), CID: (null), BSID: (null), BSLat: (null), BSLong: (null)
D/RILC    ( 1233): [qcril_cm.c:5123]                     CCS: (null), SID: (null), NID: (null), RoamStatus: (null), PRL: (null), DefRoamStatus: (null), RejReason: 0
D/RILC    ( 1233): [qcril.c:3965] RIL=>Android [ label = "RIL_REQUEST_REGISTRATION_STATE - Not registered/Actively searching, Token 310, Success" ];
D/RILC    ( 1233): [qcril.c:3970] UI <--- RIL_REQUEST_REGISTRATION_STATE (20) Complete --- RIL [Token 310, RIL_E_SUCCESS, Len 56 Not registered/Actively searching]
W/RILC    ( 1233): [ril.cpp:1489] [0310]< REGISTRATION_STATE {2,(null),(null),0,(null),(null),(null),(null),(null),(null),(null),(null),(null),0}
I/RILJ    ( 1417): app_state APPSTATE_PIN, perso_substate PERSOSUBSTATE_UNKNOWN
I/RILJ    ( 1417): pin1_status PINSTATE_ENABLED_NOT_VERIFIED, pin2_status PINSTATE_ENABLED_NOT_VERIFIED
I/RILJ    ( 1417): Neither PIN2 nor PUK2 is Blocked.Notify Registrants
I/RILJ    ( 1417): [0307]< GET_SIM_STATUS ICC_PIN
I/RILJ    ( 1417): [0308]< OPERATOR {, , }
I/RILJ    ( 1417): [0309]< GPRS_REGISTRATION_STATE {2, null, null, 0}
I/RILJ    ( 1417): [0310]< REGISTRATION_STATE {2, null, null, 0, null, null, null, null, null, null, null, null, null, 0}
I/RILJ    ( 1417): RILRequest.obtain() request=45, QUERY_NETWORK_SELECTION_MODE
I/RILJ    ( 1417): [0311]> QUERY_NETWORK_SELECTION_MODE
I/RILJ    ( 1417): RILRequest.obtain() request=9, GET_CURRENT_CALLS
I/RILJ    ( 1417): [0312]> GET_CURRENT_CALLS
D/GSM     ( 1417): Received Event EVENT_SIM_STATUS_CHANGED
I/RILJ    ( 1417): RILRequest.obtain() request=1, GET_SIM_STATUS
I/RILJ    ( 1417): [0313]> GET_SIM_STATUS
I/RILJ    ( 1417): RILRequest.obtain() request=22, OPERATOR
I/RILJ    ( 1417): [0314]> OPERATOR
W/RILC    ( 1233): [ril.cpp:390] processCommandBuffer() request=45,token=311
W/RILC    ( 1233): [ril.cpp:409] request=45, pRI->pCI->requestNumber=45
W/RILC    ( 1233): [ril.cpp:437] TOKEN=311 REQ_NUM=0045 QUERY_NETWORK_SELECTION_MODE 
D/RILC    ( 1233): [qcril.c:2361] UI --- RIL_REQUEST_QUERY_NETWORK_SELECTION_MODE (45) ---> RIL [token id 311, data len 0]
D/RILC    ( 1233): [qcril.c:2380] Android=>RIL [ label = "RIL_REQUEST_QUERY_NETWORK_SELECTION_MODE - Token 311" ];
D/RILC    ( 1233): [qcril_reqlist.c:168] Not found ReqList entry : token id 311
D/RILC    ( 1233): [qcril_reqlist.c:399] Event RIL_REQUEST_QUERY_NETWORK_SELECTION_MODE (45) pending receipt of CM_PH_EVENT_INFO, token id 311 [0x2cbe0]
D/RILC    ( 1233): [qcril_reqlist.c:1064] ReqList entries : 
D/RILC    ( 1233): [qcril_reqlist.c:1070]     RIL_REQUEST_QUERY_NETWORK_SELECTION_MODE (45), token id 311
D/RILC    ( 1233): [qcril_cm.c:2321] RIL --- cm_ph_cmd_get_ph_info() ---> AMSS [Token ID 311 (0x137)]
D/RILC    ( 1233): [qcril_cm.c:2321] RIL=>AMSS [ label = "cm_ph_cmd_get_ph_info()" ];
I/RILJ    ( 1417): RILRequest.obtain() request=21, GPRS_REGISTRATION_STATE
I/RILJ    ( 1417): [0315]> GPRS_REGISTRATION_STATE
I/RILJ    ( 1417): RILRequest.obtain() request=20, REGISTRATION_STATE
I/RILJ    ( 1417): [0316]> REGISTRATION_STATE
W/RILC    ( 1233): [ril.cpp:390] processCommandBuffer() request=9,token=312
W/RILC    ( 1233): [ril.cpp:409] request=9, pRI->pCI->requestNumber=9
W/RILC    ( 1233): [ril.cpp:437] TOKEN=312 REQ_NUM=0009 GET_CURRENT_CALLS 
D/RILC    ( 1233): [qcril.c:2361] UI --- RIL_REQUEST_GET_CURRENT_CALLS (9) ---> RIL [token id 312, data len 0]
D/RILC    ( 1233): [qcril.c:2380] Android=>RIL [ label = "RIL_REQUEST_GET_CURRENT_CALLS - Token 312" ];
D/RILC    ( 1233): [qcril_cm.c:6912] Reply to RIL --> Number of calls : 0
